[0.010s] Invoking command in '/home/andre/ros2_ws/src/build/cpp_pubsub': CMAKE_PREFIX_PATH=${CMAKE_PREFIX_PATH}:/opt/ros/jazzy DEBUGINFOD_URLS=https://debuginfod.ubuntu.com /usr/bin/cmake /home/andre/ros2_ws/src/cpp_pubsub -DCMAKE_BUILD_TYPE=Release -DCMAKE_INSTALL_PREFIX=/home/andre/ros2_ws/src/install/cpp_pubsub
[0.087s] -- The C compiler identification is GNU 13.3.0
[0.165s] -- The CXX compiler identification is GNU 13.3.0
[0.187s] -- Detecting C compiler ABI info
[0.307s] -- Detecting C compiler ABI info - done
[0.322s] -- Check for working C compiler: /usr/bin/cc - skipped
[0.323s] -- Detecting C compile features
[0.325s] -- Detecting C compile features - done
[0.336s] -- Detecting CXX compiler ABI info
[0.473s] -- Detecting CXX compiler ABI info - done
[0.487s] -- Check for working CXX compiler: /usr/bin/c++ - skipped
[0.488s] -- Detecting CXX compile features
[0.489s] -- Detecting CXX compile features - done
[0.497s] -- Found ament_cmake: 2.5.4 (/opt/ros/jazzy/share/ament_cmake/cmake)
[0.733s] -- Found Python3: /usr/bin/python3 (found version "3.12.3") found components: Interpreter 
[0.919s] -- Found rclcpp: 28.1.13 (/opt/ros/jazzy/share/rclcpp/cmake)
[1.001s] -- Found rosidl_generator_c: 4.6.6 (/opt/ros/jazzy/share/rosidl_generator_c/cmake)
[1.029s] -- Found rosidl_generator_cpp: 4.6.6 (/opt/ros/jazzy/share/rosidl_generator_cpp/cmake)
[1.063s] -- Using all available rosidl_typesupport_c: rosidl_typesupport_fastrtps_c;rosidl_typesupport_introspection_c
[1.096s] -- Using all available rosidl_typesupport_cpp: rosidl_typesupport_fastrtps_cpp;rosidl_typesupport_introspection_cpp
[1.252s] -- Found rmw_implementation_cmake: 7.3.2 (/opt/ros/jazzy/share/rmw_implementation_cmake/cmake)
[1.259s] -- Found rmw_fastrtps_cpp: 8.4.3 (/opt/ros/jazzy/share/rmw_fastrtps_cpp/cmake)
[1.404s] -- Found OpenSSL: /usr/lib/x86_64-linux-gnu/libcrypto.so (found version "3.0.13")  
[1.440s] -- Found FastRTPS: /opt/ros/jazzy/include (Required is at least version "2.13") 
[1.479s] -- Using RMW implementation 'rmw_fastrtps_cpp' as default
[1.632s] -- Found std_msgs: 5.3.6 (/opt/ros/jazzy/share/std_msgs/cmake)
[1.801s] -- Configuring done (1.8s)
[1.821s] -- Generating done (0.0s)
[1.830s] -- Build files have been written to: /home/andre/ros2_ws/src/build/cpp_pubsub
[1.843s] Invoked command in '/home/andre/ros2_ws/src/build/cpp_pubsub' returned '0': CMAKE_PREFIX_PATH=${CMAKE_PREFIX_PATH}:/opt/ros/jazzy DEBUGINFOD_URLS=https://debuginfod.ubuntu.com /usr/bin/cmake /home/andre/ros2_ws/src/cpp_pubsub -DCMAKE_BUILD_TYPE=Release -DCMAKE_INSTALL_PREFIX=/home/andre/ros2_ws/src/install/cpp_pubsub
[1.845s] Invoking command in '/home/andre/ros2_ws/src/build/cpp_pubsub': CMAKE_PREFIX_PATH=${CMAKE_PREFIX_PATH}:/opt/ros/jazzy DEBUGINFOD_URLS=https://debuginfod.ubuntu.com /usr/bin/cmake --build /home/andre/ros2_ws/src/build/cpp_pubsub -- -j4 -l4
[1.916s] [ 25%] [32mBuilding CXX object CMakeFiles/talker.dir/src/publisher_lambda_function.cpp.o[0m
[9.894s] [ 50%] [32m[1mLinking CXX executable talker[0m
[10.092s] [ 50%] Built target talker
[10.116s] [ 75%] [32mBuilding CXX object CMakeFiles/listener.dir/src/subscriber_lambda_function.cpp.o[0m
[25.056s] [100%] [32m[1mLinking CXX executable listener[0m
[25.281s] [100%] Built target listener
[25.305s] Invoked command in '/home/andre/ros2_ws/src/build/cpp_pubsub' returned '0': CMAKE_PREFIX_PATH=${CMAKE_PREFIX_PATH}:/opt/ros/jazzy DEBUGINFOD_URLS=https://debuginfod.ubuntu.com /usr/bin/cmake --build /home/andre/ros2_ws/src/build/cpp_pubsub -- -j4 -l4
[25.306s] Invoking command in '/home/andre/ros2_ws/src/build/cpp_pubsub': CMAKE_PREFIX_PATH=${CMAKE_PREFIX_PATH}:/opt/ros/jazzy DEBUGINFOD_URLS=https://debuginfod.ubuntu.com /usr/bin/cmake --install /home/andre/ros2_ws/src/build/cpp_pubsub
[25.318s] -- Install configuration: "Release"
[25.318s] -- Installing: /home/andre/ros2_ws/src/install/cpp_pubsub/lib/cpp_pubsub/talker
[25.318s] -- Set non-toolchain portion of runtime path of "/home/andre/ros2_ws/src/install/cpp_pubsub/lib/cpp_pubsub/talker" to ""
[25.318s] -- Installing: /home/andre/ros2_ws/src/install/cpp_pubsub/lib/cpp_pubsub/listener
[25.319s] -- Set non-toolchain portion of runtime path of "/home/andre/ros2_ws/src/install/cpp_pubsub/lib/cpp_pubsub/listener" to ""
[25.319s] -- Up-to-date: /home/andre/ros2_ws/src/install/cpp_pubsub/lib/cpp_pubsub/talker
[25.320s] -- Installing: /home/andre/ros2_ws/src/install/cpp_pubsub/share/ament_index/resource_index/package_run_dependencies/cpp_pubsub
[25.320s] -- Installing: /home/andre/ros2_ws/src/install/cpp_pubsub/share/ament_index/resource_index/parent_prefix_path/cpp_pubsub
[25.320s] -- Installing: /home/andre/ros2_ws/src/install/cpp_pubsub/share/cpp_pubsub/environment/ament_prefix_path.sh
[25.321s] -- Installing: /home/andre/ros2_ws/src/install/cpp_pubsub/share/cpp_pubsub/environment/ament_prefix_path.dsv
[25.321s] -- Installing: /home/andre/ros2_ws/src/install/cpp_pubsub/share/cpp_pubsub/environment/path.sh
[25.321s] -- Installing: /home/andre/ros2_ws/src/install/cpp_pubsub/share/cpp_pubsub/environment/path.dsv
[25.321s] -- Installing: /home/andre/ros2_ws/src/install/cpp_pubsub/share/cpp_pubsub/local_setup.bash
[25.323s] -- Installing: /home/andre/ros2_ws/src/install/cpp_pubsub/share/cpp_pubsub/local_setup.sh
[25.323s] -- Installing: /home/andre/ros2_ws/src/install/cpp_pubsub/share/cpp_pubsub/local_setup.zsh
[25.323s] -- Installing: /home/andre/ros2_ws/src/install/cpp_pubsub/share/cpp_pubsub/local_setup.dsv
[25.323s] -- Installing: /home/andre/ros2_ws/src/install/cpp_pubsub/share/cpp_pubsub/package.dsv
[25.323s] -- Installing: /home/andre/ros2_ws/src/install/cpp_pubsub/share/ament_index/resource_index/packages/cpp_pubsub
[25.323s] -- Installing: /home/andre/ros2_ws/src/install/cpp_pubsub/share/cpp_pubsub/cmake/cpp_pubsubConfig.cmake
[25.323s] -- Installing: /home/andre/ros2_ws/src/install/cpp_pubsub/share/cpp_pubsub/cmake/cpp_pubsubConfig-version.cmake
[25.323s] -- Installing: /home/andre/ros2_ws/src/install/cpp_pubsub/share/cpp_pubsub/package.xml
[25.325s] Invoked command in '/home/andre/ros2_ws/src/build/cpp_pubsub' returned '0': CMAKE_PREFIX_PATH=${CMAKE_PREFIX_PATH}:/opt/ros/jazzy DEBUGINFOD_URLS=https://debuginfod.ubuntu.com /usr/bin/cmake --install /home/andre/ros2_ws/src/build/cpp_pubsub
