[0.011s] Invoking command in '/home/andre/ros2_ws/build/esp32_controller': CMAKE_PREFIX_PATH=${CMAKE_PREFIX_PATH}:/home/andre/ros2_ws/install/mqtt_imu:/opt/ros/jazzy CONDA_PROMPT_MODIFIER=(base) DEBUGINFOD_URLS=https://debuginfod.ubuntu.com /usr/bin/cmake /home/andre/ros2_ws/src/planning/esp32_controller -DCMAKE_EXE_LINKER_FLAGS=-lcurl -DCMAKE_INSTALL_PREFIX=/home/andre/ros2_ws/install/esp32_controller
[0.069s] -- The C compiler identification is GNU 13.3.0
[0.128s] -- The CXX compiler identification is GNU 13.3.0
[0.146s] -- Detecting C compiler ABI info
[0.242s] -- Detecting C compiler ABI info - done
[0.253s] -- Check for working C compiler: /usr/bin/cc - skipped
[0.253s] -- Detecting C compile features
[0.254s] -- Detecting C compile features - done
[0.263s] -- Detecting CXX compiler ABI info
[0.370s] -- Detecting CXX compiler ABI info - done
[0.381s] -- Check for working CXX compiler: /usr/bin/c++ - skipped
[0.382s] -- Detecting CXX compile features
[0.382s] -- Detecting CXX compile features - done
[0.387s] -- Found ament_cmake: 2.5.4 (/opt/ros/jazzy/share/ament_cmake/cmake)
[0.518s] -- Found Python3: /home/andre/miniconda3/bin/python3 (found version "3.13.11") found components: Interpreter 
[0.655s] -- Found rclcpp: 28.1.13 (/opt/ros/jazzy/share/rclcpp/cmake)
[0.715s] -- Found rosidl_generator_c: 4.6.6 (/opt/ros/jazzy/share/rosidl_generator_c/cmake)
[0.734s] -- Found rosidl_generator_cpp: 4.6.6 (/opt/ros/jazzy/share/rosidl_generator_cpp/cmake)
[0.759s] -- Using all available rosidl_typesupport_c: rosidl_typesupport_fastrtps_c;rosidl_typesupport_introspection_c
[0.787s] -- Using all available rosidl_typesupport_cpp: rosidl_typesupport_fastrtps_cpp;rosidl_typesupport_introspection_cpp
[0.900s] -- Found rmw_implementation_cmake: 7.3.2 (/opt/ros/jazzy/share/rmw_implementation_cmake/cmake)
[0.905s] -- Found rmw_fastrtps_cpp: 8.4.3 (/opt/ros/jazzy/share/rmw_fastrtps_cpp/cmake)
[1.032s] -- Found OpenSSL: /usr/lib/x86_64-linux-gnu/libcrypto.so (found version "3.0.13")  
[1.060s] -- Found FastRTPS: /opt/ros/jazzy/include (Required is at least version "2.13") 
[1.085s] -- Using RMW implementation 'rmw_fastrtps_cpp' as default
[1.205s] -- Found nav_msgs: 5.3.6 (/opt/ros/jazzy/share/nav_msgs/cmake)
[1.365s] -- Found sensor_msgs: 5.3.6 (/opt/ros/jazzy/share/sensor_msgs/cmake)
[1.399s] -- Found moveit_ros_planning_interface: 2.12.3 (/opt/ros/jazzy/share/moveit_ros_planning_interface/cmake)
[1.533s] -- Found Boost: /usr/lib/x86_64-linux-gnu/cmake/Boost-1.83.0/BoostConfig.cmake (found version "1.83.0") found components: date_time filesystem program_options system thread 
[1.860s] -- Found Boost: /usr/lib/x86_64-linux-gnu/cmake/Boost-1.83.0/BoostConfig.cmake (found version "1.83.0") found components: chrono date_time filesystem iostreams program_options regex serialization system thread 
[1.960s] -- Found parameter_traits: 0.5.0 (/opt/ros/jazzy/share/parameter_traits/cmake)
[1.982s] -- Found rclcpp_lifecycle: 28.1.13 (/opt/ros/jazzy/share/rclcpp_lifecycle/cmake)
[2.045s] -- Found Boost: /usr/lib/x86_64-linux-gnu/cmake/Boost-1.83.0/BoostConfig.cmake (found version "1.83.0") found components: filesystem 
[2.151s] -- Found Eigen3: TRUE (found version "3.4.0") 
[2.151s] -- Ensuring Eigen3 include directory is part of orocos-kdl CMake target
[2.386s] -- Found Boost: /usr/lib/x86_64-linux-gnu/cmake/Boost-1.83.0/BoostConfig.cmake (found version "1.83.0") found components: system filesystem date_time program_options thread chrono 
[2.467s] -- Found Boost: /usr/lib/x86_64-linux-gnu/cmake/Boost-1.83.0/BoostConfig.cmake (found version "1.83.0") found components: thread system filesystem regex date_time program_options 
[2.507s] -- Found Boost: /usr/lib/x86_64-linux-gnu/cmake/Boost-1.83.0/BoostConfig.cmake (found version "1.83.0") found components: system filesystem date_time program_options thread 
[2.570s] -- Found move_program: 0.0.0 (/home/andre/ros2_ws/install/move_program/share/move_program/cmake)
[2.702s] -- Configuring done (2.7s)
[2.736s] CMake Warning at CMakeLists.txt:19 (add_executable):
[2.737s]   Cannot generate a safe runtime search path for target esp32_controller
[2.737s]   because files in some directories may conflict with libraries in implicit
[2.737s]   directories:
[2.737s] 
[2.737s]     runtime library [libcrypto.so.3] in /usr/lib/x86_64-linux-gnu may be hidden by files in:
[2.737s]       /home/andre/miniconda3/lib
[2.737s] 
[2.737s]   Some of these libraries may not be found correctly.
[2.737s] 
[2.737s] 
[2.739s] -- Generating done (0.0s)
[2.745s] -- Build files have been written to: /home/andre/ros2_ws/build/esp32_controller
[2.760s] Invoked command in '/home/andre/ros2_ws/build/esp32_controller' returned '0': CMAKE_PREFIX_PATH=${CMAKE_PREFIX_PATH}:/home/andre/ros2_ws/install/mqtt_imu:/opt/ros/jazzy CONDA_PROMPT_MODIFIER=(base) DEBUGINFOD_URLS=https://debuginfod.ubuntu.com /usr/bin/cmake /home/andre/ros2_ws/src/planning/esp32_controller -DCMAKE_EXE_LINKER_FLAGS=-lcurl -DCMAKE_INSTALL_PREFIX=/home/andre/ros2_ws/install/esp32_controller
[2.761s] Invoking command in '/home/andre/ros2_ws/build/esp32_controller': CMAKE_PREFIX_PATH=${CMAKE_PREFIX_PATH}:/home/andre/ros2_ws/install/mqtt_imu:/opt/ros/jazzy CONDA_PROMPT_MODIFIER=(base) DEBUGINFOD_URLS=https://debuginfod.ubuntu.com /usr/bin/cmake --build /home/andre/ros2_ws/build/esp32_controller -- -j4 -l4
[2.822s] [ 50%] Building CXX object CMakeFiles/esp32_controller.dir/src/esp32_controller.cpp.o
[7.933s] /home/andre/ros2_ws/src/planning/esp32_controller/src/esp32_controller.cpp: In constructor ‘Esp32Controller::Esp32Controller()’:
[7.933s] /home/andre/ros2_ws/src/planning/esp32_controller/src/esp32_controller.cpp:358:9: warning: ‘Esp32Controller::callback_counter_’ will be initialized after [-Wreorder]
[7.933s]   358 |     int callback_counter_;
[7.933s]       |         ^~~~~~~~~~~~~~~~~
[7.933s] /home/andre/ros2_ws/src/planning/esp32_controller/src/esp32_controller.cpp:353:12: warning:   ‘double Esp32Controller::current_roll_’ [-Wreorder]
[7.933s]   353 |     double current_roll_;
[7.933s]       |            ^~~~~~~~~~~~~
[7.933s] /home/andre/ros2_ws/src/planning/esp32_controller/src/esp32_controller.cpp:19:5: warning:   when initialized here [-Wreorder]
[7.933s]    19 |     Esp32Controller()
[7.934s]       |     ^~~~~~~~~~~~~~~
[21.040s] [100%] Linking CXX executable esp32_controller
[22.161s] [100%] Built target esp32_controller
[22.172s] Invoked command in '/home/andre/ros2_ws/build/esp32_controller' returned '0': CMAKE_PREFIX_PATH=${CMAKE_PREFIX_PATH}:/home/andre/ros2_ws/install/mqtt_imu:/opt/ros/jazzy CONDA_PROMPT_MODIFIER=(base) DEBUGINFOD_URLS=https://debuginfod.ubuntu.com /usr/bin/cmake --build /home/andre/ros2_ws/build/esp32_controller -- -j4 -l4
[22.183s] Invoking command in '/home/andre/ros2_ws/build/esp32_controller': CMAKE_PREFIX_PATH=${CMAKE_PREFIX_PATH}:/home/andre/ros2_ws/install/mqtt_imu:/opt/ros/jazzy CONDA_PROMPT_MODIFIER=(base) DEBUGINFOD_URLS=https://debuginfod.ubuntu.com /usr/bin/cmake --install /home/andre/ros2_ws/build/esp32_controller
[22.193s] -- Install configuration: ""
[22.193s] -- Installing: /home/andre/ros2_ws/install/esp32_controller/lib/esp32_controller/esp32_controller
[22.200s] -- Set non-toolchain portion of runtime path of "/home/andre/ros2_ws/install/esp32_controller/lib/esp32_controller/esp32_controller" to ""
[22.200s] -- Installing: /home/andre/ros2_ws/install/esp32_controller/share/ament_index/resource_index/package_run_dependencies/esp32_controller
[22.201s] -- Installing: /home/andre/ros2_ws/install/esp32_controller/share/ament_index/resource_index/parent_prefix_path/esp32_controller
[22.201s] -- Installing: /home/andre/ros2_ws/install/esp32_controller/share/esp32_controller/environment/ament_prefix_path.sh
[22.201s] -- Installing: /home/andre/ros2_ws/install/esp32_controller/share/esp32_controller/environment/ament_prefix_path.dsv
[22.201s] -- Installing: /home/andre/ros2_ws/install/esp32_controller/share/esp32_controller/environment/path.sh
[22.201s] -- Installing: /home/andre/ros2_ws/install/esp32_controller/share/esp32_controller/environment/path.dsv
[22.202s] -- Installing: /home/andre/ros2_ws/install/esp32_controller/share/esp32_controller/local_setup.bash
[22.202s] -- Installing: /home/andre/ros2_ws/install/esp32_controller/share/esp32_controller/local_setup.sh
[22.202s] -- Installing: /home/andre/ros2_ws/install/esp32_controller/share/esp32_controller/local_setup.zsh
[22.202s] -- Installing: /home/andre/ros2_ws/install/esp32_controller/share/esp32_controller/local_setup.dsv
[22.202s] -- Installing: /home/andre/ros2_ws/install/esp32_controller/share/esp32_controller/package.dsv
[22.202s] -- Installing: /home/andre/ros2_ws/install/esp32_controller/share/ament_index/resource_index/packages/esp32_controller
[22.202s] -- Installing: /home/andre/ros2_ws/install/esp32_controller/share/esp32_controller/cmake/esp32_controllerConfig.cmake
[22.202s] -- Installing: /home/andre/ros2_ws/install/esp32_controller/share/esp32_controller/cmake/esp32_controllerConfig-version.cmake
[22.202s] -- Installing: /home/andre/ros2_ws/install/esp32_controller/share/esp32_controller/package.xml
[22.204s] Invoked command in '/home/andre/ros2_ws/build/esp32_controller' returned '0': CMAKE_PREFIX_PATH=${CMAKE_PREFIX_PATH}:/home/andre/ros2_ws/install/mqtt_imu:/opt/ros/jazzy CONDA_PROMPT_MODIFIER=(base) DEBUGINFOD_URLS=https://debuginfod.ubuntu.com /usr/bin/cmake --install /home/andre/ros2_ws/build/esp32_controller
