[0.022s] Invoking command in '/home/andre/ros2_ws/build/robotic_arm_config': CMAKE_PREFIX_PATH=/home/andre/ros2_ws/install/robotic_arm:/home/andre/ros2_ws/install/robotic_arm_v3_config:/home/andre/ros2_ws/install/robotic_arm_model_v3:/home/andre/ros2_ws/install/robotic_arm_config:/home/andre/ros2_ws/install/moveit_config:/home/andre/ros2_ws/install/cpp_pubsub:/home/andre/ws_moveit/install/srdfdom:/home/andre/ws_moveit/install/rviz_marker_tools:/home/andre/ws_moveit/install/rosparam_shortcuts:/home/andre/ws_moveit/install/moveit_task_constructor_msgs:/home/andre/ws_moveit/install/moveit_resources_prbt_support:/home/andre/ws_moveit/install/moveit_resources:/home/andre/ws_moveit/install/moveit_resources_pr2_description:/home/andre/ws_moveit/install/moveit_resources_panda_moveit_config:/home/andre/ws_moveit/install/moveit_resources_panda_description:/home/andre/ws_moveit/install/moveit_resources_fanuc_moveit_config:/home/andre/ws_moveit/install/moveit_resources_fanuc_description:/home/andre/ws_moveit/install/moveit_common:/home/andre/ros2_ws/install:/opt/ros/jazzy/opt/gz_sim_vendor:/opt/ros/jazzy/opt/gz_sensors_vendor:/opt/ros/jazzy/opt/gz_physics_vendor:/opt/ros/jazzy/opt/sdformat_vendor:/opt/ros/jazzy/opt/gz_gui_vendor:/opt/ros/jazzy/opt/gz_transport_vendor:/opt/ros/jazzy/opt/gz_rendering_vendor:/opt/ros/jazzy/opt/gz_plugin_vendor:/opt/ros/jazzy/opt/gz_fuel_tools_vendor:/opt/ros/jazzy/opt/gz_msgs_vendor:/opt/ros/jazzy/opt/gz_common_vendor:/opt/ros/jazzy/opt/gz_math_vendor:/opt/ros/jazzy/opt/gz_utils_vendor:/opt/ros/jazzy/opt/gz_tools_vendor:/opt/ros/jazzy/opt/gz_ogre_next_vendor:/opt/ros/jazzy/opt/gz_dartsim_vendor:/opt/ros/jazzy/opt/gz_cmake_vendor:/home/andre/ws_moveit/install/moveit_configs_utils:/home/andre/ws_moveit/install/launch_param_builder:/opt/ros/jazzy DEBUGINFOD_URLS=https://debuginfod.ubuntu.com /usr/bin/cmake /home/andre/ros2_ws/src/robotic_arm_config -DCMAKE_INSTALL_PREFIX=/home/andre/ros2_ws/install/robotic_arm_config
[0.132s] -- The C compiler identification is GNU 13.3.0
[0.216s] -- The CXX compiler identification is GNU 13.3.0
[0.235s] -- Detecting C compiler ABI info
[0.345s] -- Detecting C compiler ABI info - done
[0.359s] -- Check for working C compiler: /usr/bin/cc - skipped
[0.359s] -- Detecting C compile features
[0.360s] -- Detecting C compile features - done
[0.371s] -- Detecting CXX compiler ABI info
[0.570s] -- Detecting CXX compiler ABI info - done
[0.597s] -- Check for working CXX compiler: /usr/bin/c++ - skipped
[0.599s] -- Detecting CXX compile features
[0.601s] -- Detecting CXX compile features - done
[0.607s] -- Found ament_cmake: 2.5.4 (/opt/ros/jazzy/share/ament_cmake/cmake)
[0.877s] -- Found Python3: /usr/bin/python3 (found version "3.12.3") found components: Interpreter 
[1.196s] -- Configuring done (1.1s)
[1.202s] -- Generating done (0.0s)
[1.207s] -- Build files have been written to: /home/andre/ros2_ws/build/robotic_arm_config
[1.220s] Invoked command in '/home/andre/ros2_ws/build/robotic_arm_config' returned '0': CMAKE_PREFIX_PATH=/home/andre/ros2_ws/install/robotic_arm:/home/andre/ros2_ws/install/robotic_arm_v3_config:/home/andre/ros2_ws/install/robotic_arm_model_v3:/home/andre/ros2_ws/install/robotic_arm_config:/home/andre/ros2_ws/install/moveit_config:/home/andre/ros2_ws/install/cpp_pubsub:/home/andre/ws_moveit/install/srdfdom:/home/andre/ws_moveit/install/rviz_marker_tools:/home/andre/ws_moveit/install/rosparam_shortcuts:/home/andre/ws_moveit/install/moveit_task_constructor_msgs:/home/andre/ws_moveit/install/moveit_resources_prbt_support:/home/andre/ws_moveit/install/moveit_resources:/home/andre/ws_moveit/install/moveit_resources_pr2_description:/home/andre/ws_moveit/install/moveit_resources_panda_moveit_config:/home/andre/ws_moveit/install/moveit_resources_panda_description:/home/andre/ws_moveit/install/moveit_resources_fanuc_moveit_config:/home/andre/ws_moveit/install/moveit_resources_fanuc_description:/home/andre/ws_moveit/install/moveit_common:/home/andre/ros2_ws/install:/opt/ros/jazzy/opt/gz_sim_vendor:/opt/ros/jazzy/opt/gz_sensors_vendor:/opt/ros/jazzy/opt/gz_physics_vendor:/opt/ros/jazzy/opt/sdformat_vendor:/opt/ros/jazzy/opt/gz_gui_vendor:/opt/ros/jazzy/opt/gz_transport_vendor:/opt/ros/jazzy/opt/gz_rendering_vendor:/opt/ros/jazzy/opt/gz_plugin_vendor:/opt/ros/jazzy/opt/gz_fuel_tools_vendor:/opt/ros/jazzy/opt/gz_msgs_vendor:/opt/ros/jazzy/opt/gz_common_vendor:/opt/ros/jazzy/opt/gz_math_vendor:/opt/ros/jazzy/opt/gz_utils_vendor:/opt/ros/jazzy/opt/gz_tools_vendor:/opt/ros/jazzy/opt/gz_ogre_next_vendor:/opt/ros/jazzy/opt/gz_dartsim_vendor:/opt/ros/jazzy/opt/gz_cmake_vendor:/home/andre/ws_moveit/install/moveit_configs_utils:/home/andre/ws_moveit/install/launch_param_builder:/opt/ros/jazzy DEBUGINFOD_URLS=https://debuginfod.ubuntu.com /usr/bin/cmake /home/andre/ros2_ws/src/robotic_arm_config -DCMAKE_INSTALL_PREFIX=/home/andre/ros2_ws/install/robotic_arm_config
[1.221s] Invoking command in '/home/andre/ros2_ws/build/robotic_arm_config': CMAKE_PREFIX_PATH=/home/andre/ros2_ws/install/robotic_arm:/home/andre/ros2_ws/install/robotic_arm_v3_config:/home/andre/ros2_ws/install/robotic_arm_model_v3:/home/andre/ros2_ws/install/robotic_arm_config:/home/andre/ros2_ws/install/moveit_config:/home/andre/ros2_ws/install/cpp_pubsub:/home/andre/ws_moveit/install/srdfdom:/home/andre/ws_moveit/install/rviz_marker_tools:/home/andre/ws_moveit/install/rosparam_shortcuts:/home/andre/ws_moveit/install/moveit_task_constructor_msgs:/home/andre/ws_moveit/install/moveit_resources_prbt_support:/home/andre/ws_moveit/install/moveit_resources:/home/andre/ws_moveit/install/moveit_resources_pr2_description:/home/andre/ws_moveit/install/moveit_resources_panda_moveit_config:/home/andre/ws_moveit/install/moveit_resources_panda_description:/home/andre/ws_moveit/install/moveit_resources_fanuc_moveit_config:/home/andre/ws_moveit/install/moveit_resources_fanuc_description:/home/andre/ws_moveit/install/moveit_common:/home/andre/ros2_ws/install:/opt/ros/jazzy/opt/gz_sim_vendor:/opt/ros/jazzy/opt/gz_sensors_vendor:/opt/ros/jazzy/opt/gz_physics_vendor:/opt/ros/jazzy/opt/sdformat_vendor:/opt/ros/jazzy/opt/gz_gui_vendor:/opt/ros/jazzy/opt/gz_transport_vendor:/opt/ros/jazzy/opt/gz_rendering_vendor:/opt/ros/jazzy/opt/gz_plugin_vendor:/opt/ros/jazzy/opt/gz_fuel_tools_vendor:/opt/ros/jazzy/opt/gz_msgs_vendor:/opt/ros/jazzy/opt/gz_common_vendor:/opt/ros/jazzy/opt/gz_math_vendor:/opt/ros/jazzy/opt/gz_utils_vendor:/opt/ros/jazzy/opt/gz_tools_vendor:/opt/ros/jazzy/opt/gz_ogre_next_vendor:/opt/ros/jazzy/opt/gz_dartsim_vendor:/opt/ros/jazzy/opt/gz_cmake_vendor:/home/andre/ws_moveit/install/moveit_configs_utils:/home/andre/ws_moveit/install/launch_param_builder:/opt/ros/jazzy DEBUGINFOD_URLS=https://debuginfod.ubuntu.com /usr/bin/cmake --build /home/andre/ros2_ws/build/robotic_arm_config -- -j4 -l4
[1.317s] Invoked command in '/home/andre/ros2_ws/build/robotic_arm_config' returned '0': CMAKE_PREFIX_PATH=/home/andre/ros2_ws/install/robotic_arm:/home/andre/ros2_ws/install/robotic_arm_v3_config:/home/andre/ros2_ws/install/robotic_arm_model_v3:/home/andre/ros2_ws/install/robotic_arm_config:/home/andre/ros2_ws/install/moveit_config:/home/andre/ros2_ws/install/cpp_pubsub:/home/andre/ws_moveit/install/srdfdom:/home/andre/ws_moveit/install/rviz_marker_tools:/home/andre/ws_moveit/install/rosparam_shortcuts:/home/andre/ws_moveit/install/moveit_task_constructor_msgs:/home/andre/ws_moveit/install/moveit_resources_prbt_support:/home/andre/ws_moveit/install/moveit_resources:/home/andre/ws_moveit/install/moveit_resources_pr2_description:/home/andre/ws_moveit/install/moveit_resources_panda_moveit_config:/home/andre/ws_moveit/install/moveit_resources_panda_description:/home/andre/ws_moveit/install/moveit_resources_fanuc_moveit_config:/home/andre/ws_moveit/install/moveit_resources_fanuc_description:/home/andre/ws_moveit/install/moveit_common:/home/andre/ros2_ws/install:/opt/ros/jazzy/opt/gz_sim_vendor:/opt/ros/jazzy/opt/gz_sensors_vendor:/opt/ros/jazzy/opt/gz_physics_vendor:/opt/ros/jazzy/opt/sdformat_vendor:/opt/ros/jazzy/opt/gz_gui_vendor:/opt/ros/jazzy/opt/gz_transport_vendor:/opt/ros/jazzy/opt/gz_rendering_vendor:/opt/ros/jazzy/opt/gz_plugin_vendor:/opt/ros/jazzy/opt/gz_fuel_tools_vendor:/opt/ros/jazzy/opt/gz_msgs_vendor:/opt/ros/jazzy/opt/gz_common_vendor:/opt/ros/jazzy/opt/gz_math_vendor:/opt/ros/jazzy/opt/gz_utils_vendor:/opt/ros/jazzy/opt/gz_tools_vendor:/opt/ros/jazzy/opt/gz_ogre_next_vendor:/opt/ros/jazzy/opt/gz_dartsim_vendor:/opt/ros/jazzy/opt/gz_cmake_vendor:/home/andre/ws_moveit/install/moveit_configs_utils:/home/andre/ws_moveit/install/launch_param_builder:/opt/ros/jazzy DEBUGINFOD_URLS=https://debuginfod.ubuntu.com /usr/bin/cmake --build /home/andre/ros2_ws/build/robotic_arm_config -- -j4 -l4
[1.317s] Invoking command in '/home/andre/ros2_ws/build/robotic_arm_config': CMAKE_PREFIX_PATH=/home/andre/ros2_ws/install/robotic_arm:/home/andre/ros2_ws/install/robotic_arm_v3_config:/home/andre/ros2_ws/install/robotic_arm_model_v3:/home/andre/ros2_ws/install/robotic_arm_config:/home/andre/ros2_ws/install/moveit_config:/home/andre/ros2_ws/install/cpp_pubsub:/home/andre/ws_moveit/install/srdfdom:/home/andre/ws_moveit/install/rviz_marker_tools:/home/andre/ws_moveit/install/rosparam_shortcuts:/home/andre/ws_moveit/install/moveit_task_constructor_msgs:/home/andre/ws_moveit/install/moveit_resources_prbt_support:/home/andre/ws_moveit/install/moveit_resources:/home/andre/ws_moveit/install/moveit_resources_pr2_description:/home/andre/ws_moveit/install/moveit_resources_panda_moveit_config:/home/andre/ws_moveit/install/moveit_resources_panda_description:/home/andre/ws_moveit/install/moveit_resources_fanuc_moveit_config:/home/andre/ws_moveit/install/moveit_resources_fanuc_description:/home/andre/ws_moveit/install/moveit_common:/home/andre/ros2_ws/install:/opt/ros/jazzy/opt/gz_sim_vendor:/opt/ros/jazzy/opt/gz_sensors_vendor:/opt/ros/jazzy/opt/gz_physics_vendor:/opt/ros/jazzy/opt/sdformat_vendor:/opt/ros/jazzy/opt/gz_gui_vendor:/opt/ros/jazzy/opt/gz_transport_vendor:/opt/ros/jazzy/opt/gz_rendering_vendor:/opt/ros/jazzy/opt/gz_plugin_vendor:/opt/ros/jazzy/opt/gz_fuel_tools_vendor:/opt/ros/jazzy/opt/gz_msgs_vendor:/opt/ros/jazzy/opt/gz_common_vendor:/opt/ros/jazzy/opt/gz_math_vendor:/opt/ros/jazzy/opt/gz_utils_vendor:/opt/ros/jazzy/opt/gz_tools_vendor:/opt/ros/jazzy/opt/gz_ogre_next_vendor:/opt/ros/jazzy/opt/gz_dartsim_vendor:/opt/ros/jazzy/opt/gz_cmake_vendor:/home/andre/ws_moveit/install/moveit_configs_utils:/home/andre/ws_moveit/install/launch_param_builder:/opt/ros/jazzy DEBUGINFOD_URLS=https://debuginfod.ubuntu.com /usr/bin/cmake --install /home/andre/ros2_ws/build/robotic_arm_config
[1.338s] -- Install configuration: ""
[1.338s] -- Installing: /home/andre/ros2_ws/install/robotic_arm_config/share/ament_index/resource_index/package_run_dependencies/robotic_arm_config
[1.339s] -- Installing: /home/andre/ros2_ws/install/robotic_arm_config/share/ament_index/resource_index/parent_prefix_path/robotic_arm_config
[1.339s] -- Installing: /home/andre/ros2_ws/install/robotic_arm_config/share/robotic_arm_config/environment/ament_prefix_path.sh
[1.340s] -- Installing: /home/andre/ros2_ws/install/robotic_arm_config/share/robotic_arm_config/environment/ament_prefix_path.dsv
[1.340s] -- Installing: /home/andre/ros2_ws/install/robotic_arm_config/share/robotic_arm_config/environment/path.sh
[1.341s] -- Installing: /home/andre/ros2_ws/install/robotic_arm_config/share/robotic_arm_config/environment/path.dsv
[1.341s] -- Installing: /home/andre/ros2_ws/install/robotic_arm_config/share/robotic_arm_config/local_setup.bash
[1.342s] -- Installing: /home/andre/ros2_ws/install/robotic_arm_config/share/robotic_arm_config/local_setup.sh
[1.342s] -- Installing: /home/andre/ros2_ws/install/robotic_arm_config/share/robotic_arm_config/local_setup.zsh
[1.343s] -- Installing: /home/andre/ros2_ws/install/robotic_arm_config/share/robotic_arm_config/local_setup.dsv
[1.343s] -- Installing: /home/andre/ros2_ws/install/robotic_arm_config/share/robotic_arm_config/package.dsv
[1.343s] -- Installing: /home/andre/ros2_ws/install/robotic_arm_config/share/ament_index/resource_index/packages/robotic_arm_config
[1.343s] -- Installing: /home/andre/ros2_ws/install/robotic_arm_config/share/robotic_arm_config/cmake/robotic_arm_configConfig.cmake
[1.344s] -- Installing: /home/andre/ros2_ws/install/robotic_arm_config/share/robotic_arm_config/cmake/robotic_arm_configConfig-version.cmake
[1.344s] -- Installing: /home/andre/ros2_ws/install/robotic_arm_config/share/robotic_arm_config/package.xml
[1.344s] -- Installing: /home/andre/ros2_ws/install/robotic_arm_config/share/robotic_arm_config/launch
[1.344s] -- Installing: /home/andre/ros2_ws/install/robotic_arm_config/share/robotic_arm_config/launch/spawn_controllers.launch.py
[1.345s] -- Installing: /home/andre/ros2_ws/install/robotic_arm_config/share/robotic_arm_config/launch/moveit_rviz.launch.py
[1.345s] -- Installing: /home/andre/ros2_ws/install/robotic_arm_config/share/robotic_arm_config/launch/warehouse_db.launch.py
[1.345s] -- Installing: /home/andre/ros2_ws/install/robotic_arm_config/share/robotic_arm_config/launch/move_group.launch.py
[1.345s] -- Installing: /home/andre/ros2_ws/install/robotic_arm_config/share/robotic_arm_config/launch/demo.launch.py
[1.345s] -- Installing: /home/andre/ros2_ws/install/robotic_arm_config/share/robotic_arm_config/launch/setup_assistant.launch.py
[1.345s] -- Installing: /home/andre/ros2_ws/install/robotic_arm_config/share/robotic_arm_config/launch/rsp.launch.py
[1.345s] -- Installing: /home/andre/ros2_ws/install/robotic_arm_config/share/robotic_arm_config/launch/static_virtual_joint_tfs.launch.py
[1.345s] -- Installing: /home/andre/ros2_ws/install/robotic_arm_config/share/robotic_arm_config/config
[1.346s] -- Installing: /home/andre/ros2_ws/install/robotic_arm_config/share/robotic_arm_config/config/pilz_cartesian_limits.yaml
[1.346s] -- Installing: /home/andre/ros2_ws/install/robotic_arm_config/share/robotic_arm_config/config/initial_positions.yaml
[1.346s] -- Installing: /home/andre/ros2_ws/install/robotic_arm_config/share/robotic_arm_config/config/robotic_arm.urdf.xacro
[1.346s] -- Installing: /home/andre/ros2_ws/install/robotic_arm_config/share/robotic_arm_config/config/moveit_controllers.yaml
[1.346s] -- Installing: /home/andre/ros2_ws/install/robotic_arm_config/share/robotic_arm_config/config/robotic_arm.ros2_control.xacro
[1.346s] -- Installing: /home/andre/ros2_ws/install/robotic_arm_config/share/robotic_arm_config/config/kinematics.yaml
[1.346s] -- Installing: /home/andre/ros2_ws/install/robotic_arm_config/share/robotic_arm_config/config/robotic_arm.srdf
[1.346s] -- Installing: /home/andre/ros2_ws/install/robotic_arm_config/share/robotic_arm_config/config/joint_limits.yaml
[1.346s] -- Installing: /home/andre/ros2_ws/install/robotic_arm_config/share/robotic_arm_config/config/moveit.rviz
[1.346s] -- Installing: /home/andre/ros2_ws/install/robotic_arm_config/share/robotic_arm_config/config/ros2_controllers.yaml
[1.346s] -- Installing: /home/andre/ros2_ws/install/robotic_arm_config/share/robotic_arm_config/.setup_assistant
[1.367s] Invoked command in '/home/andre/ros2_ws/build/robotic_arm_config' returned '0': CMAKE_PREFIX_PATH=/home/andre/ros2_ws/install/robotic_arm:/home/andre/ros2_ws/install/robotic_arm_v3_config:/home/andre/ros2_ws/install/robotic_arm_model_v3:/home/andre/ros2_ws/install/robotic_arm_config:/home/andre/ros2_ws/install/moveit_config:/home/andre/ros2_ws/install/cpp_pubsub:/home/andre/ws_moveit/install/srdfdom:/home/andre/ws_moveit/install/rviz_marker_tools:/home/andre/ws_moveit/install/rosparam_shortcuts:/home/andre/ws_moveit/install/moveit_task_constructor_msgs:/home/andre/ws_moveit/install/moveit_resources_prbt_support:/home/andre/ws_moveit/install/moveit_resources:/home/andre/ws_moveit/install/moveit_resources_pr2_description:/home/andre/ws_moveit/install/moveit_resources_panda_moveit_config:/home/andre/ws_moveit/install/moveit_resources_panda_description:/home/andre/ws_moveit/install/moveit_resources_fanuc_moveit_config:/home/andre/ws_moveit/install/moveit_resources_fanuc_description:/home/andre/ws_moveit/install/moveit_common:/home/andre/ros2_ws/install:/opt/ros/jazzy/opt/gz_sim_vendor:/opt/ros/jazzy/opt/gz_sensors_vendor:/opt/ros/jazzy/opt/gz_physics_vendor:/opt/ros/jazzy/opt/sdformat_vendor:/opt/ros/jazzy/opt/gz_gui_vendor:/opt/ros/jazzy/opt/gz_transport_vendor:/opt/ros/jazzy/opt/gz_rendering_vendor:/opt/ros/jazzy/opt/gz_plugin_vendor:/opt/ros/jazzy/opt/gz_fuel_tools_vendor:/opt/ros/jazzy/opt/gz_msgs_vendor:/opt/ros/jazzy/opt/gz_common_vendor:/opt/ros/jazzy/opt/gz_math_vendor:/opt/ros/jazzy/opt/gz_utils_vendor:/opt/ros/jazzy/opt/gz_tools_vendor:/opt/ros/jazzy/opt/gz_ogre_next_vendor:/opt/ros/jazzy/opt/gz_dartsim_vendor:/opt/ros/jazzy/opt/gz_cmake_vendor:/home/andre/ws_moveit/install/moveit_configs_utils:/home/andre/ws_moveit/install/launch_param_builder:/opt/ros/jazzy DEBUGINFOD_URLS=https://debuginfod.ubuntu.com /usr/bin/cmake --install /home/andre/ros2_ws/build/robotic_arm_config
