/home/andre/ros2_ws/install/moveit_controls/lib/python3.12/site-packages/moveit_controls/gripper_control.py
/home/andre/ros2_ws/install/moveit_controls/lib/python3.12/site-packages/moveit_controls/run_trajectory.py
/home/andre/ros2_ws/install/moveit_controls/lib/python3.12/site-packages/moveit_controls/__init__.py
/home/andre/ros2_ws/install/moveit_controls/lib/python3.12/site-packages/moveit_controls/keyboard_teleop.py
/home/andre/ros2_ws/install/moveit_controls/lib/python3.12/site-packages/moveit_controls/__pycache__/gripper_control.cpython-312.pyc
/home/andre/ros2_ws/install/moveit_controls/lib/python3.12/site-packages/moveit_controls/__pycache__/run_trajectory.cpython-312.pyc
/home/andre/ros2_ws/install/moveit_controls/lib/python3.12/site-packages/moveit_controls/__pycache__/__init__.cpython-312.pyc
/home/andre/ros2_ws/install/moveit_controls/lib/python3.12/site-packages/moveit_controls/__pycache__/keyboard_teleop.cpython-312.pyc
/home/andre/ros2_ws/install/moveit_controls/share/ament_index/resource_index/packages/moveit_controls
/home/andre/ros2_ws/install/moveit_controls/share/moveit_controls/package.xml
/home/andre/ros2_ws/install/moveit_controls/share/moveit_controls/trajectories/pick_and_place.yaml
/home/andre/ros2_ws/install/moveit_controls/lib/python3.12/site-packages/moveit_controls-0.0.0-py3.12.egg-info/requires.txt
/home/andre/ros2_ws/install/moveit_controls/lib/python3.12/site-packages/moveit_controls-0.0.0-py3.12.egg-info/zip-safe
/home/andre/ros2_ws/install/moveit_controls/lib/python3.12/site-packages/moveit_controls-0.0.0-py3.12.egg-info/dependency_links.txt
/home/andre/ros2_ws/install/moveit_controls/lib/python3.12/site-packages/moveit_controls-0.0.0-py3.12.egg-info/entry_points.txt
/home/andre/ros2_ws/install/moveit_controls/lib/python3.12/site-packages/moveit_controls-0.0.0-py3.12.egg-info/top_level.txt
/home/andre/ros2_ws/install/moveit_controls/lib/python3.12/site-packages/moveit_controls-0.0.0-py3.12.egg-info/SOURCES.txt
/home/andre/ros2_ws/install/moveit_controls/lib/python3.12/site-packages/moveit_controls-0.0.0-py3.12.egg-info/PKG-INFO
/home/andre/ros2_ws/install/moveit_controls/lib/moveit_controls/gripper_control
/home/andre/ros2_ws/install/moveit_controls/lib/moveit_controls/keyboard_teleop
/home/andre/ros2_ws/install/moveit_controls/lib/moveit_controls/move_to_xyz
/home/andre/ros2_ws/install/moveit_controls/lib/moveit_controls/run_trajectory
/home/andre/ros2_ws/install/moveit_controls/lib/moveit_controls/target_listener
