running egg_info
writing ../../build/yolov5_detection/yolov5_detection.egg-info/PKG-INFO
writing dependency_links to ../../build/yolov5_detection/yolov5_detection.egg-info/dependency_links.txt
writing entry points to ../../build/yolov5_detection/yolov5_detection.egg-info/entry_points.txt
writing requirements to ../../build/yolov5_detection/yolov5_detection.egg-info/requires.txt
writing top-level names to ../../build/yolov5_detection/yolov5_detection.egg-info/top_level.txt
reading manifest file '../../build/yolov5_detection/yolov5_detection.egg-info/SOURCES.txt'
writing manifest file '../../build/yolov5_detection/yolov5_detection.egg-info/SOURCES.txt'
running build
running build_py
copying yolov5_detection/yolo_detector.py -> /home/bot/ros2_ws/build/yolov5_detection/build/lib/yolov5_detection
running install
running install_lib
copying /home/bot/ros2_ws/build/yolov5_detection/build/lib/yolov5_detection/yolo_detector.py -> /home/bot/ros2_ws/install/yolov5_detection/lib/python3.12/site-packages/yolov5_detection
byte-compiling /home/bot/ros2_ws/install/yolov5_detection/lib/python3.12/site-packages/yolov5_detection/yolo_detector.py to yolo_detector.cpython-312.pyc
running install_data
running install_egg_info
removing '/home/bot/ros2_ws/install/yolov5_detection/lib/python3.12/site-packages/yolov5_detection-0.0.1-py3.12.egg-info' (and everything under it)
Copying ../../build/yolov5_detection/yolov5_detection.egg-info to /home/bot/ros2_ws/install/yolov5_detection/lib/python3.12/site-packages/yolov5_detection-0.0.1-py3.12.egg-info
running install_scripts
Installing yolo_detector script to /home/bot/ros2_ws/install/yolov5_detection/lib/yolov5_detection
writing list of installed files to '/home/bot/ros2_ws/build/yolov5_detection/install.log'
