[5.000s] Invoking command in '/home/bot/ros2_ws/src/yolov5_detection': DEBUGINFOD_URLS=https://debuginfod.ubuntu.com PYTHONPATH=/home/bot/ros2_ws/build/yolov5_detection/prefix_override:/usr/lib/python3/dist-packages/colcon_core/task/python/colcon_distutils_commands:/home/bot/ros2_ws/install/yolov5_detection/lib/python3.12/site-packages:${PYTHONPATH} /usr/bin/python3 -W ignore:setup.py install is deprecated -W ignore:easy_install command is deprecated setup.py egg_info --egg-base ../../build/yolov5_detection build --build-base /home/bot/ros2_ws/build/yolov5_detection/build install --record /home/bot/ros2_ws/build/yolov5_detection/install.log --single-version-externally-managed install_data
[6.659s] running egg_info
[6.782s] writing ../../build/yolov5_detection/yolov5_detection.egg-info/PKG-INFO
[6.783s] writing dependency_links to ../../build/yolov5_detection/yolov5_detection.egg-info/dependency_links.txt
[6.785s] writing entry points to ../../build/yolov5_detection/yolov5_detection.egg-info/entry_points.txt
[6.786s] writing requirements to ../../build/yolov5_detection/yolov5_detection.egg-info/requires.txt
[6.786s] writing top-level names to ../../build/yolov5_detection/yolov5_detection.egg-info/top_level.txt
[7.036s] reading manifest file '../../build/yolov5_detection/yolov5_detection.egg-info/SOURCES.txt'
[7.040s] writing manifest file '../../build/yolov5_detection/yolov5_detection.egg-info/SOURCES.txt'
[7.041s] running build
[7.041s] running build_py
[7.042s] copying yolov5_detection/yolo_detector.py -> /home/bot/ros2_ws/build/yolov5_detection/build/lib/yolov5_detection
[7.044s] running install
[7.070s] running install_lib
[7.194s] copying /home/bot/ros2_ws/build/yolov5_detection/build/lib/yolov5_detection/yolo_detector.py -> /home/bot/ros2_ws/install/yolov5_detection/lib/python3.12/site-packages/yolov5_detection
[7.197s] byte-compiling /home/bot/ros2_ws/install/yolov5_detection/lib/python3.12/site-packages/yolov5_detection/yolo_detector.py to yolo_detector.cpython-312.pyc
[7.209s] running install_data
[7.210s] running install_egg_info
[7.354s] removing '/home/bot/ros2_ws/install/yolov5_detection/lib/python3.12/site-packages/yolov5_detection-0.0.1-py3.12.egg-info' (and everything under it)
[7.359s] Copying ../../build/yolov5_detection/yolov5_detection.egg-info to /home/bot/ros2_ws/install/yolov5_detection/lib/python3.12/site-packages/yolov5_detection-0.0.1-py3.12.egg-info
[7.366s] running install_scripts
[8.242s] Installing yolo_detector script to /home/bot/ros2_ws/install/yolov5_detection/lib/yolov5_detection
[8.244s] writing list of installed files to '/home/bot/ros2_ws/build/yolov5_detection/install.log'
[8.406s] Invoked command in '/home/bot/ros2_ws/src/yolov5_detection' returned '0': DEBUGINFOD_URLS=https://debuginfod.ubuntu.com PYTHONPATH=/home/bot/ros2_ws/build/yolov5_detection/prefix_override:/usr/lib/python3/dist-packages/colcon_core/task/python/colcon_distutils_commands:/home/bot/ros2_ws/install/yolov5_detection/lib/python3.12/site-packages:${PYTHONPATH} /usr/bin/python3 -W ignore:setup.py install is deprecated -W ignore:easy_install command is deprecated setup.py egg_info --egg-base ../../build/yolov5_detection build --build-base /home/bot/ros2_ws/build/yolov5_detection/build install --record /home/bot/ros2_ws/build/yolov5_detection/install.log --single-version-externally-managed install_data
