[4.682s] Invoking command in '/home/bot/ros2_ws/build/web_interface': DEBUGINFOD_URLS=https://debuginfod.ubuntu.com PYTHONPATH=/home/bot/ros2_ws/build/web_interface/prefix_override:/usr/lib/python3/dist-packages/colcon_core/task/python/colcon_distutils_commands:/home/bot/ros2_ws/install/web_interface/lib/python3.12/site-packages:${PYTHONPATH} /usr/bin/python3 -W ignore:setup.py install is deprecated -W ignore:easy_install command is deprecated setup.py develop --editable --build-directory /home/bot/ros2_ws/build/web_interface/build --no-deps symlink_data --force
[6.345s] running develop
[7.467s] running egg_info
[7.562s] writing web_interface.egg-info/PKG-INFO
[7.563s] writing dependency_links to web_interface.egg-info/dependency_links.txt
[7.571s] writing entry points to web_interface.egg-info/entry_points.txt
[7.579s] writing requirements to web_interface.egg-info/requires.txt
[7.592s] writing top-level names to web_interface.egg-info/top_level.txt
[7.804s] reading manifest file 'web_interface.egg-info/SOURCES.txt'
[7.807s] writing manifest file 'web_interface.egg-info/SOURCES.txt'
[7.910s] running build_ext
[7.911s] Creating /home/bot/ros2_ws/install/web_interface/lib/python3.12/site-packages/web-interface.egg-link (link to .)
[7.913s] Installing flask_server script to /home/bot/ros2_ws/install/web_interface/bin
[7.915s] 
[7.915s] Installed /home/bot/ros2_ws/build/web_interface
[7.916s] running symlink_data
[7.916s] symbolically linking /home/bot/ros2_ws/build/web_interface/resource/web_interface -> /home/bot/ros2_ws/install/web_interface/share/ament_index/resource_index/packages
[7.917s] symbolically linking /home/bot/ros2_ws/build/web_interface/package.xml -> /home/bot/ros2_ws/install/web_interface/share/web_interface
[7.918s] symbolically linking /home/bot/ros2_ws/build/web_interface/templates/index.html -> /home/bot/ros2_ws/install/web_interface/share/web_interface/templates
[8.077s] Invoked command in '/home/bot/ros2_ws/build/web_interface' returned '0': DEBUGINFOD_URLS=https://debuginfod.ubuntu.com PYTHONPATH=/home/bot/ros2_ws/build/web_interface/prefix_override:/usr/lib/python3/dist-packages/colcon_core/task/python/colcon_distutils_commands:/home/bot/ros2_ws/install/web_interface/lib/python3.12/site-packages:${PYTHONPATH} /usr/bin/python3 -W ignore:setup.py install is deprecated -W ignore:easy_install command is deprecated setup.py develop --editable --build-directory /home/bot/ros2_ws/build/web_interface/build --no-deps symlink_data --force
