[0.023s] Invoking command in '/home/andre/ros2_ws/src/build/moveit_ros_robot_interaction': AMENT_PREFIX_PATH=/home/andre/ros2_ws/src/install/moveit_ros_planning:/home/andre/ros2_ws/src/install/moveit_ros_occupancy_map_monitor:/home/andre/ros2_ws/src/install/moveit_core:/home/andre/ros2_ws/src/install/moveit_resources_panda_moveit_config:/home/andre/ros2_ws/src/install/moveit_resources_pr2_description:/home/andre/ros2_ws/src/install/moveit_resources_panda_description:/home/andre/ros2_ws/src/install/moveit_msgs:/home/andre/ros2_ws/src/install/moveit_configs_utils:/home/andre/ros2_ws/src/install/moveit_common:${AMENT_PREFIX_PATH} CMAKE_PREFIX_PATH=/home/andre/ros2_ws/src/install/moveit_ros_planning:/home/andre/ros2_ws/src/install/moveit_ros_occupancy_map_monitor:/home/andre/ros2_ws/src/install/moveit_core:/home/andre/ros2_ws/src/install/moveit_resources_panda_moveit_config:/home/andre/ros2_ws/src/install/moveit_resources_pr2_description:/home/andre/ros2_ws/src/install/moveit_resources_panda_description:/home/andre/ros2_ws/src/install/moveit_msgs:/home/andre/ros2_ws/src/install/moveit_common:/home/andre/ros2_ws/install:/opt/ros/jazzy/opt/gz_sim_vendor:/opt/ros/jazzy/opt/gz_sensors_vendor:/opt/ros/jazzy/opt/gz_physics_vendor:/opt/ros/jazzy/opt/sdformat_vendor:/opt/ros/jazzy/opt/gz_gui_vendor:/opt/ros/jazzy/opt/gz_transport_vendor:/opt/ros/jazzy/opt/gz_rendering_vendor:/opt/ros/jazzy/opt/gz_plugin_vendor:/opt/ros/jazzy/opt/gz_fuel_tools_vendor:/opt/ros/jazzy/opt/gz_msgs_vendor:/opt/ros/jazzy/opt/gz_common_vendor:/opt/ros/jazzy/opt/gz_math_vendor:/opt/ros/jazzy/opt/gz_utils_vendor:/opt/ros/jazzy/opt/gz_tools_vendor:/opt/ros/jazzy/opt/gz_ogre_next_vendor:/opt/ros/jazzy/opt/gz_dartsim_vendor:/opt/ros/jazzy/opt/gz_cmake_vendor:/opt/ros/jazzy DEBUGINFOD_URLS=https://debuginfod.ubuntu.com LD_LIBRARY_PATH=/home/andre/ros2_ws/src/install/moveit_ros_planning/lib:/home/andre/ros2_ws/src/install/moveit_ros_occupancy_map_monitor/lib:/home/andre/ros2_ws/src/install/moveit_core/lib:/home/andre/ros2_ws/src/install/moveit_msgs/lib:${LD_LIBRARY_PATH} PATH=/home/andre/ros2_ws/src/install/moveit_core/bin:${PATH} PYTHONPATH=/home/andre/ros2_ws/src/install/moveit_msgs/lib/python3.12/site-packages:/home/andre/ros2_ws/src/install/moveit_configs_utils/lib/python3.12/site-packages:${PYTHONPATH} /usr/bin/cmake /home/andre/ros2_ws/src/moveit2/moveit_ros/robot_interaction -DCMAKE_BUILD_TYPE=Release -DCMAKE_INSTALL_PREFIX=/home/andre/ros2_ws/src/install/moveit_ros_robot_interaction
[0.107s] -- The CXX compiler identification is GNU 13.3.0
[0.126s] -- Detecting CXX compiler ABI info
[0.246s] -- Detecting CXX compiler ABI info - done
[0.259s] -- Check for working CXX compiler: /usr/bin/c++ - skipped
[0.260s] -- Detecting CXX compile features
[0.260s] -- Detecting CXX compile features - done
[0.262s] -- Found moveit_common: 2.14.1 (/home/andre/ros2_ws/src/install/moveit_common/share/moveit_common/cmake)
[0.266s] -- Found ament_cmake: 2.5.4 (/opt/ros/jazzy/share/ament_cmake/cmake)
[0.476s] -- Found Python3: /usr/bin/python3 (found version "3.12.3") found components: Interpreter 
[0.775s] -- Found moveit_core: 2.14.1 (/home/andre/ros2_ws/src/install/moveit_core/share/moveit_core/cmake)
[1.004s] -- Found Boost: /usr/lib/x86_64-linux-gnu/cmake/Boost-1.83.0/BoostConfig.cmake (found version "1.83.0") found components: chrono date_time filesystem iostreams program_options regex serialization system thread 
[1.130s] -- Found parameter_traits: 0.5.0 (/opt/ros/jazzy/share/parameter_traits/cmake)
[1.201s] -- Found rosidl_generator_c: 4.6.6 (/opt/ros/jazzy/share/rosidl_generator_c/cmake)
[1.226s] -- Found rosidl_generator_cpp: 4.6.6 (/opt/ros/jazzy/share/rosidl_generator_cpp/cmake)
[1.255s] -- Using all available rosidl_typesupport_c: rosidl_typesupport_fastrtps_c;rosidl_typesupport_introspection_c
[1.286s] -- Using all available rosidl_typesupport_cpp: rosidl_typesupport_fastrtps_cpp;rosidl_typesupport_introspection_cpp
[1.416s] -- Found rmw_implementation_cmake: 7.3.2 (/opt/ros/jazzy/share/rmw_implementation_cmake/cmake)
[1.422s] -- Found rmw_fastrtps_cpp: 8.4.3 (/opt/ros/jazzy/share/rmw_fastrtps_cpp/cmake)
[1.550s] -- Found OpenSSL: /usr/lib/x86_64-linux-gnu/libcrypto.so (found version "3.0.13")  
[1.576s] -- Found FastRTPS: /opt/ros/jazzy/include (Required is at least version "2.13") 
[1.615s] -- Using RMW implementation 'rmw_fastrtps_cpp' as default
[1.773s] -- Found rclcpp_lifecycle: 28.1.13 (/opt/ros/jazzy/share/rclcpp_lifecycle/cmake)
[1.839s] -- Found Boost: /usr/lib/x86_64-linux-gnu/cmake/Boost-1.83.0/BoostConfig.cmake (found version "1.83.0") found components: filesystem 
[2.098s] -- Found Eigen3: TRUE (found version "3.4.0") 
[2.099s] -- Ensuring Eigen3 include directory is part of orocos-kdl CMake target
[2.735s] -- Found moveit_ros_planning: 2.14.1 (/home/andre/ros2_ws/src/install/moveit_ros_planning/share/moveit_ros_planning/cmake)
[2.742s] -- Found Boost: /usr/lib/x86_64-linux-gnu/cmake/Boost-1.83.0/BoostConfig.cmake (found version "1.83.0") found components: system filesystem date_time program_options thread chrono 
[2.829s] -- Found interactive_markers: 2.5.5 (/opt/ros/jazzy/share/interactive_markers/cmake)
[2.842s] -- Performing Test COMPILER_HAS_HIDDEN_VISIBILITY
[3.014s] -- Performing Test COMPILER_HAS_HIDDEN_VISIBILITY - Success
[3.014s] -- Performing Test COMPILER_HAS_HIDDEN_INLINE_VISIBILITY
[3.189s] -- Performing Test COMPILER_HAS_HIDDEN_INLINE_VISIBILITY - Success
[3.190s] -- Performing Test COMPILER_HAS_DEPRECATED_ATTR
[3.368s] -- Performing Test COMPILER_HAS_DEPRECATED_ATTR - Success
[3.380s] -- Found ament_cmake_gtest: 2.5.4 (/opt/ros/jazzy/share/ament_cmake_gtest/cmake)
[3.386s] -- Found gtest sources under '/opt/ros/jazzy/src/gtest_vendor': C++ tests using 'Google Test' will be built
[3.451s] -- The C compiler identification is GNU 13.3.0
[3.471s] -- Detecting C compiler ABI info
[3.637s] -- Detecting C compiler ABI info - done
[3.653s] -- Check for working C compiler: /usr/bin/cc - skipped
[3.654s] -- Detecting C compile features
[3.654s] -- Detecting C compile features - done
[3.658s] -- Found Threads: TRUE  
[3.668s] -- Configuring done (3.6s)
[3.746s] -- Generating done (0.1s)
[3.762s] -- Build files have been written to: /home/andre/ros2_ws/src/build/moveit_ros_robot_interaction
[3.797s] Invoked command in '/home/andre/ros2_ws/src/build/moveit_ros_robot_interaction' returned '0': AMENT_PREFIX_PATH=/home/andre/ros2_ws/src/install/moveit_ros_planning:/home/andre/ros2_ws/src/install/moveit_ros_occupancy_map_monitor:/home/andre/ros2_ws/src/install/moveit_core:/home/andre/ros2_ws/src/install/moveit_resources_panda_moveit_config:/home/andre/ros2_ws/src/install/moveit_resources_pr2_description:/home/andre/ros2_ws/src/install/moveit_resources_panda_description:/home/andre/ros2_ws/src/install/moveit_msgs:/home/andre/ros2_ws/src/install/moveit_configs_utils:/home/andre/ros2_ws/src/install/moveit_common:${AMENT_PREFIX_PATH} CMAKE_PREFIX_PATH=/home/andre/ros2_ws/src/install/moveit_ros_planning:/home/andre/ros2_ws/src/install/moveit_ros_occupancy_map_monitor:/home/andre/ros2_ws/src/install/moveit_core:/home/andre/ros2_ws/src/install/moveit_resources_panda_moveit_config:/home/andre/ros2_ws/src/install/moveit_resources_pr2_description:/home/andre/ros2_ws/src/install/moveit_resources_panda_description:/home/andre/ros2_ws/src/install/moveit_msgs:/home/andre/ros2_ws/src/install/moveit_common:/home/andre/ros2_ws/install:/opt/ros/jazzy/opt/gz_sim_vendor:/opt/ros/jazzy/opt/gz_sensors_vendor:/opt/ros/jazzy/opt/gz_physics_vendor:/opt/ros/jazzy/opt/sdformat_vendor:/opt/ros/jazzy/opt/gz_gui_vendor:/opt/ros/jazzy/opt/gz_transport_vendor:/opt/ros/jazzy/opt/gz_rendering_vendor:/opt/ros/jazzy/opt/gz_plugin_vendor:/opt/ros/jazzy/opt/gz_fuel_tools_vendor:/opt/ros/jazzy/opt/gz_msgs_vendor:/opt/ros/jazzy/opt/gz_common_vendor:/opt/ros/jazzy/opt/gz_math_vendor:/opt/ros/jazzy/opt/gz_utils_vendor:/opt/ros/jazzy/opt/gz_tools_vendor:/opt/ros/jazzy/opt/gz_ogre_next_vendor:/opt/ros/jazzy/opt/gz_dartsim_vendor:/opt/ros/jazzy/opt/gz_cmake_vendor:/opt/ros/jazzy DEBUGINFOD_URLS=https://debuginfod.ubuntu.com LD_LIBRARY_PATH=/home/andre/ros2_ws/src/install/moveit_ros_planning/lib:/home/andre/ros2_ws/src/install/moveit_ros_occupancy_map_monitor/lib:/home/andre/ros2_ws/src/install/moveit_core/lib:/home/andre/ros2_ws/src/install/moveit_msgs/lib:${LD_LIBRARY_PATH} PATH=/home/andre/ros2_ws/src/install/moveit_core/bin:${PATH} PYTHONPATH=/home/andre/ros2_ws/src/install/moveit_msgs/lib/python3.12/site-packages:/home/andre/ros2_ws/src/install/moveit_configs_utils/lib/python3.12/site-packages:${PYTHONPATH} /usr/bin/cmake /home/andre/ros2_ws/src/moveit2/moveit_ros/robot_interaction -DCMAKE_BUILD_TYPE=Release -DCMAKE_INSTALL_PREFIX=/home/andre/ros2_ws/src/install/moveit_ros_robot_interaction
[3.805s] Invoking command in '/home/andre/ros2_ws/src/build/moveit_ros_robot_interaction': AMENT_PREFIX_PATH=/home/andre/ros2_ws/src/install/moveit_ros_planning:/home/andre/ros2_ws/src/install/moveit_ros_occupancy_map_monitor:/home/andre/ros2_ws/src/install/moveit_core:/home/andre/ros2_ws/src/install/moveit_resources_panda_moveit_config:/home/andre/ros2_ws/src/install/moveit_resources_pr2_description:/home/andre/ros2_ws/src/install/moveit_resources_panda_description:/home/andre/ros2_ws/src/install/moveit_msgs:/home/andre/ros2_ws/src/install/moveit_configs_utils:/home/andre/ros2_ws/src/install/moveit_common:${AMENT_PREFIX_PATH} CMAKE_PREFIX_PATH=/home/andre/ros2_ws/src/install/moveit_ros_planning:/home/andre/ros2_ws/src/install/moveit_ros_occupancy_map_monitor:/home/andre/ros2_ws/src/install/moveit_core:/home/andre/ros2_ws/src/install/moveit_resources_panda_moveit_config:/home/andre/ros2_ws/src/install/moveit_resources_pr2_description:/home/andre/ros2_ws/src/install/moveit_resources_panda_description:/home/andre/ros2_ws/src/install/moveit_msgs:/home/andre/ros2_ws/src/install/moveit_common:/home/andre/ros2_ws/install:/opt/ros/jazzy/opt/gz_sim_vendor:/opt/ros/jazzy/opt/gz_sensors_vendor:/opt/ros/jazzy/opt/gz_physics_vendor:/opt/ros/jazzy/opt/sdformat_vendor:/opt/ros/jazzy/opt/gz_gui_vendor:/opt/ros/jazzy/opt/gz_transport_vendor:/opt/ros/jazzy/opt/gz_rendering_vendor:/opt/ros/jazzy/opt/gz_plugin_vendor:/opt/ros/jazzy/opt/gz_fuel_tools_vendor:/opt/ros/jazzy/opt/gz_msgs_vendor:/opt/ros/jazzy/opt/gz_common_vendor:/opt/ros/jazzy/opt/gz_math_vendor:/opt/ros/jazzy/opt/gz_utils_vendor:/opt/ros/jazzy/opt/gz_tools_vendor:/opt/ros/jazzy/opt/gz_ogre_next_vendor:/opt/ros/jazzy/opt/gz_dartsim_vendor:/opt/ros/jazzy/opt/gz_cmake_vendor:/opt/ros/jazzy DEBUGINFOD_URLS=https://debuginfod.ubuntu.com LD_LIBRARY_PATH=/home/andre/ros2_ws/src/install/moveit_ros_planning/lib:/home/andre/ros2_ws/src/install/moveit_ros_occupancy_map_monitor/lib:/home/andre/ros2_ws/src/install/moveit_core/lib:/home/andre/ros2_ws/src/install/moveit_msgs/lib:${LD_LIBRARY_PATH} PATH=/home/andre/ros2_ws/src/install/moveit_core/bin:${PATH} PYTHONPATH=/home/andre/ros2_ws/src/install/moveit_msgs/lib/python3.12/site-packages:/home/andre/ros2_ws/src/install/moveit_configs_utils/lib/python3.12/site-packages:${PYTHONPATH} /usr/bin/cmake --build /home/andre/ros2_ws/src/build/moveit_ros_robot_interaction -- -j4 -l4
[3.976s] [  7%] [32mBuilding CXX object gtest/CMakeFiles/gtest.dir/src/gtest-all.cc.o[0m
[3.981s] [ 15%] [32mBuilding CXX object CMakeFiles/moveit_robot_interaction.dir/src/interactive_marker_helpers.cpp.o[0m
[3.993s] [ 23%] [32mBuilding CXX object CMakeFiles/moveit_robot_interaction.dir/src/kinematic_options.cpp.o[0m
[4.004s] [ 30%] [32mBuilding CXX object gtest/CMakeFiles/gtest_main.dir/src/gtest_main.cc.o[0m
[9.097s] [ 38%] [32m[1mLinking CXX static library libgtest_main.a[0m
[9.378s] [ 38%] Built target gtest_main
[24.706s] [ 46%] [32mBuilding CXX object CMakeFiles/moveit_robot_interaction.dir/src/locked_robot_state.cpp.o[0m
[40.186s] [ 53%] [32m[1mLinking CXX static library libgtest.a[0m
[40.367s] [ 53%] Built target gtest
[40.543s] [ 61%] [32mBuilding CXX object CMakeFiles/moveit_robot_interaction.dir/src/robot_interaction.cpp.o[0m
[66.567s] [ 69%] [32mBuilding CXX object CMakeFiles/moveit_robot_interaction.dir/src/interaction_handler.cpp.o[0m
[79.447s] [ 76%] [32mBuilding CXX object CMakeFiles/moveit_robot_interaction.dir/src/kinematic_options_map.cpp.o[0m
[86.942s] [ 84%] [32m[1mLinking CXX shared library libmoveit_robot_interaction.so[0m
[87.497s] [ 84%] Built target moveit_robot_interaction
[87.529s] [ 92%] [32mBuilding CXX object CMakeFiles/locked_robot_state_test.dir/test/locked_robot_state_test.cpp.o[0m
[97.016s] [100%] [32m[1mLinking CXX executable locked_robot_state_test[0m
[97.494s] [100%] Built target locked_robot_state_test
[97.511s] Invoked command in '/home/andre/ros2_ws/src/build/moveit_ros_robot_interaction' returned '0': AMENT_PREFIX_PATH=/home/andre/ros2_ws/src/install/moveit_ros_planning:/home/andre/ros2_ws/src/install/moveit_ros_occupancy_map_monitor:/home/andre/ros2_ws/src/install/moveit_core:/home/andre/ros2_ws/src/install/moveit_resources_panda_moveit_config:/home/andre/ros2_ws/src/install/moveit_resources_pr2_description:/home/andre/ros2_ws/src/install/moveit_resources_panda_description:/home/andre/ros2_ws/src/install/moveit_msgs:/home/andre/ros2_ws/src/install/moveit_configs_utils:/home/andre/ros2_ws/src/install/moveit_common:${AMENT_PREFIX_PATH} CMAKE_PREFIX_PATH=/home/andre/ros2_ws/src/install/moveit_ros_planning:/home/andre/ros2_ws/src/install/moveit_ros_occupancy_map_monitor:/home/andre/ros2_ws/src/install/moveit_core:/home/andre/ros2_ws/src/install/moveit_resources_panda_moveit_config:/home/andre/ros2_ws/src/install/moveit_resources_pr2_description:/home/andre/ros2_ws/src/install/moveit_resources_panda_description:/home/andre/ros2_ws/src/install/moveit_msgs:/home/andre/ros2_ws/src/install/moveit_common:/home/andre/ros2_ws/install:/opt/ros/jazzy/opt/gz_sim_vendor:/opt/ros/jazzy/opt/gz_sensors_vendor:/opt/ros/jazzy/opt/gz_physics_vendor:/opt/ros/jazzy/opt/sdformat_vendor:/opt/ros/jazzy/opt/gz_gui_vendor:/opt/ros/jazzy/opt/gz_transport_vendor:/opt/ros/jazzy/opt/gz_rendering_vendor:/opt/ros/jazzy/opt/gz_plugin_vendor:/opt/ros/jazzy/opt/gz_fuel_tools_vendor:/opt/ros/jazzy/opt/gz_msgs_vendor:/opt/ros/jazzy/opt/gz_common_vendor:/opt/ros/jazzy/opt/gz_math_vendor:/opt/ros/jazzy/opt/gz_utils_vendor:/opt/ros/jazzy/opt/gz_tools_vendor:/opt/ros/jazzy/opt/gz_ogre_next_vendor:/opt/ros/jazzy/opt/gz_dartsim_vendor:/opt/ros/jazzy/opt/gz_cmake_vendor:/opt/ros/jazzy DEBUGINFOD_URLS=https://debuginfod.ubuntu.com LD_LIBRARY_PATH=/home/andre/ros2_ws/src/install/moveit_ros_planning/lib:/home/andre/ros2_ws/src/install/moveit_ros_occupancy_map_monitor/lib:/home/andre/ros2_ws/src/install/moveit_core/lib:/home/andre/ros2_ws/src/install/moveit_msgs/lib:${LD_LIBRARY_PATH} PATH=/home/andre/ros2_ws/src/install/moveit_core/bin:${PATH} PYTHONPATH=/home/andre/ros2_ws/src/install/moveit_msgs/lib/python3.12/site-packages:/home/andre/ros2_ws/src/install/moveit_configs_utils/lib/python3.12/site-packages:${PYTHONPATH} /usr/bin/cmake --build /home/andre/ros2_ws/src/build/moveit_ros_robot_interaction -- -j4 -l4
[97.512s] Invoking command in '/home/andre/ros2_ws/src/build/moveit_ros_robot_interaction': AMENT_PREFIX_PATH=/home/andre/ros2_ws/src/install/moveit_ros_planning:/home/andre/ros2_ws/src/install/moveit_ros_occupancy_map_monitor:/home/andre/ros2_ws/src/install/moveit_core:/home/andre/ros2_ws/src/install/moveit_resources_panda_moveit_config:/home/andre/ros2_ws/src/install/moveit_resources_pr2_description:/home/andre/ros2_ws/src/install/moveit_resources_panda_description:/home/andre/ros2_ws/src/install/moveit_msgs:/home/andre/ros2_ws/src/install/moveit_configs_utils:/home/andre/ros2_ws/src/install/moveit_common:${AMENT_PREFIX_PATH} CMAKE_PREFIX_PATH=/home/andre/ros2_ws/src/install/moveit_ros_planning:/home/andre/ros2_ws/src/install/moveit_ros_occupancy_map_monitor:/home/andre/ros2_ws/src/install/moveit_core:/home/andre/ros2_ws/src/install/moveit_resources_panda_moveit_config:/home/andre/ros2_ws/src/install/moveit_resources_pr2_description:/home/andre/ros2_ws/src/install/moveit_resources_panda_description:/home/andre/ros2_ws/src/install/moveit_msgs:/home/andre/ros2_ws/src/install/moveit_common:/home/andre/ros2_ws/install:/opt/ros/jazzy/opt/gz_sim_vendor:/opt/ros/jazzy/opt/gz_sensors_vendor:/opt/ros/jazzy/opt/gz_physics_vendor:/opt/ros/jazzy/opt/sdformat_vendor:/opt/ros/jazzy/opt/gz_gui_vendor:/opt/ros/jazzy/opt/gz_transport_vendor:/opt/ros/jazzy/opt/gz_rendering_vendor:/opt/ros/jazzy/opt/gz_plugin_vendor:/opt/ros/jazzy/opt/gz_fuel_tools_vendor:/opt/ros/jazzy/opt/gz_msgs_vendor:/opt/ros/jazzy/opt/gz_common_vendor:/opt/ros/jazzy/opt/gz_math_vendor:/opt/ros/jazzy/opt/gz_utils_vendor:/opt/ros/jazzy/opt/gz_tools_vendor:/opt/ros/jazzy/opt/gz_ogre_next_vendor:/opt/ros/jazzy/opt/gz_dartsim_vendor:/opt/ros/jazzy/opt/gz_cmake_vendor:/opt/ros/jazzy DEBUGINFOD_URLS=https://debuginfod.ubuntu.com LD_LIBRARY_PATH=/home/andre/ros2_ws/src/install/moveit_ros_planning/lib:/home/andre/ros2_ws/src/install/moveit_ros_occupancy_map_monitor/lib:/home/andre/ros2_ws/src/install/moveit_core/lib:/home/andre/ros2_ws/src/install/moveit_msgs/lib:${LD_LIBRARY_PATH} PATH=/home/andre/ros2_ws/src/install/moveit_core/bin:${PATH} PYTHONPATH=/home/andre/ros2_ws/src/install/moveit_msgs/lib/python3.12/site-packages:/home/andre/ros2_ws/src/install/moveit_configs_utils/lib/python3.12/site-packages:${PYTHONPATH} /usr/bin/cmake --install /home/andre/ros2_ws/src/build/moveit_ros_robot_interaction
[97.527s] -- Install configuration: "Release"
[97.528s] -- Installing: /home/andre/ros2_ws/src/install/moveit_ros_robot_interaction/lib/libmoveit_robot_interaction.so.2.14.1
[97.528s] -- Set non-toolchain portion of runtime path of "/home/andre/ros2_ws/src/install/moveit_ros_robot_interaction/lib/libmoveit_robot_interaction.so.2.14.1" to ""
[97.528s] -- Installing: /home/andre/ros2_ws/src/install/moveit_ros_robot_interaction/lib/libmoveit_robot_interaction.so
[97.528s] -- Installing: /home/andre/ros2_ws/src/install/moveit_ros_robot_interaction/include/moveit_ros_robot_interaction
[97.528s] -- Installing: /home/andre/ros2_ws/src/install/moveit_ros_robot_interaction/include/moveit_ros_robot_interaction/moveit
[97.528s] -- Installing: /home/andre/ros2_ws/src/install/moveit_ros_robot_interaction/include/moveit_ros_robot_interaction/moveit/robot_interaction
[97.529s] -- Installing: /home/andre/ros2_ws/src/install/moveit_ros_robot_interaction/include/moveit_ros_robot_interaction/moveit/robot_interaction/robot_interaction.hpp
[97.529s] -- Installing: /home/andre/ros2_ws/src/install/moveit_ros_robot_interaction/include/moveit_ros_robot_interaction/moveit/robot_interaction/kinematic_options.hpp
[97.529s] -- Installing: /home/andre/ros2_ws/src/install/moveit_ros_robot_interaction/include/moveit_ros_robot_interaction/moveit/robot_interaction/robot_interaction.h
[97.530s] -- Installing: /home/andre/ros2_ws/src/install/moveit_ros_robot_interaction/include/moveit_ros_robot_interaction/moveit/robot_interaction/kinematic_options_map.h
[97.530s] -- Installing: /home/andre/ros2_ws/src/install/moveit_ros_robot_interaction/include/moveit_ros_robot_interaction/moveit/robot_interaction/locked_robot_state.hpp
[97.531s] -- Installing: /home/andre/ros2_ws/src/install/moveit_ros_robot_interaction/include/moveit_ros_robot_interaction/moveit/robot_interaction/interactive_marker_helpers.h
[97.531s] -- Installing: /home/andre/ros2_ws/src/install/moveit_ros_robot_interaction/include/moveit_ros_robot_interaction/moveit/robot_interaction/interaction_handler.hpp
[97.531s] -- Installing: /home/andre/ros2_ws/src/install/moveit_ros_robot_interaction/include/moveit_ros_robot_interaction/moveit/robot_interaction/interaction.h
[97.531s] -- Installing: /home/andre/ros2_ws/src/install/moveit_ros_robot_interaction/include/moveit_ros_robot_interaction/moveit/robot_interaction/locked_robot_state.h
[97.531s] -- Installing: /home/andre/ros2_ws/src/install/moveit_ros_robot_interaction/include/moveit_ros_robot_interaction/moveit/robot_interaction/kinematic_options_map.hpp
[97.532s] -- Installing: /home/andre/ros2_ws/src/install/moveit_ros_robot_interaction/include/moveit_ros_robot_interaction/moveit/robot_interaction/kinematic_options.h
[97.532s] -- Installing: /home/andre/ros2_ws/src/install/moveit_ros_robot_interaction/include/moveit_ros_robot_interaction/moveit/robot_interaction/interaction_handler.h
[97.532s] -- Installing: /home/andre/ros2_ws/src/install/moveit_ros_robot_interaction/include/moveit_ros_robot_interaction/moveit/robot_interaction/interactive_marker_helpers.hpp
[97.533s] -- Installing: /home/andre/ros2_ws/src/install/moveit_ros_robot_interaction/include/moveit_ros_robot_interaction/moveit/robot_interaction/interaction.hpp
[97.533s] -- Installing: /home/andre/ros2_ws/src/install/moveit_ros_robot_interaction/include/moveit_ros_robot_interaction/moveit_robot_interaction_export.h
[97.534s] -- Installing: /home/andre/ros2_ws/src/install/moveit_ros_robot_interaction/share/moveit_ros_robot_interaction/resources
[97.534s] -- Installing: /home/andre/ros2_ws/src/install/moveit_ros_robot_interaction/share/moveit_ros_robot_interaction/resources/access-denied.stl
[97.534s] -- Installing: /home/andre/ros2_ws/src/install/moveit_ros_robot_interaction/share/moveit_ros_robot_interaction/resources/access-denied.dae
[97.535s] -- Installing: /home/andre/ros2_ws/src/install/moveit_ros_robot_interaction/share/moveit_ros_robot_interaction/environment/library_path.sh
[97.535s] -- Installing: /home/andre/ros2_ws/src/install/moveit_ros_robot_interaction/share/moveit_ros_robot_interaction/environment/library_path.dsv
[97.536s] -- Installing: /home/andre/ros2_ws/src/install/moveit_ros_robot_interaction/share/ament_index/resource_index/package_run_dependencies/moveit_ros_robot_interaction
[97.536s] -- Installing: /home/andre/ros2_ws/src/install/moveit_ros_robot_interaction/share/ament_index/resource_index/parent_prefix_path/moveit_ros_robot_interaction
[97.537s] -- Installing: /home/andre/ros2_ws/src/install/moveit_ros_robot_interaction/share/moveit_ros_robot_interaction/environment/ament_prefix_path.sh
[97.537s] -- Installing: /home/andre/ros2_ws/src/install/moveit_ros_robot_interaction/share/moveit_ros_robot_interaction/environment/ament_prefix_path.dsv
[97.538s] -- Installing: /home/andre/ros2_ws/src/install/moveit_ros_robot_interaction/share/moveit_ros_robot_interaction/environment/path.sh
[97.538s] -- Installing: /home/andre/ros2_ws/src/install/moveit_ros_robot_interaction/share/moveit_ros_robot_interaction/environment/path.dsv
[97.539s] -- Installing: /home/andre/ros2_ws/src/install/moveit_ros_robot_interaction/share/moveit_ros_robot_interaction/local_setup.bash
[97.539s] -- Installing: /home/andre/ros2_ws/src/install/moveit_ros_robot_interaction/share/moveit_ros_robot_interaction/local_setup.sh
[97.539s] -- Installing: /home/andre/ros2_ws/src/install/moveit_ros_robot_interaction/share/moveit_ros_robot_interaction/local_setup.zsh
[97.540s] -- Installing: /home/andre/ros2_ws/src/install/moveit_ros_robot_interaction/share/moveit_ros_robot_interaction/local_setup.dsv
[97.540s] -- Installing: /home/andre/ros2_ws/src/install/moveit_ros_robot_interaction/share/moveit_ros_robot_interaction/package.dsv
[97.540s] -- Installing: /home/andre/ros2_ws/src/install/moveit_ros_robot_interaction/share/ament_index/resource_index/packages/moveit_ros_robot_interaction
[97.541s] -- Installing: /home/andre/ros2_ws/src/install/moveit_ros_robot_interaction/share/moveit_ros_robot_interaction/cmake/moveit_ros_robot_interactionTargetsExport.cmake
[97.541s] -- Installing: /home/andre/ros2_ws/src/install/moveit_ros_robot_interaction/share/moveit_ros_robot_interaction/cmake/moveit_ros_robot_interactionTargetsExport-release.cmake
[97.542s] -- Installing: /home/andre/ros2_ws/src/install/moveit_ros_robot_interaction/share/moveit_ros_robot_interaction/cmake/ament_cmake_export_targets-extras.cmake
[97.542s] -- Installing: /home/andre/ros2_ws/src/install/moveit_ros_robot_interaction/share/moveit_ros_robot_interaction/cmake/ament_cmake_export_dependencies-extras.cmake
[97.542s] -- Installing: /home/andre/ros2_ws/src/install/moveit_ros_robot_interaction/share/moveit_ros_robot_interaction/cmake/moveit_ros_robot_interactionConfig.cmake
[97.543s] -- Installing: /home/andre/ros2_ws/src/install/moveit_ros_robot_interaction/share/moveit_ros_robot_interaction/cmake/moveit_ros_robot_interactionConfig-version.cmake
[97.543s] -- Installing: /home/andre/ros2_ws/src/install/moveit_ros_robot_interaction/share/moveit_ros_robot_interaction/package.xml
[97.548s] Invoked command in '/home/andre/ros2_ws/src/build/moveit_ros_robot_interaction' returned '0': AMENT_PREFIX_PATH=/home/andre/ros2_ws/src/install/moveit_ros_planning:/home/andre/ros2_ws/src/install/moveit_ros_occupancy_map_monitor:/home/andre/ros2_ws/src/install/moveit_core:/home/andre/ros2_ws/src/install/moveit_resources_panda_moveit_config:/home/andre/ros2_ws/src/install/moveit_resources_pr2_description:/home/andre/ros2_ws/src/install/moveit_resources_panda_description:/home/andre/ros2_ws/src/install/moveit_msgs:/home/andre/ros2_ws/src/install/moveit_configs_utils:/home/andre/ros2_ws/src/install/moveit_common:${AMENT_PREFIX_PATH} CMAKE_PREFIX_PATH=/home/andre/ros2_ws/src/install/moveit_ros_planning:/home/andre/ros2_ws/src/install/moveit_ros_occupancy_map_monitor:/home/andre/ros2_ws/src/install/moveit_core:/home/andre/ros2_ws/src/install/moveit_resources_panda_moveit_config:/home/andre/ros2_ws/src/install/moveit_resources_pr2_description:/home/andre/ros2_ws/src/install/moveit_resources_panda_description:/home/andre/ros2_ws/src/install/moveit_msgs:/home/andre/ros2_ws/src/install/moveit_common:/home/andre/ros2_ws/install:/opt/ros/jazzy/opt/gz_sim_vendor:/opt/ros/jazzy/opt/gz_sensors_vendor:/opt/ros/jazzy/opt/gz_physics_vendor:/opt/ros/jazzy/opt/sdformat_vendor:/opt/ros/jazzy/opt/gz_gui_vendor:/opt/ros/jazzy/opt/gz_transport_vendor:/opt/ros/jazzy/opt/gz_rendering_vendor:/opt/ros/jazzy/opt/gz_plugin_vendor:/opt/ros/jazzy/opt/gz_fuel_tools_vendor:/opt/ros/jazzy/opt/gz_msgs_vendor:/opt/ros/jazzy/opt/gz_common_vendor:/opt/ros/jazzy/opt/gz_math_vendor:/opt/ros/jazzy/opt/gz_utils_vendor:/opt/ros/jazzy/opt/gz_tools_vendor:/opt/ros/jazzy/opt/gz_ogre_next_vendor:/opt/ros/jazzy/opt/gz_dartsim_vendor:/opt/ros/jazzy/opt/gz_cmake_vendor:/opt/ros/jazzy DEBUGINFOD_URLS=https://debuginfod.ubuntu.com LD_LIBRARY_PATH=/home/andre/ros2_ws/src/install/moveit_ros_planning/lib:/home/andre/ros2_ws/src/install/moveit_ros_occupancy_map_monitor/lib:/home/andre/ros2_ws/src/install/moveit_core/lib:/home/andre/ros2_ws/src/install/moveit_msgs/lib:${LD_LIBRARY_PATH} PATH=/home/andre/ros2_ws/src/install/moveit_core/bin:${PATH} PYTHONPATH=/home/andre/ros2_ws/src/install/moveit_msgs/lib/python3.12/site-packages:/home/andre/ros2_ws/src/install/moveit_configs_utils/lib/python3.12/site-packages:${PYTHONPATH} /usr/bin/cmake --install /home/andre/ros2_ws/src/build/moveit_ros_robot_interaction
