[0.134s] DEBUG:colcon:Command line arguments: ['/usr/bin/colcon', 'build', '--packages-select', 'mqtt_imu']
[0.134s] DEBUG:colcon:Parsed command line arguments: Namespace(log_base=None, log_level=None, verb_name='build', build_base='build', install_base='install', merge_install=False, symlink_install=False, test_result_base=None, continue_on_error=False, executor='parallel', parallel_workers=4, event_handlers=None, ignore_user_meta=False, metas=['./colcon.meta'], base_paths=['.'], packages_ignore=None, packages_ignore_regex=None, paths=None, packages_up_to=None, packages_up_to_regex=None, packages_above=None, packages_above_and_dependencies=None, packages_above_depth=None, packages_select_by_dep=None, packages_skip_by_dep=None, packages_skip_up_to=None, packages_select_build_failed=False, packages_skip_build_finished=False, packages_select_test_failures=False, packages_skip_test_passed=False, packages_select=['mqtt_imu'], packages_skip=None, packages_select_regex=None, packages_skip_regex=None, packages_start=None, packages_end=None, allow_overriding=[], cmake_args=None, cmake_target=None, cmake_target_skip_unavailable=False, cmake_clean_cache=False, cmake_clean_first=False, cmake_force_configure=False, ament_cmake_args=None, catkin_cmake_args=None, catkin_skip_building_tests=False, mixin_files=None, mixin=None, verb_parser=<colcon_mixin.mixin.mixin_argument.MixinArgumentDecorator object at 0x7dc5fdeebce0>, verb_extension=<colcon_core.verb.build.BuildVerb object at 0x7dc5fdeeb8f0>, main=<bound method BuildVerb.main of <colcon_core.verb.build.BuildVerb object at 0x7dc5fdeeb8f0>>, mixin_verb=('build',))
[0.179s] Level 1:colcon.colcon_core.package_discovery:discover_packages(colcon_meta) check parameters
[0.179s] Level 1:colcon.colcon_core.package_discovery:discover_packages(recursive) check parameters
[0.179s] Level 1:colcon.colcon_core.package_discovery:discover_packages(ignore) check parameters
[0.179s] Level 1:colcon.colcon_core.package_discovery:discover_packages(path) check parameters
[0.179s] Level 1:colcon.colcon_core.package_discovery:discover_packages(colcon_meta) discover
[0.179s] Level 1:colcon.colcon_core.package_discovery:discover_packages(recursive) discover
[0.179s] INFO:colcon.colcon_core.package_discovery:Crawling recursively for packages in '/home/andre/ros2_ws'
[0.179s] Level 1:colcon.colcon_core.package_identification:_identify(.) by extensions ['ignore', 'ignore_ament_install']
[0.179s] Level 1:colcon.colcon_core.package_identification:_identify(.) by extension 'ignore'
[0.179s] Level 1:colcon.colcon_core.package_identification:_identify(.) by extension 'ignore_ament_install'
[0.180s] Level 1:colcon.colcon_core.package_identification:_identify(.) by extensions ['colcon_pkg']
[0.180s] Level 1:colcon.colcon_core.package_identification:_identify(.) by extension 'colcon_pkg'
[0.180s] Level 1:colcon.colcon_core.package_identification:_identify(.) by extensions ['colcon_meta']
[0.180s] Level 1:colcon.colcon_core.package_identification:_identify(.) by extension 'colcon_meta'
[0.180s] Level 1:colcon.colcon_core.package_identification:_identify(.) by extensions ['ros']
[0.180s] Level 1:colcon.colcon_core.package_identification:_identify(.) by extension 'ros'
[0.208s] Level 1:colcon.colcon_core.package_identification:_identify(.) by extensions ['cmake', 'python']
[0.208s] Level 1:colcon.colcon_core.package_identification:_identify(.) by extension 'cmake'
[0.208s] Level 1:colcon.colcon_core.package_identification:_identify(.) by extension 'python'
[0.208s] Level 1:colcon.colcon_core.package_identification:_identify(.) by extensions ['python_setup_py']
[0.208s] Level 1:colcon.colcon_core.package_identification:_identify(.) by extension 'python_setup_py'
[0.209s] Level 1:colcon.colcon_core.package_identification:_identify(build) by extensions ['ignore', 'ignore_ament_install']
[0.209s] Level 1:colcon.colcon_core.package_identification:_identify(build) by extension 'ignore'
[0.209s] Level 1:colcon.colcon_core.package_identification:_identify(build) ignored
[0.209s] Level 1:colcon.colcon_core.package_identification:_identify(install) by extensions ['ignore', 'ignore_ament_install']
[0.209s] Level 1:colcon.colcon_core.package_identification:_identify(install) by extension 'ignore'
[0.209s] Level 1:colcon.colcon_core.package_identification:_identify(install) ignored
[0.209s] Level 1:colcon.colcon_core.package_identification:_identify(log) by extensions ['ignore', 'ignore_ament_install']
[0.209s] Level 1:colcon.colcon_core.package_identification:_identify(log) by extension 'ignore'
[0.209s] Level 1:colcon.colcon_core.package_identification:_identify(log) ignored
[0.209s] Level 1:colcon.colcon_core.package_identification:_identify(src) by extensions ['ignore', 'ignore_ament_install']
[0.210s] Level 1:colcon.colcon_core.package_identification:_identify(src) by extension 'ignore'
[0.210s] Level 1:colcon.colcon_core.package_identification:_identify(src) by extension 'ignore_ament_install'
[0.210s] Level 1:colcon.colcon_core.package_identification:_identify(src) by extensions ['colcon_pkg']
[0.210s] Level 1:colcon.colcon_core.package_identification:_identify(src) by extension 'colcon_pkg'
[0.210s] Level 1:colcon.colcon_core.package_identification:_identify(src) by extensions ['colcon_meta']
[0.210s] Level 1:colcon.colcon_core.package_identification:_identify(src) by extension 'colcon_meta'
[0.210s] Level 1:colcon.colcon_core.package_identification:_identify(src) by extensions ['ros']
[0.210s] Level 1:colcon.colcon_core.package_identification:_identify(src) by extension 'ros'
[0.210s] Level 1:colcon.colcon_core.package_identification:_identify(src) by extensions ['cmake', 'python']
[0.210s] Level 1:colcon.colcon_core.package_identification:_identify(src) by extension 'cmake'
[0.210s] Level 1:colcon.colcon_core.package_identification:_identify(src) by extension 'python'
[0.210s] Level 1:colcon.colcon_core.package_identification:_identify(src) by extensions ['python_setup_py']
[0.210s] Level 1:colcon.colcon_core.package_identification:_identify(src) by extension 'python_setup_py'
[0.210s] Level 1:colcon.colcon_core.package_identification:_identify(src/bringup) by extensions ['ignore', 'ignore_ament_install']
[0.210s] Level 1:colcon.colcon_core.package_identification:_identify(src/bringup) by extension 'ignore'
[0.211s] Level 1:colcon.colcon_core.package_identification:_identify(src/bringup) by extension 'ignore_ament_install'
[0.211s] Level 1:colcon.colcon_core.package_identification:_identify(src/bringup) by extensions ['colcon_pkg']
[0.211s] Level 1:colcon.colcon_core.package_identification:_identify(src/bringup) by extension 'colcon_pkg'
[0.211s] Level 1:colcon.colcon_core.package_identification:_identify(src/bringup) by extensions ['colcon_meta']
[0.211s] Level 1:colcon.colcon_core.package_identification:_identify(src/bringup) by extension 'colcon_meta'
[0.211s] Level 1:colcon.colcon_core.package_identification:_identify(src/bringup) by extensions ['ros']
[0.211s] Level 1:colcon.colcon_core.package_identification:_identify(src/bringup) by extension 'ros'
[0.211s] Level 1:colcon.colcon_core.package_identification:_identify(src/bringup) by extensions ['cmake', 'python']
[0.211s] Level 1:colcon.colcon_core.package_identification:_identify(src/bringup) by extension 'cmake'
[0.211s] Level 1:colcon.colcon_core.package_identification:_identify(src/bringup) by extension 'python'
[0.211s] Level 1:colcon.colcon_core.package_identification:_identify(src/bringup) by extensions ['python_setup_py']
[0.211s] Level 1:colcon.colcon_core.package_identification:_identify(src/bringup) by extension 'python_setup_py'
[0.211s] Level 1:colcon.colcon_core.package_identification:_identify(src/bringup/arm_bringup) by extensions ['ignore', 'ignore_ament_install']
[0.211s] Level 1:colcon.colcon_core.package_identification:_identify(src/bringup/arm_bringup) by extension 'ignore'
[0.211s] Level 1:colcon.colcon_core.package_identification:_identify(src/bringup/arm_bringup) by extension 'ignore_ament_install'
[0.211s] Level 1:colcon.colcon_core.package_identification:_identify(src/bringup/arm_bringup) by extensions ['colcon_pkg']
[0.212s] Level 1:colcon.colcon_core.package_identification:_identify(src/bringup/arm_bringup) by extension 'colcon_pkg'
[0.212s] Level 1:colcon.colcon_core.package_identification:_identify(src/bringup/arm_bringup) by extensions ['colcon_meta']
[0.212s] Level 1:colcon.colcon_core.package_identification:_identify(src/bringup/arm_bringup) by extension 'colcon_meta'
[0.212s] Level 1:colcon.colcon_core.package_identification:_identify(src/bringup/arm_bringup) by extensions ['ros']
[0.212s] Level 1:colcon.colcon_core.package_identification:_identify(src/bringup/arm_bringup) by extension 'ros'
[0.214s] DEBUG:colcon.colcon_core.package_identification:Package 'src/bringup/arm_bringup' with type 'ros.ament_cmake' and name 'arm_bringup'
[0.215s] Level 1:colcon.colcon_core.package_identification:_identify(src/build) by extensions ['ignore', 'ignore_ament_install']
[0.215s] Level 1:colcon.colcon_core.package_identification:_identify(src/build) by extension 'ignore'
[0.215s] Level 1:colcon.colcon_core.package_identification:_identify(src/build) ignored
[0.215s] Level 1:colcon.colcon_core.package_identification:_identify(src/external) by extensions ['ignore', 'ignore_ament_install']
[0.215s] Level 1:colcon.colcon_core.package_identification:_identify(src/external) by extension 'ignore'
[0.215s] Level 1:colcon.colcon_core.package_identification:_identify(src/external) by extension 'ignore_ament_install'
[0.215s] Level 1:colcon.colcon_core.package_identification:_identify(src/external) by extensions ['colcon_pkg']
[0.215s] Level 1:colcon.colcon_core.package_identification:_identify(src/external) by extension 'colcon_pkg'
[0.215s] Level 1:colcon.colcon_core.package_identification:_identify(src/external) by extensions ['colcon_meta']
[0.215s] Level 1:colcon.colcon_core.package_identification:_identify(src/external) by extension 'colcon_meta'
[0.215s] Level 1:colcon.colcon_core.package_identification:_identify(src/external) by extensions ['ros']
[0.215s] Level 1:colcon.colcon_core.package_identification:_identify(src/external) by extension 'ros'
[0.215s] Level 1:colcon.colcon_core.package_identification:_identify(src/external) by extensions ['cmake', 'python']
[0.215s] Level 1:colcon.colcon_core.package_identification:_identify(src/external) by extension 'cmake'
[0.215s] Level 1:colcon.colcon_core.package_identification:_identify(src/external) by extension 'python'
[0.215s] Level 1:colcon.colcon_core.package_identification:_identify(src/external) by extensions ['python_setup_py']
[0.215s] Level 1:colcon.colcon_core.package_identification:_identify(src/external) by extension 'python_setup_py'
[0.216s] Level 1:colcon.colcon_core.package_identification:_identify(src/external/realsense-ros) by extensions ['ignore', 'ignore_ament_install']
[0.216s] Level 1:colcon.colcon_core.package_identification:_identify(src/external/realsense-ros) by extension 'ignore'
[0.216s] Level 1:colcon.colcon_core.package_identification:_identify(src/external/realsense-ros) by extension 'ignore_ament_install'
[0.216s] Level 1:colcon.colcon_core.package_identification:_identify(src/external/realsense-ros) by extensions ['colcon_pkg']
[0.216s] Level 1:colcon.colcon_core.package_identification:_identify(src/external/realsense-ros) by extension 'colcon_pkg'
[0.216s] Level 1:colcon.colcon_core.package_identification:_identify(src/external/realsense-ros) by extensions ['colcon_meta']
[0.216s] Level 1:colcon.colcon_core.package_identification:_identify(src/external/realsense-ros) by extension 'colcon_meta'
[0.216s] Level 1:colcon.colcon_core.package_identification:_identify(src/external/realsense-ros) by extensions ['ros']
[0.216s] Level 1:colcon.colcon_core.package_identification:_identify(src/external/realsense-ros) by extension 'ros'
[0.216s] Level 1:colcon.colcon_core.package_identification:_identify(src/external/realsense-ros) by extensions ['cmake', 'python']
[0.216s] Level 1:colcon.colcon_core.package_identification:_identify(src/external/realsense-ros) by extension 'cmake'
[0.216s] Level 1:colcon.colcon_core.package_identification:_identify(src/external/realsense-ros) by extension 'python'
[0.216s] Level 1:colcon.colcon_core.package_identification:_identify(src/external/realsense-ros) by extensions ['python_setup_py']
[0.216s] Level 1:colcon.colcon_core.package_identification:_identify(src/external/realsense-ros) by extension 'python_setup_py'
[0.216s] Level 1:colcon.colcon_core.package_identification:_identify(src/external/ros_gz) by extensions ['ignore', 'ignore_ament_install']
[0.216s] Level 1:colcon.colcon_core.package_identification:_identify(src/external/ros_gz) by extension 'ignore'
[0.216s] Level 1:colcon.colcon_core.package_identification:_identify(src/external/ros_gz) by extension 'ignore_ament_install'
[0.217s] Level 1:colcon.colcon_core.package_identification:_identify(src/external/ros_gz) by extensions ['colcon_pkg']
[0.217s] Level 1:colcon.colcon_core.package_identification:_identify(src/external/ros_gz) by extension 'colcon_pkg'
[0.217s] Level 1:colcon.colcon_core.package_identification:_identify(src/external/ros_gz) by extensions ['colcon_meta']
[0.217s] Level 1:colcon.colcon_core.package_identification:_identify(src/external/ros_gz) by extension 'colcon_meta'
[0.217s] Level 1:colcon.colcon_core.package_identification:_identify(src/external/ros_gz) by extensions ['ros']
[0.217s] Level 1:colcon.colcon_core.package_identification:_identify(src/external/ros_gz) by extension 'ros'
[0.217s] Level 1:colcon.colcon_core.package_identification:_identify(src/external/ros_gz) by extensions ['cmake', 'python']
[0.217s] Level 1:colcon.colcon_core.package_identification:_identify(src/external/ros_gz) by extension 'cmake'
[0.217s] Level 1:colcon.colcon_core.package_identification:_identify(src/external/ros_gz) by extension 'python'
[0.217s] Level 1:colcon.colcon_core.package_identification:_identify(src/external/ros_gz) by extensions ['python_setup_py']
[0.217s] Level 1:colcon.colcon_core.package_identification:_identify(src/external/ros_gz) by extension 'python_setup_py'
[0.217s] Level 1:colcon.colcon_core.package_identification:_identify(src/external/ros_gz/img) by extensions ['ignore', 'ignore_ament_install']
[0.217s] Level 1:colcon.colcon_core.package_identification:_identify(src/external/ros_gz/img) by extension 'ignore'
[0.217s] Level 1:colcon.colcon_core.package_identification:_identify(src/external/ros_gz/img) by extension 'ignore_ament_install'
[0.217s] Level 1:colcon.colcon_core.package_identification:_identify(src/external/ros_gz/img) by extensions ['colcon_pkg']
[0.217s] Level 1:colcon.colcon_core.package_identification:_identify(src/external/ros_gz/img) by extension 'colcon_pkg'
[0.217s] Level 1:colcon.colcon_core.package_identification:_identify(src/external/ros_gz/img) by extensions ['colcon_meta']
[0.217s] Level 1:colcon.colcon_core.package_identification:_identify(src/external/ros_gz/img) by extension 'colcon_meta'
[0.217s] Level 1:colcon.colcon_core.package_identification:_identify(src/external/ros_gz/img) by extensions ['ros']
[0.217s] Level 1:colcon.colcon_core.package_identification:_identify(src/external/ros_gz/img) by extension 'ros'
[0.218s] Level 1:colcon.colcon_core.package_identification:_identify(src/external/ros_gz/img) by extensions ['cmake', 'python']
[0.218s] Level 1:colcon.colcon_core.package_identification:_identify(src/external/ros_gz/img) by extension 'cmake'
[0.218s] Level 1:colcon.colcon_core.package_identification:_identify(src/external/ros_gz/img) by extension 'python'
[0.218s] Level 1:colcon.colcon_core.package_identification:_identify(src/external/ros_gz/img) by extensions ['python_setup_py']
[0.218s] Level 1:colcon.colcon_core.package_identification:_identify(src/external/ros_gz/img) by extension 'python_setup_py'
[0.218s] Level 1:colcon.colcon_core.package_identification:_identify(src/external/ros_gz/ros_gz) by extensions ['ignore', 'ignore_ament_install']
[0.218s] Level 1:colcon.colcon_core.package_identification:_identify(src/external/ros_gz/ros_gz) by extension 'ignore'
[0.218s] Level 1:colcon.colcon_core.package_identification:_identify(src/external/ros_gz/ros_gz) by extension 'ignore_ament_install'
[0.218s] Level 1:colcon.colcon_core.package_identification:_identify(src/external/ros_gz/ros_gz) by extensions ['colcon_pkg']
[0.218s] Level 1:colcon.colcon_core.package_identification:_identify(src/external/ros_gz/ros_gz) by extension 'colcon_pkg'
[0.218s] Level 1:colcon.colcon_core.package_identification:_identify(src/external/ros_gz/ros_gz) by extensions ['colcon_meta']
[0.218s] Level 1:colcon.colcon_core.package_identification:_identify(src/external/ros_gz/ros_gz) by extension 'colcon_meta'
[0.218s] Level 1:colcon.colcon_core.package_identification:_identify(src/external/ros_gz/ros_gz) by extensions ['ros']
[0.218s] Level 1:colcon.colcon_core.package_identification:_identify(src/external/ros_gz/ros_gz) by extension 'ros'
[0.219s] DEBUG:colcon.colcon_core.package_identification:Package 'src/external/ros_gz/ros_gz' with type 'ros.ament_cmake' and name 'ros_gz'
[0.219s] Level 1:colcon.colcon_core.package_identification:_identify(src/external/ros_gz/ros_gz_bridge) by extensions ['ignore', 'ignore_ament_install']
[0.219s] Level 1:colcon.colcon_core.package_identification:_identify(src/external/ros_gz/ros_gz_bridge) by extension 'ignore'
[0.219s] Level 1:colcon.colcon_core.package_identification:_identify(src/external/ros_gz/ros_gz_bridge) by extension 'ignore_ament_install'
[0.219s] Level 1:colcon.colcon_core.package_identification:_identify(src/external/ros_gz/ros_gz_bridge) by extensions ['colcon_pkg']
[0.219s] Level 1:colcon.colcon_core.package_identification:_identify(src/external/ros_gz/ros_gz_bridge) by extension 'colcon_pkg'
[0.219s] Level 1:colcon.colcon_core.package_identification:_identify(src/external/ros_gz/ros_gz_bridge) by extensions ['colcon_meta']
[0.219s] Level 1:colcon.colcon_core.package_identification:_identify(src/external/ros_gz/ros_gz_bridge) by extension 'colcon_meta'
[0.219s] Level 1:colcon.colcon_core.package_identification:_identify(src/external/ros_gz/ros_gz_bridge) by extensions ['ros']
[0.219s] Level 1:colcon.colcon_core.package_identification:_identify(src/external/ros_gz/ros_gz_bridge) by extension 'ros'
[0.221s] DEBUG:colcon.colcon_core.package_identification:Package 'src/external/ros_gz/ros_gz_bridge' with type 'ros.ament_cmake' and name 'ros_gz_bridge'
[0.221s] Level 1:colcon.colcon_core.package_identification:_identify(src/external/ros_gz/ros_gz_image) by extensions ['ignore', 'ignore_ament_install']
[0.221s] Level 1:colcon.colcon_core.package_identification:_identify(src/external/ros_gz/ros_gz_image) by extension 'ignore'
[0.222s] Level 1:colcon.colcon_core.package_identification:_identify(src/external/ros_gz/ros_gz_image) by extension 'ignore_ament_install'
[0.222s] Level 1:colcon.colcon_core.package_identification:_identify(src/external/ros_gz/ros_gz_image) by extensions ['colcon_pkg']
[0.222s] Level 1:colcon.colcon_core.package_identification:_identify(src/external/ros_gz/ros_gz_image) by extension 'colcon_pkg'
[0.222s] Level 1:colcon.colcon_core.package_identification:_identify(src/external/ros_gz/ros_gz_image) by extensions ['colcon_meta']
[0.222s] Level 1:colcon.colcon_core.package_identification:_identify(src/external/ros_gz/ros_gz_image) by extension 'colcon_meta'
[0.222s] Level 1:colcon.colcon_core.package_identification:_identify(src/external/ros_gz/ros_gz_image) by extensions ['ros']
[0.222s] Level 1:colcon.colcon_core.package_identification:_identify(src/external/ros_gz/ros_gz_image) by extension 'ros'
[0.223s] DEBUG:colcon.colcon_core.package_identification:Package 'src/external/ros_gz/ros_gz_image' with type 'ros.ament_cmake' and name 'ros_gz_image'
[0.223s] Level 1:colcon.colcon_core.package_identification:_identify(src/external/ros_gz/ros_gz_interfaces) by extensions ['ignore', 'ignore_ament_install']
[0.223s] Level 1:colcon.colcon_core.package_identification:_identify(src/external/ros_gz/ros_gz_interfaces) by extension 'ignore'
[0.223s] Level 1:colcon.colcon_core.package_identification:_identify(src/external/ros_gz/ros_gz_interfaces) by extension 'ignore_ament_install'
[0.223s] Level 1:colcon.colcon_core.package_identification:_identify(src/external/ros_gz/ros_gz_interfaces) by extensions ['colcon_pkg']
[0.223s] Level 1:colcon.colcon_core.package_identification:_identify(src/external/ros_gz/ros_gz_interfaces) by extension 'colcon_pkg'
[0.223s] Level 1:colcon.colcon_core.package_identification:_identify(src/external/ros_gz/ros_gz_interfaces) by extensions ['colcon_meta']
[0.223s] Level 1:colcon.colcon_core.package_identification:_identify(src/external/ros_gz/ros_gz_interfaces) by extension 'colcon_meta'
[0.223s] Level 1:colcon.colcon_core.package_identification:_identify(src/external/ros_gz/ros_gz_interfaces) by extensions ['ros']
[0.223s] Level 1:colcon.colcon_core.package_identification:_identify(src/external/ros_gz/ros_gz_interfaces) by extension 'ros'
[0.224s] DEBUG:colcon.colcon_core.package_identification:Package 'src/external/ros_gz/ros_gz_interfaces' with type 'ros.ament_cmake' and name 'ros_gz_interfaces'
[0.224s] Level 1:colcon.colcon_core.package_identification:_identify(src/external/ros_gz/ros_gz_point_cloud) by extensions ['ignore', 'ignore_ament_install']
[0.224s] Level 1:colcon.colcon_core.package_identification:_identify(src/external/ros_gz/ros_gz_point_cloud) by extension 'ignore'
[0.224s] Level 1:colcon.colcon_core.package_identification:_identify(src/external/ros_gz/ros_gz_point_cloud) ignored
[0.224s] Level 1:colcon.colcon_core.package_identification:_identify(src/external/ros_gz/ros_gz_sim) by extensions ['ignore', 'ignore_ament_install']
[0.224s] Level 1:colcon.colcon_core.package_identification:_identify(src/external/ros_gz/ros_gz_sim) by extension 'ignore'
[0.225s] Level 1:colcon.colcon_core.package_identification:_identify(src/external/ros_gz/ros_gz_sim) by extension 'ignore_ament_install'
[0.225s] Level 1:colcon.colcon_core.package_identification:_identify(src/external/ros_gz/ros_gz_sim) by extensions ['colcon_pkg']
[0.225s] Level 1:colcon.colcon_core.package_identification:_identify(src/external/ros_gz/ros_gz_sim) by extension 'colcon_pkg'
[0.225s] Level 1:colcon.colcon_core.package_identification:_identify(src/external/ros_gz/ros_gz_sim) by extensions ['colcon_meta']
[0.225s] Level 1:colcon.colcon_core.package_identification:_identify(src/external/ros_gz/ros_gz_sim) by extension 'colcon_meta'
[0.225s] Level 1:colcon.colcon_core.package_identification:_identify(src/external/ros_gz/ros_gz_sim) by extensions ['ros']
[0.225s] Level 1:colcon.colcon_core.package_identification:_identify(src/external/ros_gz/ros_gz_sim) by extension 'ros'
[0.227s] DEBUG:colcon.colcon_core.package_identification:Package 'src/external/ros_gz/ros_gz_sim' with type 'ros.ament_cmake' and name 'ros_gz_sim'
[0.227s] Level 1:colcon.colcon_core.package_identification:_identify(src/external/ros_gz/ros_gz_sim_demos) by extensions ['ignore', 'ignore_ament_install']
[0.227s] Level 1:colcon.colcon_core.package_identification:_identify(src/external/ros_gz/ros_gz_sim_demos) by extension 'ignore'
[0.227s] Level 1:colcon.colcon_core.package_identification:_identify(src/external/ros_gz/ros_gz_sim_demos) by extension 'ignore_ament_install'
[0.227s] Level 1:colcon.colcon_core.package_identification:_identify(src/external/ros_gz/ros_gz_sim_demos) by extensions ['colcon_pkg']
[0.227s] Level 1:colcon.colcon_core.package_identification:_identify(src/external/ros_gz/ros_gz_sim_demos) by extension 'colcon_pkg'
[0.227s] Level 1:colcon.colcon_core.package_identification:_identify(src/external/ros_gz/ros_gz_sim_demos) by extensions ['colcon_meta']
[0.227s] Level 1:colcon.colcon_core.package_identification:_identify(src/external/ros_gz/ros_gz_sim_demos) by extension 'colcon_meta'
[0.228s] Level 1:colcon.colcon_core.package_identification:_identify(src/external/ros_gz/ros_gz_sim_demos) by extensions ['ros']
[0.228s] Level 1:colcon.colcon_core.package_identification:_identify(src/external/ros_gz/ros_gz_sim_demos) by extension 'ros'
[0.228s] DEBUG:colcon.colcon_core.package_identification:Package 'src/external/ros_gz/ros_gz_sim_demos' with type 'ros.ament_cmake' and name 'ros_gz_sim_demos'
[0.228s] Level 1:colcon.colcon_core.package_identification:_identify(src/external/ros_gz/test_ros_gz_bridge) by extensions ['ignore', 'ignore_ament_install']
[0.228s] Level 1:colcon.colcon_core.package_identification:_identify(src/external/ros_gz/test_ros_gz_bridge) by extension 'ignore'
[0.229s] Level 1:colcon.colcon_core.package_identification:_identify(src/external/ros_gz/test_ros_gz_bridge) by extension 'ignore_ament_install'
[0.229s] Level 1:colcon.colcon_core.package_identification:_identify(src/external/ros_gz/test_ros_gz_bridge) by extensions ['colcon_pkg']
[0.229s] Level 1:colcon.colcon_core.package_identification:_identify(src/external/ros_gz/test_ros_gz_bridge) by extension 'colcon_pkg'
[0.229s] Level 1:colcon.colcon_core.package_identification:_identify(src/external/ros_gz/test_ros_gz_bridge) by extensions ['colcon_meta']
[0.229s] Level 1:colcon.colcon_core.package_identification:_identify(src/external/ros_gz/test_ros_gz_bridge) by extension 'colcon_meta'
[0.229s] Level 1:colcon.colcon_core.package_identification:_identify(src/external/ros_gz/test_ros_gz_bridge) by extensions ['ros']
[0.229s] Level 1:colcon.colcon_core.package_identification:_identify(src/external/ros_gz/test_ros_gz_bridge) by extension 'ros'
[0.229s] DEBUG:colcon.colcon_core.package_identification:Package 'src/external/ros_gz/test_ros_gz_bridge' with type 'ros.ament_cmake' and name 'test_ros_gz_bridge'
[0.229s] Level 1:colcon.colcon_core.package_identification:_identify(src/external/ros_gz/tools) by extensions ['ignore', 'ignore_ament_install']
[0.230s] Level 1:colcon.colcon_core.package_identification:_identify(src/external/ros_gz/tools) by extension 'ignore'
[0.230s] Level 1:colcon.colcon_core.package_identification:_identify(src/external/ros_gz/tools) by extension 'ignore_ament_install'
[0.230s] Level 1:colcon.colcon_core.package_identification:_identify(src/external/ros_gz/tools) by extensions ['colcon_pkg']
[0.230s] Level 1:colcon.colcon_core.package_identification:_identify(src/external/ros_gz/tools) by extension 'colcon_pkg'
[0.230s] Level 1:colcon.colcon_core.package_identification:_identify(src/external/ros_gz/tools) by extensions ['colcon_meta']
[0.230s] Level 1:colcon.colcon_core.package_identification:_identify(src/external/ros_gz/tools) by extension 'colcon_meta'
[0.230s] Level 1:colcon.colcon_core.package_identification:_identify(src/external/ros_gz/tools) by extensions ['ros']
[0.230s] Level 1:colcon.colcon_core.package_identification:_identify(src/external/ros_gz/tools) by extension 'ros'
[0.230s] Level 1:colcon.colcon_core.package_identification:_identify(src/external/ros_gz/tools) by extensions ['cmake', 'python']
[0.230s] Level 1:colcon.colcon_core.package_identification:_identify(src/external/ros_gz/tools) by extension 'cmake'
[0.230s] Level 1:colcon.colcon_core.package_identification:_identify(src/external/ros_gz/tools) by extension 'python'
[0.230s] Level 1:colcon.colcon_core.package_identification:_identify(src/external/ros_gz/tools) by extensions ['python_setup_py']
[0.230s] Level 1:colcon.colcon_core.package_identification:_identify(src/external/ros_gz/tools) by extension 'python_setup_py'
[0.230s] Level 1:colcon.colcon_core.package_identification:_identify(src/hardware) by extensions ['ignore', 'ignore_ament_install']
[0.230s] Level 1:colcon.colcon_core.package_identification:_identify(src/hardware) by extension 'ignore'
[0.230s] Level 1:colcon.colcon_core.package_identification:_identify(src/hardware) by extension 'ignore_ament_install'
[0.230s] Level 1:colcon.colcon_core.package_identification:_identify(src/hardware) by extensions ['colcon_pkg']
[0.231s] Level 1:colcon.colcon_core.package_identification:_identify(src/hardware) by extension 'colcon_pkg'
[0.231s] Level 1:colcon.colcon_core.package_identification:_identify(src/hardware) by extensions ['colcon_meta']
[0.231s] Level 1:colcon.colcon_core.package_identification:_identify(src/hardware) by extension 'colcon_meta'
[0.231s] Level 1:colcon.colcon_core.package_identification:_identify(src/hardware) by extensions ['ros']
[0.231s] Level 1:colcon.colcon_core.package_identification:_identify(src/hardware) by extension 'ros'
[0.231s] Level 1:colcon.colcon_core.package_identification:_identify(src/hardware) by extensions ['cmake', 'python']
[0.231s] Level 1:colcon.colcon_core.package_identification:_identify(src/hardware) by extension 'cmake'
[0.231s] Level 1:colcon.colcon_core.package_identification:_identify(src/hardware) by extension 'python'
[0.231s] Level 1:colcon.colcon_core.package_identification:_identify(src/hardware) by extensions ['python_setup_py']
[0.231s] Level 1:colcon.colcon_core.package_identification:_identify(src/hardware) by extension 'python_setup_py'
[0.231s] Level 1:colcon.colcon_core.package_identification:_identify(src/hardware/mqtt_imu) by extensions ['ignore', 'ignore_ament_install']
[0.231s] Level 1:colcon.colcon_core.package_identification:_identify(src/hardware/mqtt_imu) by extension 'ignore'
[0.231s] Level 1:colcon.colcon_core.package_identification:_identify(src/hardware/mqtt_imu) by extension 'ignore_ament_install'
[0.231s] Level 1:colcon.colcon_core.package_identification:_identify(src/hardware/mqtt_imu) by extensions ['colcon_pkg']
[0.231s] Level 1:colcon.colcon_core.package_identification:_identify(src/hardware/mqtt_imu) by extension 'colcon_pkg'
[0.231s] Level 1:colcon.colcon_core.package_identification:_identify(src/hardware/mqtt_imu) by extensions ['colcon_meta']
[0.231s] Level 1:colcon.colcon_core.package_identification:_identify(src/hardware/mqtt_imu) by extension 'colcon_meta'
[0.232s] Level 1:colcon.colcon_core.package_identification:_identify(src/hardware/mqtt_imu) by extensions ['ros']
[0.232s] Level 1:colcon.colcon_core.package_identification:_identify(src/hardware/mqtt_imu) by extension 'ros'
[0.232s] DEBUG:colcon.colcon_core.package_identification:Package 'src/hardware/mqtt_imu' with type 'ros.ament_python' and name 'mqtt_imu'
[0.232s] Level 1:colcon.colcon_core.package_identification:_identify(src/hardware/pose_printer) by extensions ['ignore', 'ignore_ament_install']
[0.232s] Level 1:colcon.colcon_core.package_identification:_identify(src/hardware/pose_printer) by extension 'ignore'
[0.232s] Level 1:colcon.colcon_core.package_identification:_identify(src/hardware/pose_printer) by extension 'ignore_ament_install'
[0.232s] Level 1:colcon.colcon_core.package_identification:_identify(src/hardware/pose_printer) by extensions ['colcon_pkg']
[0.233s] Level 1:colcon.colcon_core.package_identification:_identify(src/hardware/pose_printer) by extension 'colcon_pkg'
[0.233s] Level 1:colcon.colcon_core.package_identification:_identify(src/hardware/pose_printer) by extensions ['colcon_meta']
[0.233s] Level 1:colcon.colcon_core.package_identification:_identify(src/hardware/pose_printer) by extension 'colcon_meta'
[0.233s] Level 1:colcon.colcon_core.package_identification:_identify(src/hardware/pose_printer) by extensions ['ros']
[0.233s] Level 1:colcon.colcon_core.package_identification:_identify(src/hardware/pose_printer) by extension 'ros'
[0.234s] DEBUG:colcon.colcon_core.package_identification:Package 'src/hardware/pose_printer' with type 'ros.ament_python' and name 'pose_printer'
[0.234s] Level 1:colcon.colcon_core.package_identification:_identify(src/install) by extensions ['ignore', 'ignore_ament_install']
[0.234s] Level 1:colcon.colcon_core.package_identification:_identify(src/install) by extension 'ignore'
[0.234s] Level 1:colcon.colcon_core.package_identification:_identify(src/install) ignored
[0.234s] Level 1:colcon.colcon_core.package_identification:_identify(src/interfaces) by extensions ['ignore', 'ignore_ament_install']
[0.234s] Level 1:colcon.colcon_core.package_identification:_identify(src/interfaces) by extension 'ignore'
[0.234s] Level 1:colcon.colcon_core.package_identification:_identify(src/interfaces) by extension 'ignore_ament_install'
[0.234s] Level 1:colcon.colcon_core.package_identification:_identify(src/interfaces) by extensions ['colcon_pkg']
[0.234s] Level 1:colcon.colcon_core.package_identification:_identify(src/interfaces) by extension 'colcon_pkg'
[0.234s] Level 1:colcon.colcon_core.package_identification:_identify(src/interfaces) by extensions ['colcon_meta']
[0.234s] Level 1:colcon.colcon_core.package_identification:_identify(src/interfaces) by extension 'colcon_meta'
[0.234s] Level 1:colcon.colcon_core.package_identification:_identify(src/interfaces) by extensions ['ros']
[0.234s] Level 1:colcon.colcon_core.package_identification:_identify(src/interfaces) by extension 'ros'
[0.234s] Level 1:colcon.colcon_core.package_identification:_identify(src/interfaces) by extensions ['cmake', 'python']
[0.234s] Level 1:colcon.colcon_core.package_identification:_identify(src/interfaces) by extension 'cmake'
[0.234s] Level 1:colcon.colcon_core.package_identification:_identify(src/interfaces) by extension 'python'
[0.234s] Level 1:colcon.colcon_core.package_identification:_identify(src/interfaces) by extensions ['python_setup_py']
[0.235s] Level 1:colcon.colcon_core.package_identification:_identify(src/interfaces) by extension 'python_setup_py'
[0.235s] Level 1:colcon.colcon_core.package_identification:_identify(src/interfaces/web_interface) by extensions ['ignore', 'ignore_ament_install']
[0.235s] Level 1:colcon.colcon_core.package_identification:_identify(src/interfaces/web_interface) by extension 'ignore'
[0.235s] Level 1:colcon.colcon_core.package_identification:_identify(src/interfaces/web_interface) by extension 'ignore_ament_install'
[0.235s] Level 1:colcon.colcon_core.package_identification:_identify(src/interfaces/web_interface) by extensions ['colcon_pkg']
[0.235s] Level 1:colcon.colcon_core.package_identification:_identify(src/interfaces/web_interface) by extension 'colcon_pkg'
[0.235s] Level 1:colcon.colcon_core.package_identification:_identify(src/interfaces/web_interface) by extensions ['colcon_meta']
[0.235s] Level 1:colcon.colcon_core.package_identification:_identify(src/interfaces/web_interface) by extension 'colcon_meta'
[0.235s] Level 1:colcon.colcon_core.package_identification:_identify(src/interfaces/web_interface) by extensions ['ros']
[0.235s] Level 1:colcon.colcon_core.package_identification:_identify(src/interfaces/web_interface) by extension 'ros'
[0.236s] DEBUG:colcon.colcon_core.package_identification:Package 'src/interfaces/web_interface' with type 'ros.ament_python' and name 'web_interface'
[0.236s] Level 1:colcon.colcon_core.package_identification:_identify(src/log) by extensions ['ignore', 'ignore_ament_install']
[0.236s] Level 1:colcon.colcon_core.package_identification:_identify(src/log) by extension 'ignore'
[0.236s] Level 1:colcon.colcon_core.package_identification:_identify(src/log) ignored
[0.236s] Level 1:colcon.colcon_core.package_identification:_identify(src/perception) by extensions ['ignore', 'ignore_ament_install']
[0.236s] Level 1:colcon.colcon_core.package_identification:_identify(src/perception) by extension 'ignore'
[0.236s] Level 1:colcon.colcon_core.package_identification:_identify(src/perception) by extension 'ignore_ament_install'
[0.236s] Level 1:colcon.colcon_core.package_identification:_identify(src/perception) by extensions ['colcon_pkg']
[0.236s] Level 1:colcon.colcon_core.package_identification:_identify(src/perception) by extension 'colcon_pkg'
[0.236s] Level 1:colcon.colcon_core.package_identification:_identify(src/perception) by extensions ['colcon_meta']
[0.236s] Level 1:colcon.colcon_core.package_identification:_identify(src/perception) by extension 'colcon_meta'
[0.236s] Level 1:colcon.colcon_core.package_identification:_identify(src/perception) by extensions ['ros']
[0.236s] Level 1:colcon.colcon_core.package_identification:_identify(src/perception) by extension 'ros'
[0.236s] Level 1:colcon.colcon_core.package_identification:_identify(src/perception) by extensions ['cmake', 'python']
[0.237s] Level 1:colcon.colcon_core.package_identification:_identify(src/perception) by extension 'cmake'
[0.237s] Level 1:colcon.colcon_core.package_identification:_identify(src/perception) by extension 'python'
[0.237s] Level 1:colcon.colcon_core.package_identification:_identify(src/perception) by extensions ['python_setup_py']
[0.237s] Level 1:colcon.colcon_core.package_identification:_identify(src/perception) by extension 'python_setup_py'
[0.237s] Level 1:colcon.colcon_core.package_identification:_identify(src/perception/chess_data_collector) by extensions ['ignore', 'ignore_ament_install']
[0.237s] Level 1:colcon.colcon_core.package_identification:_identify(src/perception/chess_data_collector) by extension 'ignore'
[0.237s] Level 1:colcon.colcon_core.package_identification:_identify(src/perception/chess_data_collector) by extension 'ignore_ament_install'
[0.237s] Level 1:colcon.colcon_core.package_identification:_identify(src/perception/chess_data_collector) by extensions ['colcon_pkg']
[0.237s] Level 1:colcon.colcon_core.package_identification:_identify(src/perception/chess_data_collector) by extension 'colcon_pkg'
[0.237s] Level 1:colcon.colcon_core.package_identification:_identify(src/perception/chess_data_collector) by extensions ['colcon_meta']
[0.237s] Level 1:colcon.colcon_core.package_identification:_identify(src/perception/chess_data_collector) by extension 'colcon_meta'
[0.237s] Level 1:colcon.colcon_core.package_identification:_identify(src/perception/chess_data_collector) by extensions ['ros']
[0.237s] Level 1:colcon.colcon_core.package_identification:_identify(src/perception/chess_data_collector) by extension 'ros'
[0.238s] DEBUG:colcon.colcon_core.package_identification:Package 'src/perception/chess_data_collector' with type 'ros.ament_python' and name 'chess_data_collector'
[0.238s] Level 1:colcon.colcon_core.package_identification:_identify(src/perception/yolov5_detection) by extensions ['ignore', 'ignore_ament_install']
[0.238s] Level 1:colcon.colcon_core.package_identification:_identify(src/perception/yolov5_detection) by extension 'ignore'
[0.238s] Level 1:colcon.colcon_core.package_identification:_identify(src/perception/yolov5_detection) by extension 'ignore_ament_install'
[0.238s] Level 1:colcon.colcon_core.package_identification:_identify(src/perception/yolov5_detection) by extensions ['colcon_pkg']
[0.238s] Level 1:colcon.colcon_core.package_identification:_identify(src/perception/yolov5_detection) by extension 'colcon_pkg'
[0.238s] Level 1:colcon.colcon_core.package_identification:_identify(src/perception/yolov5_detection) by extensions ['colcon_meta']
[0.238s] Level 1:colcon.colcon_core.package_identification:_identify(src/perception/yolov5_detection) by extension 'colcon_meta'
[0.238s] Level 1:colcon.colcon_core.package_identification:_identify(src/perception/yolov5_detection) by extensions ['ros']
[0.238s] Level 1:colcon.colcon_core.package_identification:_identify(src/perception/yolov5_detection) by extension 'ros'
[0.239s] DEBUG:colcon.colcon_core.package_identification:Package 'src/perception/yolov5_detection' with type 'ros.ament_python' and name 'yolov5_detection'
[0.239s] Level 1:colcon.colcon_core.package_identification:_identify(src/planning) by extensions ['ignore', 'ignore_ament_install']
[0.239s] Level 1:colcon.colcon_core.package_identification:_identify(src/planning) by extension 'ignore'
[0.239s] Level 1:colcon.colcon_core.package_identification:_identify(src/planning) by extension 'ignore_ament_install'
[0.240s] Level 1:colcon.colcon_core.package_identification:_identify(src/planning) by extensions ['colcon_pkg']
[0.240s] Level 1:colcon.colcon_core.package_identification:_identify(src/planning) by extension 'colcon_pkg'
[0.240s] Level 1:colcon.colcon_core.package_identification:_identify(src/planning) by extensions ['colcon_meta']
[0.240s] Level 1:colcon.colcon_core.package_identification:_identify(src/planning) by extension 'colcon_meta'
[0.240s] Level 1:colcon.colcon_core.package_identification:_identify(src/planning) by extensions ['ros']
[0.240s] Level 1:colcon.colcon_core.package_identification:_identify(src/planning) by extension 'ros'
[0.240s] Level 1:colcon.colcon_core.package_identification:_identify(src/planning) by extensions ['cmake', 'python']
[0.240s] Level 1:colcon.colcon_core.package_identification:_identify(src/planning) by extension 'cmake'
[0.240s] Level 1:colcon.colcon_core.package_identification:_identify(src/planning) by extension 'python'
[0.240s] Level 1:colcon.colcon_core.package_identification:_identify(src/planning) by extensions ['python_setup_py']
[0.240s] Level 1:colcon.colcon_core.package_identification:_identify(src/planning) by extension 'python_setup_py'
[0.240s] Level 1:colcon.colcon_core.package_identification:_identify(src/planning/esp32_controller) by extensions ['ignore', 'ignore_ament_install']
[0.240s] Level 1:colcon.colcon_core.package_identification:_identify(src/planning/esp32_controller) by extension 'ignore'
[0.240s] Level 1:colcon.colcon_core.package_identification:_identify(src/planning/esp32_controller) by extension 'ignore_ament_install'
[0.240s] Level 1:colcon.colcon_core.package_identification:_identify(src/planning/esp32_controller) by extensions ['colcon_pkg']
[0.240s] Level 1:colcon.colcon_core.package_identification:_identify(src/planning/esp32_controller) by extension 'colcon_pkg'
[0.240s] Level 1:colcon.colcon_core.package_identification:_identify(src/planning/esp32_controller) by extensions ['colcon_meta']
[0.241s] Level 1:colcon.colcon_core.package_identification:_identify(src/planning/esp32_controller) by extension 'colcon_meta'
[0.241s] Level 1:colcon.colcon_core.package_identification:_identify(src/planning/esp32_controller) by extensions ['ros']
[0.241s] Level 1:colcon.colcon_core.package_identification:_identify(src/planning/esp32_controller) by extension 'ros'
[0.242s] DEBUG:colcon.colcon_core.package_identification:Package 'src/planning/esp32_controller' with type 'ros.ament_cmake' and name 'esp32_controller'
[0.242s] Level 1:colcon.colcon_core.package_identification:_identify(src/planning/move_program) by extensions ['ignore', 'ignore_ament_install']
[0.242s] Level 1:colcon.colcon_core.package_identification:_identify(src/planning/move_program) by extension 'ignore'
[0.242s] Level 1:colcon.colcon_core.package_identification:_identify(src/planning/move_program) by extension 'ignore_ament_install'
[0.242s] Level 1:colcon.colcon_core.package_identification:_identify(src/planning/move_program) by extensions ['colcon_pkg']
[0.242s] Level 1:colcon.colcon_core.package_identification:_identify(src/planning/move_program) by extension 'colcon_pkg'
[0.242s] Level 1:colcon.colcon_core.package_identification:_identify(src/planning/move_program) by extensions ['colcon_meta']
[0.242s] Level 1:colcon.colcon_core.package_identification:_identify(src/planning/move_program) by extension 'colcon_meta'
[0.242s] Level 1:colcon.colcon_core.package_identification:_identify(src/planning/move_program) by extensions ['ros']
[0.242s] Level 1:colcon.colcon_core.package_identification:_identify(src/planning/move_program) by extension 'ros'
[0.243s] DEBUG:colcon.colcon_core.package_identification:Package 'src/planning/move_program' with type 'ros.ament_cmake' and name 'move_program'
[0.243s] Level 1:colcon.colcon_core.package_identification:_identify(src/planning/moveit_controls) by extensions ['ignore', 'ignore_ament_install']
[0.243s] Level 1:colcon.colcon_core.package_identification:_identify(src/planning/moveit_controls) by extension 'ignore'
[0.243s] Level 1:colcon.colcon_core.package_identification:_identify(src/planning/moveit_controls) by extension 'ignore_ament_install'
[0.243s] Level 1:colcon.colcon_core.package_identification:_identify(src/planning/moveit_controls) by extensions ['colcon_pkg']
[0.243s] Level 1:colcon.colcon_core.package_identification:_identify(src/planning/moveit_controls) by extension 'colcon_pkg'
[0.243s] Level 1:colcon.colcon_core.package_identification:_identify(src/planning/moveit_controls) by extensions ['colcon_meta']
[0.243s] Level 1:colcon.colcon_core.package_identification:_identify(src/planning/moveit_controls) by extension 'colcon_meta'
[0.243s] Level 1:colcon.colcon_core.package_identification:_identify(src/planning/moveit_controls) by extensions ['ros']
[0.243s] Level 1:colcon.colcon_core.package_identification:_identify(src/planning/moveit_controls) by extension 'ros'
[0.244s] DEBUG:colcon.colcon_core.package_identification:Package 'src/planning/moveit_controls' with type 'ros.ament_python' and name 'moveit_controls'
[0.244s] Level 1:colcon.colcon_core.package_identification:_identify(src/robot) by extensions ['ignore', 'ignore_ament_install']
[0.244s] Level 1:colcon.colcon_core.package_identification:_identify(src/robot) by extension 'ignore'
[0.244s] Level 1:colcon.colcon_core.package_identification:_identify(src/robot) by extension 'ignore_ament_install'
[0.244s] Level 1:colcon.colcon_core.package_identification:_identify(src/robot) by extensions ['colcon_pkg']
[0.244s] Level 1:colcon.colcon_core.package_identification:_identify(src/robot) by extension 'colcon_pkg'
[0.244s] Level 1:colcon.colcon_core.package_identification:_identify(src/robot) by extensions ['colcon_meta']
[0.244s] Level 1:colcon.colcon_core.package_identification:_identify(src/robot) by extension 'colcon_meta'
[0.244s] Level 1:colcon.colcon_core.package_identification:_identify(src/robot) by extensions ['ros']
[0.244s] Level 1:colcon.colcon_core.package_identification:_identify(src/robot) by extension 'ros'
[0.245s] Level 1:colcon.colcon_core.package_identification:_identify(src/robot) by extensions ['cmake', 'python']
[0.245s] Level 1:colcon.colcon_core.package_identification:_identify(src/robot) by extension 'cmake'
[0.245s] Level 1:colcon.colcon_core.package_identification:_identify(src/robot) by extension 'python'
[0.245s] Level 1:colcon.colcon_core.package_identification:_identify(src/robot) by extensions ['python_setup_py']
[0.245s] Level 1:colcon.colcon_core.package_identification:_identify(src/robot) by extension 'python_setup_py'
[0.245s] Level 1:colcon.colcon_core.package_identification:_identify(src/robot/robotic_arm_model_v3) by extensions ['ignore', 'ignore_ament_install']
[0.245s] Level 1:colcon.colcon_core.package_identification:_identify(src/robot/robotic_arm_model_v3) by extension 'ignore'
[0.245s] Level 1:colcon.colcon_core.package_identification:_identify(src/robot/robotic_arm_model_v3) by extension 'ignore_ament_install'
[0.245s] Level 1:colcon.colcon_core.package_identification:_identify(src/robot/robotic_arm_model_v3) by extensions ['colcon_pkg']
[0.245s] Level 1:colcon.colcon_core.package_identification:_identify(src/robot/robotic_arm_model_v3) by extension 'colcon_pkg'
[0.245s] Level 1:colcon.colcon_core.package_identification:_identify(src/robot/robotic_arm_model_v3) by extensions ['colcon_meta']
[0.245s] Level 1:colcon.colcon_core.package_identification:_identify(src/robot/robotic_arm_model_v3) by extension 'colcon_meta'
[0.245s] Level 1:colcon.colcon_core.package_identification:_identify(src/robot/robotic_arm_model_v3) by extensions ['ros']
[0.245s] Level 1:colcon.colcon_core.package_identification:_identify(src/robot/robotic_arm_model_v3) by extension 'ros'
[0.246s] DEBUG:colcon.colcon_core.package_identification:Package 'src/robot/robotic_arm_model_v3' with type 'ros.ament_cmake' and name 'robotic_arm_model_v3'
[0.246s] Level 1:colcon.colcon_core.package_identification:_identify(src/robot/robotic_arm_v3_config) by extensions ['ignore', 'ignore_ament_install']
[0.246s] Level 1:colcon.colcon_core.package_identification:_identify(src/robot/robotic_arm_v3_config) by extension 'ignore'
[0.246s] Level 1:colcon.colcon_core.package_identification:_identify(src/robot/robotic_arm_v3_config) by extension 'ignore_ament_install'
[0.246s] Level 1:colcon.colcon_core.package_identification:_identify(src/robot/robotic_arm_v3_config) by extensions ['colcon_pkg']
[0.246s] Level 1:colcon.colcon_core.package_identification:_identify(src/robot/robotic_arm_v3_config) by extension 'colcon_pkg'
[0.246s] Level 1:colcon.colcon_core.package_identification:_identify(src/robot/robotic_arm_v3_config) by extensions ['colcon_meta']
[0.246s] Level 1:colcon.colcon_core.package_identification:_identify(src/robot/robotic_arm_v3_config) by extension 'colcon_meta'
[0.246s] Level 1:colcon.colcon_core.package_identification:_identify(src/robot/robotic_arm_v3_config) by extensions ['ros']
[0.246s] Level 1:colcon.colcon_core.package_identification:_identify(src/robot/robotic_arm_v3_config) by extension 'ros'
[0.247s] DEBUG:colcon.colcon_core.package_identification:Package 'src/robot/robotic_arm_v3_config' with type 'ros.ament_cmake' and name 'robotic_arm_v3_config'
[0.247s] Level 1:colcon.colcon_core.package_discovery:discover_packages(recursive) using defaults
[0.247s] Level 1:colcon.colcon_core.package_discovery:discover_packages(ignore) discover
[0.247s] Level 1:colcon.colcon_core.package_discovery:discover_packages(ignore) using defaults
[0.247s] Level 1:colcon.colcon_core.package_discovery:discover_packages(path) discover
[0.247s] Level 1:colcon.colcon_core.package_discovery:discover_packages(path) using defaults
[0.275s] INFO:colcon.colcon_core.package_selection:Skipping not selected package 'chess_data_collector' in 'src/perception/chess_data_collector'
[0.275s] INFO:colcon.colcon_core.package_selection:Skipping not selected package 'move_program' in 'src/planning/move_program'
[0.275s] INFO:colcon.colcon_core.package_selection:Skipping not selected package 'moveit_controls' in 'src/planning/moveit_controls'
[0.275s] INFO:colcon.colcon_core.package_selection:Skipping not selected package 'pose_printer' in 'src/hardware/pose_printer'
[0.275s] INFO:colcon.colcon_core.package_selection:Skipping not selected package 'robotic_arm_model_v3' in 'src/robot/robotic_arm_model_v3'
[0.275s] INFO:colcon.colcon_core.package_selection:Skipping not selected package 'ros_gz_interfaces' in 'src/external/ros_gz/ros_gz_interfaces'
[0.275s] INFO:colcon.colcon_core.package_selection:Skipping not selected package 'web_interface' in 'src/interfaces/web_interface'
[0.275s] INFO:colcon.colcon_core.package_selection:Skipping not selected package 'yolov5_detection' in 'src/perception/yolov5_detection'
[0.275s] INFO:colcon.colcon_core.package_selection:Skipping not selected package 'esp32_controller' in 'src/planning/esp32_controller'
[0.275s] INFO:colcon.colcon_core.package_selection:Skipping not selected package 'robotic_arm_v3_config' in 'src/robot/robotic_arm_v3_config'
[0.275s] INFO:colcon.colcon_core.package_selection:Skipping not selected package 'ros_gz_bridge' in 'src/external/ros_gz/ros_gz_bridge'
[0.275s] INFO:colcon.colcon_core.package_selection:Skipping not selected package 'arm_bringup' in 'src/bringup/arm_bringup'
[0.275s] INFO:colcon.colcon_core.package_selection:Skipping not selected package 'ros_gz_image' in 'src/external/ros_gz/ros_gz_image'
[0.275s] INFO:colcon.colcon_core.package_selection:Skipping not selected package 'ros_gz_sim' in 'src/external/ros_gz/ros_gz_sim'
[0.275s] INFO:colcon.colcon_core.package_selection:Skipping not selected package 'test_ros_gz_bridge' in 'src/external/ros_gz/test_ros_gz_bridge'
[0.275s] INFO:colcon.colcon_core.package_selection:Skipping not selected package 'ros_gz_sim_demos' in 'src/external/ros_gz/ros_gz_sim_demos'
[0.275s] INFO:colcon.colcon_core.package_selection:Skipping not selected package 'ros_gz' in 'src/external/ros_gz/ros_gz'
[0.276s] Level 1:colcon.colcon_core.package_discovery:discover_packages(prefix_path) check parameters
[0.276s] Level 1:colcon.colcon_core.package_discovery:discover_packages(prefix_path) discover
[0.280s] DEBUG:colcon.colcon_installed_package_information.package_discovery:Found 496 installed packages in /opt/ros/jazzy
[0.281s] Level 1:colcon.colcon_core.package_discovery:discover_packages(prefix_path) using defaults
[0.373s] Level 5:colcon.colcon_core.verb:set package 'mqtt_imu' build argument 'cmake_args' from command line to 'None'
[0.373s] Level 5:colcon.colcon_core.verb:set package 'mqtt_imu' build argument 'cmake_target' from command line to 'None'
[0.373s] Level 5:colcon.colcon_core.verb:set package 'mqtt_imu' build argument 'cmake_target_skip_unavailable' from command line to 'False'
[0.374s] Level 5:colcon.colcon_core.verb:set package 'mqtt_imu' build argument 'cmake_clean_cache' from command line to 'False'
[0.374s] Level 5:colcon.colcon_core.verb:set package 'mqtt_imu' build argument 'cmake_clean_first' from command line to 'False'
[0.374s] Level 5:colcon.colcon_core.verb:set package 'mqtt_imu' build argument 'cmake_force_configure' from command line to 'False'
[0.374s] Level 5:colcon.colcon_core.verb:set package 'mqtt_imu' build argument 'ament_cmake_args' from command line to 'None'
[0.374s] Level 5:colcon.colcon_core.verb:set package 'mqtt_imu' build argument 'catkin_cmake_args' from command line to 'None'
[0.374s] Level 5:colcon.colcon_core.verb:set package 'mqtt_imu' build argument 'catkin_skip_building_tests' from command line to 'False'
[0.374s] DEBUG:colcon.colcon_core.verb:Building package 'mqtt_imu' with the following arguments: {'ament_cmake_args': None, 'build_base': '/home/andre/ros2_ws/build/mqtt_imu', 'catkin_cmake_args': None, 'catkin_skip_building_tests': False, 'cmake_args': None, 'cmake_clean_cache': False, 'cmake_clean_first': False, 'cmake_force_configure': False, 'cmake_target': None, 'cmake_target_skip_unavailable': False, 'install_base': '/home/andre/ros2_ws/install/mqtt_imu', 'merge_install': False, 'path': '/home/andre/ros2_ws/src/hardware/mqtt_imu', 'symlink_install': False, 'test_result_base': None}
[0.374s] INFO:colcon.colcon_core.executor:Executing jobs using 'parallel' executor
[0.375s] DEBUG:colcon.colcon_parallel_executor.executor.parallel:run_until_complete
[0.375s] INFO:colcon.colcon_ros.task.ament_python.build:Building ROS package in '/home/andre/ros2_ws/src/hardware/mqtt_imu' with build type 'ament_python'
[0.375s] Level 1:colcon.colcon_core.shell:create_environment_hook('mqtt_imu', 'ament_prefix_path')
[0.378s] INFO:colcon.colcon_core.plugin_system:Skipping extension 'colcon_core.shell.bat': Not used on non-Windows systems
[0.378s] INFO:colcon.colcon_core.shell:Creating environment hook '/home/andre/ros2_ws/install/mqtt_imu/share/mqtt_imu/hook/ament_prefix_path.ps1'
[0.379s] INFO:colcon.colcon_core.shell:Creating environment descriptor '/home/andre/ros2_ws/install/mqtt_imu/share/mqtt_imu/hook/ament_prefix_path.dsv'
[0.380s] INFO:colcon.colcon_core.shell:Creating environment hook '/home/andre/ros2_ws/install/mqtt_imu/share/mqtt_imu/hook/ament_prefix_path.sh'
[0.380s] INFO:colcon.colcon_core.shell:Skip shell extension 'powershell' for command environment: Not usable outside of PowerShell
[0.380s] DEBUG:colcon.colcon_core.shell:Skip shell extension 'dsv' for command environment
[0.795s] WARNING:colcon.colcon_ros.task.ament_python.build:Package 'mqtt_imu' doesn't explicitly install a marker in the package index (colcon-ros currently does it implicitly but that fallback will be removed in the future)
[0.796s] WARNING:colcon.colcon_ros.task.ament_python.build:Package 'mqtt_imu' doesn't explicitly install the 'package.xml' file (colcon-ros currently does it implicitly but that fallback will be removed in the future)
[0.796s] INFO:colcon.colcon_core.task.python.build:Building Python package in '/home/andre/ros2_ws/src/hardware/mqtt_imu'
[0.797s] INFO:colcon.colcon_core.shell:Skip shell extension 'powershell' for command environment: Not usable outside of PowerShell
[0.797s] DEBUG:colcon.colcon_core.shell:Skip shell extension 'dsv' for command environment
[2.144s] DEBUG:colcon.colcon_core.event_handler.log_command:Invoking command in '/home/andre/ros2_ws/src/hardware/mqtt_imu': CONDA_PROMPT_MODIFIER=(base) DEBUGINFOD_URLS=https://debuginfod.ubuntu.com PYTHONPATH=/home/andre/ros2_ws/build/mqtt_imu/prefix_override:/usr/lib/python3/dist-packages/colcon_core/task/python/colcon_distutils_commands:/home/andre/ros2_ws/install/mqtt_imu/lib/python3.12/site-packages:${PYTHONPATH} /usr/bin/python3 -W ignore:setup.py install is deprecated -W ignore:easy_install command is deprecated setup.py egg_info --egg-base ../../../build/mqtt_imu build --build-base /home/andre/ros2_ws/build/mqtt_imu/build install --record /home/andre/ros2_ws/build/mqtt_imu/install.log --single-version-externally-managed
[2.994s] DEBUG:colcon.colcon_core.event_handler.log_command:Invoked command in '/home/andre/ros2_ws/src/hardware/mqtt_imu' returned '0': CONDA_PROMPT_MODIFIER=(base) DEBUGINFOD_URLS=https://debuginfod.ubuntu.com PYTHONPATH=/home/andre/ros2_ws/build/mqtt_imu/prefix_override:/usr/lib/python3/dist-packages/colcon_core/task/python/colcon_distutils_commands:/home/andre/ros2_ws/install/mqtt_imu/lib/python3.12/site-packages:${PYTHONPATH} /usr/bin/python3 -W ignore:setup.py install is deprecated -W ignore:easy_install command is deprecated setup.py egg_info --egg-base ../../../build/mqtt_imu build --build-base /home/andre/ros2_ws/build/mqtt_imu/build install --record /home/andre/ros2_ws/build/mqtt_imu/install.log --single-version-externally-managed
[2.996s] Level 1:colcon.colcon_core.environment:checking '/home/andre/ros2_ws/install/mqtt_imu' for CMake module files
[2.997s] Level 1:colcon.colcon_core.environment:checking '/home/andre/ros2_ws/install/mqtt_imu' for CMake config files
[2.998s] Level 1:colcon.colcon_core.environment:checking '/home/andre/ros2_ws/install/mqtt_imu/lib'
[2.998s] Level 1:colcon.colcon_core.environment:checking '/home/andre/ros2_ws/install/mqtt_imu/bin'
[2.998s] Level 1:colcon.colcon_core.environment:checking '/home/andre/ros2_ws/install/mqtt_imu/lib/pkgconfig/mqtt_imu.pc'
[2.998s] Level 1:colcon.colcon_core.environment:checking '/home/andre/ros2_ws/install/mqtt_imu/lib/python3.12/site-packages'
[2.998s] Level 1:colcon.colcon_core.shell:create_environment_hook('mqtt_imu', 'pythonpath')
[2.999s] INFO:colcon.colcon_core.shell:Creating environment hook '/home/andre/ros2_ws/install/mqtt_imu/share/mqtt_imu/hook/pythonpath.ps1'
[2.999s] INFO:colcon.colcon_core.shell:Creating environment descriptor '/home/andre/ros2_ws/install/mqtt_imu/share/mqtt_imu/hook/pythonpath.dsv'
[3.000s] INFO:colcon.colcon_core.shell:Creating environment hook '/home/andre/ros2_ws/install/mqtt_imu/share/mqtt_imu/hook/pythonpath.sh'
[3.000s] Level 1:colcon.colcon_core.environment:checking '/home/andre/ros2_ws/install/mqtt_imu/bin'
[3.000s] Level 1:colcon.colcon_core.environment:create_environment_scripts_only(mqtt_imu)
[3.001s] INFO:colcon.colcon_core.shell:Creating package script '/home/andre/ros2_ws/install/mqtt_imu/share/mqtt_imu/package.ps1'
[3.001s] INFO:colcon.colcon_core.shell:Creating package descriptor '/home/andre/ros2_ws/install/mqtt_imu/share/mqtt_imu/package.dsv'
[3.002s] INFO:colcon.colcon_core.shell:Creating package script '/home/andre/ros2_ws/install/mqtt_imu/share/mqtt_imu/package.sh'
[3.002s] INFO:colcon.colcon_core.shell:Creating package script '/home/andre/ros2_ws/install/mqtt_imu/share/mqtt_imu/package.bash'
[3.003s] INFO:colcon.colcon_core.shell:Creating package script '/home/andre/ros2_ws/install/mqtt_imu/share/mqtt_imu/package.zsh'
[3.003s] Level 1:colcon.colcon_core.environment:create_file_with_runtime_dependencies(/home/andre/ros2_ws/install/mqtt_imu/share/colcon-core/packages/mqtt_imu)
[3.004s] DEBUG:colcon.colcon_parallel_executor.executor.parallel:closing loop
[3.004s] DEBUG:colcon.colcon_parallel_executor.executor.parallel:loop closed
[3.004s] DEBUG:colcon.colcon_parallel_executor.executor.parallel:run_until_complete finished with '0'
[3.004s] DEBUG:colcon.colcon_core.event_reactor:joining thread
[3.011s] INFO:colcon.colcon_core.plugin_system:Skipping extension 'colcon_notification.desktop_notification.terminal_notifier': Not used on non-Darwin systems
[3.011s] INFO:colcon.colcon_core.plugin_system:Skipping extension 'colcon_notification.desktop_notification.win32': Not used on non-Windows systems
[3.011s] INFO:colcon.colcon_notification.desktop_notification:Sending desktop notification using 'notify2'
[3.026s] DEBUG:colcon.colcon_core.event_reactor:joined thread
[3.027s] INFO:colcon.colcon_core.shell:Creating prefix script '/home/andre/ros2_ws/install/local_setup.ps1'
[3.028s] INFO:colcon.colcon_core.shell:Creating prefix util module '/home/andre/ros2_ws/install/_local_setup_util_ps1.py'
[3.029s] INFO:colcon.colcon_core.shell:Creating prefix chain script '/home/andre/ros2_ws/install/setup.ps1'
[3.030s] INFO:colcon.colcon_core.shell:Creating prefix script '/home/andre/ros2_ws/install/local_setup.sh'
[3.031s] INFO:colcon.colcon_core.shell:Creating prefix util module '/home/andre/ros2_ws/install/_local_setup_util_sh.py'
[3.032s] INFO:colcon.colcon_core.shell:Creating prefix chain script '/home/andre/ros2_ws/install/setup.sh'
[3.033s] INFO:colcon.colcon_core.shell:Creating prefix script '/home/andre/ros2_ws/install/local_setup.bash'
[3.033s] INFO:colcon.colcon_core.shell:Creating prefix chain script '/home/andre/ros2_ws/install/setup.bash'
[3.034s] INFO:colcon.colcon_core.shell:Creating prefix script '/home/andre/ros2_ws/install/local_setup.zsh'
[3.035s] INFO:colcon.colcon_core.shell:Creating prefix chain script '/home/andre/ros2_ws/install/setup.zsh'
