[1.072s] Invoking command in '/home/andre/ros2_ws/src/pose_printer': DEBUGINFOD_URLS=https://debuginfod.ubuntu.com PYTHONPATH=/home/andre/ros2_ws/build/pose_printer/prefix_override:/usr/lib/python3/dist-packages/colcon_core/task/python/colcon_distutils_commands:/home/andre/ros2_ws/install/pose_printer/lib/python3.12/site-packages:${PYTHONPATH} /usr/bin/python3 -W ignore:setup.py install is deprecated -W ignore:easy_install command is deprecated setup.py egg_info --egg-base ../../build/pose_printer build --build-base /home/andre/ros2_ws/build/pose_printer/build install --record /home/andre/ros2_ws/build/pose_printer/install.log --single-version-externally-managed install_data
[1.469s] running egg_info
[1.506s] writing ../../build/pose_printer/pose_printer.egg-info/PKG-INFO
[1.506s] writing dependency_links to ../../build/pose_printer/pose_printer.egg-info/dependency_links.txt
[1.507s] writing entry points to ../../build/pose_printer/pose_printer.egg-info/entry_points.txt
[1.507s] writing requirements to ../../build/pose_printer/pose_printer.egg-info/requires.txt
[1.507s] writing top-level names to ../../build/pose_printer/pose_printer.egg-info/top_level.txt
[1.570s] reading manifest file '../../build/pose_printer/pose_printer.egg-info/SOURCES.txt'
[1.571s] writing manifest file '../../build/pose_printer/pose_printer.egg-info/SOURCES.txt'
[1.571s] running build
[1.571s] running build_py
[1.571s] copying pose_printer/pose_printer_node.py -> /home/andre/ros2_ws/build/pose_printer/build/lib/pose_printer
[1.572s] running install
[1.577s] running install_lib
[1.610s] copying /home/andre/ros2_ws/build/pose_printer/build/lib/pose_printer/pose_printer_node.py -> /home/andre/ros2_ws/install/pose_printer/lib/python3.12/site-packages/pose_printer
[1.611s] byte-compiling /home/andre/ros2_ws/install/pose_printer/lib/python3.12/site-packages/pose_printer/pose_printer_node.py to pose_printer_node.cpython-312.pyc
[1.612s] running install_data
[1.612s] running install_egg_info
[1.645s] removing '/home/andre/ros2_ws/install/pose_printer/lib/python3.12/site-packages/pose_printer-0.0.0-py3.12.egg-info' (and everything under it)
[1.646s] Copying ../../build/pose_printer/pose_printer.egg-info to /home/andre/ros2_ws/install/pose_printer/lib/python3.12/site-packages/pose_printer-0.0.0-py3.12.egg-info
[1.647s] running install_scripts
[1.845s] Installing pose_printer script to /home/andre/ros2_ws/install/pose_printer/lib/pose_printer
[1.845s] writing list of installed files to '/home/andre/ros2_ws/build/pose_printer/install.log'
[1.876s] Invoked command in '/home/andre/ros2_ws/src/pose_printer' returned '0': DEBUGINFOD_URLS=https://debuginfod.ubuntu.com PYTHONPATH=/home/andre/ros2_ws/build/pose_printer/prefix_override:/usr/lib/python3/dist-packages/colcon_core/task/python/colcon_distutils_commands:/home/andre/ros2_ws/install/pose_printer/lib/python3.12/site-packages:${PYTHONPATH} /usr/bin/python3 -W ignore:setup.py install is deprecated -W ignore:easy_install command is deprecated setup.py egg_info --egg-base ../../build/pose_printer build --build-base /home/andre/ros2_ws/build/pose_printer/build install --record /home/andre/ros2_ws/build/pose_printer/install.log --single-version-externally-managed install_data
