[0.020s] Invoking command in '/home/andre/ros2_ws/build/robotic_arm': CMAKE_PREFIX_PATH=${CMAKE_PREFIX_PATH}:/home/andre/ws_moveit/install/moveit_configs_utils:/home/andre/ws_moveit/install/launch_param_builder:/opt/ros/jazzy DEBUGINFOD_URLS=https://debuginfod.ubuntu.com /usr/bin/cmake /home/andre/ros2_ws/src/robotic_arm -DCMAKE_INSTALL_PREFIX=/home/andre/ros2_ws/install/robotic_arm
[0.096s] -- The C compiler identification is GNU 13.3.0
[0.165s] -- The CXX compiler identification is GNU 13.3.0
[0.183s] -- Detecting C compiler ABI info
[0.306s] -- Detecting C compiler ABI info - done
[0.323s] -- Check for working C compiler: /usr/bin/cc - skipped
[0.323s] -- Detecting C compile features
[0.323s] -- Detecting C compile features - done
[0.335s] -- Detecting CXX compiler ABI info
[0.483s] -- Detecting CXX compiler ABI info - done
[0.516s] -- Check for working CXX compiler: /usr/bin/c++ - skipped
[0.517s] -- Detecting CXX compile features
[0.523s] -- Detecting CXX compile features - done
[0.534s] -- Found ament_cmake: 2.5.4 (/opt/ros/jazzy/share/ament_cmake/cmake)
[0.798s] -- Found Python3: /usr/bin/python3 (found version "3.12.3") found components: Interpreter 
[1.033s] -- Found ament_lint_auto: 0.17.3 (/opt/ros/jazzy/share/ament_lint_auto/cmake)
[1.196s] -- Added test 'flake8' to check Python code syntax and style conventions
[1.196s] -- Configured 'flake8' exclude dirs and/or files: 
[1.198s] -- Added test 'lint_cmake' to check CMake code style
[1.199s] -- Added test 'pep257' to check Python code against some of the docstring style conventions in PEP 257
[1.202s] -- Added test 'xmllint' to check XML markup files
[1.204s] -- Configuring done (1.2s)
[1.210s] -- Generating done (0.0s)
[1.213s] -- Build files have been written to: /home/andre/ros2_ws/build/robotic_arm
[1.223s] Invoked command in '/home/andre/ros2_ws/build/robotic_arm' returned '0': CMAKE_PREFIX_PATH=${CMAKE_PREFIX_PATH}:/home/andre/ws_moveit/install/moveit_configs_utils:/home/andre/ws_moveit/install/launch_param_builder:/opt/ros/jazzy DEBUGINFOD_URLS=https://debuginfod.ubuntu.com /usr/bin/cmake /home/andre/ros2_ws/src/robotic_arm -DCMAKE_INSTALL_PREFIX=/home/andre/ros2_ws/install/robotic_arm
[1.226s] Invoking command in '/home/andre/ros2_ws/build/robotic_arm': CMAKE_PREFIX_PATH=${CMAKE_PREFIX_PATH}:/home/andre/ws_moveit/install/moveit_configs_utils:/home/andre/ws_moveit/install/launch_param_builder:/opt/ros/jazzy DEBUGINFOD_URLS=https://debuginfod.ubuntu.com /usr/bin/cmake --build /home/andre/ros2_ws/build/robotic_arm -- -j4 -l4
[1.319s] Invoked command in '/home/andre/ros2_ws/build/robotic_arm' returned '0': CMAKE_PREFIX_PATH=${CMAKE_PREFIX_PATH}:/home/andre/ws_moveit/install/moveit_configs_utils:/home/andre/ws_moveit/install/launch_param_builder:/opt/ros/jazzy DEBUGINFOD_URLS=https://debuginfod.ubuntu.com /usr/bin/cmake --build /home/andre/ros2_ws/build/robotic_arm -- -j4 -l4
[1.352s] Invoking command in '/home/andre/ros2_ws/build/robotic_arm': CMAKE_PREFIX_PATH=${CMAKE_PREFIX_PATH}:/home/andre/ws_moveit/install/moveit_configs_utils:/home/andre/ws_moveit/install/launch_param_builder:/opt/ros/jazzy DEBUGINFOD_URLS=https://debuginfod.ubuntu.com /usr/bin/cmake --install /home/andre/ros2_ws/build/robotic_arm
[1.367s] -- Install configuration: ""
[1.367s] -- Installing: /home/andre/ros2_ws/install/robotic_arm/share/robotic_arm/config
[1.367s] -- Installing: /home/andre/ros2_ws/install/robotic_arm/share/robotic_arm/launch
[1.369s] -- Installing: /home/andre/ros2_ws/install/robotic_arm/share/robotic_arm/launch/robotic_arm.launch.py
[1.369s] -- Installing: /home/andre/ros2_ws/install/robotic_arm/share/robotic_arm/maps
[1.369s] -- Installing: /home/andre/ros2_ws/install/robotic_arm/share/robotic_arm/meshes
[1.369s] -- Installing: /home/andre/ros2_ws/install/robotic_arm/share/robotic_arm/meshes/Link_5.STL
[1.369s] -- Installing: /home/andre/ros2_ws/install/robotic_arm/share/robotic_arm/meshes/Link_2.STL
[1.369s] -- Installing: /home/andre/ros2_ws/install/robotic_arm/share/robotic_arm/meshes/end_effector_bottom_claw.STL
[1.369s] -- Installing: /home/andre/ros2_ws/install/robotic_arm/share/robotic_arm/meshes/base_link.STL
[1.371s] -- Installing: /home/andre/ros2_ws/install/robotic_arm/share/robotic_arm/meshes/Link_1.STL
[1.371s] -- Installing: /home/andre/ros2_ws/install/robotic_arm/share/robotic_arm/meshes/end_effector.STL
[1.371s] -- Installing: /home/andre/ros2_ws/install/robotic_arm/share/robotic_arm/meshes/Link_6.STL
[1.373s] -- Installing: /home/andre/ros2_ws/install/robotic_arm/share/robotic_arm/meshes/link_2.STL
[1.373s] -- Installing: /home/andre/ros2_ws/install/robotic_arm/share/robotic_arm/meshes/Link_4.STL
[1.374s] -- Installing: /home/andre/ros2_ws/install/robotic_arm/share/robotic_arm/meshes/Link_3.STL
[1.374s] -- Installing: /home/andre/ros2_ws/install/robotic_arm/share/robotic_arm/meshes/link_3.STL
[1.374s] -- Installing: /home/andre/ros2_ws/install/robotic_arm/share/robotic_arm/meshes/link_1.STL
[1.376s] -- Installing: /home/andre/ros2_ws/install/robotic_arm/share/robotic_arm/meshes/link_4.STL
[1.376s] -- Installing: /home/andre/ros2_ws/install/robotic_arm/share/robotic_arm/meshes/end_effector_top_claw.STL
[1.376s] -- Installing: /home/andre/ros2_ws/install/robotic_arm/share/robotic_arm/models
[1.376s] -- Installing: /home/andre/ros2_ws/install/robotic_arm/share/robotic_arm/params
[1.376s] -- Installing: /home/andre/ros2_ws/install/robotic_arm/share/robotic_arm/rviz
[1.376s] -- Installing: /home/andre/ros2_ws/install/robotic_arm/share/robotic_arm/rviz/rviz_basic_settings.rviz
[1.376s] -- Installing: /home/andre/ros2_ws/install/robotic_arm/share/robotic_arm/src
[1.376s] -- Installing: /home/andre/ros2_ws/install/robotic_arm/share/robotic_arm/urdf
[1.377s] -- Installing: /home/andre/ros2_ws/install/robotic_arm/share/robotic_arm/urdf/robotic_arm.urdf
[1.377s] -- Installing: /home/andre/ros2_ws/install/robotic_arm/share/robotic_arm/urdf/robotic_arm_model.csv
[1.379s] -- Installing: /home/andre/ros2_ws/install/robotic_arm/share/robotic_arm/urdf/temp.urdf
[1.379s] -- Installing: /home/andre/ros2_ws/install/robotic_arm/share/robotic_arm/worlds
[1.379s] -- Installing: /home/andre/ros2_ws/install/robotic_arm/share/ament_index/resource_index/package_run_dependencies/robotic_arm
[1.380s] -- Installing: /home/andre/ros2_ws/install/robotic_arm/share/ament_index/resource_index/parent_prefix_path/robotic_arm
[1.380s] -- Installing: /home/andre/ros2_ws/install/robotic_arm/share/robotic_arm/environment/ament_prefix_path.sh
[1.381s] -- Installing: /home/andre/ros2_ws/install/robotic_arm/share/robotic_arm/environment/ament_prefix_path.dsv
[1.381s] -- Installing: /home/andre/ros2_ws/install/robotic_arm/share/robotic_arm/environment/path.sh
[1.381s] -- Installing: /home/andre/ros2_ws/install/robotic_arm/share/robotic_arm/environment/path.dsv
[1.381s] -- Installing: /home/andre/ros2_ws/install/robotic_arm/share/robotic_arm/local_setup.bash
[1.381s] -- Installing: /home/andre/ros2_ws/install/robotic_arm/share/robotic_arm/local_setup.sh
[1.382s] -- Installing: /home/andre/ros2_ws/install/robotic_arm/share/robotic_arm/local_setup.zsh
[1.382s] -- Installing: /home/andre/ros2_ws/install/robotic_arm/share/robotic_arm/local_setup.dsv
[1.382s] -- Installing: /home/andre/ros2_ws/install/robotic_arm/share/robotic_arm/package.dsv
[1.382s] -- Installing: /home/andre/ros2_ws/install/robotic_arm/share/ament_index/resource_index/packages/robotic_arm
[1.382s] -- Installing: /home/andre/ros2_ws/install/robotic_arm/share/robotic_arm/cmake/robotic_armConfig.cmake
[1.382s] -- Installing: /home/andre/ros2_ws/install/robotic_arm/share/robotic_arm/cmake/robotic_armConfig-version.cmake
[1.382s] -- Installing: /home/andre/ros2_ws/install/robotic_arm/share/robotic_arm/package.xml
[1.389s] Invoked command in '/home/andre/ros2_ws/build/robotic_arm' returned '0': CMAKE_PREFIX_PATH=${CMAKE_PREFIX_PATH}:/home/andre/ws_moveit/install/moveit_configs_utils:/home/andre/ws_moveit/install/launch_param_builder:/opt/ros/jazzy DEBUGINFOD_URLS=https://debuginfod.ubuntu.com /usr/bin/cmake --install /home/andre/ros2_ws/build/robotic_arm
