[0.015s] Invoking command in '/home/andre/ros2_ws/build/move_program': CMAKE_PREFIX_PATH=${CMAKE_PREFIX_PATH}:/home/andre/ros2_ws/install/pose_printer:/home/andre/ros2_ws/install/moveit_controls:/opt/ros/jazzy DEBUGINFOD_URLS=https://debuginfod.ubuntu.com /usr/bin/cmake --build /home/andre/ros2_ws/build/move_program -- -j4 -l4
[0.098s] [ 50%] [32mBuilding CXX object CMakeFiles/move_program.dir/src/move_program.cpp.o[0m
[0.109s] [01m[K/home/andre/ros2_ws/src/move_program/src/move_program.cpp:[m[K In function ‘[01m[Kint[01;32m[K main[m[K(int, char**)[m[K’:
[0.110s] [01m[K/home/andre/ros2_ws/src/move_program/src/move_program.cpp:5:5:[m[K [01;31m[Kerror: [m[K‘[01m[Krclcpp[m[K’ has not been declared
[0.110s]     5 |     [01;31m[Krclcpp[m[K::init(argc, argv);
[0.110s]       |     [01;31m[K^~~~~~[m[K
[0.111s] [01m[K/home/andre/ros2_ws/src/move_program/src/move_program.cpp:8:28:[m[K [01;31m[Kerror: [m[K‘[01m[Kmake_shared[m[K’ is not a member of ‘[01m[Kstd[m[K’
[0.111s]     8 |     auto const node = std::[01;31m[Kmake_shared[m[K<rclcpp::Node>(
[0.111s]       |                            [01;31m[K^~~~~~~~~~~[m[K
[0.111s] [01m[K/home/andre/ros2_ws/src/move_program/src/move_program.cpp:1:1:[m[K [01;36m[Knote: [m[K‘[01m[Kstd::make_shared[m[K’ is defined in header ‘[01m[K<memory>[m[K’; did you forget to ‘[01m[K#include <memory>[m[K’?
[0.111s]   +++ |+[32m[K#include <memory>[m[K
[0.111s]     1 | // ... (Keep the GradientDescentIK class as is) ...
[0.112s] [01m[K/home/andre/ros2_ws/src/move_program/src/move_program.cpp:8:40:[m[K [01;31m[Kerror: [m[K‘[01m[Krclcpp[m[K’ has not been declared
[0.112s]     8 |     auto const node = std::make_shared<[01;31m[Krclcpp[m[K::Node>(
[0.112s]       |                                        [01;31m[K^~~~~~[m[K
[0.112s] [01m[K/home/andre/ros2_ws/src/move_program/src/move_program.cpp:10:9:[m[K [01;31m[Kerror: [m[K‘[01m[Krclcpp[m[K’ has not been declared
[0.113s]    10 |         [01;31m[Krclcpp[m[K::NodeOptions()
[0.113s]       |         [01;31m[K^~~~~~[m[K
[0.113s] [01m[K/home/andre/ros2_ws/src/move_program/src/move_program.cpp:15:25:[m[K [01;31m[Kerror: [m[K‘[01m[Krclcpp[m[K’ has not been declared
[0.113s]    15 |     auto const logger = [01;31m[Krclcpp[m[K::get_logger("move_program");
[0.113s]       |                         [01;31m[K^~~~~~[m[K
[0.114s] [01m[K/home/andre/ros2_ws/src/move_program/src/move_program.cpp:19:29:[m[K [01;31m[Kerror: [m[Kexpected primary-expression before ‘[01m[Kdouble[m[K’
[0.114s]    19 |     node->declare_parameter<[01;31m[Kdouble[m[K>("target_x", 0.6);
[0.114s]       |                             [01;31m[K^~~~~~[m[K
[0.114s] [01m[K/home/andre/ros2_ws/src/move_program/src/move_program.cpp:20:29:[m[K [01;31m[Kerror: [m[Kexpected primary-expression before ‘[01m[Kdouble[m[K’
[0.115s]    20 |     node->declare_parameter<[01;31m[Kdouble[m[K>("target_y", -1.2);
[0.115s]       |                             [01;31m[K^~~~~~[m[K
[0.115s] [01m[K/home/andre/ros2_ws/src/move_program/src/move_program.cpp:21:29:[m[K [01;31m[Kerror: [m[Kexpected primary-expression before ‘[01m[Kdouble[m[K’
[0.115s]    21 |     node->declare_parameter<[01;31m[Kdouble[m[K>("target_z", 1.145);
[0.115s]       |                             [01;31m[K^~~~~~[m[K
[0.116s] [01m[K/home/andre/ros2_ws/src/move_program/src/move_program.cpp:27:5:[m[K [01;31m[Kerror: [m[K‘[01m[KRCLCPP_INFO[m[K’ was not declared in this scope
[0.116s]    27 |     [01;31m[KRCLCPP_INFO[m[K(logger, "=== GRADIENT DESCENT IK SOLVER ===");
[0.116s]       |     [01;31m[K^~~~~~~~~~~[m[K
[0.116s] [01m[K/home/andre/ros2_ws/src/move_program/src/move_program.cpp:32:5:[m[K [01;31m[Kerror: [m[K‘[01m[Krobot_model_loader[m[K’ has not been declared
[0.117s]    32 |     [01;31m[Krobot_model_loader[m[K::RobotModelLoader robot_model_loader(node);
[0.117s]       |     [01;31m[K^~~~~~~~~~~~~~~~~~[m[K
[0.117s] [01m[K/home/andre/ros2_ws/src/move_program/src/move_program.cpp:33:11:[m[K [01;31m[Kerror: [m[K‘[01m[Kmoveit[m[K’ does not name a type
[0.117s]    33 |     const [01;31m[Kmoveit[m[K::core::RobotModelPtr& robot_model = robot_model_loader.getModel();
[0.117s]       |           [01;31m[K^~~~~~[m[K
[0.117s] [01m[K/home/andre/ros2_ws/src/move_program/src/move_program.cpp:37:5:[m[K [01;31m[Kerror: [m[K‘[01m[Kmoveit[m[K’ has not been declared
[0.117s]    37 |     [01;31m[Kmoveit[m[K::planning_interface::MoveGroupInterface move_group(node, "arm");
[0.117s]       |     [01;31m[K^~~~~~[m[K
[0.117s] [01m[K/home/andre/ros2_ws/src/move_program/src/move_program.cpp:40:5:[m[K [01;31m[Kerror: [m[K‘[01m[KGradientDescentIK[m[K’ was not declared in this scope
[0.117s]    40 |     [01;31m[KGradientDescentIK[m[K gd_ik(robot_model, "arm", move_group.getEndEffectorLink());
[0.117s]       |     [01;31m[K^~~~~~~~~~~~~~~~~[m[K
[0.118s] [01m[K/home/andre/ros2_ws/src/move_program/src/move_program.cpp:42:5:[m[K [01;31m[Kerror: [m[K‘[01m[KEigen[m[K’ has not been declared
[0.118s]    42 |     [01;31m[KEigen[m[K::Vector3d target_position(target_x, target_y, target_z);
[0.118s]       |     [01;31m[K^~~~~[m[K
[0.118s] [01m[K/home/andre/ros2_ws/src/move_program/src/move_program.cpp:45:10:[m[K [01;31m[Kerror: [m[K‘[01m[Kvector[m[K’ is not a member of ‘[01m[Kstd[m[K’
[0.118s]    45 |     std::[01;31m[Kvector[m[K<double> current_joints = move_group.getCurrentJointValues();
[0.118s]       |          [01;31m[K^~~~~~[m[K
[0.118s] [01m[K/home/andre/ros2_ws/src/move_program/src/move_program.cpp:1:1:[m[K [01;36m[Knote: [m[K‘[01m[Kstd::vector[m[K’ is defined in header ‘[01m[K<vector>[m[K’; did you forget to ‘[01m[K#include <vector>[m[K’?
[0.118s]   +++ |+[32m[K#include <vector>[m[K
[0.118s]     1 | // ... (Keep the GradientDescentIK class as is) ...
[0.118s] [01m[K/home/andre/ros2_ws/src/move_program/src/move_program.cpp:45:17:[m[K [01;31m[Kerror: [m[Kexpected primary-expression before ‘[01m[Kdouble[m[K’
[0.118s]    45 |     std::vector<[01;31m[Kdouble[m[K> current_joints = move_group.getCurrentJointValues();
[0.119s]       |                 [01;31m[K^~~~~~[m[K
[0.119s] [01m[K/home/andre/ros2_ws/src/move_program/src/move_program.cpp:48:10:[m[K [01;31m[Kerror: [m[K‘[01m[Kvector[m[K’ is not a member of ‘[01m[Kstd[m[K’
[0.119s]    48 |     std::[01;31m[Kvector[m[K<double> solution_joints = current_joints;
[0.119s]       |          [01;31m[K^~~~~~[m[K
[0.119s] [01m[K/home/andre/ros2_ws/src/move_program/src/move_program.cpp:48:10:[m[K [01;36m[Knote: [m[K‘[01m[Kstd::vector[m[K’ is defined in header ‘[01m[K<vector>[m[K’; did you forget to ‘[01m[K#include <vector>[m[K’?
[0.119s] [01m[K/home/andre/ros2_ws/src/move_program/src/move_program.cpp:48:17:[m[K [01;31m[Kerror: [m[Kexpected primary-expression before ‘[01m[Kdouble[m[K’
[0.120s]    48 |     std::vector<[01;31m[Kdouble[m[K> solution_joints = current_joints;
[0.120s]       |                 [01;31m[K^~~~~~[m[K
[0.120s] [01m[K/home/andre/ros2_ws/src/move_program/src/move_program.cpp:49:23:[m[K [01;31m[Kerror: [m[K‘[01m[Kgd_ik[m[K’ was not declared in this scope
[0.120s]    49 |     bool ik_success = [01;31m[Kgd_ik[m[K.solveIK(target_position, solution_joints);
[0.120s]       |                       [01;31m[K^~~~~[m[K
[0.120s] [01m[K/home/andre/ros2_ws/src/move_program/src/move_program.cpp:49:37:[m[K [01;31m[Kerror: [m[K‘[01m[Ktarget_position[m[K’ was not declared in this scope
[0.121s]    49 |     bool ik_success = gd_ik.solveIK([01;31m[Ktarget_position[m[K, solution_joints);
[0.121s]       |                                     [01;31m[K^~~~~~~~~~~~~~~[m[K
[0.121s] [01m[K/home/andre/ros2_ws/src/move_program/src/move_program.cpp:49:54:[m[K [01;31m[Kerror: [m[K‘[01m[Ksolution_joints[m[K’ was not declared in this scope
[0.121s]    49 |     bool ik_success = gd_ik.solveIK(target_position, [01;31m[Ksolution_joints[m[K);
[0.121s]       |                                                      [01;31m[K^~~~~~~~~~~~~~~[m[K
[0.121s] [01m[K/home/andre/ros2_ws/src/move_program/src/move_program.cpp:52:9:[m[K [01;31m[Kerror: [m[K‘[01m[KRCLCPP_ERROR[m[K’ was not declared in this scope
[0.121s]    52 |         [01;31m[KRCLCPP_ERROR[m[K(logger, "✗ Could not find valid joint solution for [%.2f, %.2f, %.2f]",
[0.121s]       |         [01;31m[K^~~~~~~~~~~~[m[K
[0.121s] [01m[K/home/andre/ros2_ws/src/move_program/src/move_program.cpp:54:9:[m[K [01;31m[Kerror: [m[K‘[01m[Krclcpp[m[K’ has not been declared
[0.122s]    54 |         [01;31m[Krclcpp[m[K::shutdown();
[0.122s]       |         [01;31m[K^~~~~~[m[K
[0.122s] [01m[K/home/andre/ros2_ws/src/move_program/src/move_program.cpp:60:5:[m[K [01;31m[Kerror: [m[K‘[01m[Kmove_group[m[K’ was not declared in this scope
[0.122s]    60 |     [01;31m[Kmove_group[m[K.setJointValueTarget(solution_joints);
[0.123s]       |     [01;31m[K^~~~~~~~~~[m[K
[0.123s] [01m[K/home/andre/ros2_ws/src/move_program/src/move_program.cpp:62:5:[m[K [01;31m[Kerror: [m[K‘[01m[Kmoveit[m[K’ has not been declared
[0.123s]    62 |     [01;31m[Kmoveit[m[K::planning_interface::MoveGroupInterface::Plan my_plan;
[0.123s]       |     [01;31m[K^~~~~~[m[K
[0.123s] [01m[K/home/andre/ros2_ws/src/move_program/src/move_program.cpp:63:43:[m[K [01;31m[Kerror: [m[K‘[01m[Kmy_plan[m[K’ was not declared in this scope
[0.124s]    63 |     if (static_cast<bool>(move_group.plan([01;31m[Kmy_plan[m[K))) {
[0.124s]       |                                           [01;31m[K^~~~~~~[m[K
[0.124s] [01m[K/home/andre/ros2_ws/src/move_program/src/move_program.cpp:67:9:[m[K [01;31m[Kerror: [m[K‘[01m[KRCLCPP_ERROR[m[K’ was not declared in this scope
[0.124s]    67 |         [01;31m[KRCLCPP_ERROR[m[K(logger, "✗ Motion planning FAILED!");
[0.125s]       |         [01;31m[K^~~~~~~~~~~~[m[K
[0.125s] [01m[K/home/andre/ros2_ws/src/move_program/src/move_program.cpp:70:5:[m[K [01;31m[Kerror: [m[K‘[01m[Krclcpp[m[K’ has not been declared
[0.125s]    70 |     [01;31m[Krclcpp[m[K::shutdown();
[0.125s]       |     [01;31m[K^~~~~~[m[K
[0.126s] gmake[2]: *** [CMakeFiles/move_program.dir/build.make:76: CMakeFiles/move_program.dir/src/move_program.cpp.o] Error 1
[0.126s] gmake[1]: *** [CMakeFiles/Makefile2:137: CMakeFiles/move_program.dir/all] Error 2
[0.127s] gmake: *** [Makefile:146: all] Error 2
[0.129s] Invoked command in '/home/andre/ros2_ws/build/move_program' returned '2': CMAKE_PREFIX_PATH=${CMAKE_PREFIX_PATH}:/home/andre/ros2_ws/install/pose_printer:/home/andre/ros2_ws/install/moveit_controls:/opt/ros/jazzy DEBUGINFOD_URLS=https://debuginfod.ubuntu.com /usr/bin/cmake --build /home/andre/ros2_ws/build/move_program -- -j4 -l4
