[0.103s] Invoking command in '/home/bot/ros2_ws/build/robotic_arm_v3_config': CMAKE_PREFIX_PATH=/home/bot/ros2_ws/install/robotic_arm_model_v3:/home/bot/ros2_ws/install/robotic_arm_v3_config:/home/bot/ros2_ws/install/move_program:/home/bot/ros2_ws/install/cpp_pubsub:/opt/ros/jazzy/opt/gz_math_vendor:/opt/ros/jazzy/opt/gz_utils_vendor:/opt/ros/jazzy/opt/gz_cmake_vendor:/home/bot/ros2_ws/install/pose_printer:/home/bot/ros2_ws/install/moveit_controls:/opt/ros/jazzy DEBUGINFOD_URLS=https://debuginfod.ubuntu.com /usr/bin/cmake /home/bot/ros2_ws/src/robotic_arm_v3_config -DCMAKE_INSTALL_PREFIX=/home/bot/ros2_ws/install/robotic_arm_v3_config
[0.721s] -- The C compiler identification is GNU 13.3.0
[1.505s] -- The CXX compiler identification is GNU 13.3.0
[1.730s] -- Detecting C compiler ABI info
[3.068s] -- Detecting C compiler ABI info - done
[3.173s] -- Check for working C compiler: /usr/bin/cc - skipped
[3.178s] -- Detecting C compile features
[3.179s] -- Detecting C compile features - done
[3.293s] -- Detecting CXX compiler ABI info
[4.556s] -- Detecting CXX compiler ABI info - done
[4.662s] -- Check for working CXX compiler: /usr/bin/c++ - skipped
[4.670s] -- Detecting CXX compile features
[4.673s] -- Detecting CXX compile features - done
[4.765s] -- Found ament_cmake: 2.5.4 (/opt/ros/jazzy/share/ament_cmake/cmake)
[7.067s] -- Found Python3: /usr/bin/python3 (found version "3.12.3") found components: Interpreter 
[9.472s] -- Configuring done (9.3s)
[9.539s] -- Generating done (0.0s)
[9.553s] -- Build files have been written to: /home/bot/ros2_ws/build/robotic_arm_v3_config
[9.595s] Invoked command in '/home/bot/ros2_ws/build/robotic_arm_v3_config' returned '0': CMAKE_PREFIX_PATH=/home/bot/ros2_ws/install/robotic_arm_model_v3:/home/bot/ros2_ws/install/robotic_arm_v3_config:/home/bot/ros2_ws/install/move_program:/home/bot/ros2_ws/install/cpp_pubsub:/opt/ros/jazzy/opt/gz_math_vendor:/opt/ros/jazzy/opt/gz_utils_vendor:/opt/ros/jazzy/opt/gz_cmake_vendor:/home/bot/ros2_ws/install/pose_printer:/home/bot/ros2_ws/install/moveit_controls:/opt/ros/jazzy DEBUGINFOD_URLS=https://debuginfod.ubuntu.com /usr/bin/cmake /home/bot/ros2_ws/src/robotic_arm_v3_config -DCMAKE_INSTALL_PREFIX=/home/bot/ros2_ws/install/robotic_arm_v3_config
[9.601s] Invoking command in '/home/bot/ros2_ws/build/robotic_arm_v3_config': CMAKE_PREFIX_PATH=/home/bot/ros2_ws/install/robotic_arm_model_v3:/home/bot/ros2_ws/install/robotic_arm_v3_config:/home/bot/ros2_ws/install/move_program:/home/bot/ros2_ws/install/cpp_pubsub:/opt/ros/jazzy/opt/gz_math_vendor:/opt/ros/jazzy/opt/gz_utils_vendor:/opt/ros/jazzy/opt/gz_cmake_vendor:/home/bot/ros2_ws/install/pose_printer:/home/bot/ros2_ws/install/moveit_controls:/opt/ros/jazzy DEBUGINFOD_URLS=https://debuginfod.ubuntu.com /usr/bin/cmake --build /home/bot/ros2_ws/build/robotic_arm_v3_config -- -j4 -l4
[9.964s] Invoked command in '/home/bot/ros2_ws/build/robotic_arm_v3_config' returned '0': CMAKE_PREFIX_PATH=/home/bot/ros2_ws/install/robotic_arm_model_v3:/home/bot/ros2_ws/install/robotic_arm_v3_config:/home/bot/ros2_ws/install/move_program:/home/bot/ros2_ws/install/cpp_pubsub:/opt/ros/jazzy/opt/gz_math_vendor:/opt/ros/jazzy/opt/gz_utils_vendor:/opt/ros/jazzy/opt/gz_cmake_vendor:/home/bot/ros2_ws/install/pose_printer:/home/bot/ros2_ws/install/moveit_controls:/opt/ros/jazzy DEBUGINFOD_URLS=https://debuginfod.ubuntu.com /usr/bin/cmake --build /home/bot/ros2_ws/build/robotic_arm_v3_config -- -j4 -l4
[9.970s] Invoking command in '/home/bot/ros2_ws/build/robotic_arm_v3_config': CMAKE_PREFIX_PATH=/home/bot/ros2_ws/install/robotic_arm_model_v3:/home/bot/ros2_ws/install/robotic_arm_v3_config:/home/bot/ros2_ws/install/move_program:/home/bot/ros2_ws/install/cpp_pubsub:/opt/ros/jazzy/opt/gz_math_vendor:/opt/ros/jazzy/opt/gz_utils_vendor:/opt/ros/jazzy/opt/gz_cmake_vendor:/home/bot/ros2_ws/install/pose_printer:/home/bot/ros2_ws/install/moveit_controls:/opt/ros/jazzy DEBUGINFOD_URLS=https://debuginfod.ubuntu.com /usr/bin/cmake --install /home/bot/ros2_ws/build/robotic_arm_v3_config
[10.042s] -- Install configuration: ""
[10.046s] -- Installing: /home/bot/ros2_ws/install/robotic_arm_v3_config/share/ament_index/resource_index/package_run_dependencies/robotic_arm_v3_config
[10.049s] -- Installing: /home/bot/ros2_ws/install/robotic_arm_v3_config/share/ament_index/resource_index/parent_prefix_path/robotic_arm_v3_config
[10.054s] -- Installing: /home/bot/ros2_ws/install/robotic_arm_v3_config/share/robotic_arm_v3_config/environment/ament_prefix_path.sh
[10.056s] -- Installing: /home/bot/ros2_ws/install/robotic_arm_v3_config/share/robotic_arm_v3_config/environment/ament_prefix_path.dsv
[10.060s] -- Installing: /home/bot/ros2_ws/install/robotic_arm_v3_config/share/robotic_arm_v3_config/environment/path.sh
[10.064s] -- Installing: /home/bot/ros2_ws/install/robotic_arm_v3_config/share/robotic_arm_v3_config/environment/path.dsv
[10.065s] -- Installing: /home/bot/ros2_ws/install/robotic_arm_v3_config/share/robotic_arm_v3_config/local_setup.bash
[10.070s] -- Installing: /home/bot/ros2_ws/install/robotic_arm_v3_config/share/robotic_arm_v3_config/local_setup.sh
[10.072s] -- Installing: /home/bot/ros2_ws/install/robotic_arm_v3_config/share/robotic_arm_v3_config/local_setup.zsh
[10.075s] -- Installing: /home/bot/ros2_ws/install/robotic_arm_v3_config/share/robotic_arm_v3_config/local_setup.dsv
[10.083s] -- Installing: /home/bot/ros2_ws/install/robotic_arm_v3_config/share/robotic_arm_v3_config/package.dsv
[10.090s] -- Installing: /home/bot/ros2_ws/install/robotic_arm_v3_config/share/ament_index/resource_index/packages/robotic_arm_v3_config
[10.097s] -- Installing: /home/bot/ros2_ws/install/robotic_arm_v3_config/share/robotic_arm_v3_config/cmake/robotic_arm_v3_configConfig.cmake
[10.098s] -- Installing: /home/bot/ros2_ws/install/robotic_arm_v3_config/share/robotic_arm_v3_config/cmake/robotic_arm_v3_configConfig-version.cmake
[10.104s] -- Installing: /home/bot/ros2_ws/install/robotic_arm_v3_config/share/robotic_arm_v3_config/package.xml
[10.110s] -- Installing: /home/bot/ros2_ws/install/robotic_arm_v3_config/share/robotic_arm_v3_config/launch
[10.111s] -- Installing: /home/bot/ros2_ws/install/robotic_arm_v3_config/share/robotic_arm_v3_config/launch/moveit_rviz.launch.py
[10.117s] -- Installing: /home/bot/ros2_ws/install/robotic_arm_v3_config/share/robotic_arm_v3_config/launch/static_virtual_joint_tfs.launch.py
[10.125s] -- Installing: /home/bot/ros2_ws/install/robotic_arm_v3_config/share/robotic_arm_v3_config/launch/setup_assistant.launch.py
[10.126s] -- Installing: /home/bot/ros2_ws/install/robotic_arm_v3_config/share/robotic_arm_v3_config/launch/move_group.launch.py
[10.144s] -- Installing: /home/bot/ros2_ws/install/robotic_arm_v3_config/share/robotic_arm_v3_config/launch/rsp.launch.py
[10.145s] -- Installing: /home/bot/ros2_ws/install/robotic_arm_v3_config/share/robotic_arm_v3_config/launch/warehouse_db.launch.py
[10.146s] -- Installing: /home/bot/ros2_ws/install/robotic_arm_v3_config/share/robotic_arm_v3_config/launch/spawn_controllers.launch.py
[10.147s] -- Installing: /home/bot/ros2_ws/install/robotic_arm_v3_config/share/robotic_arm_v3_config/launch/spawn_moveit
[10.156s] -- Installing: /home/bot/ros2_ws/install/robotic_arm_v3_config/share/robotic_arm_v3_config/launch/demo_with_controllers.launch.py
[10.163s] -- Installing: /home/bot/ros2_ws/install/robotic_arm_v3_config/share/robotic_arm_v3_config/launch/demo.launch.py
[10.166s] -- Installing: /home/bot/ros2_ws/install/robotic_arm_v3_config/share/robotic_arm_v3_config/config
[10.173s] -- Installing: /home/bot/ros2_ws/install/robotic_arm_v3_config/share/robotic_arm_v3_config/config/robotic_arm_model_v3.srdf
[10.180s] -- Installing: /home/bot/ros2_ws/install/robotic_arm_v3_config/share/robotic_arm_v3_config/config/joint_limits.yaml
[10.184s] -- Installing: /home/bot/ros2_ws/install/robotic_arm_v3_config/share/robotic_arm_v3_config/config/ros_gz_bridge.yaml
[10.191s] -- Installing: /home/bot/ros2_ws/install/robotic_arm_v3_config/share/robotic_arm_v3_config/config/kinematics.yaml
[10.192s] -- Installing: /home/bot/ros2_ws/install/robotic_arm_v3_config/share/robotic_arm_v3_config/config/initial_positions.yaml
[10.203s] -- Installing: /home/bot/ros2_ws/install/robotic_arm_v3_config/share/robotic_arm_v3_config/config/bridge.yaml
[10.209s] -- Installing: /home/bot/ros2_ws/install/robotic_arm_v3_config/share/robotic_arm_v3_config/config/robotic_arm_model_v3.ros2_control.xacro
[10.212s] -- Installing: /home/bot/ros2_ws/install/robotic_arm_v3_config/share/robotic_arm_v3_config/config/moveit_controllers.yaml
[10.221s] -- Installing: /home/bot/ros2_ws/install/robotic_arm_v3_config/share/robotic_arm_v3_config/config/ros2_controllers.yaml
[10.226s] -- Installing: /home/bot/ros2_ws/install/robotic_arm_v3_config/share/robotic_arm_v3_config/config/pilz_cartesian_limits.yaml
[10.229s] -- Installing: /home/bot/ros2_ws/install/robotic_arm_v3_config/share/robotic_arm_v3_config/config/moveit.rviz
[10.235s] -- Installing: /home/bot/ros2_ws/install/robotic_arm_v3_config/share/robotic_arm_v3_config/config/robotic_arm_model_v3.urdf.xacro
[10.243s] -- Installing: /home/bot/ros2_ws/install/robotic_arm_v3_config/share/robotic_arm_v3_config/.setup_assistant
[10.263s] Invoked command in '/home/bot/ros2_ws/build/robotic_arm_v3_config' returned '0': CMAKE_PREFIX_PATH=/home/bot/ros2_ws/install/robotic_arm_model_v3:/home/bot/ros2_ws/install/robotic_arm_v3_config:/home/bot/ros2_ws/install/move_program:/home/bot/ros2_ws/install/cpp_pubsub:/opt/ros/jazzy/opt/gz_math_vendor:/opt/ros/jazzy/opt/gz_utils_vendor:/opt/ros/jazzy/opt/gz_cmake_vendor:/home/bot/ros2_ws/install/pose_printer:/home/bot/ros2_ws/install/moveit_controls:/opt/ros/jazzy DEBUGINFOD_URLS=https://debuginfod.ubuntu.com /usr/bin/cmake --install /home/bot/ros2_ws/build/robotic_arm_v3_config
