[1.655s] Invoking command in '/home/andre/ros2_ws/src/interfaces/web_interface': CONDA_PROMPT_MODIFIER=(base) DEBUGINFOD_URLS=https://debuginfod.ubuntu.com PYTHONPATH=/home/andre/ros2_ws/build/web_interface/prefix_override:/usr/lib/python3/dist-packages/colcon_core/task/python/colcon_distutils_commands:/home/andre/ros2_ws/install/web_interface/lib/python3.12/site-packages:${PYTHONPATH} /usr/bin/python3 -W ignore:setup.py install is deprecated -W ignore:easy_install command is deprecated setup.py egg_info --egg-base ../../../build/web_interface build --build-base /home/andre/ros2_ws/build/web_interface/build install --record /home/andre/ros2_ws/build/web_interface/install.log --single-version-externally-managed install_data
[2.784s] running egg_info
[2.878s] writing ../../../build/web_interface/web_interface.egg-info/PKG-INFO
[2.880s] writing dependency_links to ../../../build/web_interface/web_interface.egg-info/dependency_links.txt
[2.880s] writing entry points to ../../../build/web_interface/web_interface.egg-info/entry_points.txt
[2.881s] writing requirements to ../../../build/web_interface/web_interface.egg-info/requires.txt
[2.882s] writing top-level names to ../../../build/web_interface/web_interface.egg-info/top_level.txt
[3.440s] reading manifest file '../../../build/web_interface/web_interface.egg-info/SOURCES.txt'
[3.440s] writing manifest file '../../../build/web_interface/web_interface.egg-info/SOURCES.txt'
[3.441s] running build
[3.441s] running build_py
[3.441s] running install
[3.455s] running install_lib
[3.554s] running install_data
[3.560s] running install_egg_info
[3.661s] removing '/home/andre/ros2_ws/install/web_interface/lib/python3.12/site-packages/web_interface-0.0.1-py3.12.egg-info' (and everything under it)
[3.662s] Copying ../../../build/web_interface/web_interface.egg-info to /home/andre/ros2_ws/install/web_interface/lib/python3.12/site-packages/web_interface-0.0.1-py3.12.egg-info
[3.669s] running install_scripts
[3.813s] Installing flask_server script to /home/andre/ros2_ws/install/web_interface/bin
[3.814s] writing list of installed files to '/home/andre/ros2_ws/build/web_interface/install.log'
[3.862s] Invoked command in '/home/andre/ros2_ws/src/interfaces/web_interface' returned '0': CONDA_PROMPT_MODIFIER=(base) DEBUGINFOD_URLS=https://debuginfod.ubuntu.com PYTHONPATH=/home/andre/ros2_ws/build/web_interface/prefix_override:/usr/lib/python3/dist-packages/colcon_core/task/python/colcon_distutils_commands:/home/andre/ros2_ws/install/web_interface/lib/python3.12/site-packages:${PYTHONPATH} /usr/bin/python3 -W ignore:setup.py install is deprecated -W ignore:easy_install command is deprecated setup.py egg_info --egg-base ../../../build/web_interface build --build-base /home/andre/ros2_ws/build/web_interface/build install --record /home/andre/ros2_ws/build/web_interface/install.log --single-version-externally-managed install_data
