[0.919s] DEBUG:colcon:Command line arguments: ['/usr/bin/colcon', 'build', '--cmake-args', '-DCMAKE_BUILD_TYPE=Release']
[0.920s] DEBUG:colcon:Parsed command line arguments: Namespace(log_base=None, log_level=None, verb_name='build', build_base='build', install_base='install', merge_install=False, symlink_install=False, test_result_base=None, continue_on_error=False, executor='parallel', parallel_workers=4, event_handlers=None, ignore_user_meta=False, metas=['./colcon.meta'], base_paths=['.'], packages_ignore=None, packages_ignore_regex=None, paths=None, packages_up_to=None, packages_up_to_regex=None, packages_above=None, packages_above_and_dependencies=None, packages_above_depth=None, packages_select_by_dep=None, packages_skip_by_dep=None, packages_skip_up_to=None, packages_select_build_failed=False, packages_skip_build_finished=False, packages_select_test_failures=False, packages_skip_test_passed=False, packages_select=None, packages_skip=None, packages_select_regex=None, packages_skip_regex=None, packages_start=None, packages_end=None, allow_overriding=[], cmake_args=['-DCMAKE_BUILD_TYPE=Release'], cmake_target=None, cmake_target_skip_unavailable=False, cmake_clean_cache=False, cmake_clean_first=False, cmake_force_configure=False, ament_cmake_args=None, catkin_cmake_args=None, catkin_skip_building_tests=False, mixin_files=None, mixin=None, verb_parser=<colcon_mixin.mixin.mixin_argument.MixinArgumentDecorator object at 0xffff8592c2c0>, verb_extension=<colcon_core.verb.build.BuildVerb object at 0xffff85adc980>, main=<bound method BuildVerb.main of <colcon_core.verb.build.BuildVerb object at 0xffff85adc980>>, mixin_verb=('build',))
[1.120s] Level 1:colcon.colcon_core.package_discovery:discover_packages(colcon_meta) check parameters
[1.121s] Level 1:colcon.colcon_core.package_discovery:discover_packages(recursive) check parameters
[1.121s] Level 1:colcon.colcon_core.package_discovery:discover_packages(ignore) check parameters
[1.121s] Level 1:colcon.colcon_core.package_discovery:discover_packages(path) check parameters
[1.121s] Level 1:colcon.colcon_core.package_discovery:discover_packages(colcon_meta) discover
[1.122s] Level 1:colcon.colcon_core.package_discovery:discover_packages(recursive) discover
[1.122s] INFO:colcon.colcon_core.package_discovery:Crawling recursively for packages in '/home/bot/ros2_ws'
[1.123s] Level 1:colcon.colcon_core.package_identification:_identify(.) by extensions ['ignore', 'ignore_ament_install']
[1.123s] Level 1:colcon.colcon_core.package_identification:_identify(.) by extension 'ignore'
[1.123s] Level 1:colcon.colcon_core.package_identification:_identify(.) by extension 'ignore_ament_install'
[1.124s] Level 1:colcon.colcon_core.package_identification:_identify(.) by extensions ['colcon_pkg']
[1.124s] Level 1:colcon.colcon_core.package_identification:_identify(.) by extension 'colcon_pkg'
[1.124s] Level 1:colcon.colcon_core.package_identification:_identify(.) by extensions ['colcon_meta']
[1.124s] Level 1:colcon.colcon_core.package_identification:_identify(.) by extension 'colcon_meta'
[1.124s] Level 1:colcon.colcon_core.package_identification:_identify(.) by extensions ['ros']
[1.125s] Level 1:colcon.colcon_core.package_identification:_identify(.) by extension 'ros'
[1.230s] Level 1:colcon.colcon_core.package_identification:_identify(.) by extensions ['cmake', 'python']
[1.230s] Level 1:colcon.colcon_core.package_identification:_identify(.) by extension 'cmake'
[1.231s] Level 1:colcon.colcon_core.package_identification:_identify(.) by extension 'python'
[1.231s] Level 1:colcon.colcon_core.package_identification:_identify(.) by extensions ['python_setup_py']
[1.231s] Level 1:colcon.colcon_core.package_identification:_identify(.) by extension 'python_setup_py'
[1.232s] Level 1:colcon.colcon_core.package_identification:_identify(build) by extensions ['ignore', 'ignore_ament_install']
[1.232s] Level 1:colcon.colcon_core.package_identification:_identify(build) by extension 'ignore'
[1.232s] Level 1:colcon.colcon_core.package_identification:_identify(build) ignored
[1.233s] Level 1:colcon.colcon_core.package_identification:_identify(install) by extensions ['ignore', 'ignore_ament_install']
[1.233s] Level 1:colcon.colcon_core.package_identification:_identify(install) by extension 'ignore'
[1.234s] Level 1:colcon.colcon_core.package_identification:_identify(install) ignored
[1.235s] Level 1:colcon.colcon_core.package_identification:_identify(log) by extensions ['ignore', 'ignore_ament_install']
[1.236s] Level 1:colcon.colcon_core.package_identification:_identify(log) by extension 'ignore'
[1.236s] Level 1:colcon.colcon_core.package_identification:_identify(log) ignored
[1.237s] Level 1:colcon.colcon_core.package_identification:_identify(src) by extensions ['ignore', 'ignore_ament_install']
[1.237s] Level 1:colcon.colcon_core.package_identification:_identify(src) by extension 'ignore'
[1.237s] Level 1:colcon.colcon_core.package_identification:_identify(src) by extension 'ignore_ament_install'
[1.238s] Level 1:colcon.colcon_core.package_identification:_identify(src) by extensions ['colcon_pkg']
[1.238s] Level 1:colcon.colcon_core.package_identification:_identify(src) by extension 'colcon_pkg'
[1.238s] Level 1:colcon.colcon_core.package_identification:_identify(src) by extensions ['colcon_meta']
[1.238s] Level 1:colcon.colcon_core.package_identification:_identify(src) by extension 'colcon_meta'
[1.238s] Level 1:colcon.colcon_core.package_identification:_identify(src) by extensions ['ros']
[1.238s] Level 1:colcon.colcon_core.package_identification:_identify(src) by extension 'ros'
[1.239s] Level 1:colcon.colcon_core.package_identification:_identify(src) by extensions ['cmake', 'python']
[1.239s] Level 1:colcon.colcon_core.package_identification:_identify(src) by extension 'cmake'
[1.239s] Level 1:colcon.colcon_core.package_identification:_identify(src) by extension 'python'
[1.239s] Level 1:colcon.colcon_core.package_identification:_identify(src) by extensions ['python_setup_py']
[1.239s] Level 1:colcon.colcon_core.package_identification:_identify(src) by extension 'python_setup_py'
[1.240s] Level 1:colcon.colcon_core.package_identification:_identify(src/build) by extensions ['ignore', 'ignore_ament_install']
[1.240s] Level 1:colcon.colcon_core.package_identification:_identify(src/build) by extension 'ignore'
[1.241s] Level 1:colcon.colcon_core.package_identification:_identify(src/build) ignored
[1.241s] Level 1:colcon.colcon_core.package_identification:_identify(src/cpp_pubsub) by extensions ['ignore', 'ignore_ament_install']
[1.241s] Level 1:colcon.colcon_core.package_identification:_identify(src/cpp_pubsub) by extension 'ignore'
[1.242s] Level 1:colcon.colcon_core.package_identification:_identify(src/cpp_pubsub) by extension 'ignore_ament_install'
[1.242s] Level 1:colcon.colcon_core.package_identification:_identify(src/cpp_pubsub) by extensions ['colcon_pkg']
[1.242s] Level 1:colcon.colcon_core.package_identification:_identify(src/cpp_pubsub) by extension 'colcon_pkg'
[1.242s] Level 1:colcon.colcon_core.package_identification:_identify(src/cpp_pubsub) by extensions ['colcon_meta']
[1.242s] Level 1:colcon.colcon_core.package_identification:_identify(src/cpp_pubsub) by extension 'colcon_meta'
[1.243s] Level 1:colcon.colcon_core.package_identification:_identify(src/cpp_pubsub) by extensions ['ros']
[1.243s] Level 1:colcon.colcon_core.package_identification:_identify(src/cpp_pubsub) by extension 'ros'
[1.251s] DEBUG:colcon.colcon_core.package_identification:Package 'src/cpp_pubsub' with type 'ros.ament_cmake' and name 'cpp_pubsub'
[1.252s] Level 1:colcon.colcon_core.package_identification:_identify(src/esp32_controller) by extensions ['ignore', 'ignore_ament_install']
[1.252s] Level 1:colcon.colcon_core.package_identification:_identify(src/esp32_controller) by extension 'ignore'
[1.253s] Level 1:colcon.colcon_core.package_identification:_identify(src/esp32_controller) by extension 'ignore_ament_install'
[1.253s] Level 1:colcon.colcon_core.package_identification:_identify(src/esp32_controller) by extensions ['colcon_pkg']
[1.253s] Level 1:colcon.colcon_core.package_identification:_identify(src/esp32_controller) by extension 'colcon_pkg'
[1.254s] Level 1:colcon.colcon_core.package_identification:_identify(src/esp32_controller) by extensions ['colcon_meta']
[1.254s] Level 1:colcon.colcon_core.package_identification:_identify(src/esp32_controller) by extension 'colcon_meta'
[1.254s] Level 1:colcon.colcon_core.package_identification:_identify(src/esp32_controller) by extensions ['ros']
[1.254s] Level 1:colcon.colcon_core.package_identification:_identify(src/esp32_controller) by extension 'ros'
[1.257s] DEBUG:colcon.colcon_core.package_identification:Package 'src/esp32_controller' with type 'ros.ament_cmake' and name 'esp32_controller'
[1.258s] Level 1:colcon.colcon_core.package_identification:_identify(src/imu_controller) by extensions ['ignore', 'ignore_ament_install']
[1.258s] Level 1:colcon.colcon_core.package_identification:_identify(src/imu_controller) by extension 'ignore'
[1.258s] Level 1:colcon.colcon_core.package_identification:_identify(src/imu_controller) by extension 'ignore_ament_install'
[1.259s] Level 1:colcon.colcon_core.package_identification:_identify(src/imu_controller) by extensions ['colcon_pkg']
[1.259s] Level 1:colcon.colcon_core.package_identification:_identify(src/imu_controller) by extension 'colcon_pkg'
[1.259s] Level 1:colcon.colcon_core.package_identification:_identify(src/imu_controller) by extensions ['colcon_meta']
[1.259s] Level 1:colcon.colcon_core.package_identification:_identify(src/imu_controller) by extension 'colcon_meta'
[1.259s] Level 1:colcon.colcon_core.package_identification:_identify(src/imu_controller) by extensions ['ros']
[1.259s] Level 1:colcon.colcon_core.package_identification:_identify(src/imu_controller) by extension 'ros'
[1.262s] DEBUG:colcon.colcon_core.package_identification:Package 'src/imu_controller' with type 'ros.ament_cmake' and name 'imu_controller'
[1.262s] Level 1:colcon.colcon_core.package_identification:_identify(src/install) by extensions ['ignore', 'ignore_ament_install']
[1.263s] Level 1:colcon.colcon_core.package_identification:_identify(src/install) by extension 'ignore'
[1.263s] Level 1:colcon.colcon_core.package_identification:_identify(src/install) ignored
[1.264s] Level 1:colcon.colcon_core.package_identification:_identify(src/log) by extensions ['ignore', 'ignore_ament_install']
[1.264s] Level 1:colcon.colcon_core.package_identification:_identify(src/log) by extension 'ignore'
[1.264s] Level 1:colcon.colcon_core.package_identification:_identify(src/log) ignored
[1.265s] Level 1:colcon.colcon_core.package_identification:_identify(src/move_program) by extensions ['ignore', 'ignore_ament_install']
[1.265s] Level 1:colcon.colcon_core.package_identification:_identify(src/move_program) by extension 'ignore'
[1.265s] Level 1:colcon.colcon_core.package_identification:_identify(src/move_program) by extension 'ignore_ament_install'
[1.266s] Level 1:colcon.colcon_core.package_identification:_identify(src/move_program) by extensions ['colcon_pkg']
[1.266s] Level 1:colcon.colcon_core.package_identification:_identify(src/move_program) by extension 'colcon_pkg'
[1.266s] Level 1:colcon.colcon_core.package_identification:_identify(src/move_program) by extensions ['colcon_meta']
[1.266s] Level 1:colcon.colcon_core.package_identification:_identify(src/move_program) by extension 'colcon_meta'
[1.266s] Level 1:colcon.colcon_core.package_identification:_identify(src/move_program) by extensions ['ros']
[1.266s] Level 1:colcon.colcon_core.package_identification:_identify(src/move_program) by extension 'ros'
[1.269s] DEBUG:colcon.colcon_core.package_identification:Package 'src/move_program' with type 'ros.ament_cmake' and name 'move_program'
[1.269s] Level 1:colcon.colcon_core.package_identification:_identify(src/moveit_controls) by extensions ['ignore', 'ignore_ament_install']
[1.270s] Level 1:colcon.colcon_core.package_identification:_identify(src/moveit_controls) by extension 'ignore'
[1.270s] Level 1:colcon.colcon_core.package_identification:_identify(src/moveit_controls) by extension 'ignore_ament_install'
[1.270s] Level 1:colcon.colcon_core.package_identification:_identify(src/moveit_controls) by extensions ['colcon_pkg']
[1.271s] Level 1:colcon.colcon_core.package_identification:_identify(src/moveit_controls) by extension 'colcon_pkg'
[1.271s] Level 1:colcon.colcon_core.package_identification:_identify(src/moveit_controls) by extensions ['colcon_meta']
[1.271s] Level 1:colcon.colcon_core.package_identification:_identify(src/moveit_controls) by extension 'colcon_meta'
[1.271s] Level 1:colcon.colcon_core.package_identification:_identify(src/moveit_controls) by extensions ['ros']
[1.271s] Level 1:colcon.colcon_core.package_identification:_identify(src/moveit_controls) by extension 'ros'
[1.273s] DEBUG:colcon.colcon_core.package_identification:Package 'src/moveit_controls' with type 'ros.ament_python' and name 'moveit_controls'
[1.274s] Level 1:colcon.colcon_core.package_identification:_identify(src/mqtt_imu) by extensions ['ignore', 'ignore_ament_install']
[1.274s] Level 1:colcon.colcon_core.package_identification:_identify(src/mqtt_imu) by extension 'ignore'
[1.275s] Level 1:colcon.colcon_core.package_identification:_identify(src/mqtt_imu) by extension 'ignore_ament_install'
[1.275s] Level 1:colcon.colcon_core.package_identification:_identify(src/mqtt_imu) by extensions ['colcon_pkg']
[1.275s] Level 1:colcon.colcon_core.package_identification:_identify(src/mqtt_imu) by extension 'colcon_pkg'
[1.275s] Level 1:colcon.colcon_core.package_identification:_identify(src/mqtt_imu) by extensions ['colcon_meta']
[1.276s] Level 1:colcon.colcon_core.package_identification:_identify(src/mqtt_imu) by extension 'colcon_meta'
[1.276s] Level 1:colcon.colcon_core.package_identification:_identify(src/mqtt_imu) by extensions ['ros']
[1.276s] Level 1:colcon.colcon_core.package_identification:_identify(src/mqtt_imu) by extension 'ros'
[1.278s] DEBUG:colcon.colcon_core.package_identification:Package 'src/mqtt_imu' with type 'ros.ament_python' and name 'mqtt_imu'
[1.278s] Level 1:colcon.colcon_core.package_identification:_identify(src/pose_printer) by extensions ['ignore', 'ignore_ament_install']
[1.279s] Level 1:colcon.colcon_core.package_identification:_identify(src/pose_printer) by extension 'ignore'
[1.279s] Level 1:colcon.colcon_core.package_identification:_identify(src/pose_printer) by extension 'ignore_ament_install'
[1.280s] Level 1:colcon.colcon_core.package_identification:_identify(src/pose_printer) by extensions ['colcon_pkg']
[1.280s] Level 1:colcon.colcon_core.package_identification:_identify(src/pose_printer) by extension 'colcon_pkg'
[1.280s] Level 1:colcon.colcon_core.package_identification:_identify(src/pose_printer) by extensions ['colcon_meta']
[1.280s] Level 1:colcon.colcon_core.package_identification:_identify(src/pose_printer) by extension 'colcon_meta'
[1.280s] Level 1:colcon.colcon_core.package_identification:_identify(src/pose_printer) by extensions ['ros']
[1.280s] Level 1:colcon.colcon_core.package_identification:_identify(src/pose_printer) by extension 'ros'
[1.283s] DEBUG:colcon.colcon_core.package_identification:Package 'src/pose_printer' with type 'ros.ament_python' and name 'pose_printer'
[1.284s] Level 1:colcon.colcon_core.package_identification:_identify(src/realsense-ros) by extensions ['ignore', 'ignore_ament_install']
[1.284s] Level 1:colcon.colcon_core.package_identification:_identify(src/realsense-ros) by extension 'ignore'
[1.284s] Level 1:colcon.colcon_core.package_identification:_identify(src/realsense-ros) by extension 'ignore_ament_install'
[1.285s] Level 1:colcon.colcon_core.package_identification:_identify(src/realsense-ros) by extensions ['colcon_pkg']
[1.285s] Level 1:colcon.colcon_core.package_identification:_identify(src/realsense-ros) by extension 'colcon_pkg'
[1.285s] Level 1:colcon.colcon_core.package_identification:_identify(src/realsense-ros) by extensions ['colcon_meta']
[1.285s] Level 1:colcon.colcon_core.package_identification:_identify(src/realsense-ros) by extension 'colcon_meta'
[1.285s] Level 1:colcon.colcon_core.package_identification:_identify(src/realsense-ros) by extensions ['ros']
[1.285s] Level 1:colcon.colcon_core.package_identification:_identify(src/realsense-ros) by extension 'ros'
[1.286s] Level 1:colcon.colcon_core.package_identification:_identify(src/realsense-ros) by extensions ['cmake', 'python']
[1.286s] Level 1:colcon.colcon_core.package_identification:_identify(src/realsense-ros) by extension 'cmake'
[1.286s] Level 1:colcon.colcon_core.package_identification:_identify(src/realsense-ros) by extension 'python'
[1.287s] Level 1:colcon.colcon_core.package_identification:_identify(src/realsense-ros) by extensions ['python_setup_py']
[1.287s] Level 1:colcon.colcon_core.package_identification:_identify(src/realsense-ros) by extension 'python_setup_py'
[1.287s] Level 1:colcon.colcon_core.package_identification:_identify(src/realsense-ros/realsense2_camera) by extensions ['ignore', 'ignore_ament_install']
[1.288s] Level 1:colcon.colcon_core.package_identification:_identify(src/realsense-ros/realsense2_camera) by extension 'ignore'
[1.288s] Level 1:colcon.colcon_core.package_identification:_identify(src/realsense-ros/realsense2_camera) by extension 'ignore_ament_install'
[1.288s] Level 1:colcon.colcon_core.package_identification:_identify(src/realsense-ros/realsense2_camera) by extensions ['colcon_pkg']
[1.289s] Level 1:colcon.colcon_core.package_identification:_identify(src/realsense-ros/realsense2_camera) by extension 'colcon_pkg'
[1.289s] Level 1:colcon.colcon_core.package_identification:_identify(src/realsense-ros/realsense2_camera) by extensions ['colcon_meta']
[1.289s] Level 1:colcon.colcon_core.package_identification:_identify(src/realsense-ros/realsense2_camera) by extension 'colcon_meta'
[1.289s] Level 1:colcon.colcon_core.package_identification:_identify(src/realsense-ros/realsense2_camera) by extensions ['ros']
[1.289s] Level 1:colcon.colcon_core.package_identification:_identify(src/realsense-ros/realsense2_camera) by extension 'ros'
[1.316s] DEBUG:colcon.colcon_core.package_identification:Package 'src/realsense-ros/realsense2_camera' with type 'ros.ament_cmake' and name 'realsense2_camera'
[1.317s] Level 1:colcon.colcon_core.package_identification:_identify(src/realsense-ros/realsense2_camera_msgs) by extensions ['ignore', 'ignore_ament_install']
[1.318s] Level 1:colcon.colcon_core.package_identification:_identify(src/realsense-ros/realsense2_camera_msgs) by extension 'ignore'
[1.318s] Level 1:colcon.colcon_core.package_identification:_identify(src/realsense-ros/realsense2_camera_msgs) by extension 'ignore_ament_install'
[1.318s] Level 1:colcon.colcon_core.package_identification:_identify(src/realsense-ros/realsense2_camera_msgs) by extensions ['colcon_pkg']
[1.319s] Level 1:colcon.colcon_core.package_identification:_identify(src/realsense-ros/realsense2_camera_msgs) by extension 'colcon_pkg'
[1.319s] Level 1:colcon.colcon_core.package_identification:_identify(src/realsense-ros/realsense2_camera_msgs) by extensions ['colcon_meta']
[1.319s] Level 1:colcon.colcon_core.package_identification:_identify(src/realsense-ros/realsense2_camera_msgs) by extension 'colcon_meta'
[1.319s] Level 1:colcon.colcon_core.package_identification:_identify(src/realsense-ros/realsense2_camera_msgs) by extensions ['ros']
[1.319s] Level 1:colcon.colcon_core.package_identification:_identify(src/realsense-ros/realsense2_camera_msgs) by extension 'ros'
[1.321s] DEBUG:colcon.colcon_core.package_identification:Package 'src/realsense-ros/realsense2_camera_msgs' with type 'ros.ament_cmake' and name 'realsense2_camera_msgs'
[1.322s] Level 1:colcon.colcon_core.package_identification:_identify(src/realsense-ros/realsense2_description) by extensions ['ignore', 'ignore_ament_install']
[1.323s] Level 1:colcon.colcon_core.package_identification:_identify(src/realsense-ros/realsense2_description) by extension 'ignore'
[1.323s] Level 1:colcon.colcon_core.package_identification:_identify(src/realsense-ros/realsense2_description) by extension 'ignore_ament_install'
[1.323s] Level 1:colcon.colcon_core.package_identification:_identify(src/realsense-ros/realsense2_description) by extensions ['colcon_pkg']
[1.323s] Level 1:colcon.colcon_core.package_identification:_identify(src/realsense-ros/realsense2_description) by extension 'colcon_pkg'
[1.324s] Level 1:colcon.colcon_core.package_identification:_identify(src/realsense-ros/realsense2_description) by extensions ['colcon_meta']
[1.324s] Level 1:colcon.colcon_core.package_identification:_identify(src/realsense-ros/realsense2_description) by extension 'colcon_meta'
[1.324s] Level 1:colcon.colcon_core.package_identification:_identify(src/realsense-ros/realsense2_description) by extensions ['ros']
[1.324s] Level 1:colcon.colcon_core.package_identification:_identify(src/realsense-ros/realsense2_description) by extension 'ros'
[1.327s] DEBUG:colcon.colcon_core.package_identification:Package 'src/realsense-ros/realsense2_description' with type 'ros.ament_cmake' and name 'realsense2_description'
[1.327s] Level 1:colcon.colcon_core.package_identification:_identify(src/realsense-ros/realsense2_rgbd_plugin) by extensions ['ignore', 'ignore_ament_install']
[1.328s] Level 1:colcon.colcon_core.package_identification:_identify(src/realsense-ros/realsense2_rgbd_plugin) by extension 'ignore'
[1.328s] Level 1:colcon.colcon_core.package_identification:_identify(src/realsense-ros/realsense2_rgbd_plugin) by extension 'ignore_ament_install'
[1.328s] Level 1:colcon.colcon_core.package_identification:_identify(src/realsense-ros/realsense2_rgbd_plugin) by extensions ['colcon_pkg']
[1.328s] Level 1:colcon.colcon_core.package_identification:_identify(src/realsense-ros/realsense2_rgbd_plugin) by extension 'colcon_pkg'
[1.329s] Level 1:colcon.colcon_core.package_identification:_identify(src/realsense-ros/realsense2_rgbd_plugin) by extensions ['colcon_meta']
[1.329s] Level 1:colcon.colcon_core.package_identification:_identify(src/realsense-ros/realsense2_rgbd_plugin) by extension 'colcon_meta'
[1.329s] Level 1:colcon.colcon_core.package_identification:_identify(src/realsense-ros/realsense2_rgbd_plugin) by extensions ['ros']
[1.329s] Level 1:colcon.colcon_core.package_identification:_identify(src/realsense-ros/realsense2_rgbd_plugin) by extension 'ros'
[1.332s] DEBUG:colcon.colcon_core.package_identification:Package 'src/realsense-ros/realsense2_rgbd_plugin' with type 'ros.ament_cmake' and name 'realsense2_rviz_plugin'
[1.333s] Level 1:colcon.colcon_core.package_identification:_identify(src/realsense-ros/realsense2_ros_mqtt_bridge) by extensions ['ignore', 'ignore_ament_install']
[1.333s] Level 1:colcon.colcon_core.package_identification:_identify(src/realsense-ros/realsense2_ros_mqtt_bridge) by extension 'ignore'
[1.334s] Level 1:colcon.colcon_core.package_identification:_identify(src/realsense-ros/realsense2_ros_mqtt_bridge) by extension 'ignore_ament_install'
[1.334s] Level 1:colcon.colcon_core.package_identification:_identify(src/realsense-ros/realsense2_ros_mqtt_bridge) by extensions ['colcon_pkg']
[1.334s] Level 1:colcon.colcon_core.package_identification:_identify(src/realsense-ros/realsense2_ros_mqtt_bridge) by extension 'colcon_pkg'
[1.335s] Level 1:colcon.colcon_core.package_identification:_identify(src/realsense-ros/realsense2_ros_mqtt_bridge) by extensions ['colcon_meta']
[1.335s] Level 1:colcon.colcon_core.package_identification:_identify(src/realsense-ros/realsense2_ros_mqtt_bridge) by extension 'colcon_meta'
[1.335s] Level 1:colcon.colcon_core.package_identification:_identify(src/realsense-ros/realsense2_ros_mqtt_bridge) by extensions ['ros']
[1.335s] Level 1:colcon.colcon_core.package_identification:_identify(src/realsense-ros/realsense2_ros_mqtt_bridge) by extension 'ros'
[1.337s] DEBUG:colcon.colcon_core.package_identification:Package 'src/realsense-ros/realsense2_ros_mqtt_bridge' with type 'ros.ament_python' and name 'realsense2_ros_mqtt_bridge'
[1.337s] Level 1:colcon.colcon_core.package_identification:_identify(src/realsense-ros/res) by extensions ['ignore', 'ignore_ament_install']
[1.338s] Level 1:colcon.colcon_core.package_identification:_identify(src/realsense-ros/res) by extension 'ignore'
[1.338s] Level 1:colcon.colcon_core.package_identification:_identify(src/realsense-ros/res) by extension 'ignore_ament_install'
[1.338s] Level 1:colcon.colcon_core.package_identification:_identify(src/realsense-ros/res) by extensions ['colcon_pkg']
[1.338s] Level 1:colcon.colcon_core.package_identification:_identify(src/realsense-ros/res) by extension 'colcon_pkg'
[1.339s] Level 1:colcon.colcon_core.package_identification:_identify(src/realsense-ros/res) by extensions ['colcon_meta']
[1.339s] Level 1:colcon.colcon_core.package_identification:_identify(src/realsense-ros/res) by extension 'colcon_meta'
[1.339s] Level 1:colcon.colcon_core.package_identification:_identify(src/realsense-ros/res) by extensions ['ros']
[1.339s] Level 1:colcon.colcon_core.package_identification:_identify(src/realsense-ros/res) by extension 'ros'
[1.340s] Level 1:colcon.colcon_core.package_identification:_identify(src/realsense-ros/res) by extensions ['cmake', 'python']
[1.340s] Level 1:colcon.colcon_core.package_identification:_identify(src/realsense-ros/res) by extension 'cmake'
[1.340s] Level 1:colcon.colcon_core.package_identification:_identify(src/realsense-ros/res) by extension 'python'
[1.340s] Level 1:colcon.colcon_core.package_identification:_identify(src/realsense-ros/res) by extensions ['python_setup_py']
[1.340s] Level 1:colcon.colcon_core.package_identification:_identify(src/realsense-ros/res) by extension 'python_setup_py'
[1.341s] Level 1:colcon.colcon_core.package_identification:_identify(src/realsense-ros/scripts) by extensions ['ignore', 'ignore_ament_install']
[1.341s] Level 1:colcon.colcon_core.package_identification:_identify(src/realsense-ros/scripts) by extension 'ignore'
[1.341s] Level 1:colcon.colcon_core.package_identification:_identify(src/realsense-ros/scripts) by extension 'ignore_ament_install'
[1.342s] Level 1:colcon.colcon_core.package_identification:_identify(src/realsense-ros/scripts) by extensions ['colcon_pkg']
[1.342s] Level 1:colcon.colcon_core.package_identification:_identify(src/realsense-ros/scripts) by extension 'colcon_pkg'
[1.342s] Level 1:colcon.colcon_core.package_identification:_identify(src/realsense-ros/scripts) by extensions ['colcon_meta']
[1.342s] Level 1:colcon.colcon_core.package_identification:_identify(src/realsense-ros/scripts) by extension 'colcon_meta'
[1.342s] Level 1:colcon.colcon_core.package_identification:_identify(src/realsense-ros/scripts) by extensions ['ros']
[1.343s] Level 1:colcon.colcon_core.package_identification:_identify(src/realsense-ros/scripts) by extension 'ros'
[1.343s] Level 1:colcon.colcon_core.package_identification:_identify(src/realsense-ros/scripts) by extensions ['cmake', 'python']
[1.343s] Level 1:colcon.colcon_core.package_identification:_identify(src/realsense-ros/scripts) by extension 'cmake'
[1.343s] Level 1:colcon.colcon_core.package_identification:_identify(src/realsense-ros/scripts) by extension 'python'
[1.344s] Level 1:colcon.colcon_core.package_identification:_identify(src/realsense-ros/scripts) by extensions ['python_setup_py']
[1.344s] Level 1:colcon.colcon_core.package_identification:_identify(src/realsense-ros/scripts) by extension 'python_setup_py'
[1.344s] Level 1:colcon.colcon_core.package_identification:_identify(src/robotic_arm_config) by extensions ['ignore', 'ignore_ament_install']
[1.345s] Level 1:colcon.colcon_core.package_identification:_identify(src/robotic_arm_config) by extension 'ignore'
[1.345s] Level 1:colcon.colcon_core.package_identification:_identify(src/robotic_arm_config) by extension 'ignore_ament_install'
[1.345s] Level 1:colcon.colcon_core.package_identification:_identify(src/robotic_arm_config) by extensions ['colcon_pkg']
[1.345s] Level 1:colcon.colcon_core.package_identification:_identify(src/robotic_arm_config) by extension 'colcon_pkg'
[1.346s] Level 1:colcon.colcon_core.package_identification:_identify(src/robotic_arm_config) by extensions ['colcon_meta']
[1.346s] Level 1:colcon.colcon_core.package_identification:_identify(src/robotic_arm_config) by extension 'colcon_meta'
[1.346s] Level 1:colcon.colcon_core.package_identification:_identify(src/robotic_arm_config) by extensions ['ros']
[1.346s] Level 1:colcon.colcon_core.package_identification:_identify(src/robotic_arm_config) by extension 'ros'
[1.349s] DEBUG:colcon.colcon_core.package_identification:Package 'src/robotic_arm_config' with type 'ros.ament_cmake' and name 'robotic_arm_config'
[1.350s] Level 1:colcon.colcon_core.package_identification:_identify(src/robotic_arm_model_v3) by extensions ['ignore', 'ignore_ament_install']
[1.350s] Level 1:colcon.colcon_core.package_identification:_identify(src/robotic_arm_model_v3) by extension 'ignore'
[1.351s] Level 1:colcon.colcon_core.package_identification:_identify(src/robotic_arm_model_v3) by extension 'ignore_ament_install'
[1.351s] Level 1:colcon.colcon_core.package_identification:_identify(src/robotic_arm_model_v3) by extensions ['colcon_pkg']
[1.351s] Level 1:colcon.colcon_core.package_identification:_identify(src/robotic_arm_model_v3) by extension 'colcon_pkg'
[1.351s] Level 1:colcon.colcon_core.package_identification:_identify(src/robotic_arm_model_v3) by extensions ['colcon_meta']
[1.351s] Level 1:colcon.colcon_core.package_identification:_identify(src/robotic_arm_model_v3) by extension 'colcon_meta'
[1.352s] Level 1:colcon.colcon_core.package_identification:_identify(src/robotic_arm_model_v3) by extensions ['ros']
[1.352s] Level 1:colcon.colcon_core.package_identification:_identify(src/robotic_arm_model_v3) by extension 'ros'
[1.353s] DEBUG:colcon.colcon_core.package_identification:Package 'src/robotic_arm_model_v3' with type 'ros.ament_cmake' and name 'robotic_arm_model_v3'
[1.354s] Level 1:colcon.colcon_core.package_identification:_identify(src/robotic_arm_moveit) by extensions ['ignore', 'ignore_ament_install']
[1.354s] Level 1:colcon.colcon_core.package_identification:_identify(src/robotic_arm_moveit) by extension 'ignore'
[1.355s] Level 1:colcon.colcon_core.package_identification:_identify(src/robotic_arm_moveit) by extension 'ignore_ament_install'
[1.355s] Level 1:colcon.colcon_core.package_identification:_identify(src/robotic_arm_moveit) by extensions ['colcon_pkg']
[1.355s] Level 1:colcon.colcon_core.package_identification:_identify(src/robotic_arm_moveit) by extension 'colcon_pkg'
[1.356s] Level 1:colcon.colcon_core.package_identification:_identify(src/robotic_arm_moveit) by extensions ['colcon_meta']
[1.356s] Level 1:colcon.colcon_core.package_identification:_identify(src/robotic_arm_moveit) by extension 'colcon_meta'
[1.356s] Level 1:colcon.colcon_core.package_identification:_identify(src/robotic_arm_moveit) by extensions ['ros']
[1.356s] Level 1:colcon.colcon_core.package_identification:_identify(src/robotic_arm_moveit) by extension 'ros'
[1.358s] DEBUG:colcon.colcon_core.package_identification:Package 'src/robotic_arm_moveit' with type 'ros.ament_cmake' and name 'robotic_arm_moveit'
[1.359s] Level 1:colcon.colcon_core.package_identification:_identify(src/robotic_arm_v3_config) by extensions ['ignore', 'ignore_ament_install']
[1.359s] Level 1:colcon.colcon_core.package_identification:_identify(src/robotic_arm_v3_config) by extension 'ignore'
[1.360s] Level 1:colcon.colcon_core.package_identification:_identify(src/robotic_arm_v3_config) by extension 'ignore_ament_install'
[1.360s] Level 1:colcon.colcon_core.package_identification:_identify(src/robotic_arm_v3_config) by extensions ['colcon_pkg']
[1.360s] Level 1:colcon.colcon_core.package_identification:_identify(src/robotic_arm_v3_config) by extension 'colcon_pkg'
[1.360s] Level 1:colcon.colcon_core.package_identification:_identify(src/robotic_arm_v3_config) by extensions ['colcon_meta']
[1.361s] Level 1:colcon.colcon_core.package_identification:_identify(src/robotic_arm_v3_config) by extension 'colcon_meta'
[1.361s] Level 1:colcon.colcon_core.package_identification:_identify(src/robotic_arm_v3_config) by extensions ['ros']
[1.361s] Level 1:colcon.colcon_core.package_identification:_identify(src/robotic_arm_v3_config) by extension 'ros'
[1.364s] DEBUG:colcon.colcon_core.package_identification:Package 'src/robotic_arm_v3_config' with type 'ros.ament_cmake' and name 'robotic_arm_v3_config'
[1.364s] Level 1:colcon.colcon_core.package_identification:_identify(src/ros_gz) by extensions ['ignore', 'ignore_ament_install']
[1.364s] Level 1:colcon.colcon_core.package_identification:_identify(src/ros_gz) by extension 'ignore'
[1.365s] Level 1:colcon.colcon_core.package_identification:_identify(src/ros_gz) by extension 'ignore_ament_install'
[1.365s] Level 1:colcon.colcon_core.package_identification:_identify(src/ros_gz) by extensions ['colcon_pkg']
[1.365s] Level 1:colcon.colcon_core.package_identification:_identify(src/ros_gz) by extension 'colcon_pkg'
[1.366s] Level 1:colcon.colcon_core.package_identification:_identify(src/ros_gz) by extensions ['colcon_meta']
[1.366s] Level 1:colcon.colcon_core.package_identification:_identify(src/ros_gz) by extension 'colcon_meta'
[1.366s] Level 1:colcon.colcon_core.package_identification:_identify(src/ros_gz) by extensions ['ros']
[1.366s] Level 1:colcon.colcon_core.package_identification:_identify(src/ros_gz) by extension 'ros'
[1.366s] Level 1:colcon.colcon_core.package_identification:_identify(src/ros_gz) by extensions ['cmake', 'python']
[1.367s] Level 1:colcon.colcon_core.package_identification:_identify(src/ros_gz) by extension 'cmake'
[1.367s] Level 1:colcon.colcon_core.package_identification:_identify(src/ros_gz) by extension 'python'
[1.367s] Level 1:colcon.colcon_core.package_identification:_identify(src/ros_gz) by extensions ['python_setup_py']
[1.367s] Level 1:colcon.colcon_core.package_identification:_identify(src/ros_gz) by extension 'python_setup_py'
[1.367s] Level 1:colcon.colcon_core.package_discovery:discover_packages(recursive) using defaults
[1.368s] Level 1:colcon.colcon_core.package_discovery:discover_packages(ignore) discover
[1.368s] Level 1:colcon.colcon_core.package_discovery:discover_packages(ignore) using defaults
[1.368s] Level 1:colcon.colcon_core.package_discovery:discover_packages(path) discover
[1.368s] Level 1:colcon.colcon_core.package_discovery:discover_packages(path) using defaults
[1.513s] Level 1:colcon.colcon_core.package_discovery:discover_packages(prefix_path) check parameters
[1.513s] Level 1:colcon.colcon_core.package_discovery:discover_packages(prefix_path) discover
[1.543s] DEBUG:colcon.colcon_installed_package_information.package_discovery:Found 380 installed packages in /opt/ros/jazzy
[1.548s] Level 1:colcon.colcon_core.package_discovery:discover_packages(prefix_path) using defaults
[1.805s] Level 5:colcon.colcon_core.verb:set package 'cpp_pubsub' build argument 'cmake_args' from command line to '['-DCMAKE_BUILD_TYPE=Release']'
[1.805s] Level 5:colcon.colcon_core.verb:set package 'cpp_pubsub' build argument 'cmake_target' from command line to 'None'
[1.805s] Level 5:colcon.colcon_core.verb:set package 'cpp_pubsub' build argument 'cmake_target_skip_unavailable' from command line to 'False'
[1.805s] Level 5:colcon.colcon_core.verb:set package 'cpp_pubsub' build argument 'cmake_clean_cache' from command line to 'False'
[1.806s] Level 5:colcon.colcon_core.verb:set package 'cpp_pubsub' build argument 'cmake_clean_first' from command line to 'False'
[1.806s] Level 5:colcon.colcon_core.verb:set package 'cpp_pubsub' build argument 'cmake_force_configure' from command line to 'False'
[1.806s] Level 5:colcon.colcon_core.verb:set package 'cpp_pubsub' build argument 'ament_cmake_args' from command line to 'None'
[1.806s] Level 5:colcon.colcon_core.verb:set package 'cpp_pubsub' build argument 'catkin_cmake_args' from command line to 'None'
[1.806s] Level 5:colcon.colcon_core.verb:set package 'cpp_pubsub' build argument 'catkin_skip_building_tests' from command line to 'False'
[1.806s] DEBUG:colcon.colcon_core.verb:Building package 'cpp_pubsub' with the following arguments: {'ament_cmake_args': None, 'build_base': '/home/bot/ros2_ws/build/cpp_pubsub', 'catkin_cmake_args': None, 'catkin_skip_building_tests': False, 'cmake_args': ['-DCMAKE_BUILD_TYPE=Release'], 'cmake_clean_cache': False, 'cmake_clean_first': False, 'cmake_force_configure': False, 'cmake_target': None, 'cmake_target_skip_unavailable': False, 'install_base': '/home/bot/ros2_ws/install/cpp_pubsub', 'merge_install': False, 'path': '/home/bot/ros2_ws/src/cpp_pubsub', 'symlink_install': False, 'test_result_base': None}
[1.807s] Level 5:colcon.colcon_core.verb:set package 'esp32_controller' build argument 'cmake_args' from command line to '['-DCMAKE_BUILD_TYPE=Release']'
[1.808s] Level 5:colcon.colcon_core.verb:set package 'esp32_controller' build argument 'cmake_target' from command line to 'None'
[1.808s] Level 5:colcon.colcon_core.verb:set package 'esp32_controller' build argument 'cmake_target_skip_unavailable' from command line to 'False'
[1.808s] Level 5:colcon.colcon_core.verb:set package 'esp32_controller' build argument 'cmake_clean_cache' from command line to 'False'
[1.808s] Level 5:colcon.colcon_core.verb:set package 'esp32_controller' build argument 'cmake_clean_first' from command line to 'False'
[1.808s] Level 5:colcon.colcon_core.verb:set package 'esp32_controller' build argument 'cmake_force_configure' from command line to 'False'
[1.808s] Level 5:colcon.colcon_core.verb:set package 'esp32_controller' build argument 'ament_cmake_args' from command line to 'None'
[1.808s] Level 5:colcon.colcon_core.verb:set package 'esp32_controller' build argument 'catkin_cmake_args' from command line to 'None'
[1.808s] Level 5:colcon.colcon_core.verb:set package 'esp32_controller' build argument 'catkin_skip_building_tests' from command line to 'False'
[1.809s] DEBUG:colcon.colcon_core.verb:Building package 'esp32_controller' with the following arguments: {'ament_cmake_args': None, 'build_base': '/home/bot/ros2_ws/build/esp32_controller', 'catkin_cmake_args': None, 'catkin_skip_building_tests': False, 'cmake_args': ['-DCMAKE_BUILD_TYPE=Release'], 'cmake_clean_cache': False, 'cmake_clean_first': False, 'cmake_force_configure': False, 'cmake_target': None, 'cmake_target_skip_unavailable': False, 'install_base': '/home/bot/ros2_ws/install/esp32_controller', 'merge_install': False, 'path': '/home/bot/ros2_ws/src/esp32_controller', 'symlink_install': False, 'test_result_base': None}
[1.810s] Level 5:colcon.colcon_core.verb:set package 'imu_controller' build argument 'cmake_args' from command line to '['-DCMAKE_BUILD_TYPE=Release']'
[1.810s] Level 5:colcon.colcon_core.verb:set package 'imu_controller' build argument 'cmake_target' from command line to 'None'
[1.810s] Level 5:colcon.colcon_core.verb:set package 'imu_controller' build argument 'cmake_target_skip_unavailable' from command line to 'False'
[1.810s] Level 5:colcon.colcon_core.verb:set package 'imu_controller' build argument 'cmake_clean_cache' from command line to 'False'
[1.810s] Level 5:colcon.colcon_core.verb:set package 'imu_controller' build argument 'cmake_clean_first' from command line to 'False'
[1.810s] Level 5:colcon.colcon_core.verb:set package 'imu_controller' build argument 'cmake_force_configure' from command line to 'False'
[1.811s] Level 5:colcon.colcon_core.verb:set package 'imu_controller' build argument 'ament_cmake_args' from command line to 'None'
[1.811s] Level 5:colcon.colcon_core.verb:set package 'imu_controller' build argument 'catkin_cmake_args' from command line to 'None'
[1.811s] Level 5:colcon.colcon_core.verb:set package 'imu_controller' build argument 'catkin_skip_building_tests' from command line to 'False'
[1.811s] DEBUG:colcon.colcon_core.verb:Building package 'imu_controller' with the following arguments: {'ament_cmake_args': None, 'build_base': '/home/bot/ros2_ws/build/imu_controller', 'catkin_cmake_args': None, 'catkin_skip_building_tests': False, 'cmake_args': ['-DCMAKE_BUILD_TYPE=Release'], 'cmake_clean_cache': False, 'cmake_clean_first': False, 'cmake_force_configure': False, 'cmake_target': None, 'cmake_target_skip_unavailable': False, 'install_base': '/home/bot/ros2_ws/install/imu_controller', 'merge_install': False, 'path': '/home/bot/ros2_ws/src/imu_controller', 'symlink_install': False, 'test_result_base': None}
[1.812s] Level 5:colcon.colcon_core.verb:set package 'move_program' build argument 'cmake_args' from command line to '['-DCMAKE_BUILD_TYPE=Release']'
[1.812s] Level 5:colcon.colcon_core.verb:set package 'move_program' build argument 'cmake_target' from command line to 'None'
[1.812s] Level 5:colcon.colcon_core.verb:set package 'move_program' build argument 'cmake_target_skip_unavailable' from command line to 'False'
[1.813s] Level 5:colcon.colcon_core.verb:set package 'move_program' build argument 'cmake_clean_cache' from command line to 'False'
[1.813s] Level 5:colcon.colcon_core.verb:set package 'move_program' build argument 'cmake_clean_first' from command line to 'False'
[1.813s] Level 5:colcon.colcon_core.verb:set package 'move_program' build argument 'cmake_force_configure' from command line to 'False'
[1.813s] Level 5:colcon.colcon_core.verb:set package 'move_program' build argument 'ament_cmake_args' from command line to 'None'
[1.813s] Level 5:colcon.colcon_core.verb:set package 'move_program' build argument 'catkin_cmake_args' from command line to 'None'
[1.813s] Level 5:colcon.colcon_core.verb:set package 'move_program' build argument 'catkin_skip_building_tests' from command line to 'False'
[1.813s] DEBUG:colcon.colcon_core.verb:Building package 'move_program' with the following arguments: {'ament_cmake_args': None, 'build_base': '/home/bot/ros2_ws/build/move_program', 'catkin_cmake_args': None, 'catkin_skip_building_tests': False, 'cmake_args': ['-DCMAKE_BUILD_TYPE=Release'], 'cmake_clean_cache': False, 'cmake_clean_first': False, 'cmake_force_configure': False, 'cmake_target': None, 'cmake_target_skip_unavailable': False, 'install_base': '/home/bot/ros2_ws/install/move_program', 'merge_install': False, 'path': '/home/bot/ros2_ws/src/move_program', 'symlink_install': False, 'test_result_base': None}
[1.814s] Level 5:colcon.colcon_core.verb:set package 'moveit_controls' build argument 'cmake_args' from command line to '['-DCMAKE_BUILD_TYPE=Release']'
[1.815s] Level 5:colcon.colcon_core.verb:set package 'moveit_controls' build argument 'cmake_target' from command line to 'None'
[1.815s] Level 5:colcon.colcon_core.verb:set package 'moveit_controls' build argument 'cmake_target_skip_unavailable' from command line to 'False'
[1.815s] Level 5:colcon.colcon_core.verb:set package 'moveit_controls' build argument 'cmake_clean_cache' from command line to 'False'
[1.815s] Level 5:colcon.colcon_core.verb:set package 'moveit_controls' build argument 'cmake_clean_first' from command line to 'False'
[1.815s] Level 5:colcon.colcon_core.verb:set package 'moveit_controls' build argument 'cmake_force_configure' from command line to 'False'
[1.815s] Level 5:colcon.colcon_core.verb:set package 'moveit_controls' build argument 'ament_cmake_args' from command line to 'None'
[1.815s] Level 5:colcon.colcon_core.verb:set package 'moveit_controls' build argument 'catkin_cmake_args' from command line to 'None'
[1.815s] Level 5:colcon.colcon_core.verb:set package 'moveit_controls' build argument 'catkin_skip_building_tests' from command line to 'False'
[1.815s] DEBUG:colcon.colcon_core.verb:Building package 'moveit_controls' with the following arguments: {'ament_cmake_args': None, 'build_base': '/home/bot/ros2_ws/build/moveit_controls', 'catkin_cmake_args': None, 'catkin_skip_building_tests': False, 'cmake_args': ['-DCMAKE_BUILD_TYPE=Release'], 'cmake_clean_cache': False, 'cmake_clean_first': False, 'cmake_force_configure': False, 'cmake_target': None, 'cmake_target_skip_unavailable': False, 'install_base': '/home/bot/ros2_ws/install/moveit_controls', 'merge_install': False, 'path': '/home/bot/ros2_ws/src/moveit_controls', 'symlink_install': False, 'test_result_base': None}
[1.817s] Level 5:colcon.colcon_core.verb:set package 'mqtt_imu' build argument 'cmake_args' from command line to '['-DCMAKE_BUILD_TYPE=Release']'
[1.817s] Level 5:colcon.colcon_core.verb:set package 'mqtt_imu' build argument 'cmake_target' from command line to 'None'
[1.817s] Level 5:colcon.colcon_core.verb:set package 'mqtt_imu' build argument 'cmake_target_skip_unavailable' from command line to 'False'
[1.817s] Level 5:colcon.colcon_core.verb:set package 'mqtt_imu' build argument 'cmake_clean_cache' from command line to 'False'
[1.817s] Level 5:colcon.colcon_core.verb:set package 'mqtt_imu' build argument 'cmake_clean_first' from command line to 'False'
[1.817s] Level 5:colcon.colcon_core.verb:set package 'mqtt_imu' build argument 'cmake_force_configure' from command line to 'False'
[1.817s] Level 5:colcon.colcon_core.verb:set package 'mqtt_imu' build argument 'ament_cmake_args' from command line to 'None'
[1.817s] Level 5:colcon.colcon_core.verb:set package 'mqtt_imu' build argument 'catkin_cmake_args' from command line to 'None'
[1.818s] Level 5:colcon.colcon_core.verb:set package 'mqtt_imu' build argument 'catkin_skip_building_tests' from command line to 'False'
[1.818s] DEBUG:colcon.colcon_core.verb:Building package 'mqtt_imu' with the following arguments: {'ament_cmake_args': None, 'build_base': '/home/bot/ros2_ws/build/mqtt_imu', 'catkin_cmake_args': None, 'catkin_skip_building_tests': False, 'cmake_args': ['-DCMAKE_BUILD_TYPE=Release'], 'cmake_clean_cache': False, 'cmake_clean_first': False, 'cmake_force_configure': False, 'cmake_target': None, 'cmake_target_skip_unavailable': False, 'install_base': '/home/bot/ros2_ws/install/mqtt_imu', 'merge_install': False, 'path': '/home/bot/ros2_ws/src/mqtt_imu', 'symlink_install': False, 'test_result_base': None}
[1.819s] Level 5:colcon.colcon_core.verb:set package 'pose_printer' build argument 'cmake_args' from command line to '['-DCMAKE_BUILD_TYPE=Release']'
[1.819s] Level 5:colcon.colcon_core.verb:set package 'pose_printer' build argument 'cmake_target' from command line to 'None'
[1.819s] Level 5:colcon.colcon_core.verb:set package 'pose_printer' build argument 'cmake_target_skip_unavailable' from command line to 'False'
[1.819s] Level 5:colcon.colcon_core.verb:set package 'pose_printer' build argument 'cmake_clean_cache' from command line to 'False'
[1.819s] Level 5:colcon.colcon_core.verb:set package 'pose_printer' build argument 'cmake_clean_first' from command line to 'False'
[1.819s] Level 5:colcon.colcon_core.verb:set package 'pose_printer' build argument 'cmake_force_configure' from command line to 'False'
[1.820s] Level 5:colcon.colcon_core.verb:set package 'pose_printer' build argument 'ament_cmake_args' from command line to 'None'
[1.820s] Level 5:colcon.colcon_core.verb:set package 'pose_printer' build argument 'catkin_cmake_args' from command line to 'None'
[1.820s] Level 5:colcon.colcon_core.verb:set package 'pose_printer' build argument 'catkin_skip_building_tests' from command line to 'False'
[1.820s] DEBUG:colcon.colcon_core.verb:Building package 'pose_printer' with the following arguments: {'ament_cmake_args': None, 'build_base': '/home/bot/ros2_ws/build/pose_printer', 'catkin_cmake_args': None, 'catkin_skip_building_tests': False, 'cmake_args': ['-DCMAKE_BUILD_TYPE=Release'], 'cmake_clean_cache': False, 'cmake_clean_first': False, 'cmake_force_configure': False, 'cmake_target': None, 'cmake_target_skip_unavailable': False, 'install_base': '/home/bot/ros2_ws/install/pose_printer', 'merge_install': False, 'path': '/home/bot/ros2_ws/src/pose_printer', 'symlink_install': False, 'test_result_base': None}
[1.821s] Level 5:colcon.colcon_core.verb:set package 'realsense2_camera_msgs' build argument 'cmake_args' from command line to '['-DCMAKE_BUILD_TYPE=Release']'
[1.821s] Level 5:colcon.colcon_core.verb:set package 'realsense2_camera_msgs' build argument 'cmake_target' from command line to 'None'
[1.821s] Level 5:colcon.colcon_core.verb:set package 'realsense2_camera_msgs' build argument 'cmake_target_skip_unavailable' from command line to 'False'
[1.821s] Level 5:colcon.colcon_core.verb:set package 'realsense2_camera_msgs' build argument 'cmake_clean_cache' from command line to 'False'
[1.822s] Level 5:colcon.colcon_core.verb:set package 'realsense2_camera_msgs' build argument 'cmake_clean_first' from command line to 'False'
[1.822s] Level 5:colcon.colcon_core.verb:set package 'realsense2_camera_msgs' build argument 'cmake_force_configure' from command line to 'False'
[1.822s] Level 5:colcon.colcon_core.verb:set package 'realsense2_camera_msgs' build argument 'ament_cmake_args' from command line to 'None'
[1.822s] Level 5:colcon.colcon_core.verb:set package 'realsense2_camera_msgs' build argument 'catkin_cmake_args' from command line to 'None'
[1.822s] Level 5:colcon.colcon_core.verb:set package 'realsense2_camera_msgs' build argument 'catkin_skip_building_tests' from command line to 'False'
[1.822s] DEBUG:colcon.colcon_core.verb:Building package 'realsense2_camera_msgs' with the following arguments: {'ament_cmake_args': None, 'build_base': '/home/bot/ros2_ws/build/realsense2_camera_msgs', 'catkin_cmake_args': None, 'catkin_skip_building_tests': False, 'cmake_args': ['-DCMAKE_BUILD_TYPE=Release'], 'cmake_clean_cache': False, 'cmake_clean_first': False, 'cmake_force_configure': False, 'cmake_target': None, 'cmake_target_skip_unavailable': False, 'install_base': '/home/bot/ros2_ws/install/realsense2_camera_msgs', 'merge_install': False, 'path': '/home/bot/ros2_ws/src/realsense-ros/realsense2_camera_msgs', 'symlink_install': False, 'test_result_base': None}
[1.823s] Level 5:colcon.colcon_core.verb:set package 'realsense2_ros_mqtt_bridge' build argument 'cmake_args' from command line to '['-DCMAKE_BUILD_TYPE=Release']'
[1.824s] Level 5:colcon.colcon_core.verb:set package 'realsense2_ros_mqtt_bridge' build argument 'cmake_target' from command line to 'None'
[1.824s] Level 5:colcon.colcon_core.verb:set package 'realsense2_ros_mqtt_bridge' build argument 'cmake_target_skip_unavailable' from command line to 'False'
[1.824s] Level 5:colcon.colcon_core.verb:set package 'realsense2_ros_mqtt_bridge' build argument 'cmake_clean_cache' from command line to 'False'
[1.824s] Level 5:colcon.colcon_core.verb:set package 'realsense2_ros_mqtt_bridge' build argument 'cmake_clean_first' from command line to 'False'
[1.824s] Level 5:colcon.colcon_core.verb:set package 'realsense2_ros_mqtt_bridge' build argument 'cmake_force_configure' from command line to 'False'
[1.824s] Level 5:colcon.colcon_core.verb:set package 'realsense2_ros_mqtt_bridge' build argument 'ament_cmake_args' from command line to 'None'
[1.824s] Level 5:colcon.colcon_core.verb:set package 'realsense2_ros_mqtt_bridge' build argument 'catkin_cmake_args' from command line to 'None'
[1.824s] Level 5:colcon.colcon_core.verb:set package 'realsense2_ros_mqtt_bridge' build argument 'catkin_skip_building_tests' from command line to 'False'
[1.824s] DEBUG:colcon.colcon_core.verb:Building package 'realsense2_ros_mqtt_bridge' with the following arguments: {'ament_cmake_args': None, 'build_base': '/home/bot/ros2_ws/build/realsense2_ros_mqtt_bridge', 'catkin_cmake_args': None, 'catkin_skip_building_tests': False, 'cmake_args': ['-DCMAKE_BUILD_TYPE=Release'], 'cmake_clean_cache': False, 'cmake_clean_first': False, 'cmake_force_configure': False, 'cmake_target': None, 'cmake_target_skip_unavailable': False, 'install_base': '/home/bot/ros2_ws/install/realsense2_ros_mqtt_bridge', 'merge_install': False, 'path': '/home/bot/ros2_ws/src/realsense-ros/realsense2_ros_mqtt_bridge', 'symlink_install': False, 'test_result_base': None}
[1.826s] Level 5:colcon.colcon_core.verb:set package 'robotic_arm_config' build argument 'cmake_args' from command line to '['-DCMAKE_BUILD_TYPE=Release']'
[1.826s] Level 5:colcon.colcon_core.verb:set package 'robotic_arm_config' build argument 'cmake_target' from command line to 'None'
[1.826s] Level 5:colcon.colcon_core.verb:set package 'robotic_arm_config' build argument 'cmake_target_skip_unavailable' from command line to 'False'
[1.826s] Level 5:colcon.colcon_core.verb:set package 'robotic_arm_config' build argument 'cmake_clean_cache' from command line to 'False'
[1.826s] Level 5:colcon.colcon_core.verb:set package 'robotic_arm_config' build argument 'cmake_clean_first' from command line to 'False'
[1.826s] Level 5:colcon.colcon_core.verb:set package 'robotic_arm_config' build argument 'cmake_force_configure' from command line to 'False'
[1.826s] Level 5:colcon.colcon_core.verb:set package 'robotic_arm_config' build argument 'ament_cmake_args' from command line to 'None'
[1.826s] Level 5:colcon.colcon_core.verb:set package 'robotic_arm_config' build argument 'catkin_cmake_args' from command line to 'None'
[1.826s] Level 5:colcon.colcon_core.verb:set package 'robotic_arm_config' build argument 'catkin_skip_building_tests' from command line to 'False'
[1.827s] DEBUG:colcon.colcon_core.verb:Building package 'robotic_arm_config' with the following arguments: {'ament_cmake_args': None, 'build_base': '/home/bot/ros2_ws/build/robotic_arm_config', 'catkin_cmake_args': None, 'catkin_skip_building_tests': False, 'cmake_args': ['-DCMAKE_BUILD_TYPE=Release'], 'cmake_clean_cache': False, 'cmake_clean_first': False, 'cmake_force_configure': False, 'cmake_target': None, 'cmake_target_skip_unavailable': False, 'install_base': '/home/bot/ros2_ws/install/robotic_arm_config', 'merge_install': False, 'path': '/home/bot/ros2_ws/src/robotic_arm_config', 'symlink_install': False, 'test_result_base': None}
[1.828s] Level 5:colcon.colcon_core.verb:set package 'robotic_arm_model_v3' build argument 'cmake_args' from command line to '['-DCMAKE_BUILD_TYPE=Release']'
[1.828s] Level 5:colcon.colcon_core.verb:set package 'robotic_arm_model_v3' build argument 'cmake_target' from command line to 'None'
[1.828s] Level 5:colcon.colcon_core.verb:set package 'robotic_arm_model_v3' build argument 'cmake_target_skip_unavailable' from command line to 'False'
[1.828s] Level 5:colcon.colcon_core.verb:set package 'robotic_arm_model_v3' build argument 'cmake_clean_cache' from command line to 'False'
[1.828s] Level 5:colcon.colcon_core.verb:set package 'robotic_arm_model_v3' build argument 'cmake_clean_first' from command line to 'False'
[1.828s] Level 5:colcon.colcon_core.verb:set package 'robotic_arm_model_v3' build argument 'cmake_force_configure' from command line to 'False'
[1.828s] Level 5:colcon.colcon_core.verb:set package 'robotic_arm_model_v3' build argument 'ament_cmake_args' from command line to 'None'
[1.829s] Level 5:colcon.colcon_core.verb:set package 'robotic_arm_model_v3' build argument 'catkin_cmake_args' from command line to 'None'
[1.829s] Level 5:colcon.colcon_core.verb:set package 'robotic_arm_model_v3' build argument 'catkin_skip_building_tests' from command line to 'False'
[1.829s] DEBUG:colcon.colcon_core.verb:Building package 'robotic_arm_model_v3' with the following arguments: {'ament_cmake_args': None, 'build_base': '/home/bot/ros2_ws/build/robotic_arm_model_v3', 'catkin_cmake_args': None, 'catkin_skip_building_tests': False, 'cmake_args': ['-DCMAKE_BUILD_TYPE=Release'], 'cmake_clean_cache': False, 'cmake_clean_first': False, 'cmake_force_configure': False, 'cmake_target': None, 'cmake_target_skip_unavailable': False, 'install_base': '/home/bot/ros2_ws/install/robotic_arm_model_v3', 'merge_install': False, 'path': '/home/bot/ros2_ws/src/robotic_arm_model_v3', 'symlink_install': False, 'test_result_base': None}
[1.830s] Level 5:colcon.colcon_core.verb:set package 'robotic_arm_moveit' build argument 'cmake_args' from command line to '['-DCMAKE_BUILD_TYPE=Release']'
[1.830s] Level 5:colcon.colcon_core.verb:set package 'robotic_arm_moveit' build argument 'cmake_target' from command line to 'None'
[1.830s] Level 5:colcon.colcon_core.verb:set package 'robotic_arm_moveit' build argument 'cmake_target_skip_unavailable' from command line to 'False'
[1.830s] Level 5:colcon.colcon_core.verb:set package 'robotic_arm_moveit' build argument 'cmake_clean_cache' from command line to 'False'
[1.830s] Level 5:colcon.colcon_core.verb:set package 'robotic_arm_moveit' build argument 'cmake_clean_first' from command line to 'False'
[1.831s] Level 5:colcon.colcon_core.verb:set package 'robotic_arm_moveit' build argument 'cmake_force_configure' from command line to 'False'
[1.831s] Level 5:colcon.colcon_core.verb:set package 'robotic_arm_moveit' build argument 'ament_cmake_args' from command line to 'None'
[1.831s] Level 5:colcon.colcon_core.verb:set package 'robotic_arm_moveit' build argument 'catkin_cmake_args' from command line to 'None'
[1.831s] Level 5:colcon.colcon_core.verb:set package 'robotic_arm_moveit' build argument 'catkin_skip_building_tests' from command line to 'False'
[1.831s] DEBUG:colcon.colcon_core.verb:Building package 'robotic_arm_moveit' with the following arguments: {'ament_cmake_args': None, 'build_base': '/home/bot/ros2_ws/build/robotic_arm_moveit', 'catkin_cmake_args': None, 'catkin_skip_building_tests': False, 'cmake_args': ['-DCMAKE_BUILD_TYPE=Release'], 'cmake_clean_cache': False, 'cmake_clean_first': False, 'cmake_force_configure': False, 'cmake_target': None, 'cmake_target_skip_unavailable': False, 'install_base': '/home/bot/ros2_ws/install/robotic_arm_moveit', 'merge_install': False, 'path': '/home/bot/ros2_ws/src/robotic_arm_moveit', 'symlink_install': False, 'test_result_base': None}
[1.832s] Level 5:colcon.colcon_core.verb:set package 'realsense2_camera' build argument 'cmake_args' from command line to '['-DCMAKE_BUILD_TYPE=Release']'
[1.832s] Level 5:colcon.colcon_core.verb:set package 'realsense2_camera' build argument 'cmake_target' from command line to 'None'
[1.833s] Level 5:colcon.colcon_core.verb:set package 'realsense2_camera' build argument 'cmake_target_skip_unavailable' from command line to 'False'
[1.833s] Level 5:colcon.colcon_core.verb:set package 'realsense2_camera' build argument 'cmake_clean_cache' from command line to 'False'
[1.833s] Level 5:colcon.colcon_core.verb:set package 'realsense2_camera' build argument 'cmake_clean_first' from command line to 'False'
[1.833s] Level 5:colcon.colcon_core.verb:set package 'realsense2_camera' build argument 'cmake_force_configure' from command line to 'False'
[1.833s] Level 5:colcon.colcon_core.verb:set package 'realsense2_camera' build argument 'ament_cmake_args' from command line to 'None'
[1.833s] Level 5:colcon.colcon_core.verb:set package 'realsense2_camera' build argument 'catkin_cmake_args' from command line to 'None'
[1.833s] Level 5:colcon.colcon_core.verb:set package 'realsense2_camera' build argument 'catkin_skip_building_tests' from command line to 'False'
[1.833s] DEBUG:colcon.colcon_core.verb:Building package 'realsense2_camera' with the following arguments: {'ament_cmake_args': None, 'build_base': '/home/bot/ros2_ws/build/realsense2_camera', 'catkin_cmake_args': None, 'catkin_skip_building_tests': False, 'cmake_args': ['-DCMAKE_BUILD_TYPE=Release'], 'cmake_clean_cache': False, 'cmake_clean_first': False, 'cmake_force_configure': False, 'cmake_target': None, 'cmake_target_skip_unavailable': False, 'install_base': '/home/bot/ros2_ws/install/realsense2_camera', 'merge_install': False, 'path': '/home/bot/ros2_ws/src/realsense-ros/realsense2_camera', 'symlink_install': False, 'test_result_base': None}
[1.834s] Level 5:colcon.colcon_core.verb:set package 'realsense2_description' build argument 'cmake_args' from command line to '['-DCMAKE_BUILD_TYPE=Release']'
[1.835s] Level 5:colcon.colcon_core.verb:set package 'realsense2_description' build argument 'cmake_target' from command line to 'None'
[1.835s] Level 5:colcon.colcon_core.verb:set package 'realsense2_description' build argument 'cmake_target_skip_unavailable' from command line to 'False'
[1.835s] Level 5:colcon.colcon_core.verb:set package 'realsense2_description' build argument 'cmake_clean_cache' from command line to 'False'
[1.835s] Level 5:colcon.colcon_core.verb:set package 'realsense2_description' build argument 'cmake_clean_first' from command line to 'False'
[1.835s] Level 5:colcon.colcon_core.verb:set package 'realsense2_description' build argument 'cmake_force_configure' from command line to 'False'
[1.835s] Level 5:colcon.colcon_core.verb:set package 'realsense2_description' build argument 'ament_cmake_args' from command line to 'None'
[1.835s] Level 5:colcon.colcon_core.verb:set package 'realsense2_description' build argument 'catkin_cmake_args' from command line to 'None'
[1.835s] Level 5:colcon.colcon_core.verb:set package 'realsense2_description' build argument 'catkin_skip_building_tests' from command line to 'False'
[1.835s] DEBUG:colcon.colcon_core.verb:Building package 'realsense2_description' with the following arguments: {'ament_cmake_args': None, 'build_base': '/home/bot/ros2_ws/build/realsense2_description', 'catkin_cmake_args': None, 'catkin_skip_building_tests': False, 'cmake_args': ['-DCMAKE_BUILD_TYPE=Release'], 'cmake_clean_cache': False, 'cmake_clean_first': False, 'cmake_force_configure': False, 'cmake_target': None, 'cmake_target_skip_unavailable': False, 'install_base': '/home/bot/ros2_ws/install/realsense2_description', 'merge_install': False, 'path': '/home/bot/ros2_ws/src/realsense-ros/realsense2_description', 'symlink_install': False, 'test_result_base': None}
[1.837s] Level 5:colcon.colcon_core.verb:set package 'realsense2_rviz_plugin' build argument 'cmake_args' from command line to '['-DCMAKE_BUILD_TYPE=Release']'
[1.837s] Level 5:colcon.colcon_core.verb:set package 'realsense2_rviz_plugin' build argument 'cmake_target' from command line to 'None'
[1.837s] Level 5:colcon.colcon_core.verb:set package 'realsense2_rviz_plugin' build argument 'cmake_target_skip_unavailable' from command line to 'False'
[1.837s] Level 5:colcon.colcon_core.verb:set package 'realsense2_rviz_plugin' build argument 'cmake_clean_cache' from command line to 'False'
[1.837s] Level 5:colcon.colcon_core.verb:set package 'realsense2_rviz_plugin' build argument 'cmake_clean_first' from command line to 'False'
[1.837s] Level 5:colcon.colcon_core.verb:set package 'realsense2_rviz_plugin' build argument 'cmake_force_configure' from command line to 'False'
[1.837s] Level 5:colcon.colcon_core.verb:set package 'realsense2_rviz_plugin' build argument 'ament_cmake_args' from command line to 'None'
[1.837s] Level 5:colcon.colcon_core.verb:set package 'realsense2_rviz_plugin' build argument 'catkin_cmake_args' from command line to 'None'
[1.838s] Level 5:colcon.colcon_core.verb:set package 'realsense2_rviz_plugin' build argument 'catkin_skip_building_tests' from command line to 'False'
[1.838s] DEBUG:colcon.colcon_core.verb:Building package 'realsense2_rviz_plugin' with the following arguments: {'ament_cmake_args': None, 'build_base': '/home/bot/ros2_ws/build/realsense2_rviz_plugin', 'catkin_cmake_args': None, 'catkin_skip_building_tests': False, 'cmake_args': ['-DCMAKE_BUILD_TYPE=Release'], 'cmake_clean_cache': False, 'cmake_clean_first': False, 'cmake_force_configure': False, 'cmake_target': None, 'cmake_target_skip_unavailable': False, 'install_base': '/home/bot/ros2_ws/install/realsense2_rviz_plugin', 'merge_install': False, 'path': '/home/bot/ros2_ws/src/realsense-ros/realsense2_rgbd_plugin', 'symlink_install': False, 'test_result_base': None}
[1.839s] Level 5:colcon.colcon_core.verb:set package 'robotic_arm_v3_config' build argument 'cmake_args' from command line to '['-DCMAKE_BUILD_TYPE=Release']'
[1.839s] Level 5:colcon.colcon_core.verb:set package 'robotic_arm_v3_config' build argument 'cmake_target' from command line to 'None'
[1.839s] Level 5:colcon.colcon_core.verb:set package 'robotic_arm_v3_config' build argument 'cmake_target_skip_unavailable' from command line to 'False'
[1.839s] Level 5:colcon.colcon_core.verb:set package 'robotic_arm_v3_config' build argument 'cmake_clean_cache' from command line to 'False'
[1.839s] Level 5:colcon.colcon_core.verb:set package 'robotic_arm_v3_config' build argument 'cmake_clean_first' from command line to 'False'
[1.839s] Level 5:colcon.colcon_core.verb:set package 'robotic_arm_v3_config' build argument 'cmake_force_configure' from command line to 'False'
[1.840s] Level 5:colcon.colcon_core.verb:set package 'robotic_arm_v3_config' build argument 'ament_cmake_args' from command line to 'None'
[1.840s] Level 5:colcon.colcon_core.verb:set package 'robotic_arm_v3_config' build argument 'catkin_cmake_args' from command line to 'None'
[1.840s] Level 5:colcon.colcon_core.verb:set package 'robotic_arm_v3_config' build argument 'catkin_skip_building_tests' from command line to 'False'
[1.840s] DEBUG:colcon.colcon_core.verb:Building package 'robotic_arm_v3_config' with the following arguments: {'ament_cmake_args': None, 'build_base': '/home/bot/ros2_ws/build/robotic_arm_v3_config', 'catkin_cmake_args': None, 'catkin_skip_building_tests': False, 'cmake_args': ['-DCMAKE_BUILD_TYPE=Release'], 'cmake_clean_cache': False, 'cmake_clean_first': False, 'cmake_force_configure': False, 'cmake_target': None, 'cmake_target_skip_unavailable': False, 'install_base': '/home/bot/ros2_ws/install/robotic_arm_v3_config', 'merge_install': False, 'path': '/home/bot/ros2_ws/src/robotic_arm_v3_config', 'symlink_install': False, 'test_result_base': None}
[1.840s] INFO:colcon.colcon_core.executor:Executing jobs using 'parallel' executor
[1.843s] DEBUG:colcon.colcon_parallel_executor.executor.parallel:run_until_complete
[1.845s] INFO:colcon.colcon_ros.task.ament_cmake.build:Building ROS package in '/home/bot/ros2_ws/src/realsense-ros/realsense2_camera_msgs' with build type 'ament_cmake'
[1.845s] INFO:colcon.colcon_cmake.task.cmake.build:Building CMake package in '/home/bot/ros2_ws/src/realsense-ros/realsense2_camera_msgs'
[1.867s] INFO:colcon.colcon_core.plugin_system:Skipping extension 'colcon_core.shell.bat': Not used on non-Windows systems
[1.869s] INFO:colcon.colcon_core.shell:Skip shell extension 'powershell' for command environment: Not usable outside of PowerShell
[1.869s] DEBUG:colcon.colcon_core.shell:Skip shell extension 'dsv' for command environment
[1.939s] INFO:colcon.colcon_ros.task.ament_cmake.build:Building ROS package in '/home/bot/ros2_ws/src/robotic_arm_model_v3' with build type 'ament_cmake'
[1.940s] INFO:colcon.colcon_cmake.task.cmake.build:Building CMake package in '/home/bot/ros2_ws/src/robotic_arm_model_v3'
[1.942s] INFO:colcon.colcon_core.shell:Skip shell extension 'powershell' for command environment: Not usable outside of PowerShell
[1.942s] DEBUG:colcon.colcon_core.shell:Skip shell extension 'dsv' for command environment
[1.968s] INFO:colcon.colcon_ros.task.ament_cmake.build:Building ROS package in '/home/bot/ros2_ws/src/cpp_pubsub' with build type 'ament_cmake'
[1.969s] INFO:colcon.colcon_cmake.task.cmake.build:Building CMake package in '/home/bot/ros2_ws/src/cpp_pubsub'
[1.970s] INFO:colcon.colcon_core.shell:Skip shell extension 'powershell' for command environment: Not usable outside of PowerShell
[1.970s] DEBUG:colcon.colcon_core.shell:Skip shell extension 'dsv' for command environment
[1.992s] INFO:colcon.colcon_ros.task.ament_cmake.build:Building ROS package in '/home/bot/ros2_ws/src/esp32_controller' with build type 'ament_cmake'
[1.993s] INFO:colcon.colcon_cmake.task.cmake.build:Building CMake package in '/home/bot/ros2_ws/src/esp32_controller'
[1.994s] INFO:colcon.colcon_core.shell:Skip shell extension 'powershell' for command environment: Not usable outside of PowerShell
[1.994s] DEBUG:colcon.colcon_core.shell:Skip shell extension 'dsv' for command environment
[2.029s] DEBUG:colcon.colcon_core.event_handler.log_command:Invoking command in '/home/bot/ros2_ws/build/realsense2_camera_msgs': CMAKE_PREFIX_PATH=${CMAKE_PREFIX_PATH}:/opt/ros/jazzy DEBUGINFOD_URLS=https://debuginfod.ubuntu.com /usr/bin/cmake /home/bot/ros2_ws/src/realsense-ros/realsense2_camera_msgs -DCMAKE_BUILD_TYPE=Release -DCMAKE_INSTALL_PREFIX=/home/bot/ros2_ws/install/realsense2_camera_msgs
[2.061s] DEBUG:colcon.colcon_core.event_handler.log_command:Invoking command in '/home/bot/ros2_ws/build/robotic_arm_model_v3': CMAKE_PREFIX_PATH=${CMAKE_PREFIX_PATH}:/opt/ros/jazzy DEBUGINFOD_URLS=https://debuginfod.ubuntu.com /usr/bin/cmake /home/bot/ros2_ws/src/robotic_arm_model_v3 -DCMAKE_BUILD_TYPE=Release -DCMAKE_INSTALL_PREFIX=/home/bot/ros2_ws/install/robotic_arm_model_v3
[2.083s] DEBUG:colcon.colcon_core.event_handler.log_command:Invoking command in '/home/bot/ros2_ws/build/cpp_pubsub': CMAKE_PREFIX_PATH=${CMAKE_PREFIX_PATH}:/opt/ros/jazzy DEBUGINFOD_URLS=https://debuginfod.ubuntu.com /usr/bin/cmake /home/bot/ros2_ws/src/cpp_pubsub -DCMAKE_BUILD_TYPE=Release -DCMAKE_INSTALL_PREFIX=/home/bot/ros2_ws/install/cpp_pubsub
[2.180s] DEBUG:colcon.colcon_core.event_handler.log_command:Invoking command in '/home/bot/ros2_ws/build/esp32_controller': CMAKE_PREFIX_PATH=${CMAKE_PREFIX_PATH}:/opt/ros/jazzy DEBUGINFOD_URLS=https://debuginfod.ubuntu.com /usr/bin/cmake /home/bot/ros2_ws/src/esp32_controller -DCMAKE_BUILD_TYPE=Release -DCMAKE_INSTALL_PREFIX=/home/bot/ros2_ws/install/esp32_controller
[4.698s] DEBUG:colcon.colcon_core.event_handler.log_command:Invoked command in '/home/bot/ros2_ws/build/robotic_arm_model_v3' returned '0': CMAKE_PREFIX_PATH=${CMAKE_PREFIX_PATH}:/opt/ros/jazzy DEBUGINFOD_URLS=https://debuginfod.ubuntu.com /usr/bin/cmake /home/bot/ros2_ws/src/robotic_arm_model_v3 -DCMAKE_BUILD_TYPE=Release -DCMAKE_INSTALL_PREFIX=/home/bot/ros2_ws/install/robotic_arm_model_v3
[4.711s] DEBUG:colcon.colcon_core.event_handler.log_command:Invoking command in '/home/bot/ros2_ws/build/robotic_arm_model_v3': CMAKE_PREFIX_PATH=${CMAKE_PREFIX_PATH}:/opt/ros/jazzy DEBUGINFOD_URLS=https://debuginfod.ubuntu.com /usr/bin/cmake --build /home/bot/ros2_ws/build/robotic_arm_model_v3 -- -j4 -l4
[4.977s] DEBUG:colcon.colcon_core.event_handler.log_command:Invoked command in '/home/bot/ros2_ws/build/robotic_arm_model_v3' returned '0': CMAKE_PREFIX_PATH=${CMAKE_PREFIX_PATH}:/opt/ros/jazzy DEBUGINFOD_URLS=https://debuginfod.ubuntu.com /usr/bin/cmake --build /home/bot/ros2_ws/build/robotic_arm_model_v3 -- -j4 -l4
[5.039s] DEBUG:colcon.colcon_core.event_handler.log_command:Invoking command in '/home/bot/ros2_ws/build/robotic_arm_model_v3': CMAKE_PREFIX_PATH=${CMAKE_PREFIX_PATH}:/opt/ros/jazzy DEBUGINFOD_URLS=https://debuginfod.ubuntu.com /usr/bin/cmake --install /home/bot/ros2_ws/build/robotic_arm_model_v3
[5.165s] Level 1:colcon.colcon_core.environment:create_environment_scripts_only(robotic_arm_model_v3)
[5.170s] DEBUG:colcon.colcon_core.event_handler.log_command:Invoked command in '/home/bot/ros2_ws/build/robotic_arm_model_v3' returned '0': CMAKE_PREFIX_PATH=${CMAKE_PREFIX_PATH}:/opt/ros/jazzy DEBUGINFOD_URLS=https://debuginfod.ubuntu.com /usr/bin/cmake --install /home/bot/ros2_ws/build/robotic_arm_model_v3
[5.204s] Level 1:colcon.colcon_core.environment:checking '/home/bot/ros2_ws/install/robotic_arm_model_v3' for CMake module files
[5.207s] Level 1:colcon.colcon_core.environment:checking '/home/bot/ros2_ws/install/robotic_arm_model_v3' for CMake config files
[5.215s] Level 1:colcon.colcon_core.shell:create_environment_hook('robotic_arm_model_v3', 'cmake_prefix_path')
[5.219s] INFO:colcon.colcon_core.shell:Creating environment hook '/home/bot/ros2_ws/install/robotic_arm_model_v3/share/robotic_arm_model_v3/hook/cmake_prefix_path.ps1'
[5.223s] INFO:colcon.colcon_core.shell:Creating environment descriptor '/home/bot/ros2_ws/install/robotic_arm_model_v3/share/robotic_arm_model_v3/hook/cmake_prefix_path.dsv'
[5.227s] INFO:colcon.colcon_core.shell:Creating environment hook '/home/bot/ros2_ws/install/robotic_arm_model_v3/share/robotic_arm_model_v3/hook/cmake_prefix_path.sh'
[5.234s] Level 1:colcon.colcon_core.environment:checking '/home/bot/ros2_ws/install/robotic_arm_model_v3/bin'
[5.236s] Level 1:colcon.colcon_core.environment:checking '/home/bot/ros2_ws/install/robotic_arm_model_v3/lib/pkgconfig/robotic_arm_model_v3.pc'
[5.237s] Level 1:colcon.colcon_core.environment:checking '/home/bot/ros2_ws/install/robotic_arm_model_v3/lib/python3.12/site-packages'
[5.240s] Level 1:colcon.colcon_core.environment:checking '/home/bot/ros2_ws/install/robotic_arm_model_v3/bin'
[5.241s] INFO:colcon.colcon_core.shell:Creating package script '/home/bot/ros2_ws/install/robotic_arm_model_v3/share/robotic_arm_model_v3/package.ps1'
[5.246s] INFO:colcon.colcon_core.shell:Creating package descriptor '/home/bot/ros2_ws/install/robotic_arm_model_v3/share/robotic_arm_model_v3/package.dsv'
[5.249s] INFO:colcon.colcon_core.shell:Creating package script '/home/bot/ros2_ws/install/robotic_arm_model_v3/share/robotic_arm_model_v3/package.sh'
[5.253s] INFO:colcon.colcon_core.shell:Creating package script '/home/bot/ros2_ws/install/robotic_arm_model_v3/share/robotic_arm_model_v3/package.bash'
[5.259s] INFO:colcon.colcon_core.shell:Creating package script '/home/bot/ros2_ws/install/robotic_arm_model_v3/share/robotic_arm_model_v3/package.zsh'
[5.268s] Level 1:colcon.colcon_core.environment:create_file_with_runtime_dependencies(/home/bot/ros2_ws/install/robotic_arm_model_v3/share/colcon-core/packages/robotic_arm_model_v3)
[5.271s] Level 1:colcon.colcon_core.environment:create_environment_scripts_only(robotic_arm_model_v3)
[5.272s] Level 1:colcon.colcon_core.environment:checking '/home/bot/ros2_ws/install/robotic_arm_model_v3' for CMake module files
[5.276s] Level 1:colcon.colcon_core.environment:checking '/home/bot/ros2_ws/install/robotic_arm_model_v3' for CMake config files
[5.279s] Level 1:colcon.colcon_core.shell:create_environment_hook('robotic_arm_model_v3', 'cmake_prefix_path')
[5.281s] INFO:colcon.colcon_core.shell:Creating environment hook '/home/bot/ros2_ws/install/robotic_arm_model_v3/share/robotic_arm_model_v3/hook/cmake_prefix_path.ps1'
[5.284s] INFO:colcon.colcon_core.shell:Creating environment descriptor '/home/bot/ros2_ws/install/robotic_arm_model_v3/share/robotic_arm_model_v3/hook/cmake_prefix_path.dsv'
[5.286s] INFO:colcon.colcon_core.shell:Creating environment hook '/home/bot/ros2_ws/install/robotic_arm_model_v3/share/robotic_arm_model_v3/hook/cmake_prefix_path.sh'
[5.290s] Level 1:colcon.colcon_core.environment:checking '/home/bot/ros2_ws/install/robotic_arm_model_v3/bin'
[5.291s] Level 1:colcon.colcon_core.environment:checking '/home/bot/ros2_ws/install/robotic_arm_model_v3/lib/pkgconfig/robotic_arm_model_v3.pc'
[5.292s] Level 1:colcon.colcon_core.environment:checking '/home/bot/ros2_ws/install/robotic_arm_model_v3/lib/python3.12/site-packages'
[5.294s] Level 1:colcon.colcon_core.environment:checking '/home/bot/ros2_ws/install/robotic_arm_model_v3/bin'
[5.295s] INFO:colcon.colcon_core.shell:Creating package script '/home/bot/ros2_ws/install/robotic_arm_model_v3/share/robotic_arm_model_v3/package.ps1'
[5.298s] INFO:colcon.colcon_core.shell:Creating package descriptor '/home/bot/ros2_ws/install/robotic_arm_model_v3/share/robotic_arm_model_v3/package.dsv'
[5.301s] INFO:colcon.colcon_core.shell:Creating package script '/home/bot/ros2_ws/install/robotic_arm_model_v3/share/robotic_arm_model_v3/package.sh'
[5.305s] INFO:colcon.colcon_core.shell:Creating package script '/home/bot/ros2_ws/install/robotic_arm_model_v3/share/robotic_arm_model_v3/package.bash'
[5.309s] INFO:colcon.colcon_core.shell:Creating package script '/home/bot/ros2_ws/install/robotic_arm_model_v3/share/robotic_arm_model_v3/package.zsh'
[5.315s] Level 1:colcon.colcon_core.environment:create_file_with_runtime_dependencies(/home/bot/ros2_ws/install/robotic_arm_model_v3/share/colcon-core/packages/robotic_arm_model_v3)
[5.320s] INFO:colcon.colcon_ros.task.ament_cmake.build:Building ROS package in '/home/bot/ros2_ws/src/imu_controller' with build type 'ament_cmake'
[5.322s] INFO:colcon.colcon_cmake.task.cmake.build:Building CMake package in '/home/bot/ros2_ws/src/imu_controller'
[5.325s] INFO:colcon.colcon_core.shell:Skip shell extension 'powershell' for command environment: Not usable outside of PowerShell
[5.327s] DEBUG:colcon.colcon_core.shell:Skip shell extension 'dsv' for command environment
[5.400s] DEBUG:colcon.colcon_core.event_handler.log_command:Invoking command in '/home/bot/ros2_ws/build/imu_controller': CMAKE_PREFIX_PATH=${CMAKE_PREFIX_PATH}:/opt/ros/jazzy DEBUGINFOD_URLS=https://debuginfod.ubuntu.com /usr/bin/cmake /home/bot/ros2_ws/src/imu_controller -DCMAKE_BUILD_TYPE=Release -DCMAKE_INSTALL_PREFIX=/home/bot/ros2_ws/install/imu_controller
[6.841s] DEBUG:colcon.colcon_core.event_handler.log_command:Invoked command in '/home/bot/ros2_ws/build/cpp_pubsub' returned '0': CMAKE_PREFIX_PATH=${CMAKE_PREFIX_PATH}:/opt/ros/jazzy DEBUGINFOD_URLS=https://debuginfod.ubuntu.com /usr/bin/cmake /home/bot/ros2_ws/src/cpp_pubsub -DCMAKE_BUILD_TYPE=Release -DCMAKE_INSTALL_PREFIX=/home/bot/ros2_ws/install/cpp_pubsub
[6.848s] DEBUG:colcon.colcon_core.event_handler.log_command:Invoking command in '/home/bot/ros2_ws/build/cpp_pubsub': CMAKE_PREFIX_PATH=${CMAKE_PREFIX_PATH}:/opt/ros/jazzy DEBUGINFOD_URLS=https://debuginfod.ubuntu.com /usr/bin/cmake --build /home/bot/ros2_ws/build/cpp_pubsub -- -j4 -l4
[13.885s] DEBUG:colcon.colcon_core.event_handler.log_command:Invoked command in '/home/bot/ros2_ws/build/esp32_controller' returned '0': CMAKE_PREFIX_PATH=${CMAKE_PREFIX_PATH}:/opt/ros/jazzy DEBUGINFOD_URLS=https://debuginfod.ubuntu.com /usr/bin/cmake /home/bot/ros2_ws/src/esp32_controller -DCMAKE_BUILD_TYPE=Release -DCMAKE_INSTALL_PREFIX=/home/bot/ros2_ws/install/esp32_controller
[13.909s] DEBUG:colcon.colcon_core.event_handler.log_command:Invoking command in '/home/bot/ros2_ws/build/esp32_controller': CMAKE_PREFIX_PATH=${CMAKE_PREFIX_PATH}:/opt/ros/jazzy DEBUGINFOD_URLS=https://debuginfod.ubuntu.com /usr/bin/cmake --build /home/bot/ros2_ws/build/esp32_controller -- -j4 -l4
[14.196s] DEBUG:colcon.colcon_core.event_handler.log_command:Invoked command in '/home/bot/ros2_ws/build/imu_controller' returned '0': CMAKE_PREFIX_PATH=${CMAKE_PREFIX_PATH}:/opt/ros/jazzy DEBUGINFOD_URLS=https://debuginfod.ubuntu.com /usr/bin/cmake /home/bot/ros2_ws/src/imu_controller -DCMAKE_BUILD_TYPE=Release -DCMAKE_INSTALL_PREFIX=/home/bot/ros2_ws/install/imu_controller
[14.207s] DEBUG:colcon.colcon_core.event_handler.log_command:Invoking command in '/home/bot/ros2_ws/build/imu_controller': CMAKE_PREFIX_PATH=${CMAKE_PREFIX_PATH}:/opt/ros/jazzy DEBUGINFOD_URLS=https://debuginfod.ubuntu.com /usr/bin/cmake --build /home/bot/ros2_ws/build/imu_controller -- -j4 -l4
[38.508s] DEBUG:colcon.colcon_core.event_handler.log_command:Invoked command in '/home/bot/ros2_ws/build/realsense2_camera_msgs' returned '0': CMAKE_PREFIX_PATH=${CMAKE_PREFIX_PATH}:/opt/ros/jazzy DEBUGINFOD_URLS=https://debuginfod.ubuntu.com /usr/bin/cmake /home/bot/ros2_ws/src/realsense-ros/realsense2_camera_msgs -DCMAKE_BUILD_TYPE=Release -DCMAKE_INSTALL_PREFIX=/home/bot/ros2_ws/install/realsense2_camera_msgs
[38.519s] DEBUG:colcon.colcon_core.event_handler.log_command:Invoking command in '/home/bot/ros2_ws/build/realsense2_camera_msgs': CMAKE_PREFIX_PATH=${CMAKE_PREFIX_PATH}:/opt/ros/jazzy DEBUGINFOD_URLS=https://debuginfod.ubuntu.com /usr/bin/cmake --build /home/bot/ros2_ws/build/realsense2_camera_msgs -- -j4 -l4
[92.025s] DEBUG:colcon.colcon_core.event_handler.log_command:Invoked command in '/home/bot/ros2_ws/build/cpp_pubsub' returned '0': CMAKE_PREFIX_PATH=${CMAKE_PREFIX_PATH}:/opt/ros/jazzy DEBUGINFOD_URLS=https://debuginfod.ubuntu.com /usr/bin/cmake --build /home/bot/ros2_ws/build/cpp_pubsub -- -j4 -l4
[92.039s] DEBUG:colcon.colcon_core.event_handler.log_command:Invoking command in '/home/bot/ros2_ws/build/cpp_pubsub': CMAKE_PREFIX_PATH=${CMAKE_PREFIX_PATH}:/opt/ros/jazzy DEBUGINFOD_URLS=https://debuginfod.ubuntu.com /usr/bin/cmake --install /home/bot/ros2_ws/build/cpp_pubsub
[92.255s] Level 1:colcon.colcon_core.environment:create_environment_scripts_only(cpp_pubsub)
[92.256s] Level 1:colcon.colcon_core.environment:checking '/home/bot/ros2_ws/install/cpp_pubsub' for CMake module files
[92.262s] DEBUG:colcon.colcon_core.event_handler.log_command:Invoked command in '/home/bot/ros2_ws/build/cpp_pubsub' returned '0': CMAKE_PREFIX_PATH=${CMAKE_PREFIX_PATH}:/opt/ros/jazzy DEBUGINFOD_URLS=https://debuginfod.ubuntu.com /usr/bin/cmake --install /home/bot/ros2_ws/build/cpp_pubsub
[92.267s] Level 1:colcon.colcon_core.environment:checking '/home/bot/ros2_ws/install/cpp_pubsub' for CMake config files
[92.271s] Level 1:colcon.colcon_core.shell:create_environment_hook('cpp_pubsub', 'cmake_prefix_path')
[92.272s] INFO:colcon.colcon_core.shell:Creating environment hook '/home/bot/ros2_ws/install/cpp_pubsub/share/cpp_pubsub/hook/cmake_prefix_path.ps1'
[92.278s] INFO:colcon.colcon_core.shell:Creating environment descriptor '/home/bot/ros2_ws/install/cpp_pubsub/share/cpp_pubsub/hook/cmake_prefix_path.dsv'
[92.282s] INFO:colcon.colcon_core.shell:Creating environment hook '/home/bot/ros2_ws/install/cpp_pubsub/share/cpp_pubsub/hook/cmake_prefix_path.sh'
[92.289s] Level 1:colcon.colcon_core.environment:checking '/home/bot/ros2_ws/install/cpp_pubsub/lib'
[92.291s] Level 1:colcon.colcon_core.environment:checking '/home/bot/ros2_ws/install/cpp_pubsub/bin'
[92.292s] Level 1:colcon.colcon_core.environment:checking '/home/bot/ros2_ws/install/cpp_pubsub/lib/pkgconfig/cpp_pubsub.pc'
[92.294s] Level 1:colcon.colcon_core.environment:checking '/home/bot/ros2_ws/install/cpp_pubsub/lib/python3.12/site-packages'
[92.297s] Level 1:colcon.colcon_core.environment:checking '/home/bot/ros2_ws/install/cpp_pubsub/bin'
[92.299s] INFO:colcon.colcon_core.shell:Creating package script '/home/bot/ros2_ws/install/cpp_pubsub/share/cpp_pubsub/package.ps1'
[92.304s] INFO:colcon.colcon_core.shell:Creating package descriptor '/home/bot/ros2_ws/install/cpp_pubsub/share/cpp_pubsub/package.dsv'
[92.308s] INFO:colcon.colcon_core.shell:Creating package script '/home/bot/ros2_ws/install/cpp_pubsub/share/cpp_pubsub/package.sh'
[92.313s] INFO:colcon.colcon_core.shell:Creating package script '/home/bot/ros2_ws/install/cpp_pubsub/share/cpp_pubsub/package.bash'
[92.318s] INFO:colcon.colcon_core.shell:Creating package script '/home/bot/ros2_ws/install/cpp_pubsub/share/cpp_pubsub/package.zsh'
[92.322s] Level 1:colcon.colcon_core.environment:create_file_with_runtime_dependencies(/home/bot/ros2_ws/install/cpp_pubsub/share/colcon-core/packages/cpp_pubsub)
[92.328s] Level 1:colcon.colcon_core.environment:create_environment_scripts_only(cpp_pubsub)
[92.330s] Level 1:colcon.colcon_core.environment:checking '/home/bot/ros2_ws/install/cpp_pubsub' for CMake module files
[92.335s] Level 1:colcon.colcon_core.environment:checking '/home/bot/ros2_ws/install/cpp_pubsub' for CMake config files
[92.337s] Level 1:colcon.colcon_core.shell:create_environment_hook('cpp_pubsub', 'cmake_prefix_path')
[92.338s] INFO:colcon.colcon_core.shell:Creating environment hook '/home/bot/ros2_ws/install/cpp_pubsub/share/cpp_pubsub/hook/cmake_prefix_path.ps1'
[92.342s] INFO:colcon.colcon_core.shell:Creating environment descriptor '/home/bot/ros2_ws/install/cpp_pubsub/share/cpp_pubsub/hook/cmake_prefix_path.dsv'
[92.346s] INFO:colcon.colcon_core.shell:Creating environment hook '/home/bot/ros2_ws/install/cpp_pubsub/share/cpp_pubsub/hook/cmake_prefix_path.sh'
[92.351s] Level 1:colcon.colcon_core.environment:checking '/home/bot/ros2_ws/install/cpp_pubsub/lib'
[92.352s] Level 1:colcon.colcon_core.environment:checking '/home/bot/ros2_ws/install/cpp_pubsub/bin'
[92.353s] Level 1:colcon.colcon_core.environment:checking '/home/bot/ros2_ws/install/cpp_pubsub/lib/pkgconfig/cpp_pubsub.pc'
[92.354s] Level 1:colcon.colcon_core.environment:checking '/home/bot/ros2_ws/install/cpp_pubsub/lib/python3.12/site-packages'
[92.357s] Level 1:colcon.colcon_core.environment:checking '/home/bot/ros2_ws/install/cpp_pubsub/bin'
[92.358s] INFO:colcon.colcon_core.shell:Creating package script '/home/bot/ros2_ws/install/cpp_pubsub/share/cpp_pubsub/package.ps1'
[92.362s] INFO:colcon.colcon_core.shell:Creating package descriptor '/home/bot/ros2_ws/install/cpp_pubsub/share/cpp_pubsub/package.dsv'
[92.366s] INFO:colcon.colcon_core.shell:Creating package script '/home/bot/ros2_ws/install/cpp_pubsub/share/cpp_pubsub/package.sh'
[92.370s] INFO:colcon.colcon_core.shell:Creating package script '/home/bot/ros2_ws/install/cpp_pubsub/share/cpp_pubsub/package.bash'
[92.373s] INFO:colcon.colcon_core.shell:Creating package script '/home/bot/ros2_ws/install/cpp_pubsub/share/cpp_pubsub/package.zsh'
[92.376s] Level 1:colcon.colcon_core.environment:create_file_with_runtime_dependencies(/home/bot/ros2_ws/install/cpp_pubsub/share/colcon-core/packages/cpp_pubsub)
[92.382s] INFO:colcon.colcon_ros.task.ament_cmake.build:Building ROS package in '/home/bot/ros2_ws/src/move_program' with build type 'ament_cmake'
[92.383s] INFO:colcon.colcon_cmake.task.cmake.build:Building CMake package in '/home/bot/ros2_ws/src/move_program'
[92.384s] INFO:colcon.colcon_core.shell:Skip shell extension 'powershell' for command environment: Not usable outside of PowerShell
[92.385s] DEBUG:colcon.colcon_core.shell:Skip shell extension 'dsv' for command environment
[92.446s] DEBUG:colcon.colcon_core.event_handler.log_command:Invoking command in '/home/bot/ros2_ws/build/move_program': CMAKE_PREFIX_PATH=${CMAKE_PREFIX_PATH}:/opt/ros/jazzy DEBUGINFOD_URLS=https://debuginfod.ubuntu.com /usr/bin/cmake /home/bot/ros2_ws/src/move_program -DCMAKE_BUILD_TYPE=Release -DCMAKE_INSTALL_PREFIX=/home/bot/ros2_ws/install/move_program
[100.337s] DEBUG:colcon.colcon_core.event_handler.log_command:Invoked command in '/home/bot/ros2_ws/build/move_program' returned '0': CMAKE_PREFIX_PATH=${CMAKE_PREFIX_PATH}:/opt/ros/jazzy DEBUGINFOD_URLS=https://debuginfod.ubuntu.com /usr/bin/cmake /home/bot/ros2_ws/src/move_program -DCMAKE_BUILD_TYPE=Release -DCMAKE_INSTALL_PREFIX=/home/bot/ros2_ws/install/move_program
[100.344s] DEBUG:colcon.colcon_core.event_handler.log_command:Invoking command in '/home/bot/ros2_ws/build/move_program': CMAKE_PREFIX_PATH=${CMAKE_PREFIX_PATH}:/opt/ros/jazzy DEBUGINFOD_URLS=https://debuginfod.ubuntu.com /usr/bin/cmake --build /home/bot/ros2_ws/build/move_program -- -j4 -l4
[195.326s] DEBUG:colcon.colcon_core.event_handler.log_command:Invoked command in '/home/bot/ros2_ws/build/esp32_controller' returned '2': CMAKE_PREFIX_PATH=${CMAKE_PREFIX_PATH}:/opt/ros/jazzy DEBUGINFOD_URLS=https://debuginfod.ubuntu.com /usr/bin/cmake --build /home/bot/ros2_ws/build/esp32_controller -- -j4 -l4
[196.651s] Level 1:colcon.colcon_core.environment:create_environment_scripts_only(esp32_controller)
[196.715s] Level 1:colcon.colcon_core.environment:checking '/home/bot/ros2_ws/install/esp32_controller' for CMake module files
[196.769s] Level 1:colcon.colcon_core.environment:checking '/home/bot/ros2_ws/install/esp32_controller' for CMake config files
[196.794s] Level 1:colcon.colcon_core.shell:create_environment_hook('esp32_controller', 'cmake_prefix_path')
[196.814s] INFO:colcon.colcon_core.shell:Creating environment hook '/home/bot/ros2_ws/install/esp32_controller/share/esp32_controller/hook/cmake_prefix_path.ps1'
[197.046s] INFO:colcon.colcon_core.shell:Creating environment descriptor '/home/bot/ros2_ws/install/esp32_controller/share/esp32_controller/hook/cmake_prefix_path.dsv'
[197.101s] INFO:colcon.colcon_core.shell:Creating environment hook '/home/bot/ros2_ws/install/esp32_controller/share/esp32_controller/hook/cmake_prefix_path.sh'
[197.273s] Level 1:colcon.colcon_core.environment:checking '/home/bot/ros2_ws/install/esp32_controller/lib'
[197.286s] Level 1:colcon.colcon_core.environment:checking '/home/bot/ros2_ws/install/esp32_controller/bin'
[197.297s] Level 1:colcon.colcon_core.environment:checking '/home/bot/ros2_ws/install/esp32_controller/lib/pkgconfig/esp32_controller.pc'
[197.504s] Level 1:colcon.colcon_core.environment:checking '/home/bot/ros2_ws/install/esp32_controller/lib/python3.12/site-packages'
[197.511s] Level 1:colcon.colcon_core.environment:checking '/home/bot/ros2_ws/install/esp32_controller/bin'
[197.542s] INFO:colcon.colcon_core.shell:Creating package script '/home/bot/ros2_ws/install/esp32_controller/share/esp32_controller/package.ps1'
[197.583s] INFO:colcon.colcon_core.shell:Creating package descriptor '/home/bot/ros2_ws/install/esp32_controller/share/esp32_controller/package.dsv'
[197.631s] INFO:colcon.colcon_core.shell:Creating package script '/home/bot/ros2_ws/install/esp32_controller/share/esp32_controller/package.sh'
[197.687s] INFO:colcon.colcon_core.shell:Creating package script '/home/bot/ros2_ws/install/esp32_controller/share/esp32_controller/package.bash'
[197.723s] INFO:colcon.colcon_core.shell:Creating package script '/home/bot/ros2_ws/install/esp32_controller/share/esp32_controller/package.zsh'
[197.792s] Level 1:colcon.colcon_core.environment:create_file_with_runtime_dependencies(/home/bot/ros2_ws/install/esp32_controller/share/colcon-core/packages/esp32_controller)
[382.597s] DEBUG:colcon.colcon_parallel_executor.executor.parallel:closing loop
[382.629s] DEBUG:colcon.colcon_parallel_executor.executor.parallel:loop closed
[382.632s] DEBUG:colcon.colcon_parallel_executor.executor.parallel:run_until_complete finished with '2'
[382.635s] DEBUG:colcon.colcon_core.event_reactor:joining thread
[382.966s] INFO:colcon.colcon_core.plugin_system:Skipping extension 'colcon_notification.desktop_notification.terminal_notifier': Not used on non-Darwin systems
[382.967s] INFO:colcon.colcon_core.plugin_system:Skipping extension 'colcon_notification.desktop_notification.win32': Not used on non-Windows systems
[382.969s] INFO:colcon.colcon_notification.desktop_notification:Sending desktop notification using 'notify2'
[384.407s] DEBUG:colcon.colcon_core.event_reactor:joined thread
[384.419s] INFO:colcon.colcon_core.shell:Creating prefix script '/home/bot/ros2_ws/install/local_setup.ps1'
[384.435s] INFO:colcon.colcon_core.shell:Creating prefix util module '/home/bot/ros2_ws/install/_local_setup_util_ps1.py'
[384.446s] INFO:colcon.colcon_core.shell:Creating prefix chain script '/home/bot/ros2_ws/install/setup.ps1'
[384.459s] INFO:colcon.colcon_core.shell:Creating prefix script '/home/bot/ros2_ws/install/local_setup.sh'
[384.463s] INFO:colcon.colcon_core.shell:Creating prefix util module '/home/bot/ros2_ws/install/_local_setup_util_sh.py'
[384.468s] INFO:colcon.colcon_core.shell:Creating prefix chain script '/home/bot/ros2_ws/install/setup.sh'
[384.478s] INFO:colcon.colcon_core.shell:Creating prefix script '/home/bot/ros2_ws/install/local_setup.bash'
[384.482s] INFO:colcon.colcon_core.shell:Creating prefix chain script '/home/bot/ros2_ws/install/setup.bash'
[384.490s] INFO:colcon.colcon_core.shell:Creating prefix script '/home/bot/ros2_ws/install/local_setup.zsh'
[384.496s] INFO:colcon.colcon_core.shell:Creating prefix chain script '/home/bot/ros2_ws/install/setup.zsh'
