[0.010s] Invoking command in '/home/andre/ros2_ws/src/build/rviz_visual_tools': CMAKE_PREFIX_PATH=${CMAKE_PREFIX_PATH}:/opt/ros/jazzy DEBUGINFOD_URLS=https://debuginfod.ubuntu.com /usr/bin/cmake /home/andre/ros2_ws/src/rviz_visual_tools -DCMAKE_BUILD_TYPE=Release -DCMAKE_INSTALL_PREFIX=/home/andre/ros2_ws/src/install/rviz_visual_tools
[0.073s] -- The C compiler identification is GNU 13.3.0
[0.138s] -- The CXX compiler identification is GNU 13.3.0
[0.157s] -- Detecting C compiler ABI info
[0.262s] -- Detecting C compiler ABI info - done
[0.273s] -- Check for working C compiler: /usr/bin/cc - skipped
[0.274s] -- Detecting C compile features
[0.274s] -- Detecting C compile features - done
[0.284s] -- Detecting CXX compiler ABI info
[0.392s] -- Detecting CXX compiler ABI info - done
[0.404s] -- Check for working CXX compiler: /usr/bin/c++ - skipped
[0.405s] -- Detecting CXX compile features
[0.405s] -- Detecting CXX compile features - done
[0.410s] -- Found ament_cmake: 2.5.4 (/opt/ros/jazzy/share/ament_cmake/cmake)
[0.597s] -- Found Python3: /usr/bin/python3 (found version "3.12.3") found components: Interpreter 
[0.749s] -- Found rclcpp: 28.1.13 (/opt/ros/jazzy/share/rclcpp/cmake)
[0.816s] -- Found rosidl_generator_c: 4.6.6 (/opt/ros/jazzy/share/rosidl_generator_c/cmake)
[0.838s] -- Found rosidl_generator_cpp: 4.6.6 (/opt/ros/jazzy/share/rosidl_generator_cpp/cmake)
[0.864s] -- Using all available rosidl_typesupport_c: rosidl_typesupport_fastrtps_c;rosidl_typesupport_introspection_c
[0.895s] -- Using all available rosidl_typesupport_cpp: rosidl_typesupport_fastrtps_cpp;rosidl_typesupport_introspection_cpp
[1.038s] -- Found rmw_implementation_cmake: 7.3.2 (/opt/ros/jazzy/share/rmw_implementation_cmake/cmake)
[1.041s] -- Found rmw_fastrtps_cpp: 8.4.3 (/opt/ros/jazzy/share/rmw_fastrtps_cpp/cmake)
[1.164s] -- Found OpenSSL: /usr/lib/x86_64-linux-gnu/libcrypto.so (found version "3.0.13")  
[1.194s] -- Found FastRTPS: /opt/ros/jazzy/include (Required is at least version "2.13") 
[1.227s] -- Using RMW implementation 'rmw_fastrtps_cpp' as default
[1.358s] -- Found rclcpp_components: 28.1.13 (/opt/ros/jazzy/share/rclcpp_components/cmake)
[1.425s] -- Found rviz_ogre_vendor: 14.1.17 (/opt/ros/jazzy/share/rviz_ogre_vendor/cmake)
[1.425s] -- Setting OGRE_DIR to: '/opt/ros/jazzy/share/rviz_ogre_vendor/cmake/../../../opt/rviz_ogre_vendor/lib/OGRE/cmake'
[1.428s] -- Found OGRE
[1.428s] --   static     : OFF
[1.428s] --   components : MeshLodGenerator;Overlay;Paging;Property;RTShaderSystem;Terrain;Volume
[1.428s] --   plugins    : Plugin_BSPSceneManager;Plugin_OctreeSceneManager;Plugin_PCZSceneManager;Plugin_ParticleFX;RenderSystem_GL;RenderSystem_GL3Plus;Codec_STBI
[1.428s] --   media      : /opt/ros/jazzy/opt/rviz_ogre_vendor/share/OGRE/Media
[1.428s] -- OGRE_LIBRARIES: OgreMeshLodGenerator;OgreOverlay;OgrePaging;OgreProperty;OgreRTShaderSystem;OgreTerrain;OgreVolume;OgreMain
[1.428s] -- OGRE_LIBRARY_DIRS: /opt/ros/jazzy/opt/rviz_ogre_vendor/lib
[1.428s] -- OGRE_PLUGINS: Plugin_BSPSceneManager;Plugin_OctreeSceneManager;Plugin_PCZSceneManager;Plugin_ParticleFX;RenderSystem_GL;RenderSystem_GL3Plus;Codec_STBI
[1.431s] -- OGRE_PLUGIN_DIR: /opt/ros/jazzy/opt/rviz_ogre_vendor/lib/OGRE
[1.431s] -- rviz_ogre_vendor::OgreOverlay for IMPORTED_LOCATION_RELEASE: /opt/ros/jazzy/opt/rviz_ogre_vendor/lib/libOgreOverlay.so
[1.431s] -- rviz_ogre_vendor::OgreOverlay for IMPORTED_LOCATION_DEBUG: /opt/ros/jazzy/opt/rviz_ogre_vendor/lib/libOgreOverlay.so
[1.431s] -- rviz_ogre_vendor::OgreMain for IMPORTED_LOCATION_RELEASE: /opt/ros/jazzy/opt/rviz_ogre_vendor/lib/libOgreMain.so
[1.431s] -- rviz_ogre_vendor::OgreMain for IMPORTED_LOCATION_DEBUG: /opt/ros/jazzy/opt/rviz_ogre_vendor/lib/libOgreMain.so
[1.494s] -- Found ZLIB: /usr/lib/x86_64-linux-gnu/libz.so (found version "1.3")  
[1.511s] -- Found OpenGL: /usr/lib/x86_64-linux-gnu/libOpenGL.so   
[1.762s] -- Found X11: /usr/include   
[1.766s] -- Looking for XOpenDisplay in /usr/lib/x86_64-linux-gnu/libX11.so;/usr/lib/x86_64-linux-gnu/libXext.so
[1.869s] -- Looking for XOpenDisplay in /usr/lib/x86_64-linux-gnu/libX11.so;/usr/lib/x86_64-linux-gnu/libXext.so - found
[1.869s] -- Looking for gethostbyname
[1.964s] -- Looking for gethostbyname - found
[1.964s] -- Looking for connect
[2.062s] -- Looking for connect - found
[2.062s] -- Looking for remove
[2.156s] -- Looking for remove - found
[2.156s] -- Looking for shmat
[2.253s] -- Looking for shmat - found
[2.253s] -- Looking for IceConnectionNumber in ICE
[2.349s] -- Looking for IceConnectionNumber in ICE - found
[2.358s] -- Found sensor_msgs: 5.3.6 (/opt/ros/jazzy/share/sensor_msgs/cmake)
[2.456s] -- Found shape_msgs: 5.3.6 (/opt/ros/jazzy/share/shape_msgs/cmake)
[2.483s] -- Found visualization_msgs: 5.3.6 (/opt/ros/jazzy/share/visualization_msgs/cmake)
[2.533s] -- Found trajectory_msgs: 5.3.6 (/opt/ros/jazzy/share/trajectory_msgs/cmake)
[2.569s] -- Found eigen3_cmake_module: 0.3.0 (/opt/ros/jazzy/share/eigen3_cmake_module/cmake)
[2.573s] -- Found eigen_stl_containers: 1.1.0 (/opt/ros/jazzy/share/eigen_stl_containers/cmake)
[2.587s] -- Found Eigen3: TRUE (found version "3.4.0") 
[2.591s] -- Found PkgConfig: /usr/bin/pkg-config (found version "1.8.1") 
[2.596s] -- Found tf2: 0.36.16 (/opt/ros/jazzy/share/tf2/cmake)
[2.605s] -- Found tf2_eigen: 0.36.16 (/opt/ros/jazzy/share/tf2_eigen/cmake)
[2.760s] -- Found tf2_geometry_msgs: 0.36.16 (/opt/ros/jazzy/share/tf2_geometry_msgs/cmake)
[2.777s] -- Ensuring Eigen3 include directory is part of orocos-kdl CMake target
[2.783s] -- Found pluginlib: 5.4.3 (/opt/ros/jazzy/share/pluginlib/cmake)
[2.797s] -- Found interactive_markers: 2.5.5 (/opt/ros/jazzy/share/interactive_markers/cmake)
[2.811s] -- Found rviz_common: 14.1.17 (/opt/ros/jazzy/share/rviz_common/cmake)
[2.890s] -- Setting yaml-cpp_DIR to: '/opt/ros/jazzy/share/yaml_cpp_vendor/cmake/../../../opt/yaml_cpp_vendor/share/cmake/yaml-cpp'
[2.928s] -- Found rviz_default_plugins: 14.1.17 (/opt/ros/jazzy/share/rviz_default_plugins/cmake)
[3.241s] -- Found ament_cmake_gtest: 2.5.4 (/opt/ros/jazzy/share/ament_cmake_gtest/cmake)
[3.257s] -- Found gtest sources under '/opt/ros/jazzy/src/gtest_vendor': C++ tests using 'Google Test' will be built
[3.262s] -- Performing Test CMAKE_HAVE_LIBC_PTHREAD
[3.364s] -- Performing Test CMAKE_HAVE_LIBC_PTHREAD - Success
[3.366s] -- Found Threads: TRUE  
[3.488s] -- Configuring done (3.5s)
[3.645s] -- Generating done (0.1s)
[3.693s] -- Build files have been written to: /home/andre/ros2_ws/src/build/rviz_visual_tools
[3.714s] Invoked command in '/home/andre/ros2_ws/src/build/rviz_visual_tools' returned '0': CMAKE_PREFIX_PATH=${CMAKE_PREFIX_PATH}:/opt/ros/jazzy DEBUGINFOD_URLS=https://debuginfod.ubuntu.com /usr/bin/cmake /home/andre/ros2_ws/src/rviz_visual_tools -DCMAKE_BUILD_TYPE=Release -DCMAKE_INSTALL_PREFIX=/home/andre/ros2_ws/src/install/rviz_visual_tools
[3.714s] Invoking command in '/home/andre/ros2_ws/src/build/rviz_visual_tools': CMAKE_PREFIX_PATH=${CMAKE_PREFIX_PATH}:/opt/ros/jazzy DEBUGINFOD_URLS=https://debuginfod.ubuntu.com /usr/bin/cmake --build /home/andre/ros2_ws/src/build/rviz_visual_tools -- -j4 -l4
[3.787s] [  0%] Built target rviz_visual_tools_gui_autogen_timestamp_deps
[3.799s] [  0%] Built target gtest_autogen_timestamp_deps
[3.800s] [  0%] Built target rviz_visual_tools_remote_control_autogen_timestamp_deps
[3.812s] [  0%] Built target gtest_main_autogen_timestamp_deps
[3.838s] [  2%] [34m[1mAutomatic MOC for target rviz_visual_tools_remote_control[0m
[3.840s] [  4%] [34m[1mAutomatic MOC for target rviz_visual_tools_gui[0m
[3.845s] [  7%] [34m[1mAutomatic MOC for target gtest[0m
[3.851s] [  9%] [34m[1mAutomatic MOC for target gtest_main[0m
[3.922s] [  9%] Built target rviz_visual_tools_remote_control_autogen
[3.923s] [  9%] Built target gtest_autogen
[3.931s] [  9%] Built target gtest_main_autogen
[3.963s] [ 12%] [32mBuilding CXX object CMakeFiles/rviz_visual_tools_remote_control.dir/rviz_visual_tools_remote_control_autogen/mocs_compilation.cpp.o[0m
[3.976s] [ 14%] [32mBuilding CXX object gtest/CMakeFiles/gtest_main.dir/gtest_main_autogen/mocs_compilation.cpp.o[0m
[3.977s] [ 17%] [32mBuilding CXX object gtest/CMakeFiles/gtest.dir/gtest_autogen/mocs_compilation.cpp.o[0m
[4.013s] [ 19%] [32mBuilding CXX object CMakeFiles/rviz_visual_tools_remote_control.dir/src/remote_control.cpp.o[0m
[4.019s] [ 21%] [32mBuilding CXX object gtest/CMakeFiles/gtest_main.dir/src/gtest_main.cc.o[0m
[4.031s] [ 24%] [32mBuilding CXX object gtest/CMakeFiles/gtest.dir/src/gtest-all.cc.o[0m
[4.467s] [ 24%] Built target rviz_visual_tools_gui_autogen
[4.526s] [ 26%] [32mBuilding CXX object CMakeFiles/rviz_visual_tools_gui.dir/rviz_visual_tools_gui_autogen/mocs_compilation.cpp.o[0m
[5.557s] [ 29%] [32m[1mLinking CXX static library libgtest_main.a[0m
[5.912s] [ 31%] Built target gtest_main
[5.936s] [ 34%] [32mBuilding CXX object CMakeFiles/rviz_visual_tools_gui.dir/src/rviz_visual_tools_gui.cpp.o[0m
[18.112s] [ 36%] [32mBuilding CXX object CMakeFiles/rviz_visual_tools_gui.dir/src/key_tool.cpp.o[0m
[27.207s] [ 39%] [32mBuilding CXX object CMakeFiles/rviz_visual_tools_gui.dir/src/remote_control.cpp.o[0m
[30.219s] [ 41%] [32m[1mLinking CXX static library libgtest.a[0m
[30.389s] [ 43%] Built target gtest
[35.368s] [ 46%] [32m[1mLinking CXX shared library librviz_visual_tools_remote_control.so[0m
[36.122s] [ 46%] Built target rviz_visual_tools_remote_control
[52.946s] [ 48%] [32m[1mLinking CXX shared library librviz_visual_tools_gui.so[0m
[55.848s] [ 48%] Built target rviz_visual_tools_gui
[55.876s] [ 48%] Built target rviz_visual_tools_autogen_timestamp_deps
[55.904s] [ 51%] [34m[1mAutomatic MOC for target rviz_visual_tools[0m
[55.947s] [ 51%] Built target rviz_visual_tools_autogen
[55.976s] [ 53%] [32mBuilding CXX object CMakeFiles/rviz_visual_tools.dir/rviz_visual_tools_autogen/mocs_compilation.cpp.o[0m
[56.005s] [ 56%] [32mBuilding CXX object CMakeFiles/rviz_visual_tools.dir/src/tf_visual_tools.cpp.o[0m
[66.988s] [ 58%] [32mBuilding CXX object CMakeFiles/rviz_visual_tools.dir/src/rviz_visual_tools.cpp.o[0m
[90.654s] In file included from [01m[K/usr/include/eigen3/Eigen/src/Core/util/ConfigureVectorization.h:346[m[K,
[90.654s]                  from [01m[K/usr/include/eigen3/Eigen/Core:22[m[K,
[90.654s]                  from [01m[K/usr/include/eigen3/Eigen/Geometry:11[m[K,
[90.654s]                  from [01m[K/home/andre/ros2_ws/src/rviz_visual_tools/include/rviz_visual_tools/rviz_visual_tools.hpp:45[m[K,
[90.654s]                  from [01m[K/home/andre/ros2_ws/src/rviz_visual_tools/src/rviz_visual_tools.cpp:42[m[K:
[90.654s] In function ‘[01m[K__m128d[01;32m[K _mm_loadu_pd[m[K(const double*)[m[K’,
[90.654s]     inlined from ‘[01m[KPacket Eigen::internal::[01;32m[Kploadu[m[K(const typename unpacket_traits<T>::type*) [35m[K[with Packet = __vector(2) double][m[K[m[K’ at [01m[K/usr/include/eigen3/Eigen/src/Core/arch/SSE/PacketMath.h:746:22[m[K,
[90.655s]     inlined from ‘[01m[KPacket Eigen::internal::[01;32m[Kploadt[m[K(const typename unpacket_traits<T>::type*) [35m[K[with Packet = __vector(2) double; int Alignment = 0][m[K[m[K’ at [01m[K/usr/include/eigen3/Eigen/src/Core/GenericPacketMath.h:969:26[m[K,
[90.655s]     inlined from ‘[01m[KPacketType Eigen::internal::mapbase_evaluator<Derived, PlainObjectType>::[01;32m[Kpacket[m[K(Eigen::Index, Eigen::Index) const [35m[K[with int LoadMode = 0; PacketType = __vector(2) double; Derived = Eigen::Block<const Eigen::Matrix<double, 3, 3>, 3, 1, true>; PlainObjectType = Eigen::Matrix<double, 3, 1>][m[K[m[K’ at [01m[K/usr/include/eigen3/Eigen/src/Core/CoreEvaluators.h:937:50[m[K,
[90.655s]     inlined from ‘[01m[Kvoid Eigen::internal::generic_dense_assignment_kernel<DstEvaluatorTypeT, SrcEvaluatorTypeT, Functor, Version>::[01;32m[KassignPacket[m[K(Eigen::Index, Eigen::Index) [35m[K[with int StoreMode = 0; int LoadMode = 0; PacketType = __vector(2) double; DstEvaluatorTypeT = Eigen::internal::evaluator<Eigen::Matrix<double, 3, 1> >; SrcEvaluatorTypeT = Eigen::internal::evaluator<Eigen::Block<const Eigen::Matrix<double, 3, 3>, 3, 1, true> >; Functor = Eigen::internal::assign_op<double, double>; int Version = 0][m[K[m[K’ at [01m[K/usr/include/eigen3/Eigen/src/Core/AssignEvaluator.h:675:116[m[K,
[90.655s]     inlined from ‘[01m[Kvoid Eigen::internal::generic_dense_assignment_kernel<DstEvaluatorTypeT, SrcEvaluatorTypeT, Functor, Version>::[01;32m[KassignPacketByOuterInner[m[K(Eigen::Index, Eigen::Index) [35m[K[with int StoreMode = 0; int LoadMode = 0; PacketType = __vector(2) double; DstEvaluatorTypeT = Eigen::internal::evaluator<Eigen::Matrix<double, 3, 1> >; SrcEvaluatorTypeT = Eigen::internal::evaluator<Eigen::Block<const Eigen::Matrix<double, 3, 3>, 3, 1, true> >; Functor = Eigen::internal::assign_op<double, double>; int Version = 0][m[K[m[K’ at [01m[K/usr/include/eigen3/Eigen/src/Core/AssignEvaluator.h:689:48[m[K,
[90.656s]     inlined from ‘[01m[Kstatic void Eigen::internal::copy_using_evaluator_innervec_CompleteUnrolling<Kernel, Index, Stop>::[01;32m[Krun[m[K(Kernel&) [35m[K[with Kernel = Eigen::internal::generic_dense_assignment_kernel<Eigen::internal::evaluator<Eigen::Matrix<double, 3, 1> >, Eigen::internal::evaluator<Eigen::Block<const Eigen::Matrix<double, 3, 3>, 3, 1, true> >, Eigen::internal::assign_op<double, double>, 0>; int Index = 0; int Stop = 2][m[K[m[K’ at [01m[K/usr/include/eigen3/Eigen/src/Core/AssignEvaluator.h:279:85[m[K,
[90.656s]     inlined from ‘[01m[Kstatic void Eigen::internal::dense_assignment_loop<Kernel, 3, 2>::[01;32m[Krun[m[K(Kernel&) [35m[K[with Kernel = Eigen::internal::generic_dense_assignment_kernel<Eigen::internal::evaluator<Eigen::Matrix<double, 3, 1> >, Eigen::internal::evaluator<Eigen::Block<const Eigen::Matrix<double, 3, 3>, 3, 1, true> >, Eigen::internal::assign_op<double, double>, 0>][m[K[m[K’ at [01m[K/usr/include/eigen3/Eigen/src/Core/AssignEvaluator.h:455:81[m[K,
[90.656s]     inlined from ‘[01m[Kvoid Eigen::internal::[01;32m[Kcall_dense_assignment_loop[m[K(DstXprType&, const SrcXprType&, const Functor&) [35m[K[with DstXprType = Eigen::Matrix<double, 3, 1>; SrcXprType = Eigen::Block<const Eigen::Matrix<double, 3, 3>, 3, 1, true>; Functor = assign_op<double, double>][m[K[m[K’ at [01m[K/usr/include/eigen3/Eigen/src/Core/AssignEvaluator.h:785:37[m[K,
[90.656s]     inlined from ‘[01m[Kstatic void Eigen::internal::Assignment<DstXprType, SrcXprType, Functor, Eigen::internal::Dense2Dense, Weak>::[01;32m[Krun[m[K(DstXprType&, const SrcXprType&, const Functor&) [35m[K[with DstXprType = Eigen::Matrix<double, 3, 1>; SrcXprType = Eigen::Block<const Eigen::Matrix<double, 3, 3>, 3, 1, true>; Functor = Eigen::internal::assign_op<double, double>; Weak = void][m[K[m[K’ at [01m[K/usr/include/eigen3/Eigen/src/Core/AssignEvaluator.h:954:31[m[K,
[90.657s]     inlined from ‘[01m[Kvoid Eigen::internal::[01;32m[Kcall_assignment_no_alias[m[K(Dst&, const Src&, const Func&) [35m[K[with Dst = Eigen::Matrix<double, 3, 1>; Src = Eigen::Block<const Eigen::Matrix<double, 3, 3>, 3, 1, true>; Func = assign_op<double, double>][m[K[m[K’ at [01m[K/usr/include/eigen3/Eigen/src/Core/AssignEvaluator.h:890:49[m[K,
[90.657s]     inlined from ‘[01m[KDerived& Eigen::PlainObjectBase<Derived>::[01;32m[K_set_noalias[m[K(const Eigen::DenseBase<OtherDerived>&) [35m[K[with OtherDerived = Eigen::Block<const Eigen::Matrix<double, 3, 3>, 3, 1, true>; Derived = Eigen::Matrix<double, 3, 1>][m[K[m[K’ at [01m[K/usr/include/eigen3/Eigen/src/Core/PlainObjectBase.h:797:41[m[K,
[90.657s]     inlined from ‘[01m[KEigen::PlainObjectBase<Derived>::[01;32m[KPlainObjectBase[m[K(const Eigen::DenseBase<OtherDerived>&) [35m[K[with OtherDerived = Eigen::Block<const Eigen::Matrix<double, 3, 3>, 3, 1, true>; Derived = Eigen::Matrix<double, 3, 1>][m[K[m[K’ at [01m[K/usr/include/eigen3/Eigen/src/Core/PlainObjectBase.h:594:19[m[K,
[90.657s]     inlined from ‘[01m[KEigen::Matrix<_Scalar, _Rows, _Cols, _Options, _MaxRows, _MaxCols>::[01;32m[KMatrix[m[K(const Eigen::EigenBase<OtherDerived>&) [35m[K[with OtherDerived = Eigen::Block<const Eigen::Matrix<double, 3, 3>, 3, 1, true>; _Scalar = double; int _Rows = 3; int _Cols = 1; int _Options = 0; int _MaxRows = 3; int _MaxCols = 1][m[K[m[K’ at [01m[K/usr/include/eigen3/Eigen/src/Core/Matrix.h:423:29[m[K,
[90.660s]     inlined from ‘[01m[KDerived& Eigen::QuaternionBase<Derived>::[01;32m[KsetFromTwoVectors[m[K(const Eigen::MatrixBase<OtherDerived>&, const Eigen::MatrixBase<OtherDerived>&) [35m[K[with Derived1 = Eigen::Matrix<double, 3, 1>; Derived2 = Eigen::Matrix<double, 3, 1>; Derived = Eigen::Quaternion<double>][m[K[m[K’ at [01m[K/usr/include/eigen3/Eigen/src/Geometry/Quaternion.h:658:13[m[K,
[90.660s]     inlined from ‘[01m[Kstatic Eigen::Quaternion<_Scalar, _Options> Eigen::Quaternion<Scalar, Options>::[01;32m[KFromTwoVectors[m[K(const Eigen::MatrixBase<OtherDerived>&, const Eigen::MatrixBase<OtherDerived>&) [35m[K[with Derived1 = Eigen::Matrix<double, 3, 1>; Derived2 = Eigen::Matrix<double, 3, 1>; _Scalar = double; int _Options = 0][m[K[m[K’ at [01m[K/usr/include/eigen3/Eigen/src/Geometry/Quaternion.h:708:27[m[K,
[90.660s]     inlined from ‘[01m[Kbool rviz_visual_tools::RvizVisualTools::[01;32m[KpublishABCDPlane[m[K(double, double, double, double, rviz_visual_tools::Colors, double, double)[m[K’ at [01m[K/home/andre/ros2_ws/src/rviz_visual_tools/src/rviz_visual_tools.cpp:1035:67[m[K:
[90.661s] [01m[K/usr/lib/gcc/x86_64-linux-gnu/13/include/emmintrin.h:134:24:[m[K [01;35m[Kwarning: [m[K‘[01m[K*(__m128d_u*)((char*)&svd + offsetof(Eigen::JacobiSVD<Eigen::Matrix<double, 2, 3, 0, 2, 3>, 2>,Eigen::JacobiSVD<Eigen::Matrix<double, 2, 3, 0, 2, 3>, 2>::<unnamed>.Eigen::SVDBase<Eigen::JacobiSVD<Eigen::Matrix<double, 2, 3, 0, 2, 3>, 2> >::m_matrixV.Eigen::Matrix<double, 3, 3, 0, 3, 3>::<unnamed>.Eigen::PlainObjectBase<Eigen::Matrix<double, 3, 3, 0, 3, 3> >::m_storage.Eigen::DenseStorage<double, 9, 3, 3, 0>::m_data.Eigen::internal::plain_array<double, 9, 0, 0>::array[6]))[m[K’ may be used uninitialized [[01;35m[K]8;;https://gcc.gnu.org/onlinedocs/gcc/Warning-Options.html#index-Wmaybe-uninitialized-Wmaybe-uninitialized]8;;[m[K]
[90.661s]   134 |   return *(__m128d_u *)[01;35m[K__P[m[K;
[90.661s]       |                        [01;35m[K^~~[m[K
[90.661s] In file included from [01m[K/usr/include/eigen3/Eigen/Geometry:42[m[K:
[90.661s] [01m[K/usr/include/eigen3/Eigen/src/Geometry/Quaternion.h:[m[K In member function ‘[01m[Kbool rviz_visual_tools::RvizVisualTools::[01;32m[KpublishABCDPlane[m[K(double, double, double, double, rviz_visual_tools::Colors, double, double)[m[K’:
[90.661s] [01m[K/usr/include/eigen3/Eigen/src/Geometry/Quaternion.h:657:36:[m[K [01;36m[Knote: [m[K‘[01m[Ksvd[m[K’ declared here
[90.661s]   657 |     JacobiSVD<Matrix<Scalar,2,3> > [01;36m[Ksvd[m[K(m, ComputeFullV);
[90.661s]       |                                    [01;36m[K^~~[m[K
[90.661s] In file included from [01m[K/usr/include/eigen3/Eigen/Core:277[m[K:
[90.662s] In member function ‘[01m[KEigen::internal::mapbase_evaluator<Derived, PlainObjectType>::CoeffReturnType Eigen::internal::mapbase_evaluator<Derived, PlainObjectType>::[01;32m[Kcoeff[m[K(Eigen::Index, Eigen::Index) const [35m[K[with Derived = Eigen::Block<const Eigen::Matrix<double, 3, 3>, 3, 1, true>; PlainObjectType = Eigen::Matrix<double, 3, 1>][m[K[m[K’,
[90.662s]     inlined from ‘[01m[Kvoid Eigen::internal::generic_dense_assignment_kernel<DstEvaluatorTypeT, SrcEvaluatorTypeT, Functor, Version>::[01;32m[KassignCoeff[m[K(Eigen::Index, Eigen::Index) [35m[K[with DstEvaluatorTypeT = Eigen::internal::evaluator<Eigen::Matrix<double, 3, 1> >; SrcEvaluatorTypeT = Eigen::internal::evaluator<Eigen::Block<const Eigen::Matrix<double, 3, 3>, 3, 1, true> >; Functor = Eigen::internal::assign_op<double, double>; int Version = 0][m[K[m[K’ at [01m[K/usr/include/eigen3/Eigen/src/Core/AssignEvaluator.h:654:63[m[K,
[90.662s]     inlined from ‘[01m[Kvoid Eigen::internal::generic_dense_assignment_kernel<DstEvaluatorTypeT, SrcEvaluatorTypeT, Functor, Version>::[01;32m[KassignCoeffByOuterInner[m[K(Eigen::Index, Eigen::Index) [35m[K[with DstEvaluatorTypeT = Eigen::internal::evaluator<Eigen::Matrix<double, 3, 1> >; SrcEvaluatorTypeT = Eigen::internal::evaluator<Eigen::Block<const Eigen::Matrix<double, 3, 3>, 3, 1, true> >; Functor = Eigen::internal::assign_op<double, double>; int Version = 0][m[K[m[K’ at [01m[K/usr/include/eigen3/Eigen/src/Core/AssignEvaluator.h:668:16[m[K,
[90.662s]     inlined from ‘[01m[Kstatic void Eigen::internal::copy_using_evaluator_DefaultTraversal_CompleteUnrolling<Kernel, Index, Stop>::[01;32m[Krun[m[K(Kernel&) [35m[K[with Kernel = Eigen::internal::generic_dense_assignment_kernel<Eigen::internal::evaluator<Eigen::Matrix<double, 3, 1> >, Eigen::internal::evaluator<Eigen::Block<const Eigen::Matrix<double, 3, 3>, 3, 1, true> >, Eigen::internal::assign_op<double, double>, 0>; int Index = 2; int Stop = 3][m[K[m[K’ at [01m[K/usr/include/eigen3/Eigen/src/Core/AssignEvaluator.h:211:35[m[K,
[90.662s]     inlined from ‘[01m[Kstatic void Eigen::internal::dense_assignment_loop<Kernel, 3, 2>::[01;32m[Krun[m[K(Kernel&) [35m[K[with Kernel = Eigen::internal::generic_dense_assignment_kernel<Eigen::internal::evaluator<Eigen::Matrix<double, 3, 1> >, Eigen::internal::evaluator<Eigen::Block<const Eigen::Matrix<double, 3, 3>, 3, 1, true> >, Eigen::internal::assign_op<double, double>, 0>][m[K[m[K’ at [01m[K/usr/include/eigen3/Eigen/src/Core/AssignEvaluator.h:456:92[m[K,
[90.662s]     inlined from ‘[01m[Kvoid Eigen::internal::[01;32m[Kcall_dense_assignment_loop[m[K(DstXprType&, const SrcXprType&, const Functor&) [35m[K[with DstXprType = Eigen::Matrix<double, 3, 1>; SrcXprType = Eigen::Block<const Eigen::Matrix<double, 3, 3>, 3, 1, true>; Functor = assign_op<double, double>][m[K[m[K’ at [01m[K/usr/include/eigen3/Eigen/src/Core/AssignEvaluator.h:785:37[m[K,
[90.662s]     inlined from ‘[01m[Kstatic void Eigen::internal::Assignment<DstXprType, SrcXprType, Functor, Eigen::internal::Dense2Dense, Weak>::[01;32m[Krun[m[K(DstXprType&, const SrcXprType&, const Functor&) [35m[K[with DstXprType = Eigen::Matrix<double, 3, 1>; SrcXprType = Eigen::Block<const Eigen::Matrix<double, 3, 3>, 3, 1, true>; Functor = Eigen::internal::assign_op<double, double>; Weak = void][m[K[m[K’ at [01m[K/usr/include/eigen3/Eigen/src/Core/AssignEvaluator.h:954:31[m[K,
[90.662s]     inlined from ‘[01m[Kvoid Eigen::internal::[01;32m[Kcall_assignment_no_alias[m[K(Dst&, const Src&, const Func&) [35m[K[with Dst = Eigen::Matrix<double, 3, 1>; Src = Eigen::Block<const Eigen::Matrix<double, 3, 3>, 3, 1, true>; Func = assign_op<double, double>][m[K[m[K’ at [01m[K/usr/include/eigen3/Eigen/src/Core/AssignEvaluator.h:890:49[m[K,
[90.662s]     inlined from ‘[01m[KDerived& Eigen::PlainObjectBase<Derived>::[01;32m[K_set_noalias[m[K(const Eigen::DenseBase<OtherDerived>&) [35m[K[with OtherDerived = Eigen::Block<const Eigen::Matrix<double, 3, 3>, 3, 1, true>; Derived = Eigen::Matrix<double, 3, 1>][m[K[m[K’ at [01m[K/usr/include/eigen3/Eigen/src/Core/PlainObjectBase.h:797:41[m[K,
[90.662s]     inlined from ‘[01m[KEigen::PlainObjectBase<Derived>::[01;32m[KPlainObjectBase[m[K(const Eigen::DenseBase<OtherDerived>&) [35m[K[with OtherDerived = Eigen::Block<const Eigen::Matrix<double, 3, 3>, 3, 1, true>; Derived = Eigen::Matrix<double, 3, 1>][m[K[m[K’ at [01m[K/usr/include/eigen3/Eigen/src/Core/PlainObjectBase.h:594:19[m[K,
[90.663s]     inlined from ‘[01m[KEigen::Matrix<_Scalar, _Rows, _Cols, _Options, _MaxRows, _MaxCols>::[01;32m[KMatrix[m[K(const Eigen::EigenBase<OtherDerived>&) [35m[K[with OtherDerived = Eigen::Block<const Eigen::Matrix<double, 3, 3>, 3, 1, true>; _Scalar = double; int _Rows = 3; int _Cols = 1; int _Options = 0; int _MaxRows = 3; int _MaxCols = 1][m[K[m[K’ at [01m[K/usr/include/eigen3/Eigen/src/Core/Matrix.h:423:29[m[K,
[90.663s]     inlined from ‘[01m[KDerived& Eigen::QuaternionBase<Derived>::[01;32m[KsetFromTwoVectors[m[K(const Eigen::MatrixBase<OtherDerived>&, const Eigen::MatrixBase<OtherDerived>&) [35m[K[with Derived1 = Eigen::Matrix<double, 3, 1>; Derived2 = Eigen::Matrix<double, 3, 1>; Derived = Eigen::Quaternion<double>][m[K[m[K’ at [01m[K/usr/include/eigen3/Eigen/src/Geometry/Quaternion.h:658:13[m[K,
[90.663s]     inlined from ‘[01m[Kstatic Eigen::Quaternion<_Scalar, _Options> Eigen::Quaternion<Scalar, Options>::[01;32m[KFromTwoVectors[m[K(const Eigen::MatrixBase<OtherDerived>&, const Eigen::MatrixBase<OtherDerived>&) [35m[K[with Derived1 = Eigen::Matrix<double, 3, 1>; Derived2 = Eigen::Matrix<double, 3, 1>; _Scalar = double; int _Options = 0][m[K[m[K’ at [01m[K/usr/include/eigen3/Eigen/src/Geometry/Quaternion.h:708:27[m[K,
[90.663s]     inlined from ‘[01m[Kbool rviz_visual_tools::RvizVisualTools::[01;32m[KpublishABCDPlane[m[K(double, double, double, double, rviz_visual_tools::Colors, double, double)[m[K’ at [01m[K/home/andre/ros2_ws/src/rviz_visual_tools/src/rviz_visual_tools.cpp:1035:67[m[K:
[90.666s] [01m[K/usr/include/eigen3/Eigen/src/Core/CoreEvaluators.h:911:56:[m[K [01;35m[Kwarning: [m[K‘[01m[Ksvd.Eigen::JacobiSVD<Eigen::Matrix<double, 2, 3, 0, 2, 3>, 2>::<unnamed>.Eigen::SVDBase<Eigen::JacobiSVD<Eigen::Matrix<double, 2, 3, 0, 2, 3>, 2> >::m_matrixV.Eigen::Matrix<double, 3, 3, 0, 3, 3>::<unnamed>.Eigen::PlainObjectBase<Eigen::Matrix<double, 3, 3, 0, 3, 3> >::m_storage.Eigen::DenseStorage<double, 9, 3, 3, 0>::m_data.Eigen::internal::plain_array<double, 9, 0, 0>::array[8][m[K’ may be used uninitialized [[01;35m[K]8;;https://gcc.gnu.org/onlinedocs/gcc/Warning-Options.html#index-Wmaybe-uninitialized-Wmaybe-uninitialized]8;;[m[K]
[90.666s]   911 |     return m_data[col * colStride() + row * rowStride()[01;35m[K][m[K;
[90.666s]       |                                                        [01;35m[K^[m[K
[90.666s] [01m[K/usr/include/eigen3/Eigen/src/Geometry/Quaternion.h:[m[K In member function ‘[01m[Kbool rviz_visual_tools::RvizVisualTools::[01;32m[KpublishABCDPlane[m[K(double, double, double, double, rviz_visual_tools::Colors, double, double)[m[K’:
[90.667s] [01m[K/usr/include/eigen3/Eigen/src/Geometry/Quaternion.h:657:36:[m[K [01;36m[Knote: [m[K‘[01m[Ksvd[m[K’ declared here
[90.667s]   657 |     JacobiSVD<Matrix<Scalar,2,3> > [01;36m[Ksvd[m[K(m, ComputeFullV);
[90.667s]       |                                    [01;36m[K^~~[m[K
[91.107s] [ 60%] [32m[1mLinking CXX shared library librviz_visual_tools.so[0m
[91.362s] [ 60%] Built target rviz_visual_tools
[91.388s] [ 60%] Built target rviz_visual_tools_imarker_simple_autogen_timestamp_deps
[91.414s] [ 60%] Built target rviz_visual_tools_rvt_test_autogen_timestamp_deps
[91.441s] [ 63%] [34m[1mAutomatic MOC for target rviz_visual_tools_imarker_simple[0m
[91.479s] [ 63%] Built target rviz_visual_tools_imarker_simple_autogen
[91.505s] [ 65%] [34m[1mAutomatic MOC for target rviz_visual_tools_rvt_test[0m
[91.541s] [ 65%] Built target rviz_visual_tools_rvt_test_autogen
[91.566s] [ 68%] [32mBuilding CXX object CMakeFiles/rviz_visual_tools_imarker_simple.dir/rviz_visual_tools_imarker_simple_autogen/mocs_compilation.cpp.o[0m
[91.590s] [ 70%] [32mBuilding CXX object CMakeFiles/rviz_visual_tools_imarker_simple.dir/src/imarker_simple.cpp.o[0m
[97.164s] [ 73%] [32m[1mLinking CXX shared library librviz_visual_tools_imarker_simple.so[0m
[97.315s] [ 73%] Built target rviz_visual_tools_imarker_simple
[97.337s] [ 75%] [32mBuilding CXX object CMakeFiles/rviz_visual_tools_rvt_test.dir/rviz_visual_tools_rvt_test_autogen/mocs_compilation.cpp.o[0m
[97.358s] [ 78%] [32mBuilding CXX object CMakeFiles/rviz_visual_tools_rvt_test.dir/tests/rvt_test.cpp.o[0m
[104.020s] [ 80%] [32m[1mLinking CXX executable rviz_visual_tools_rvt_test[0m
[104.226s] [ 80%] Built target rviz_visual_tools_rvt_test
[104.248s] [ 80%] Built target rviz_visual_tools_imarker_simple_demo_autogen_timestamp_deps
[104.270s] [ 80%] Built target rviz_visual_tools_demo_autogen_timestamp_deps
[104.292s] [ 82%] [34m[1mAutomatic MOC for target rviz_visual_tools_imarker_simple_demo[0m
[104.325s] [ 82%] Built target rviz_visual_tools_imarker_simple_demo_autogen
[104.347s] [ 85%] [34m[1mAutomatic MOC for target rviz_visual_tools_demo[0m
[104.379s] [ 85%] Built target rviz_visual_tools_demo_autogen
[104.402s] [ 87%] [32mBuilding CXX object CMakeFiles/rviz_visual_tools_imarker_simple_demo.dir/rviz_visual_tools_imarker_simple_demo_autogen/mocs_compilation.cpp.o[0m
[104.424s] [ 90%] [32mBuilding CXX object CMakeFiles/rviz_visual_tools_imarker_simple_demo.dir/src/imarker_simple_demo.cpp.o[0m
[109.767s] [ 92%] [32m[1mLinking CXX executable rviz_visual_tools_imarker_simple_demo[0m
[109.947s] [ 92%] Built target rviz_visual_tools_imarker_simple_demo
[109.971s] [ 95%] [32mBuilding CXX object CMakeFiles/rviz_visual_tools_demo.dir/rviz_visual_tools_demo_autogen/mocs_compilation.cpp.o[0m
[109.993s] [ 97%] [32mBuilding CXX object CMakeFiles/rviz_visual_tools_demo.dir/src/rviz_visual_tools_demo.cpp.o[0m
[118.454s] [100%] [32m[1mLinking CXX executable rviz_visual_tools_demo[0m
[118.832s] [100%] Built target rviz_visual_tools_demo
[118.857s] Invoked command in '/home/andre/ros2_ws/src/build/rviz_visual_tools' returned '0': CMAKE_PREFIX_PATH=${CMAKE_PREFIX_PATH}:/opt/ros/jazzy DEBUGINFOD_URLS=https://debuginfod.ubuntu.com /usr/bin/cmake --build /home/andre/ros2_ws/src/build/rviz_visual_tools -- -j4 -l4
[118.857s] Invoking command in '/home/andre/ros2_ws/src/build/rviz_visual_tools': CMAKE_PREFIX_PATH=${CMAKE_PREFIX_PATH}:/opt/ros/jazzy DEBUGINFOD_URLS=https://debuginfod.ubuntu.com /usr/bin/cmake --install /home/andre/ros2_ws/src/build/rviz_visual_tools
[118.877s] -- Install configuration: "Release"
[118.878s] -- Installing: /home/andre/ros2_ws/src/install/rviz_visual_tools/share/rviz_visual_tools/plugin_description.xml
[118.878s] -- Installing: /home/andre/ros2_ws/src/install/rviz_visual_tools/lib/librviz_visual_tools.so
[118.879s] -- Set non-toolchain portion of runtime path of "/home/andre/ros2_ws/src/install/rviz_visual_tools/lib/librviz_visual_tools.so" to ""
[118.879s] -- Installing: /home/andre/ros2_ws/src/install/rviz_visual_tools/lib/librviz_visual_tools_remote_control.so
[118.882s] -- Set non-toolchain portion of runtime path of "/home/andre/ros2_ws/src/install/rviz_visual_tools/lib/librviz_visual_tools_remote_control.so" to ""
[118.882s] -- Installing: /home/andre/ros2_ws/src/install/rviz_visual_tools/lib/librviz_visual_tools_gui.so
[118.883s] -- Set non-toolchain portion of runtime path of "/home/andre/ros2_ws/src/install/rviz_visual_tools/lib/librviz_visual_tools_gui.so" to ""
[118.884s] -- Installing: /home/andre/ros2_ws/src/install/rviz_visual_tools/lib/librviz_visual_tools_imarker_simple.so
[118.884s] -- Set non-toolchain portion of runtime path of "/home/andre/ros2_ws/src/install/rviz_visual_tools/lib/librviz_visual_tools_imarker_simple.so" to ""
[118.886s] -- Installing: /home/andre/ros2_ws/src/install/rviz_visual_tools/lib/rviz_visual_tools/rviz_visual_tools_demo
[118.887s] -- Set non-toolchain portion of runtime path of "/home/andre/ros2_ws/src/install/rviz_visual_tools/lib/rviz_visual_tools/rviz_visual_tools_demo" to ""
[118.887s] -- Installing: /home/andre/ros2_ws/src/install/rviz_visual_tools/lib/rviz_visual_tools/rviz_visual_tools_imarker_simple_demo
[118.887s] -- Set non-toolchain portion of runtime path of "/home/andre/ros2_ws/src/install/rviz_visual_tools/lib/rviz_visual_tools/rviz_visual_tools_imarker_simple_demo" to ""
[118.888s] -- Installing: /home/andre/ros2_ws/src/install/rviz_visual_tools/include
[118.888s] -- Installing: /home/andre/ros2_ws/src/install/rviz_visual_tools/include/rviz_visual_tools
[118.888s] -- Installing: /home/andre/ros2_ws/src/install/rviz_visual_tools/include/rviz_visual_tools/key_tool.hpp
[118.888s] -- Installing: /home/andre/ros2_ws/src/install/rviz_visual_tools/include/rviz_visual_tools/remote_control.hpp
[118.888s] -- Installing: /home/andre/ros2_ws/src/install/rviz_visual_tools/include/rviz_visual_tools/rviz_visual_tools.hpp
[118.890s] -- Installing: /home/andre/ros2_ws/src/install/rviz_visual_tools/include/rviz_visual_tools/remote_reciever.hpp
[118.890s] -- Installing: /home/andre/ros2_ws/src/install/rviz_visual_tools/include/rviz_visual_tools/tf_visual_tools.hpp
[118.890s] -- Installing: /home/andre/ros2_ws/src/install/rviz_visual_tools/include/rviz_visual_tools/imarker_simple.hpp
[118.891s] -- Installing: /home/andre/ros2_ws/src/install/rviz_visual_tools/include/rviz_visual_tools/rviz_visual_tools_gui.hpp
[118.891s] -- Installing: /home/andre/ros2_ws/src/install/rviz_visual_tools/share/rviz_visual_tools/launch
[118.891s] -- Installing: /home/andre/ros2_ws/src/install/rviz_visual_tools/share/rviz_visual_tools/launch/rvt_test.launch
[118.891s] -- Installing: /home/andre/ros2_ws/src/install/rviz_visual_tools/share/rviz_visual_tools/launch/demo_combined.launch.py
[118.891s] -- Installing: /home/andre/ros2_ws/src/install/rviz_visual_tools/share/rviz_visual_tools/launch/demo_rviz.launch.py
[118.892s] -- Installing: /home/andre/ros2_ws/src/install/rviz_visual_tools/share/rviz_visual_tools/launch/demo.rviz
[118.892s] -- Installing: /home/andre/ros2_ws/src/install/rviz_visual_tools/share/rviz_visual_tools/environment/library_path.sh
[118.892s] -- Installing: /home/andre/ros2_ws/src/install/rviz_visual_tools/share/rviz_visual_tools/environment/library_path.dsv
[118.893s] -- Installing: /home/andre/ros2_ws/src/install/rviz_visual_tools/share/ament_index/resource_index/package_run_dependencies/rviz_visual_tools
[118.894s] -- Installing: /home/andre/ros2_ws/src/install/rviz_visual_tools/share/ament_index/resource_index/parent_prefix_path/rviz_visual_tools
[118.894s] -- Installing: /home/andre/ros2_ws/src/install/rviz_visual_tools/share/rviz_visual_tools/environment/ament_prefix_path.sh
[118.894s] -- Installing: /home/andre/ros2_ws/src/install/rviz_visual_tools/share/rviz_visual_tools/environment/ament_prefix_path.dsv
[118.894s] -- Installing: /home/andre/ros2_ws/src/install/rviz_visual_tools/share/rviz_visual_tools/environment/path.sh
[118.894s] -- Installing: /home/andre/ros2_ws/src/install/rviz_visual_tools/share/rviz_visual_tools/environment/path.dsv
[118.895s] -- Installing: /home/andre/ros2_ws/src/install/rviz_visual_tools/share/rviz_visual_tools/local_setup.bash
[118.895s] -- Installing: /home/andre/ros2_ws/src/install/rviz_visual_tools/share/rviz_visual_tools/local_setup.sh
[118.896s] -- Installing: /home/andre/ros2_ws/src/install/rviz_visual_tools/share/rviz_visual_tools/local_setup.zsh
[118.896s] -- Installing: /home/andre/ros2_ws/src/install/rviz_visual_tools/share/rviz_visual_tools/local_setup.dsv
[118.896s] -- Installing: /home/andre/ros2_ws/src/install/rviz_visual_tools/share/rviz_visual_tools/package.dsv
[118.896s] -- Installing: /home/andre/ros2_ws/src/install/rviz_visual_tools/share/ament_index/resource_index/packages/rviz_visual_tools
[118.897s] -- Installing: /home/andre/ros2_ws/src/install/rviz_visual_tools/share/ament_index/resource_index/rviz_common__pluginlib__plugin/rviz_visual_tools
[118.897s] -- Installing: /home/andre/ros2_ws/src/install/rviz_visual_tools/share/rviz_visual_tools/cmake/export_rviz_visual_toolsExport.cmake
[118.897s] -- Installing: /home/andre/ros2_ws/src/install/rviz_visual_tools/share/rviz_visual_tools/cmake/export_rviz_visual_toolsExport-release.cmake
[118.897s] -- Installing: /home/andre/ros2_ws/src/install/rviz_visual_tools/share/rviz_visual_tools/cmake/ament_cmake_export_targets-extras.cmake
[118.897s] -- Installing: /home/andre/ros2_ws/src/install/rviz_visual_tools/share/rviz_visual_tools/cmake/ament_cmake_export_dependencies-extras.cmake
[118.897s] -- Installing: /home/andre/ros2_ws/src/install/rviz_visual_tools/share/rviz_visual_tools/cmake/ament_cmake_export_include_directories-extras.cmake
[118.897s] -- Installing: /home/andre/ros2_ws/src/install/rviz_visual_tools/share/rviz_visual_tools/cmake/ament_cmake_export_libraries-extras.cmake
[118.900s] -- Installing: /home/andre/ros2_ws/src/install/rviz_visual_tools/share/rviz_visual_tools/cmake/rviz_visual_toolsConfig.cmake
[118.900s] -- Installing: /home/andre/ros2_ws/src/install/rviz_visual_tools/share/rviz_visual_tools/cmake/rviz_visual_toolsConfig-version.cmake
[118.900s] -- Installing: /home/andre/ros2_ws/src/install/rviz_visual_tools/share/rviz_visual_tools/package.xml
[118.901s] Invoked command in '/home/andre/ros2_ws/src/build/rviz_visual_tools' returned '0': CMAKE_PREFIX_PATH=${CMAKE_PREFIX_PATH}:/opt/ros/jazzy DEBUGINFOD_URLS=https://debuginfod.ubuntu.com /usr/bin/cmake --install /home/andre/ros2_ws/src/build/rviz_visual_tools
