[1.834s] Invoking command in '/home/andre/ros2_ws/src/perception/chess_data_collector': CONDA_PROMPT_MODIFIER=(base) DEBUGINFOD_URLS=https://debuginfod.ubuntu.com PYTHONPATH=/home/andre/ros2_ws/build/chess_data_collector/prefix_override:/usr/lib/python3/dist-packages/colcon_core/task/python/colcon_distutils_commands:/home/andre/ros2_ws/install/chess_data_collector/lib/python3.12/site-packages:${PYTHONPATH} /usr/bin/python3 -W ignore:setup.py install is deprecated -W ignore:easy_install command is deprecated setup.py egg_info --egg-base ../../../build/chess_data_collector build --build-base /home/andre/ros2_ws/build/chess_data_collector/build install --record /home/andre/ros2_ws/build/chess_data_collector/install.log --single-version-externally-managed install_data
[2.439s] running egg_info
[2.439s] creating ../../../build/chess_data_collector/chess_data_collector.egg-info
[2.488s] writing ../../../build/chess_data_collector/chess_data_collector.egg-info/PKG-INFO
[2.489s] writing dependency_links to ../../../build/chess_data_collector/chess_data_collector.egg-info/dependency_links.txt
[2.492s] writing entry points to ../../../build/chess_data_collector/chess_data_collector.egg-info/entry_points.txt
[2.492s] writing requirements to ../../../build/chess_data_collector/chess_data_collector.egg-info/requires.txt
[2.492s] writing top-level names to ../../../build/chess_data_collector/chess_data_collector.egg-info/top_level.txt
[2.718s] writing manifest file '../../../build/chess_data_collector/chess_data_collector.egg-info/SOURCES.txt'
[2.818s] reading manifest file '../../../build/chess_data_collector/chess_data_collector.egg-info/SOURCES.txt'
[2.818s] writing manifest file '../../../build/chess_data_collector/chess_data_collector.egg-info/SOURCES.txt'
[2.819s] running build
[2.819s] running build_py
[2.819s] creating /home/andre/ros2_ws/build/chess_data_collector/build
[2.819s] creating /home/andre/ros2_ws/build/chess_data_collector/build/lib
[2.819s] creating /home/andre/ros2_ws/build/chess_data_collector/build/lib/chess_data_collector
[2.819s] copying chess_data_collector/image_collector.py -> /home/andre/ros2_ws/build/chess_data_collector/build/lib/chess_data_collector
[2.819s] copying chess_data_collector/__init__.py -> /home/andre/ros2_ws/build/chess_data_collector/build/lib/chess_data_collector
[2.819s] running install
[2.829s] running install_lib
[2.891s] creating /home/andre/ros2_ws/install/chess_data_collector/lib/python3.12/site-packages/chess_data_collector
[2.892s] copying /home/andre/ros2_ws/build/chess_data_collector/build/lib/chess_data_collector/image_collector.py -> /home/andre/ros2_ws/install/chess_data_collector/lib/python3.12/site-packages/chess_data_collector
[2.894s] copying /home/andre/ros2_ws/build/chess_data_collector/build/lib/chess_data_collector/__init__.py -> /home/andre/ros2_ws/install/chess_data_collector/lib/python3.12/site-packages/chess_data_collector
[2.897s] byte-compiling /home/andre/ros2_ws/install/chess_data_collector/lib/python3.12/site-packages/chess_data_collector/image_collector.py to image_collector.cpython-312.pyc
[2.899s] byte-compiling /home/andre/ros2_ws/install/chess_data_collector/lib/python3.12/site-packages/chess_data_collector/__init__.py to __init__.cpython-312.pyc
[2.900s] running install_data
[2.901s] creating /home/andre/ros2_ws/install/chess_data_collector/share/ament_index
[2.902s] creating /home/andre/ros2_ws/install/chess_data_collector/share/ament_index/resource_index
[2.902s] creating /home/andre/ros2_ws/install/chess_data_collector/share/ament_index/resource_index/packages
[2.902s] copying resource/chess_data_collector -> /home/andre/ros2_ws/install/chess_data_collector/share/ament_index/resource_index/packages
[2.903s] copying package.xml -> /home/andre/ros2_ws/install/chess_data_collector/share/chess_data_collector
[2.903s] running install_egg_info
[2.972s] Copying ../../../build/chess_data_collector/chess_data_collector.egg-info to /home/andre/ros2_ws/install/chess_data_collector/lib/python3.12/site-packages/chess_data_collector-0.0.1-py3.12.egg-info
[2.976s] running install_scripts
[3.099s] Installing auto_collect script to /home/andre/ros2_ws/install/chess_data_collector/lib/chess_data_collector
[3.099s] Installing collect script to /home/andre/ros2_ws/install/chess_data_collector/lib/chess_data_collector
[3.099s] writing list of installed files to '/home/andre/ros2_ws/build/chess_data_collector/install.log'
[3.155s] Invoked command in '/home/andre/ros2_ws/src/perception/chess_data_collector' returned '0': CONDA_PROMPT_MODIFIER=(base) DEBUGINFOD_URLS=https://debuginfod.ubuntu.com PYTHONPATH=/home/andre/ros2_ws/build/chess_data_collector/prefix_override:/usr/lib/python3/dist-packages/colcon_core/task/python/colcon_distutils_commands:/home/andre/ros2_ws/install/chess_data_collector/lib/python3.12/site-packages:${PYTHONPATH} /usr/bin/python3 -W ignore:setup.py install is deprecated -W ignore:easy_install command is deprecated setup.py egg_info --egg-base ../../../build/chess_data_collector build --build-base /home/andre/ros2_ws/build/chess_data_collector/build install --record /home/andre/ros2_ws/build/chess_data_collector/install.log --single-version-externally-managed install_data
