[4.643s] Invoking command in '/home/bot/ros2_ws/src/yolov5_detection': DEBUGINFOD_URLS=https://debuginfod.ubuntu.com PYTHONPATH=/home/bot/ros2_ws/build/yolov5_detection/prefix_override:/usr/lib/python3/dist-packages/colcon_core/task/python/colcon_distutils_commands:/home/bot/ros2_ws/install/yolov5_detection/lib/python3.12/site-packages:${PYTHONPATH} /usr/bin/python3 -W ignore:setup.py install is deprecated -W ignore:easy_install command is deprecated setup.py egg_info --egg-base ../../build/yolov5_detection build --build-base /home/bot/ros2_ws/build/yolov5_detection/build install --record /home/bot/ros2_ws/build/yolov5_detection/install.log --single-version-externally-managed install_data
[6.225s] running egg_info
[6.344s] writing ../../build/yolov5_detection/yolov5_detection.egg-info/PKG-INFO
[6.346s] writing dependency_links to ../../build/yolov5_detection/yolov5_detection.egg-info/dependency_links.txt
[6.347s] writing entry points to ../../build/yolov5_detection/yolov5_detection.egg-info/entry_points.txt
[6.348s] writing requirements to ../../build/yolov5_detection/yolov5_detection.egg-info/requires.txt
[6.349s] writing top-level names to ../../build/yolov5_detection/yolov5_detection.egg-info/top_level.txt
[6.590s] reading manifest file '../../build/yolov5_detection/yolov5_detection.egg-info/SOURCES.txt'
[6.594s] writing manifest file '../../build/yolov5_detection/yolov5_detection.egg-info/SOURCES.txt'
[6.595s] running build
[6.595s] running build_py
[6.596s] copying yolov5_detection/yolo_detector.py -> /home/bot/ros2_ws/build/yolov5_detection/build/lib/yolov5_detection
[6.598s] running install
[6.625s] running install_lib
[6.741s] copying /home/bot/ros2_ws/build/yolov5_detection/build/lib/yolov5_detection/yolo_detector.py -> /home/bot/ros2_ws/install/yolov5_detection/lib/python3.12/site-packages/yolov5_detection
[6.745s] byte-compiling /home/bot/ros2_ws/install/yolov5_detection/lib/python3.12/site-packages/yolov5_detection/yolo_detector.py to yolo_detector.cpython-312.pyc
[6.756s] running install_data
[6.757s] running install_egg_info
[6.887s] removing '/home/bot/ros2_ws/install/yolov5_detection/lib/python3.12/site-packages/yolov5_detection-0.0.1-py3.12.egg-info' (and everything under it)
[6.889s] Copying ../../build/yolov5_detection/yolov5_detection.egg-info to /home/bot/ros2_ws/install/yolov5_detection/lib/python3.12/site-packages/yolov5_detection-0.0.1-py3.12.egg-info
[6.895s] running install_scripts
[7.739s] Installing yolo_detector script to /home/bot/ros2_ws/install/yolov5_detection/lib/yolov5_detection
[7.741s] writing list of installed files to '/home/bot/ros2_ws/build/yolov5_detection/install.log'
[7.908s] Invoked command in '/home/bot/ros2_ws/src/yolov5_detection' returned '0': DEBUGINFOD_URLS=https://debuginfod.ubuntu.com PYTHONPATH=/home/bot/ros2_ws/build/yolov5_detection/prefix_override:/usr/lib/python3/dist-packages/colcon_core/task/python/colcon_distutils_commands:/home/bot/ros2_ws/install/yolov5_detection/lib/python3.12/site-packages:${PYTHONPATH} /usr/bin/python3 -W ignore:setup.py install is deprecated -W ignore:easy_install command is deprecated setup.py egg_info --egg-base ../../build/yolov5_detection build --build-base /home/bot/ros2_ws/build/yolov5_detection/build install --record /home/bot/ros2_ws/build/yolov5_detection/install.log --single-version-externally-managed install_data
