[0.015s] Invoking command in '/home/andre/ros2_ws/build/esp32_controller': CMAKE_PREFIX_PATH=/home/andre/ros2_ws/install/move_program:/home/andre/ros2_ws/install/esp32_controller:/opt/ros/jazzy/opt/gz_sim_vendor:/opt/ros/jazzy/opt/gz_sensors_vendor:/opt/ros/jazzy/opt/gz_physics_vendor:/opt/ros/jazzy/opt/sdformat_vendor:/opt/ros/jazzy/opt/gz_gui_vendor:/opt/ros/jazzy/opt/gz_transport_vendor:/opt/ros/jazzy/opt/gz_rendering_vendor:/opt/ros/jazzy/opt/gz_plugin_vendor:/opt/ros/jazzy/opt/gz_fuel_tools_vendor:/opt/ros/jazzy/opt/gz_msgs_vendor:/opt/ros/jazzy/opt/gz_common_vendor:/opt/ros/jazzy/opt/gz_math_vendor:/opt/ros/jazzy/opt/gz_utils_vendor:/opt/ros/jazzy/opt/gz_tools_vendor:/opt/ros/jazzy/opt/gz_ogre_next_vendor:/opt/ros/jazzy/opt/gz_dartsim_vendor:/opt/ros/jazzy/opt/gz_cmake_vendor:/home/andre/ros2_ws/install/mqtt_imu:/opt/ros/jazzy CONDA_PROMPT_MODIFIER=(base) DEBUGINFOD_URLS=https://debuginfod.ubuntu.com /usr/bin/cmake --build /home/andre/ros2_ws/build/esp32_controller -- -j4 -l4
[0.128s] [100%] Built target esp32_controller
[0.143s] Invoked command in '/home/andre/ros2_ws/build/esp32_controller' returned '0': CMAKE_PREFIX_PATH=/home/andre/ros2_ws/install/move_program:/home/andre/ros2_ws/install/esp32_controller:/opt/ros/jazzy/opt/gz_sim_vendor:/opt/ros/jazzy/opt/gz_sensors_vendor:/opt/ros/jazzy/opt/gz_physics_vendor:/opt/ros/jazzy/opt/sdformat_vendor:/opt/ros/jazzy/opt/gz_gui_vendor:/opt/ros/jazzy/opt/gz_transport_vendor:/opt/ros/jazzy/opt/gz_rendering_vendor:/opt/ros/jazzy/opt/gz_plugin_vendor:/opt/ros/jazzy/opt/gz_fuel_tools_vendor:/opt/ros/jazzy/opt/gz_msgs_vendor:/opt/ros/jazzy/opt/gz_common_vendor:/opt/ros/jazzy/opt/gz_math_vendor:/opt/ros/jazzy/opt/gz_utils_vendor:/opt/ros/jazzy/opt/gz_tools_vendor:/opt/ros/jazzy/opt/gz_ogre_next_vendor:/opt/ros/jazzy/opt/gz_dartsim_vendor:/opt/ros/jazzy/opt/gz_cmake_vendor:/home/andre/ros2_ws/install/mqtt_imu:/opt/ros/jazzy CONDA_PROMPT_MODIFIER=(base) DEBUGINFOD_URLS=https://debuginfod.ubuntu.com /usr/bin/cmake --build /home/andre/ros2_ws/build/esp32_controller -- -j4 -l4
[0.144s] Invoking command in '/home/andre/ros2_ws/build/esp32_controller': CMAKE_PREFIX_PATH=/home/andre/ros2_ws/install/move_program:/home/andre/ros2_ws/install/esp32_controller:/opt/ros/jazzy/opt/gz_sim_vendor:/opt/ros/jazzy/opt/gz_sensors_vendor:/opt/ros/jazzy/opt/gz_physics_vendor:/opt/ros/jazzy/opt/sdformat_vendor:/opt/ros/jazzy/opt/gz_gui_vendor:/opt/ros/jazzy/opt/gz_transport_vendor:/opt/ros/jazzy/opt/gz_rendering_vendor:/opt/ros/jazzy/opt/gz_plugin_vendor:/opt/ros/jazzy/opt/gz_fuel_tools_vendor:/opt/ros/jazzy/opt/gz_msgs_vendor:/opt/ros/jazzy/opt/gz_common_vendor:/opt/ros/jazzy/opt/gz_math_vendor:/opt/ros/jazzy/opt/gz_utils_vendor:/opt/ros/jazzy/opt/gz_tools_vendor:/opt/ros/jazzy/opt/gz_ogre_next_vendor:/opt/ros/jazzy/opt/gz_dartsim_vendor:/opt/ros/jazzy/opt/gz_cmake_vendor:/home/andre/ros2_ws/install/mqtt_imu:/opt/ros/jazzy CONDA_PROMPT_MODIFIER=(base) DEBUGINFOD_URLS=https://debuginfod.ubuntu.com /usr/bin/cmake --install /home/andre/ros2_ws/build/esp32_controller
[0.155s] -- Install configuration: ""
[0.155s] -- Up-to-date: /home/andre/ros2_ws/install/esp32_controller/lib/esp32_controller/esp32_controller
[0.155s] -- Up-to-date: /home/andre/ros2_ws/install/esp32_controller/share/ament_index/resource_index/package_run_dependencies/esp32_controller
[0.155s] -- Up-to-date: /home/andre/ros2_ws/install/esp32_controller/share/ament_index/resource_index/parent_prefix_path/esp32_controller
[0.155s] -- Up-to-date: /home/andre/ros2_ws/install/esp32_controller/share/esp32_controller/environment/ament_prefix_path.sh
[0.155s] -- Up-to-date: /home/andre/ros2_ws/install/esp32_controller/share/esp32_controller/environment/ament_prefix_path.dsv
[0.155s] -- Up-to-date: /home/andre/ros2_ws/install/esp32_controller/share/esp32_controller/environment/path.sh
[0.159s] -- Up-to-date: /home/andre/ros2_ws/install/esp32_controller/share/esp32_controller/environment/path.dsv
[0.159s] -- Up-to-date: /home/andre/ros2_ws/install/esp32_controller/share/esp32_controller/local_setup.bash
[0.159s] -- Up-to-date: /home/andre/ros2_ws/install/esp32_controller/share/esp32_controller/local_setup.sh
[0.159s] -- Up-to-date: /home/andre/ros2_ws/install/esp32_controller/share/esp32_controller/local_setup.zsh
[0.159s] -- Up-to-date: /home/andre/ros2_ws/install/esp32_controller/share/esp32_controller/local_setup.dsv
[0.159s] -- Installing: /home/andre/ros2_ws/install/esp32_controller/share/esp32_controller/package.dsv
[0.159s] -- Up-to-date: /home/andre/ros2_ws/install/esp32_controller/share/ament_index/resource_index/packages/esp32_controller
[0.159s] -- Up-to-date: /home/andre/ros2_ws/install/esp32_controller/share/esp32_controller/cmake/esp32_controllerConfig.cmake
[0.160s] -- Up-to-date: /home/andre/ros2_ws/install/esp32_controller/share/esp32_controller/cmake/esp32_controllerConfig-version.cmake
[0.160s] -- Up-to-date: /home/andre/ros2_ws/install/esp32_controller/share/esp32_controller/package.xml
[0.160s] Invoked command in '/home/andre/ros2_ws/build/esp32_controller' returned '0': CMAKE_PREFIX_PATH=/home/andre/ros2_ws/install/move_program:/home/andre/ros2_ws/install/esp32_controller:/opt/ros/jazzy/opt/gz_sim_vendor:/opt/ros/jazzy/opt/gz_sensors_vendor:/opt/ros/jazzy/opt/gz_physics_vendor:/opt/ros/jazzy/opt/sdformat_vendor:/opt/ros/jazzy/opt/gz_gui_vendor:/opt/ros/jazzy/opt/gz_transport_vendor:/opt/ros/jazzy/opt/gz_rendering_vendor:/opt/ros/jazzy/opt/gz_plugin_vendor:/opt/ros/jazzy/opt/gz_fuel_tools_vendor:/opt/ros/jazzy/opt/gz_msgs_vendor:/opt/ros/jazzy/opt/gz_common_vendor:/opt/ros/jazzy/opt/gz_math_vendor:/opt/ros/jazzy/opt/gz_utils_vendor:/opt/ros/jazzy/opt/gz_tools_vendor:/opt/ros/jazzy/opt/gz_ogre_next_vendor:/opt/ros/jazzy/opt/gz_dartsim_vendor:/opt/ros/jazzy/opt/gz_cmake_vendor:/home/andre/ros2_ws/install/mqtt_imu:/opt/ros/jazzy CONDA_PROMPT_MODIFIER=(base) DEBUGINFOD_URLS=https://debuginfod.ubuntu.com /usr/bin/cmake --install /home/andre/ros2_ws/build/esp32_controller
