[0.095s] Invoking command in '/home/bot/ros2_ws/build/esp32_controller': CMAKE_PREFIX_PATH=${CMAKE_PREFIX_PATH}:/home/bot/ros2_ws/install/pose_printer:/home/bot/ros2_ws/install/mqtt_imu:/home/bot/ros2_ws/install/moveit_controls:/opt/ros/jazzy DEBUGINFOD_URLS=https://debuginfod.ubuntu.com /usr/bin/cmake --build /home/bot/ros2_ws/build/esp32_controller -- -j4 -l4
[1.147s] [ 50%] [32mBuilding CXX object CMakeFiles/esp32_controller.dir/src/esp32_controller.cpp.o[0m
[29.245s] In file included from [01m[K/opt/ros/jazzy/include/rclcpp/rclcpp/logging.hpp:24[m[K,
[29.246s]                  from [01m[K/opt/ros/jazzy/include/rclcpp/rclcpp/copy_all_parameter_values.hpp:27[m[K,
[29.246s]                  from [01m[K/opt/ros/jazzy/include/rclcpp/rclcpp/rclcpp.hpp:171[m[K,
[29.247s]                  from [01m[K/home/bot/ros2_ws/src/esp32_controller/src/esp32_controller.cpp:6[m[K:
[29.247s] [01m[K/home/bot/ros2_ws/src/esp32_controller/src/esp32_controller.cpp:[m[K In member function ‘[01m[Kvoid Esp32Controller::[01;32m[KimuCallback[m[K(sensor_msgs::msg::Imu_<std::allocator<void> >::SharedPtr)[m[K’:
[29.248s] [01m[K/home/bot/ros2_ws/src/esp32_controller/src/esp32_controller.cpp:342:17:[m[K [01;35m[Kwarning: [m[Kformat ‘[01m[K%zu[m[K’ expects argument of type ‘[01m[Ksize_t[m[K’, but argument 5 has type ‘[01m[Kunsigned int[m[K’ [[01;35m[K]8;;https://gcc.gnu.org/onlinedocs/gcc/Warning-Options.html#index-Wformat=-Wformat=]8;;[m[K]
[29.248s]   342 |                 [01;35m[K"Invalid joint count. Expected %zu joints for 'arm' group, got %zu total joints"[m[K,
[29.249s]       |                 [01;35m[K^~~~~~~~~~~~~~~~~~~~~~~~~~~~~~~~~~~~~~~~~~~~~~~~~~~~~~~~~~~~~~~~~~~~~~~~~~~~~~~~[m[K
[29.249s]   343 |                 [32m[Kjmg->getVariableCount()[m[K, joints.size()
[29.250s]       |                 [32m[K~~~~~~~~~~~~~~~~~~~~~~~[m[K
[29.250s]       |                                      [32m[K|[m[K
[29.251s]       |                                      [32m[Kunsigned int[m[K
[29.251s] [01m[K/home/bot/ros2_ws/src/esp32_controller/src/esp32_controller.cpp:342:50:[m[K [01;36m[Knote: [m[Kformat string is defined here
[29.252s]   342 |                 "Invalid joint count. Expected [01;36m[K%zu[m[K joints for 'arm' group, got %zu total joints",
[29.252s]       |                                                [01;36m[K~~^[m[K
[29.252s]       |                                                  [01;36m[K|[m[K
[29.253s]       |                                                  [01;36m[Klong unsigned int[m[K
[29.253s]       |                                                [32m[K%u[m[K
[75.031s] [100%] [32m[1mLinking CXX executable esp32_controller[0m
[81.242s] [100%] Built target esp32_controller
[81.310s] Invoked command in '/home/bot/ros2_ws/build/esp32_controller' returned '0': CMAKE_PREFIX_PATH=${CMAKE_PREFIX_PATH}:/home/bot/ros2_ws/install/pose_printer:/home/bot/ros2_ws/install/mqtt_imu:/home/bot/ros2_ws/install/moveit_controls:/opt/ros/jazzy DEBUGINFOD_URLS=https://debuginfod.ubuntu.com /usr/bin/cmake --build /home/bot/ros2_ws/build/esp32_controller -- -j4 -l4
[81.373s] Invoking command in '/home/bot/ros2_ws/build/esp32_controller': CMAKE_PREFIX_PATH=${CMAKE_PREFIX_PATH}:/home/bot/ros2_ws/install/pose_printer:/home/bot/ros2_ws/install/mqtt_imu:/home/bot/ros2_ws/install/moveit_controls:/opt/ros/jazzy DEBUGINFOD_URLS=https://debuginfod.ubuntu.com /usr/bin/cmake --install /home/bot/ros2_ws/build/esp32_controller
[81.431s] -- Install configuration: ""
[81.441s] -- Installing: /home/bot/ros2_ws/install/esp32_controller/lib/esp32_controller/esp32_controller
[81.506s] -- Set non-toolchain portion of runtime path of "/home/bot/ros2_ws/install/esp32_controller/lib/esp32_controller/esp32_controller" to ""
[81.507s] -- Up-to-date: /home/bot/ros2_ws/install/esp32_controller/share/ament_index/resource_index/package_run_dependencies/esp32_controller
[81.508s] -- Up-to-date: /home/bot/ros2_ws/install/esp32_controller/share/ament_index/resource_index/parent_prefix_path/esp32_controller
[81.510s] -- Up-to-date: /home/bot/ros2_ws/install/esp32_controller/share/esp32_controller/environment/ament_prefix_path.sh
[81.511s] -- Up-to-date: /home/bot/ros2_ws/install/esp32_controller/share/esp32_controller/environment/ament_prefix_path.dsv
[81.512s] -- Up-to-date: /home/bot/ros2_ws/install/esp32_controller/share/esp32_controller/environment/path.sh
[81.512s] -- Up-to-date: /home/bot/ros2_ws/install/esp32_controller/share/esp32_controller/environment/path.dsv
[81.513s] -- Up-to-date: /home/bot/ros2_ws/install/esp32_controller/share/esp32_controller/local_setup.bash
[81.514s] -- Up-to-date: /home/bot/ros2_ws/install/esp32_controller/share/esp32_controller/local_setup.sh
[81.514s] -- Up-to-date: /home/bot/ros2_ws/install/esp32_controller/share/esp32_controller/local_setup.zsh
[81.515s] -- Up-to-date: /home/bot/ros2_ws/install/esp32_controller/share/esp32_controller/local_setup.dsv
[81.515s] -- Installing: /home/bot/ros2_ws/install/esp32_controller/share/esp32_controller/package.dsv
[81.517s] -- Up-to-date: /home/bot/ros2_ws/install/esp32_controller/share/ament_index/resource_index/packages/esp32_controller
[81.519s] -- Up-to-date: /home/bot/ros2_ws/install/esp32_controller/share/esp32_controller/cmake/esp32_controllerConfig.cmake
[81.522s] -- Up-to-date: /home/bot/ros2_ws/install/esp32_controller/share/esp32_controller/cmake/esp32_controllerConfig-version.cmake
[81.522s] -- Up-to-date: /home/bot/ros2_ws/install/esp32_controller/share/esp32_controller/package.xml
[81.528s] Invoked command in '/home/bot/ros2_ws/build/esp32_controller' returned '0': CMAKE_PREFIX_PATH=${CMAKE_PREFIX_PATH}:/home/bot/ros2_ws/install/pose_printer:/home/bot/ros2_ws/install/mqtt_imu:/home/bot/ros2_ws/install/moveit_controls:/opt/ros/jazzy DEBUGINFOD_URLS=https://debuginfod.ubuntu.com /usr/bin/cmake --install /home/bot/ros2_ws/build/esp32_controller
