[0.008s] Invoking command in '/home/andre/ros2_ws/src/build/moveit_resources_fanuc_description': CMAKE_PREFIX_PATH=${CMAKE_PREFIX_PATH}:/opt/ros/jazzy DEBUGINFOD_URLS=https://debuginfod.ubuntu.com /usr/bin/cmake /home/andre/ros2_ws/src/moveit_resources/fanuc_description -DCMAKE_BUILD_TYPE=Release -DCMAKE_INSTALL_PREFIX=/home/andre/ros2_ws/src/install/moveit_resources_fanuc_description
[0.078s] -- The C compiler identification is GNU 13.3.0
[0.147s] -- The CXX compiler identification is GNU 13.3.0
[0.167s] -- Detecting C compiler ABI info
[0.280s] -- Detecting C compiler ABI info - done
[0.293s] -- Check for working C compiler: /usr/bin/cc - skipped
[0.293s] -- Detecting C compile features
[0.294s] -- Detecting C compile features - done
[0.305s] -- Detecting CXX compiler ABI info
[0.421s] -- Detecting CXX compiler ABI info - done
[0.433s] -- Check for working CXX compiler: /usr/bin/c++ - skipped
[0.434s] -- Detecting CXX compile features
[0.434s] -- Detecting CXX compile features - done
[0.439s] -- Found ament_cmake: 2.5.4 (/opt/ros/jazzy/share/ament_cmake/cmake)
[0.629s] -- Found Python3: /usr/bin/python3 (found version "3.12.3") found components: Interpreter 
[0.896s] -- Configuring done (0.9s)
[0.900s] -- Generating done (0.0s)
[0.903s] -- Build files have been written to: /home/andre/ros2_ws/src/build/moveit_resources_fanuc_description
[0.910s] Invoked command in '/home/andre/ros2_ws/src/build/moveit_resources_fanuc_description' returned '0': CMAKE_PREFIX_PATH=${CMAKE_PREFIX_PATH}:/opt/ros/jazzy DEBUGINFOD_URLS=https://debuginfod.ubuntu.com /usr/bin/cmake /home/andre/ros2_ws/src/moveit_resources/fanuc_description -DCMAKE_BUILD_TYPE=Release -DCMAKE_INSTALL_PREFIX=/home/andre/ros2_ws/src/install/moveit_resources_fanuc_description
[0.910s] Invoking command in '/home/andre/ros2_ws/src/build/moveit_resources_fanuc_description': CMAKE_PREFIX_PATH=${CMAKE_PREFIX_PATH}:/opt/ros/jazzy DEBUGINFOD_URLS=https://debuginfod.ubuntu.com /usr/bin/cmake --build /home/andre/ros2_ws/src/build/moveit_resources_fanuc_description -- -j4 -l4
[0.956s] Invoked command in '/home/andre/ros2_ws/src/build/moveit_resources_fanuc_description' returned '0': CMAKE_PREFIX_PATH=${CMAKE_PREFIX_PATH}:/opt/ros/jazzy DEBUGINFOD_URLS=https://debuginfod.ubuntu.com /usr/bin/cmake --build /home/andre/ros2_ws/src/build/moveit_resources_fanuc_description -- -j4 -l4
[0.956s] Invoking command in '/home/andre/ros2_ws/src/build/moveit_resources_fanuc_description': CMAKE_PREFIX_PATH=${CMAKE_PREFIX_PATH}:/opt/ros/jazzy DEBUGINFOD_URLS=https://debuginfod.ubuntu.com /usr/bin/cmake --install /home/andre/ros2_ws/src/build/moveit_resources_fanuc_description
[0.968s] -- Install configuration: "Release"
[0.969s] -- Installing: /home/andre/ros2_ws/src/install/moveit_resources_fanuc_description/share/ament_index/resource_index/package_run_dependencies/moveit_resources_fanuc_description
[0.969s] -- Installing: /home/andre/ros2_ws/src/install/moveit_resources_fanuc_description/share/ament_index/resource_index/parent_prefix_path/moveit_resources_fanuc_description
[0.971s] -- Installing: /home/andre/ros2_ws/src/install/moveit_resources_fanuc_description/share/moveit_resources_fanuc_description/environment/ament_prefix_path.sh
[0.971s] -- Installing: /home/andre/ros2_ws/src/install/moveit_resources_fanuc_description/share/moveit_resources_fanuc_description/environment/ament_prefix_path.dsv
[0.971s] -- Installing: /home/andre/ros2_ws/src/install/moveit_resources_fanuc_description/share/moveit_resources_fanuc_description/environment/path.sh
[0.971s] -- Installing: /home/andre/ros2_ws/src/install/moveit_resources_fanuc_description/share/moveit_resources_fanuc_description/environment/path.dsv
[0.971s] -- Installing: /home/andre/ros2_ws/src/install/moveit_resources_fanuc_description/share/moveit_resources_fanuc_description/local_setup.bash
[0.971s] -- Installing: /home/andre/ros2_ws/src/install/moveit_resources_fanuc_description/share/moveit_resources_fanuc_description/local_setup.sh
[0.972s] -- Installing: /home/andre/ros2_ws/src/install/moveit_resources_fanuc_description/share/moveit_resources_fanuc_description/local_setup.zsh
[0.972s] -- Installing: /home/andre/ros2_ws/src/install/moveit_resources_fanuc_description/share/moveit_resources_fanuc_description/local_setup.dsv
[0.972s] -- Installing: /home/andre/ros2_ws/src/install/moveit_resources_fanuc_description/share/moveit_resources_fanuc_description/package.dsv
[0.972s] -- Installing: /home/andre/ros2_ws/src/install/moveit_resources_fanuc_description/share/ament_index/resource_index/packages/moveit_resources_fanuc_description
[0.972s] -- Installing: /home/andre/ros2_ws/src/install/moveit_resources_fanuc_description/share/moveit_resources_fanuc_description/cmake/moveit_resources_fanuc_descriptionConfig.cmake
[0.972s] -- Installing: /home/andre/ros2_ws/src/install/moveit_resources_fanuc_description/share/moveit_resources_fanuc_description/cmake/moveit_resources_fanuc_descriptionConfig-version.cmake
[0.972s] -- Installing: /home/andre/ros2_ws/src/install/moveit_resources_fanuc_description/share/moveit_resources_fanuc_description/package.xml
[0.972s] -- Installing: /home/andre/ros2_ws/src/install/moveit_resources_fanuc_description/share/moveit_resources_fanuc_description/meshes
[0.972s] -- Installing: /home/andre/ros2_ws/src/install/moveit_resources_fanuc_description/share/moveit_resources_fanuc_description/meshes/collision
[0.972s] -- Installing: /home/andre/ros2_ws/src/install/moveit_resources_fanuc_description/share/moveit_resources_fanuc_description/meshes/collision/base_link.stl
[0.972s] -- Installing: /home/andre/ros2_ws/src/install/moveit_resources_fanuc_description/share/moveit_resources_fanuc_description/meshes/collision/link_2.stl
[0.973s] -- Installing: /home/andre/ros2_ws/src/install/moveit_resources_fanuc_description/share/moveit_resources_fanuc_description/meshes/collision/link_4.stl
[0.973s] -- Installing: /home/andre/ros2_ws/src/install/moveit_resources_fanuc_description/share/moveit_resources_fanuc_description/meshes/collision/link_1.stl
[0.976s] -- Installing: /home/andre/ros2_ws/src/install/moveit_resources_fanuc_description/share/moveit_resources_fanuc_description/meshes/collision/link_6.stl
[0.976s] -- Installing: /home/andre/ros2_ws/src/install/moveit_resources_fanuc_description/share/moveit_resources_fanuc_description/meshes/collision/link_5.stl
[0.976s] -- Installing: /home/andre/ros2_ws/src/install/moveit_resources_fanuc_description/share/moveit_resources_fanuc_description/meshes/collision/link_3.stl
[0.976s] -- Installing: /home/andre/ros2_ws/src/install/moveit_resources_fanuc_description/share/moveit_resources_fanuc_description/meshes/visual
[0.976s] -- Installing: /home/andre/ros2_ws/src/install/moveit_resources_fanuc_description/share/moveit_resources_fanuc_description/meshes/visual/base_link.stl
[0.976s] -- Installing: /home/andre/ros2_ws/src/install/moveit_resources_fanuc_description/share/moveit_resources_fanuc_description/meshes/visual/link_2.stl
[0.976s] -- Installing: /home/andre/ros2_ws/src/install/moveit_resources_fanuc_description/share/moveit_resources_fanuc_description/meshes/visual/link_4.stl
[0.976s] -- Installing: /home/andre/ros2_ws/src/install/moveit_resources_fanuc_description/share/moveit_resources_fanuc_description/meshes/visual/link_1.stl
[0.976s] -- Installing: /home/andre/ros2_ws/src/install/moveit_resources_fanuc_description/share/moveit_resources_fanuc_description/meshes/visual/link_6.stl
[0.977s] -- Installing: /home/andre/ros2_ws/src/install/moveit_resources_fanuc_description/share/moveit_resources_fanuc_description/meshes/visual/link_5.stl
[0.977s] -- Installing: /home/andre/ros2_ws/src/install/moveit_resources_fanuc_description/share/moveit_resources_fanuc_description/meshes/visual/link_3.stl
[0.977s] -- Installing: /home/andre/ros2_ws/src/install/moveit_resources_fanuc_description/share/moveit_resources_fanuc_description/urdf
[0.977s] -- Installing: /home/andre/ros2_ws/src/install/moveit_resources_fanuc_description/share/moveit_resources_fanuc_description/urdf/fanuc.urdf
[0.980s] Invoked command in '/home/andre/ros2_ws/src/build/moveit_resources_fanuc_description' returned '0': CMAKE_PREFIX_PATH=${CMAKE_PREFIX_PATH}:/opt/ros/jazzy DEBUGINFOD_URLS=https://debuginfod.ubuntu.com /usr/bin/cmake --install /home/andre/ros2_ws/src/build/moveit_resources_fanuc_description
