[0.016s] Invoking command in '/home/andre/ros2_ws/build/move_program': CMAKE_PREFIX_PATH=${CMAKE_PREFIX_PATH}:/home/andre/ros2_ws/install/pose_printer:/home/andre/ros2_ws/install/moveit_controls:/opt/ros/jazzy DEBUGINFOD_URLS=https://debuginfod.ubuntu.com /usr/bin/cmake --build /home/andre/ros2_ws/build/move_program -- -j4 -l4
[0.106s] [ 50%] [32mBuilding CXX object CMakeFiles/move_program.dir/src/move_program.cpp.o[0m
[0.117s] [01m[K/home/andre/ros2_ws/src/move_program/src/move_program.cpp:[m[K In function ‘[01m[Kint[01;32m[K main[m[K(int, char**)[m[K’:
[0.117s] [01m[K/home/andre/ros2_ws/src/move_program/src/move_program.cpp:3:5:[m[K [01;31m[Kerror: [m[K‘[01m[Krclcpp[m[K’ has not been declared
[0.117s]     3 |     [01;31m[Krclcpp[m[K::init(argc, argv);
[0.117s]       |     [01;31m[K^~~~~~[m[K
[0.118s] [01m[K/home/andre/ros2_ws/src/move_program/src/move_program.cpp:5:28:[m[K [01;31m[Kerror: [m[K‘[01m[Kmake_shared[m[K’ is not a member of ‘[01m[Kstd[m[K’
[0.118s]     5 |     auto const node = std::[01;31m[Kmake_shared[m[K<rclcpp::Node>(
[0.118s]       |                            [01;31m[K^~~~~~~~~~~[m[K
[0.118s] [01m[K/home/andre/ros2_ws/src/move_program/src/move_program.cpp:1:1:[m[K [01;36m[Knote: [m[K‘[01m[Kstd::make_shared[m[K’ is defined in header ‘[01m[K<memory>[m[K’; did you forget to ‘[01m[K#include <memory>[m[K’?
[0.118s]   +++ |+[32m[K#include <memory>[m[K
[0.118s]     1 | int main(int argc, char * argv[])
[0.119s] [01m[K/home/andre/ros2_ws/src/move_program/src/move_program.cpp:5:40:[m[K [01;31m[Kerror: [m[K‘[01m[Krclcpp[m[K’ has not been declared
[0.119s]     5 |     auto const node = std::make_shared<[01;31m[Krclcpp[m[K::Node>(
[0.119s]       |                                        [01;31m[K^~~~~~[m[K
[0.119s] [01m[K/home/andre/ros2_ws/src/move_program/src/move_program.cpp:7:9:[m[K [01;31m[Kerror: [m[K‘[01m[Krclcpp[m[K’ has not been declared
[0.119s]     7 |         [01;31m[Krclcpp[m[K::NodeOptions()
[0.119s]       |         [01;31m[K^~~~~~[m[K
[0.119s] [01m[K/home/andre/ros2_ws/src/move_program/src/move_program.cpp:12:25:[m[K [01;31m[Kerror: [m[K‘[01m[Krclcpp[m[K’ has not been declared
[0.120s]    12 |     auto const logger = [01;31m[Krclcpp[m[K::get_logger("move_program");
[0.120s]       |                         [01;31m[K^~~~~~[m[K
[0.120s] [01m[K/home/andre/ros2_ws/src/move_program/src/move_program.cpp:18:9:[m[K [01;31m[Kerror: [m[K‘[01m[KRCLCPP_ERROR[m[K’ was not declared in this scope
[0.120s]    18 |         [01;31m[KRCLCPP_ERROR[m[K(logger,
[0.120s]       |         [01;31m[K^~~~~~~~~~~~[m[K
[0.120s] [01m[K/home/andre/ros2_ws/src/move_program/src/move_program.cpp:25:9:[m[K [01;31m[Kerror: [m[K‘[01m[Krclcpp[m[K’ has not been declared
[0.120s]    25 |         [01;31m[Krclcpp[m[K::shutdown();
[0.120s]       |         [01;31m[K^~~~~~[m[K
[0.120s] [01m[K/home/andre/ros2_ws/src/move_program/src/move_program.cpp:32:25:[m[K [01;31m[Kerror: [m[K‘[01m[Kstod[m[K’ is not a member of ‘[01m[Kstd[m[K’
[0.120s]    32 |         target_x = std::[01;31m[Kstod[m[K(argv[1]);
[0.121s]       |                         [01;31m[K^~~~[m[K
[0.121s] [01m[K/home/andre/ros2_ws/src/move_program/src/move_program.cpp:1:1:[m[K [01;36m[Knote: [m[K‘[01m[Kstd::stod[m[K’ is defined in header ‘[01m[K<string>[m[K’; did you forget to ‘[01m[K#include <string>[m[K’?
[0.121s]   +++ |+[32m[K#include <string>[m[K
[0.121s]     1 | int main(int argc, char * argv[])
[0.121s] [01m[K/home/andre/ros2_ws/src/move_program/src/move_program.cpp:33:25:[m[K [01;31m[Kerror: [m[K‘[01m[Kstod[m[K’ is not a member of ‘[01m[Kstd[m[K’
[0.121s]    33 |         target_y = std::[01;31m[Kstod[m[K(argv[2]);
[0.121s]       |                         [01;31m[K^~~~[m[K
[0.121s] [01m[K/home/andre/ros2_ws/src/move_program/src/move_program.cpp:33:25:[m[K [01;36m[Knote: [m[K‘[01m[Kstd::stod[m[K’ is defined in header ‘[01m[K<string>[m[K’; did you forget to ‘[01m[K#include <string>[m[K’?
[0.122s] [01m[K/home/andre/ros2_ws/src/move_program/src/move_program.cpp:34:25:[m[K [01;31m[Kerror: [m[K‘[01m[Kstod[m[K’ is not a member of ‘[01m[Kstd[m[K’
[0.122s]    34 |         target_z = std::[01;31m[Kstod[m[K(argv[3]);
[0.122s]       |                         [01;31m[K^~~~[m[K
[0.122s] [01m[K/home/andre/ros2_ws/src/move_program/src/move_program.cpp:34:25:[m[K [01;36m[Knote: [m[K‘[01m[Kstd::stod[m[K’ is defined in header ‘[01m[K<string>[m[K’; did you forget to ‘[01m[K#include <string>[m[K’?
[0.122s] [01m[K/home/andre/ros2_ws/src/move_program/src/move_program.cpp:35:34:[m[K [01;31m[Kerror: [m[Kexpected unqualified-id before ‘[01m[K&[m[K’ token
[0.122s]    35 |     } catch (const std::exception[01;31m[K&[m[K e) {
[0.122s]       |                                  [01;31m[K^[m[K
[0.122s] [01m[K/home/andre/ros2_ws/src/move_program/src/move_program.cpp:35:34:[m[K [01;31m[Kerror: [m[Kexpected ‘[01m[K)[m[K’ before ‘[01m[K&[m[K’ token
[0.122s]    35 |     } catch [34m[K([m[Kconst std::exception[01;31m[K&[m[K e) {
[0.122s]       |             [34m[K~[m[K                    [01;31m[K^[m[K
[0.123s]       |                                  [32m[K)[m[K
[0.123s] [01m[K/home/andre/ros2_ws/src/move_program/src/move_program.cpp:35:34:[m[K [01;31m[Kerror: [m[Kexpected ‘[01m[K{[m[K’ before ‘[01m[K&[m[K’ token
[0.123s] [01m[K/home/andre/ros2_ws/src/move_program/src/move_program.cpp:35:36:[m[K [01;31m[Kerror: [m[K‘[01m[Ke[m[K’ was not declared in this scope
[0.123s]    35 |     } catch (const std::exception& [01;31m[Ke[m[K) {
[0.123s]       |                                    [01;31m[K^[m[K
[0.123s] [01m[K/home/andre/ros2_ws/src/move_program/src/move_program.cpp:41:5:[m[K [01;31m[Kerror: [m[K‘[01m[KRCLCPP_INFO[m[K’ was not declared in this scope
[0.123s]    41 |     [01;31m[KRCLCPP_INFO[m[K(logger, "=== GRADIENT DESCENT IK SOLVER ===");
[0.123s]       |     [01;31m[K^~~~~~~~~~~[m[K
[0.123s] [01m[K/home/andre/ros2_ws/src/move_program/src/move_program.cpp:48:5:[m[K [01;31m[Kerror: [m[K‘[01m[Krobot_model_loader[m[K’ has not been declared
[0.123s]    48 |     [01;31m[Krobot_model_loader[m[K::RobotModelLoader robot_model_loader(node);
[0.124s]       |     [01;31m[K^~~~~~~~~~~~~~~~~~[m[K
[0.124s] [01m[K/home/andre/ros2_ws/src/move_program/src/move_program.cpp:49:11:[m[K [01;31m[Kerror: [m[K‘[01m[Kmoveit[m[K’ does not name a type
[0.124s]    49 |     const [01;31m[Kmoveit[m[K::core::RobotModelPtr& robot_model =
[0.124s]       |           [01;31m[K^~~~~~[m[K
[0.124s] [01m[K/home/andre/ros2_ws/src/move_program/src/move_program.cpp:52:10:[m[K [01;31m[Kerror: [m[K‘[01m[Krobot_model[m[K’ was not declared in this scope
[0.124s]    52 |     if (![01;31m[Krobot_model[m[K) {
[0.124s]       |          [01;31m[K^~~~~~~~~~~[m[K
[0.124s] [01m[K/home/andre/ros2_ws/src/move_program/src/move_program.cpp:53:9:[m[K [01;31m[Kerror: [m[K‘[01m[KRCLCPP_ERROR[m[K’ was not declared in this scope
[0.124s]    53 |         [01;31m[KRCLCPP_ERROR[m[K(logger, "Failed to load robot model");
[0.124s]       |         [01;31m[K^~~~~~~~~~~~[m[K
[0.124s] [01m[K/home/andre/ros2_ws/src/move_program/src/move_program.cpp:54:9:[m[K [01;31m[Kerror: [m[K‘[01m[Krclcpp[m[K’ has not been declared
[0.125s]    54 |         [01;31m[Krclcpp[m[K::shutdown();
[0.125s]       |         [01;31m[K^~~~~~[m[K
[0.125s] [01m[K/home/andre/ros2_ws/src/move_program/src/move_program.cpp:58:5:[m[K [01;31m[Kerror: [m[K‘[01m[Kmoveit[m[K’ has not been declared
[0.125s]    58 |     [01;31m[Kmoveit[m[K::planning_interface::MoveGroupInterface move_group(node, "arm");
[0.125s]       |     [01;31m[K^~~~~~[m[K
[0.125s] [01m[K/home/andre/ros2_ws/src/move_program/src/move_program.cpp:60:5:[m[K [01;31m[Kerror: [m[K‘[01m[KGradientDescentIK[m[K’ was not declared in this scope
[0.125s]    60 |     [01;31m[KGradientDescentIK[m[K gd_ik(
[0.125s]       |     [01;31m[K^~~~~~~~~~~~~~~~~[m[K
[0.125s] [01m[K/home/andre/ros2_ws/src/move_program/src/move_program.cpp:66:5:[m[K [01;31m[Kerror: [m[K‘[01m[KEigen[m[K’ has not been declared
[0.125s]    66 |     [01;31m[KEigen[m[K::Vector3d target_position(target_x, target_y, target_z);
[0.125s]       |     [01;31m[K^~~~~[m[K
[0.125s] [01m[K/home/andre/ros2_ws/src/move_program/src/move_program.cpp:71:10:[m[K [01;31m[Kerror: [m[K‘[01m[Kvector[m[K’ is not a member of ‘[01m[Kstd[m[K’
[0.126s]    71 |     std::[01;31m[Kvector[m[K<double> current_joints = move_group.getCurrentJointValues();
[0.126s]       |          [01;31m[K^~~~~~[m[K
[0.126s] [01m[K/home/andre/ros2_ws/src/move_program/src/move_program.cpp:1:1:[m[K [01;36m[Knote: [m[K‘[01m[Kstd::vector[m[K’ is defined in header ‘[01m[K<vector>[m[K’; did you forget to ‘[01m[K#include <vector>[m[K’?
[0.126s]   +++ |+[32m[K#include <vector>[m[K
[0.126s]     1 | int main(int argc, char * argv[])
[0.126s] [01m[K/home/andre/ros2_ws/src/move_program/src/move_program.cpp:71:17:[m[K [01;31m[Kerror: [m[Kexpected primary-expression before ‘[01m[Kdouble[m[K’
[0.126s]    71 |     std::vector<[01;31m[Kdouble[m[K> current_joints = move_group.getCurrentJointValues();
[0.126s]       |                 [01;31m[K^~~~~~[m[K
[0.126s] [01m[K/home/andre/ros2_ws/src/move_program/src/move_program.cpp:75:9:[m[K [01;31m[Kerror: [m[K‘[01m[Kcurrent_joints[m[K’ was not declared in this scope
[0.126s]    75 |         [01;31m[Kcurrent_joints[m[K[0], current_joints[1],
[0.127s]       |         [01;31m[K^~~~~~~~~~~~~~[m[K
[0.127s] [01m[K/home/andre/ros2_ws/src/move_program/src/move_program.cpp:79:10:[m[K [01;31m[Kerror: [m[K‘[01m[Kvector[m[K’ is not a member of ‘[01m[Kstd[m[K’
[0.127s]    79 |     std::[01;31m[Kvector[m[K<double> solution_joints = current_joints;
[0.127s]       |          [01;31m[K^~~~~~[m[K
[0.127s] [01m[K/home/andre/ros2_ws/src/move_program/src/move_program.cpp:79:10:[m[K [01;36m[Knote: [m[K‘[01m[Kstd::vector[m[K’ is defined in header ‘[01m[K<vector>[m[K’; did you forget to ‘[01m[K#include <vector>[m[K’?
[0.127s] [01m[K/home/andre/ros2_ws/src/move_program/src/move_program.cpp:79:17:[m[K [01;31m[Kerror: [m[Kexpected primary-expression before ‘[01m[Kdouble[m[K’
[0.127s]    79 |     std::vector<[01;31m[Kdouble[m[K> solution_joints = current_joints;
[0.127s]       |                 [01;31m[K^~~~~~[m[K
[0.127s] [01m[K/home/andre/ros2_ws/src/move_program/src/move_program.cpp:84:23:[m[K [01;31m[Kerror: [m[K‘[01m[Kgd_ik[m[K’ was not declared in this scope
[0.127s]    84 |     bool ik_success = [01;31m[Kgd_ik[m[K.solveIK(target_position, solution_joints);
[0.127s]       |                       [01;31m[K^~~~~[m[K
[0.128s] [01m[K/home/andre/ros2_ws/src/move_program/src/move_program.cpp:84:37:[m[K [01;31m[Kerror: [m[K‘[01m[Ktarget_position[m[K’ was not declared in this scope
[0.128s]    84 |     bool ik_success = gd_ik.solveIK([01;31m[Ktarget_position[m[K, solution_joints);
[0.128s]       |                                     [01;31m[K^~~~~~~~~~~~~~~[m[K
[0.128s] [01m[K/home/andre/ros2_ws/src/move_program/src/move_program.cpp:84:54:[m[K [01;31m[Kerror: [m[K‘[01m[Ksolution_joints[m[K’ was not declared in this scope
[0.128s]    84 |     bool ik_success = gd_ik.solveIK(target_position, [01;31m[Ksolution_joints[m[K);
[0.128s]       |                                                      [01;31m[K^~~~~~~~~~~~~~~[m[K
[0.128s] [01m[K/home/andre/ros2_ws/src/move_program/src/move_program.cpp:87:9:[m[K [01;31m[Kerror: [m[K‘[01m[KRCLCPP_ERROR[m[K’ was not declared in this scope
[0.128s]    87 |         [01;31m[KRCLCPP_ERROR[m[K(logger, "✗ IK failed — target likely unreachable");
[0.128s]       |         [01;31m[K^~~~~~~~~~~~[m[K
[0.128s] [01m[K/home/andre/ros2_ws/src/move_program/src/move_program.cpp:88:9:[m[K [01;31m[Kerror: [m[K‘[01m[Krclcpp[m[K’ has not been declared
[0.128s]    88 |         [01;31m[Krclcpp[m[K::shutdown();
[0.129s]       |         [01;31m[K^~~~~~[m[K
[0.129s] [01m[K/home/andre/ros2_ws/src/move_program/src/move_program.cpp:101:5:[m[K [01;31m[Kerror: [m[K‘[01m[Kmove_group[m[K’ was not declared in this scope
[0.129s]   101 |     [01;31m[Kmove_group[m[K.setJointValueTarget(solution_joints);
[0.129s]       |     [01;31m[K^~~~~~~~~~[m[K
[0.129s] [01m[K/home/andre/ros2_ws/src/move_program/src/move_program.cpp:104:5:[m[K [01;31m[Kerror: [m[K‘[01m[Kmoveit[m[K’ has not been declared
[0.129s]   104 |     [01;31m[Kmoveit[m[K::planning_interface::MoveGroupInterface::Plan plan;
[0.129s]       |     [01;31m[K^~~~~~[m[K
[0.129s] [01m[K/home/andre/ros2_ws/src/move_program/src/move_program.cpp:105:59:[m[K [01;31m[Kerror: [m[K‘[01m[Kplan[m[K’ was not declared in this scope
[0.129s]   105 |     bool plan_success = static_cast<bool>(move_group.plan([01;31m[Kplan[m[K));
[0.129s]       |                                                           [01;31m[K^~~~[m[K
[0.129s] [01m[K/home/andre/ros2_ws/src/move_program/src/move_program.cpp:108:9:[m[K [01;31m[Kerror: [m[K‘[01m[KRCLCPP_ERROR[m[K’ was not declared in this scope
[0.130s]   108 |         [01;31m[KRCLCPP_ERROR[m[K(logger, "✗ Motion planning failed");
[0.130s]       |         [01;31m[K^~~~~~~~~~~~[m[K
[0.130s] [01m[K/home/andre/ros2_ws/src/move_program/src/move_program.cpp:109:9:[m[K [01;31m[Kerror: [m[K‘[01m[Krclcpp[m[K’ has not been declared
[0.130s]   109 |         [01;31m[Krclcpp[m[K::shutdown();
[0.130s]       |         [01;31m[K^~~~~~[m[K
[0.130s] [01m[K/home/andre/ros2_ws/src/move_program/src/move_program.cpp:125:5:[m[K [01;31m[Kerror: [m[K‘[01m[Krclcpp[m[K’ has not been declared
[0.130s]   125 |     [01;31m[Krclcpp[m[K::shutdown();
[0.130s]       |     [01;31m[K^~~~~~[m[K
[0.130s] gmake[2]: *** [CMakeFiles/move_program.dir/build.make:76: CMakeFiles/move_program.dir/src/move_program.cpp.o] Error 1
[0.130s] gmake[1]: *** [CMakeFiles/Makefile2:137: CMakeFiles/move_program.dir/all] Error 2
[0.130s] gmake: *** [Makefile:146: all] Error 2
[0.133s] Invoked command in '/home/andre/ros2_ws/build/move_program' returned '2': CMAKE_PREFIX_PATH=${CMAKE_PREFIX_PATH}:/home/andre/ros2_ws/install/pose_printer:/home/andre/ros2_ws/install/moveit_controls:/opt/ros/jazzy DEBUGINFOD_URLS=https://debuginfod.ubuntu.com /usr/bin/cmake --build /home/andre/ros2_ws/build/move_program -- -j4 -l4
