[0.022s] Invoking command in '/home/andre/ros2_ws/build/robotic_arm_model_v3': CMAKE_PREFIX_PATH=${CMAKE_PREFIX_PATH}:/home/andre/ros2_ws/install/pose_printer:/home/andre/ros2_ws/install/moveit_controls:/opt/ros/jazzy DEBUGINFOD_URLS=https://debuginfod.ubuntu.com /usr/bin/cmake /home/andre/ros2_ws/src/robotic_arm_model_v3 -DCMAKE_INSTALL_PREFIX=/home/andre/ros2_ws/install/robotic_arm_model_v3
[0.266s] -- The C compiler identification is GNU 13.3.0
[0.430s] -- The CXX compiler identification is GNU 13.3.0
[0.452s] -- Detecting C compiler ABI info
[0.575s] -- Detecting C compiler ABI info - done
[0.588s] -- Check for working C compiler: /usr/bin/cc - skipped
[0.588s] -- Detecting C compile features
[0.589s] -- Detecting C compile features - done
[0.604s] -- Detecting CXX compiler ABI info
[0.727s] -- Detecting CXX compiler ABI info - done
[0.740s] -- Check for working CXX compiler: /usr/bin/c++ - skipped
[0.740s] -- Detecting CXX compile features
[0.740s] -- Detecting CXX compile features - done
[0.747s] -- Found ament_cmake: 2.5.4 (/opt/ros/jazzy/share/ament_cmake/cmake)
[0.963s] -- Found Python3: /usr/bin/python3 (found version "3.12.3") found components: Interpreter 
[1.143s] -- Found ament_lint_auto: 0.17.3 (/opt/ros/jazzy/share/ament_lint_auto/cmake)
[1.304s] -- Added test 'lint_cmake' to check CMake code style
[1.307s] -- Added test 'xmllint' to check XML markup files
[1.311s] -- Configuring done (1.2s)
[1.313s] -- Generating done (0.0s)
[1.315s] -- Build files have been written to: /home/andre/ros2_ws/build/robotic_arm_model_v3
[1.321s] Invoked command in '/home/andre/ros2_ws/build/robotic_arm_model_v3' returned '0': CMAKE_PREFIX_PATH=${CMAKE_PREFIX_PATH}:/home/andre/ros2_ws/install/pose_printer:/home/andre/ros2_ws/install/moveit_controls:/opt/ros/jazzy DEBUGINFOD_URLS=https://debuginfod.ubuntu.com /usr/bin/cmake /home/andre/ros2_ws/src/robotic_arm_model_v3 -DCMAKE_INSTALL_PREFIX=/home/andre/ros2_ws/install/robotic_arm_model_v3
[1.324s] Invoking command in '/home/andre/ros2_ws/build/robotic_arm_model_v3': CMAKE_PREFIX_PATH=${CMAKE_PREFIX_PATH}:/home/andre/ros2_ws/install/pose_printer:/home/andre/ros2_ws/install/moveit_controls:/opt/ros/jazzy DEBUGINFOD_URLS=https://debuginfod.ubuntu.com /usr/bin/cmake --build /home/andre/ros2_ws/build/robotic_arm_model_v3 -- -j4 -l4
[1.369s] Invoked command in '/home/andre/ros2_ws/build/robotic_arm_model_v3' returned '0': CMAKE_PREFIX_PATH=${CMAKE_PREFIX_PATH}:/home/andre/ros2_ws/install/pose_printer:/home/andre/ros2_ws/install/moveit_controls:/opt/ros/jazzy DEBUGINFOD_URLS=https://debuginfod.ubuntu.com /usr/bin/cmake --build /home/andre/ros2_ws/build/robotic_arm_model_v3 -- -j4 -l4
[1.382s] Invoking command in '/home/andre/ros2_ws/build/robotic_arm_model_v3': CMAKE_PREFIX_PATH=${CMAKE_PREFIX_PATH}:/home/andre/ros2_ws/install/pose_printer:/home/andre/ros2_ws/install/moveit_controls:/opt/ros/jazzy DEBUGINFOD_URLS=https://debuginfod.ubuntu.com /usr/bin/cmake --install /home/andre/ros2_ws/build/robotic_arm_model_v3
[1.393s] -- Install configuration: ""
[1.393s] -- Installing: /home/andre/ros2_ws/install/robotic_arm_model_v3/share/robotic_arm_model_v3/urdf
[1.393s] -- Installing: /home/andre/ros2_ws/install/robotic_arm_model_v3/share/robotic_arm_model_v3/urdf/robotic_arm_model_v3.urdf
[1.394s] -- Installing: /home/andre/ros2_ws/install/robotic_arm_model_v3/share/robotic_arm_model_v3/urdf/robotic_arm_model_v3.sdf
[1.395s] -- Installing: /home/andre/ros2_ws/install/robotic_arm_model_v3/share/robotic_arm_model_v3/urdf/robotic_arm_model_v3.csv
[1.396s] -- Installing: /home/andre/ros2_ws/install/robotic_arm_model_v3/share/robotic_arm_model_v3/meshes
[1.396s] -- Installing: /home/andre/ros2_ws/install/robotic_arm_model_v3/share/robotic_arm_model_v3/meshes/end_effector_top.STL
[1.397s] -- Installing: /home/andre/ros2_ws/install/robotic_arm_model_v3/share/robotic_arm_model_v3/meshes/base_link.STL
[1.401s] -- Installing: /home/andre/ros2_ws/install/robotic_arm_model_v3/share/robotic_arm_model_v3/meshes/link_2.STL
[1.406s] -- Installing: /home/andre/ros2_ws/install/robotic_arm_model_v3/share/robotic_arm_model_v3/meshes/end_effector_link.STL
[1.406s] -- Installing: /home/andre/ros2_ws/install/robotic_arm_model_v3/share/robotic_arm_model_v3/meshes/link_3.STL
[1.409s] -- Installing: /home/andre/ros2_ws/install/robotic_arm_model_v3/share/robotic_arm_model_v3/meshes/end_effector_bottom.STL
[1.411s] -- Installing: /home/andre/ros2_ws/install/robotic_arm_model_v3/share/robotic_arm_model_v3/meshes/link_1.STL
[1.412s] -- Installing: /home/andre/ros2_ws/install/robotic_arm_model_v3/share/robotic_arm_model_v3/meshes/link_4.STL
[1.413s] -- Installing: /home/andre/ros2_ws/install/robotic_arm_model_v3/share/ament_index/resource_index/package_run_dependencies/robotic_arm_model_v3
[1.414s] -- Installing: /home/andre/ros2_ws/install/robotic_arm_model_v3/share/ament_index/resource_index/parent_prefix_path/robotic_arm_model_v3
[1.414s] -- Installing: /home/andre/ros2_ws/install/robotic_arm_model_v3/share/robotic_arm_model_v3/environment/ament_prefix_path.sh
[1.414s] -- Installing: /home/andre/ros2_ws/install/robotic_arm_model_v3/share/robotic_arm_model_v3/environment/ament_prefix_path.dsv
[1.415s] -- Installing: /home/andre/ros2_ws/install/robotic_arm_model_v3/share/robotic_arm_model_v3/environment/path.sh
[1.415s] -- Installing: /home/andre/ros2_ws/install/robotic_arm_model_v3/share/robotic_arm_model_v3/environment/path.dsv
[1.416s] -- Installing: /home/andre/ros2_ws/install/robotic_arm_model_v3/share/robotic_arm_model_v3/local_setup.bash
[1.416s] -- Installing: /home/andre/ros2_ws/install/robotic_arm_model_v3/share/robotic_arm_model_v3/local_setup.sh
[1.416s] -- Installing: /home/andre/ros2_ws/install/robotic_arm_model_v3/share/robotic_arm_model_v3/local_setup.zsh
[1.417s] -- Installing: /home/andre/ros2_ws/install/robotic_arm_model_v3/share/robotic_arm_model_v3/local_setup.dsv
[1.417s] -- Installing: /home/andre/ros2_ws/install/robotic_arm_model_v3/share/robotic_arm_model_v3/package.dsv
[1.418s] -- Installing: /home/andre/ros2_ws/install/robotic_arm_model_v3/share/ament_index/resource_index/packages/robotic_arm_model_v3
[1.420s] -- Installing: /home/andre/ros2_ws/install/robotic_arm_model_v3/share/robotic_arm_model_v3/cmake/robotic_arm_model_v3Config.cmake
[1.420s] -- Installing: /home/andre/ros2_ws/install/robotic_arm_model_v3/share/robotic_arm_model_v3/cmake/robotic_arm_model_v3Config-version.cmake
[1.420s] -- Installing: /home/andre/ros2_ws/install/robotic_arm_model_v3/share/robotic_arm_model_v3/package.xml
[1.421s] Invoked command in '/home/andre/ros2_ws/build/robotic_arm_model_v3' returned '0': CMAKE_PREFIX_PATH=${CMAKE_PREFIX_PATH}:/home/andre/ros2_ws/install/pose_printer:/home/andre/ros2_ws/install/moveit_controls:/opt/ros/jazzy DEBUGINFOD_URLS=https://debuginfod.ubuntu.com /usr/bin/cmake --install /home/andre/ros2_ws/build/robotic_arm_model_v3
