[1.272s] Invoking command in '/home/andre/ros2_ws/src/pose_printer': DEBUGINFOD_URLS=https://debuginfod.ubuntu.com PYTHONPATH=/home/andre/ros2_ws/build/pose_printer/prefix_override:/usr/lib/python3/dist-packages/colcon_core/task/python/colcon_distutils_commands:/home/andre/ros2_ws/install/pose_printer/lib/python3.12/site-packages:${PYTHONPATH} /usr/bin/python3 -W ignore:setup.py install is deprecated -W ignore:easy_install command is deprecated setup.py egg_info --egg-base ../../build/pose_printer build --build-base /home/andre/ros2_ws/build/pose_printer/build install --record /home/andre/ros2_ws/build/pose_printer/install.log --single-version-externally-managed install_data
[1.710s] running egg_info
[1.748s] writing ../../build/pose_printer/pose_printer.egg-info/PKG-INFO
[1.748s] writing dependency_links to ../../build/pose_printer/pose_printer.egg-info/dependency_links.txt
[1.748s] writing entry points to ../../build/pose_printer/pose_printer.egg-info/entry_points.txt
[1.748s] writing requirements to ../../build/pose_printer/pose_printer.egg-info/requires.txt
[1.748s] writing top-level names to ../../build/pose_printer/pose_printer.egg-info/top_level.txt
[1.825s] reading manifest file '../../build/pose_printer/pose_printer.egg-info/SOURCES.txt'
[1.826s] writing manifest file '../../build/pose_printer/pose_printer.egg-info/SOURCES.txt'
[1.826s] running build
[1.826s] running build_py
[1.827s] copying pose_printer/pose_printer_node.py -> /home/andre/ros2_ws/build/pose_printer/build/lib/pose_printer
[1.827s] running install
[1.833s] running install_lib
[1.870s] copying /home/andre/ros2_ws/build/pose_printer/build/lib/pose_printer/pose_printer_node.py -> /home/andre/ros2_ws/install/pose_printer/lib/python3.12/site-packages/pose_printer
[1.871s] byte-compiling /home/andre/ros2_ws/install/pose_printer/lib/python3.12/site-packages/pose_printer/pose_printer_node.py to pose_printer_node.cpython-312.pyc
[1.873s] running install_data
[1.873s] running install_egg_info
[1.914s] removing '/home/andre/ros2_ws/install/pose_printer/lib/python3.12/site-packages/pose_printer-0.0.0-py3.12.egg-info' (and everything under it)
[1.914s] Copying ../../build/pose_printer/pose_printer.egg-info to /home/andre/ros2_ws/install/pose_printer/lib/python3.12/site-packages/pose_printer-0.0.0-py3.12.egg-info
[1.915s] running install_scripts
[2.150s] Installing pose_printer script to /home/andre/ros2_ws/install/pose_printer/lib/pose_printer
[2.150s] writing list of installed files to '/home/andre/ros2_ws/build/pose_printer/install.log'
[2.187s] Invoked command in '/home/andre/ros2_ws/src/pose_printer' returned '0': DEBUGINFOD_URLS=https://debuginfod.ubuntu.com PYTHONPATH=/home/andre/ros2_ws/build/pose_printer/prefix_override:/usr/lib/python3/dist-packages/colcon_core/task/python/colcon_distutils_commands:/home/andre/ros2_ws/install/pose_printer/lib/python3.12/site-packages:${PYTHONPATH} /usr/bin/python3 -W ignore:setup.py install is deprecated -W ignore:easy_install command is deprecated setup.py egg_info --egg-base ../../build/pose_printer build --build-base /home/andre/ros2_ws/build/pose_printer/build install --record /home/andre/ros2_ws/build/pose_printer/install.log --single-version-externally-managed install_data
