-- The C compiler identification is GNU 13.3.0
-- The CXX compiler identification is GNU 13.3.0
-- Detecting C compiler ABI info
-- Detecting C compiler ABI info - done
-- Check for working C compiler: /usr/bin/cc - skipped
-- Detecting C compile features
-- Detecting C compile features - done
-- Detecting CXX compiler ABI info
-- Detecting CXX compiler ABI info - done
-- Check for working CXX compiler: /usr/bin/c++ - skipped
-- Detecting CXX compile features
-- Detecting CXX compile features - done
-- Found ament_cmake: 2.5.4 (/opt/ros/jazzy/share/ament_cmake/cmake)
-- Found Python3: /usr/bin/python3 (found version "3.12.3") found components: Interpreter 
-- Found controller_manager: 4.39.2 (/opt/ros/jazzy/share/controller_manager/cmake)
-- Found rosidl_generator_c: 4.6.6 (/opt/ros/jazzy/share/rosidl_generator_c/cmake)
-- Found rosidl_generator_cpp: 4.6.6 (/opt/ros/jazzy/share/rosidl_generator_cpp/cmake)
-- Using all available rosidl_typesupport_c: rosidl_typesupport_fastrtps_c;rosidl_typesupport_introspection_c
-- Using all available rosidl_typesupport_cpp: rosidl_typesupport_fastrtps_cpp;rosidl_typesupport_introspection_cpp
-- Found rmw_implementation_cmake: 7.3.2 (/opt/ros/jazzy/share/rmw_implementation_cmake/cmake)
-- Found rmw_fastrtps_cpp: 8.4.3 (/opt/ros/jazzy/share/rmw_fastrtps_cpp/cmake)
-- Found OpenSSL: /usr/lib/x86_64-linux-gnu/libcrypto.so (found version "3.0.13")  
-- Found FastRTPS: /opt/ros/jazzy/include (Required is at least version "2.13") 
-- Using RMW implementation 'rmw_fastrtps_cpp' as default
-- Found gripper_controllers: 4.34.0 (/opt/ros/jazzy/share/gripper_controllers/cmake)
-- Found eigen3_cmake_module: 0.3.0 (/opt/ros/jazzy/share/eigen3_cmake_module/cmake)
-- Found Eigen3: TRUE (found version "3.4.0") 
-- Ensuring Eigen3 include directory is part of orocos-kdl CMake target
-- Found gz_ros2_control: 1.2.16 (/opt/ros/jazzy/share/gz_ros2_control/cmake)
-- Found ros_gz: 1.0.16 (/opt/ros/jazzy/share/ros_gz/cmake)
-- Found ros_gz_bridge: 1.0.16 (/opt/ros/jazzy/share/ros_gz_bridge/cmake)
-- Looking for gz-msgs10 -- found version 10.3.2
-- Searching for dependencies of gz-msgs10
-- Found Protobuf: /usr/lib/x86_64-linux-gnu/libprotobuf.so (found version "3.21.12") 
-- Looking for gz-utils2 -- found version 2.2.1
-- Searching for dependencies of gz-utils2
-- Looking for gz-math7 -- found version 7.5.2
-- Searching for dependencies of gz-math7
-- Looking for gz-utils2 -- found version 2.2.1
-- Checking for module 'tinyxml2'
--   Found tinyxml2, version 10.0.0
-- Looking for gz-transport13 -- found version 13.5.0
-- Searching for dependencies of gz-transport13
-- Config-file not installed for ZeroMQ -- checking for pkg-config
-- Checking for module 'libzmq >= 4'
--   Found libzmq, version 4.3.5
-- Found ZeroMQ: TRUE (Required is at least version "4") 
-- Checking for module 'uuid'
--   Found uuid, version 2.39.3
-- Found UUID: TRUE  
-- Looking for gz-utils2 -- found version 2.2.1
-- Searching for dependencies of gz-utils2
-- Searching for <gz-utils2> component [cli]
-- Looking for gz-utils2-cli -- found version 2.2.1
-- Searching for dependencies of gz-utils2-cli
-- Looking for gz-msgs10 -- found version 10.3.2
-- Found ros_gz_image: 1.0.16 (/opt/ros/jazzy/share/ros_gz_image/cmake)
-- Found ros_gz_sim: 1.0.16 (/opt/ros/jazzy/share/ros_gz_sim/cmake)
-- Found ros2_control: 4.39.2 (/opt/ros/jazzy/share/ros2_control/cmake)
-- Found ros2_controllers: 4.34.0 (/opt/ros/jazzy/share/ros2_controllers/cmake)
-- Found xacro: 2.1.1 (/opt/ros/jazzy/share/xacro/cmake)
-- Found ament_lint_auto: 0.17.3 (/opt/ros/jazzy/share/ament_lint_auto/cmake)
-- Added test 'lint_cmake' to check CMake code style
-- Added test 'xmllint' to check XML markup files
-- Configuring done (4.9s)
-- Generating done (0.0s)
-- Build files have been written to: /home/andre/ros2_ws/build/gazebo
-- Install configuration: ""
-- Installing: /home/andre/ros2_ws/install/gazebo/share/ament_index/resource_index/package_run_dependencies/gazebo
-- Installing: /home/andre/ros2_ws/install/gazebo/share/ament_index/resource_index/parent_prefix_path/gazebo
-- Installing: /home/andre/ros2_ws/install/gazebo/share/gazebo/environment/ament_prefix_path.sh
-- Installing: /home/andre/ros2_ws/install/gazebo/share/gazebo/environment/ament_prefix_path.dsv
-- Installing: /home/andre/ros2_ws/install/gazebo/share/gazebo/environment/path.sh
-- Installing: /home/andre/ros2_ws/install/gazebo/share/gazebo/environment/path.dsv
-- Installing: /home/andre/ros2_ws/install/gazebo/share/gazebo/local_setup.bash
-- Installing: /home/andre/ros2_ws/install/gazebo/share/gazebo/local_setup.sh
-- Installing: /home/andre/ros2_ws/install/gazebo/share/gazebo/local_setup.zsh
-- Installing: /home/andre/ros2_ws/install/gazebo/share/gazebo/local_setup.dsv
-- Installing: /home/andre/ros2_ws/install/gazebo/share/gazebo/package.dsv
-- Installing: /home/andre/ros2_ws/install/gazebo/share/ament_index/resource_index/packages/gazebo
-- Installing: /home/andre/ros2_ws/install/gazebo/share/gazebo/cmake/gazeboConfig.cmake
-- Installing: /home/andre/ros2_ws/install/gazebo/share/gazebo/cmake/gazeboConfig-version.cmake
-- Installing: /home/andre/ros2_ws/install/gazebo/share/gazebo/package.xml
