[0.031s] Invoking command in '/home/andre/ros2_ws/build/gazebo': CMAKE_PREFIX_PATH=${CMAKE_PREFIX_PATH}:/home/andre/ros2_ws/install/pose_printer:/opt/ros/jazzy DEBUGINFOD_URLS=https://debuginfod.ubuntu.com /usr/bin/cmake /home/andre/ros2_ws/src/gazebo -DCMAKE_INSTALL_PREFIX=/home/andre/ros2_ws/install/gazebo
[0.299s] -- The C compiler identification is GNU 13.3.0
[0.479s] -- The CXX compiler identification is GNU 13.3.0
[0.504s] -- Detecting C compiler ABI info
[0.633s] -- Detecting C compiler ABI info - done
[0.649s] -- Check for working C compiler: /usr/bin/cc - skipped
[0.650s] -- Detecting C compile features
[0.650s] -- Detecting C compile features - done
[0.663s] -- Detecting CXX compiler ABI info
[0.793s] -- Detecting CXX compiler ABI info - done
[0.806s] -- Check for working CXX compiler: /usr/bin/c++ - skipped
[0.807s] -- Detecting CXX compile features
[0.807s] -- Detecting CXX compile features - done
[0.815s] -- Found ament_cmake: 2.5.4 (/opt/ros/jazzy/share/ament_cmake/cmake)
[1.025s] -- Found Python3: /usr/bin/python3 (found version "3.12.3") found components: Interpreter 
[1.214s] -- Found controller_manager: 4.39.2 (/opt/ros/jazzy/share/controller_manager/cmake)
[1.303s] -- Found rosidl_generator_c: 4.6.6 (/opt/ros/jazzy/share/rosidl_generator_c/cmake)
[1.329s] -- Found rosidl_generator_cpp: 4.6.6 (/opt/ros/jazzy/share/rosidl_generator_cpp/cmake)
[1.363s] -- Using all available rosidl_typesupport_c: rosidl_typesupport_fastrtps_c;rosidl_typesupport_introspection_c
[1.401s] -- Using all available rosidl_typesupport_cpp: rosidl_typesupport_fastrtps_cpp;rosidl_typesupport_introspection_cpp
[1.547s] -- Found rmw_implementation_cmake: 7.3.2 (/opt/ros/jazzy/share/rmw_implementation_cmake/cmake)
[1.555s] -- Found rmw_fastrtps_cpp: 8.4.3 (/opt/ros/jazzy/share/rmw_fastrtps_cpp/cmake)
[1.694s] -- Found OpenSSL: /usr/lib/x86_64-linux-gnu/libcrypto.so (found version "3.0.13")  
[1.726s] -- Found FastRTPS: /opt/ros/jazzy/include (Required is at least version "2.13") 
[1.756s] -- Using RMW implementation 'rmw_fastrtps_cpp' as default
[2.842s] -- Found gripper_controllers: 4.34.0 (/opt/ros/jazzy/share/gripper_controllers/cmake)
[2.969s] -- Found eigen3_cmake_module: 0.3.0 (/opt/ros/jazzy/share/eigen3_cmake_module/cmake)
[2.973s] -- Found Eigen3: TRUE (found version "3.4.0") 
[2.975s] -- Ensuring Eigen3 include directory is part of orocos-kdl CMake target
[3.291s] -- Found gz_ros2_control: 1.2.16 (/opt/ros/jazzy/share/gz_ros2_control/cmake)
[3.320s] -- Found ros_gz: 1.0.16 (/opt/ros/jazzy/share/ros_gz/cmake)
[3.333s] -- Found ros_gz_bridge: 1.0.16 (/opt/ros/jazzy/share/ros_gz_bridge/cmake)
[3.413s] -- Looking for gz-msgs10 -- found version 10.3.2
[3.440s] -- Searching for dependencies of gz-msgs10
[3.529s] -- Found Protobuf: /usr/lib/x86_64-linux-gnu/libprotobuf.so (found version "3.21.12") 
[3.538s] -- Looking for gz-utils2 -- found version 2.2.1
[3.538s] -- Searching for dependencies of gz-utils2
[3.551s] -- Looking for gz-math7 -- found version 7.5.2
[3.551s] -- Searching for dependencies of gz-math7
[3.551s] -- Looking for gz-utils2 -- found version 2.2.1
[3.568s] -- Checking for module 'tinyxml2'
[3.612s] --   Found tinyxml2, version 10.0.0
[3.710s] -- Looking for gz-transport13 -- found version 13.5.0
[3.710s] -- Searching for dependencies of gz-transport13
[3.797s] -- Config-file not installed for ZeroMQ -- checking for pkg-config
[3.806s] -- Checking for module 'libzmq >= 4'
[3.844s] --   Found libzmq, version 4.3.5
[3.963s] -- Found ZeroMQ: TRUE (Required is at least version "4") 
[3.986s] -- Checking for module 'uuid'
[4.023s] --   Found uuid, version 2.39.3
[4.132s] -- Found UUID: TRUE  
[4.133s] -- Looking for gz-utils2 -- found version 2.2.1
[4.133s] -- Searching for dependencies of gz-utils2
[4.134s] -- Searching for <gz-utils2> component [cli]
[4.140s] -- Looking for gz-utils2-cli -- found version 2.2.1
[4.140s] -- Searching for dependencies of gz-utils2-cli
[4.143s] -- Looking for gz-msgs10 -- found version 10.3.2
[4.632s] -- Found ros_gz_image: 1.0.16 (/opt/ros/jazzy/share/ros_gz_image/cmake)
[4.643s] -- Found ros_gz_sim: 1.0.16 (/opt/ros/jazzy/share/ros_gz_sim/cmake)
[4.676s] -- Found ros2_control: 4.39.2 (/opt/ros/jazzy/share/ros2_control/cmake)
[4.683s] -- Found ros2_controllers: 4.34.0 (/opt/ros/jazzy/share/ros2_controllers/cmake)
[4.695s] -- Found xacro: 2.1.1 (/opt/ros/jazzy/share/xacro/cmake)
[4.706s] -- Found ament_lint_auto: 0.17.3 (/opt/ros/jazzy/share/ament_lint_auto/cmake)
[4.987s] -- Added test 'lint_cmake' to check CMake code style
[4.991s] -- Added test 'xmllint' to check XML markup files
[4.999s] -- Configuring done (4.9s)
[5.021s] -- Generating done (0.0s)
[5.029s] -- Build files have been written to: /home/andre/ros2_ws/build/gazebo
[5.052s] Invoked command in '/home/andre/ros2_ws/build/gazebo' returned '0': CMAKE_PREFIX_PATH=${CMAKE_PREFIX_PATH}:/home/andre/ros2_ws/install/pose_printer:/opt/ros/jazzy DEBUGINFOD_URLS=https://debuginfod.ubuntu.com /usr/bin/cmake /home/andre/ros2_ws/src/gazebo -DCMAKE_INSTALL_PREFIX=/home/andre/ros2_ws/install/gazebo
[5.053s] Invoking command in '/home/andre/ros2_ws/build/gazebo': CMAKE_PREFIX_PATH=${CMAKE_PREFIX_PATH}:/home/andre/ros2_ws/install/pose_printer:/opt/ros/jazzy DEBUGINFOD_URLS=https://debuginfod.ubuntu.com /usr/bin/cmake --build /home/andre/ros2_ws/build/gazebo -- -j4 -l4
[5.117s] Invoked command in '/home/andre/ros2_ws/build/gazebo' returned '0': CMAKE_PREFIX_PATH=${CMAKE_PREFIX_PATH}:/home/andre/ros2_ws/install/pose_printer:/opt/ros/jazzy DEBUGINFOD_URLS=https://debuginfod.ubuntu.com /usr/bin/cmake --build /home/andre/ros2_ws/build/gazebo -- -j4 -l4
[5.120s] Invoking command in '/home/andre/ros2_ws/build/gazebo': CMAKE_PREFIX_PATH=${CMAKE_PREFIX_PATH}:/home/andre/ros2_ws/install/pose_printer:/opt/ros/jazzy DEBUGINFOD_URLS=https://debuginfod.ubuntu.com /usr/bin/cmake --install /home/andre/ros2_ws/build/gazebo
[5.137s] -- Install configuration: ""
[5.142s] -- Installing: /home/andre/ros2_ws/install/gazebo/share/ament_index/resource_index/package_run_dependencies/gazebo
[5.142s] -- Installing: /home/andre/ros2_ws/install/gazebo/share/ament_index/resource_index/parent_prefix_path/gazebo
[5.143s] -- Installing: /home/andre/ros2_ws/install/gazebo/share/gazebo/environment/ament_prefix_path.sh
[5.143s] -- Installing: /home/andre/ros2_ws/install/gazebo/share/gazebo/environment/ament_prefix_path.dsv
[5.143s] -- Installing: /home/andre/ros2_ws/install/gazebo/share/gazebo/environment/path.sh
[5.143s] -- Installing: /home/andre/ros2_ws/install/gazebo/share/gazebo/environment/path.dsv
[5.143s] -- Installing: /home/andre/ros2_ws/install/gazebo/share/gazebo/local_setup.bash
[5.143s] -- Installing: /home/andre/ros2_ws/install/gazebo/share/gazebo/local_setup.sh
[5.143s] -- Installing: /home/andre/ros2_ws/install/gazebo/share/gazebo/local_setup.zsh
[5.144s] -- Installing: /home/andre/ros2_ws/install/gazebo/share/gazebo/local_setup.dsv
[5.144s] -- Installing: /home/andre/ros2_ws/install/gazebo/share/gazebo/package.dsv
[5.147s] -- Installing: /home/andre/ros2_ws/install/gazebo/share/ament_index/resource_index/packages/gazebo
[5.149s] -- Installing: /home/andre/ros2_ws/install/gazebo/share/gazebo/cmake/gazeboConfig.cmake
[5.149s] -- Installing: /home/andre/ros2_ws/install/gazebo/share/gazebo/cmake/gazeboConfig-version.cmake
[5.149s] -- Installing: /home/andre/ros2_ws/install/gazebo/share/gazebo/package.xml
[5.150s] Invoked command in '/home/andre/ros2_ws/build/gazebo' returned '0': CMAKE_PREFIX_PATH=${CMAKE_PREFIX_PATH}:/home/andre/ros2_ws/install/pose_printer:/opt/ros/jazzy DEBUGINFOD_URLS=https://debuginfod.ubuntu.com /usr/bin/cmake --install /home/andre/ros2_ws/build/gazebo
