[0.031s] Invoking command in '/home/andre/ros2_ws/build/robotic_arm_v3_config': CMAKE_PREFIX_PATH=/home/andre/ros2_ws/install/robotic_arm_model_v3:/home/andre/ros2_ws/install/robotic_arm_v3_config:/home/andre/ros2_ws/install/move_program:/home/andre/ros2_ws/install/hello_moveit:/home/andre/ros2_ws/install/cpp_pubsub:/opt/ros/jazzy/opt/gz_sim_vendor:/opt/ros/jazzy/opt/gz_sensors_vendor:/opt/ros/jazzy/opt/gz_physics_vendor:/opt/ros/jazzy/opt/sdformat_vendor:/opt/ros/jazzy/opt/gz_gui_vendor:/opt/ros/jazzy/opt/gz_transport_vendor:/opt/ros/jazzy/opt/gz_rendering_vendor:/opt/ros/jazzy/opt/gz_plugin_vendor:/opt/ros/jazzy/opt/gz_fuel_tools_vendor:/opt/ros/jazzy/opt/gz_msgs_vendor:/opt/ros/jazzy/opt/gz_common_vendor:/opt/ros/jazzy/opt/gz_math_vendor:/opt/ros/jazzy/opt/gz_utils_vendor:/opt/ros/jazzy/opt/gz_tools_vendor:/opt/ros/jazzy/opt/gz_ogre_next_vendor:/opt/ros/jazzy/opt/gz_dartsim_vendor:/opt/ros/jazzy/opt/gz_cmake_vendor:/home/andre/ros2_ws/install/pose_printer:/home/andre/ros2_ws/install/moveit_controls:/opt/ros/jazzy DEBUGINFOD_URLS=https://debuginfod.ubuntu.com /usr/bin/cmake /home/andre/ros2_ws/src/robotic_arm_v3_config -DCMAKE_INSTALL_PREFIX=/home/andre/ros2_ws/install/robotic_arm_v3_config
[0.169s] -- The C compiler identification is GNU 13.3.0
[0.283s] -- The CXX compiler identification is GNU 13.3.0
[0.300s] -- Detecting C compiler ABI info
[0.527s] -- Detecting C compiler ABI info - done
[0.559s] -- Check for working C compiler: /usr/bin/cc - skipped
[0.561s] -- Detecting C compile features
[0.563s] -- Detecting C compile features - done
[0.590s] -- Detecting CXX compiler ABI info
[0.783s] -- Detecting CXX compiler ABI info - done
[0.803s] -- Check for working CXX compiler: /usr/bin/c++ - skipped
[0.803s] -- Detecting CXX compile features
[0.805s] -- Detecting CXX compile features - done
[0.823s] -- Found ament_cmake: 2.5.4 (/opt/ros/jazzy/share/ament_cmake/cmake)
[1.107s] -- Found Python3: /usr/bin/python3 (found version "3.12.3") found components: Interpreter 
[1.648s] -- Configuring done (1.6s)
[1.655s] -- Generating done (0.0s)
[1.665s] -- Build files have been written to: /home/andre/ros2_ws/build/robotic_arm_v3_config
[1.676s] Invoked command in '/home/andre/ros2_ws/build/robotic_arm_v3_config' returned '0': CMAKE_PREFIX_PATH=/home/andre/ros2_ws/install/robotic_arm_model_v3:/home/andre/ros2_ws/install/robotic_arm_v3_config:/home/andre/ros2_ws/install/move_program:/home/andre/ros2_ws/install/hello_moveit:/home/andre/ros2_ws/install/cpp_pubsub:/opt/ros/jazzy/opt/gz_sim_vendor:/opt/ros/jazzy/opt/gz_sensors_vendor:/opt/ros/jazzy/opt/gz_physics_vendor:/opt/ros/jazzy/opt/sdformat_vendor:/opt/ros/jazzy/opt/gz_gui_vendor:/opt/ros/jazzy/opt/gz_transport_vendor:/opt/ros/jazzy/opt/gz_rendering_vendor:/opt/ros/jazzy/opt/gz_plugin_vendor:/opt/ros/jazzy/opt/gz_fuel_tools_vendor:/opt/ros/jazzy/opt/gz_msgs_vendor:/opt/ros/jazzy/opt/gz_common_vendor:/opt/ros/jazzy/opt/gz_math_vendor:/opt/ros/jazzy/opt/gz_utils_vendor:/opt/ros/jazzy/opt/gz_tools_vendor:/opt/ros/jazzy/opt/gz_ogre_next_vendor:/opt/ros/jazzy/opt/gz_dartsim_vendor:/opt/ros/jazzy/opt/gz_cmake_vendor:/home/andre/ros2_ws/install/pose_printer:/home/andre/ros2_ws/install/moveit_controls:/opt/ros/jazzy DEBUGINFOD_URLS=https://debuginfod.ubuntu.com /usr/bin/cmake /home/andre/ros2_ws/src/robotic_arm_v3_config -DCMAKE_INSTALL_PREFIX=/home/andre/ros2_ws/install/robotic_arm_v3_config
[1.676s] Invoking command in '/home/andre/ros2_ws/build/robotic_arm_v3_config': CMAKE_PREFIX_PATH=/home/andre/ros2_ws/install/robotic_arm_model_v3:/home/andre/ros2_ws/install/robotic_arm_v3_config:/home/andre/ros2_ws/install/move_program:/home/andre/ros2_ws/install/hello_moveit:/home/andre/ros2_ws/install/cpp_pubsub:/opt/ros/jazzy/opt/gz_sim_vendor:/opt/ros/jazzy/opt/gz_sensors_vendor:/opt/ros/jazzy/opt/gz_physics_vendor:/opt/ros/jazzy/opt/sdformat_vendor:/opt/ros/jazzy/opt/gz_gui_vendor:/opt/ros/jazzy/opt/gz_transport_vendor:/opt/ros/jazzy/opt/gz_rendering_vendor:/opt/ros/jazzy/opt/gz_plugin_vendor:/opt/ros/jazzy/opt/gz_fuel_tools_vendor:/opt/ros/jazzy/opt/gz_msgs_vendor:/opt/ros/jazzy/opt/gz_common_vendor:/opt/ros/jazzy/opt/gz_math_vendor:/opt/ros/jazzy/opt/gz_utils_vendor:/opt/ros/jazzy/opt/gz_tools_vendor:/opt/ros/jazzy/opt/gz_ogre_next_vendor:/opt/ros/jazzy/opt/gz_dartsim_vendor:/opt/ros/jazzy/opt/gz_cmake_vendor:/home/andre/ros2_ws/install/pose_printer:/home/andre/ros2_ws/install/moveit_controls:/opt/ros/jazzy DEBUGINFOD_URLS=https://debuginfod.ubuntu.com /usr/bin/cmake --build /home/andre/ros2_ws/build/robotic_arm_v3_config -- -j4 -l4
[1.781s] Invoked command in '/home/andre/ros2_ws/build/robotic_arm_v3_config' returned '0': CMAKE_PREFIX_PATH=/home/andre/ros2_ws/install/robotic_arm_model_v3:/home/andre/ros2_ws/install/robotic_arm_v3_config:/home/andre/ros2_ws/install/move_program:/home/andre/ros2_ws/install/hello_moveit:/home/andre/ros2_ws/install/cpp_pubsub:/opt/ros/jazzy/opt/gz_sim_vendor:/opt/ros/jazzy/opt/gz_sensors_vendor:/opt/ros/jazzy/opt/gz_physics_vendor:/opt/ros/jazzy/opt/sdformat_vendor:/opt/ros/jazzy/opt/gz_gui_vendor:/opt/ros/jazzy/opt/gz_transport_vendor:/opt/ros/jazzy/opt/gz_rendering_vendor:/opt/ros/jazzy/opt/gz_plugin_vendor:/opt/ros/jazzy/opt/gz_fuel_tools_vendor:/opt/ros/jazzy/opt/gz_msgs_vendor:/opt/ros/jazzy/opt/gz_common_vendor:/opt/ros/jazzy/opt/gz_math_vendor:/opt/ros/jazzy/opt/gz_utils_vendor:/opt/ros/jazzy/opt/gz_tools_vendor:/opt/ros/jazzy/opt/gz_ogre_next_vendor:/opt/ros/jazzy/opt/gz_dartsim_vendor:/opt/ros/jazzy/opt/gz_cmake_vendor:/home/andre/ros2_ws/install/pose_printer:/home/andre/ros2_ws/install/moveit_controls:/opt/ros/jazzy DEBUGINFOD_URLS=https://debuginfod.ubuntu.com /usr/bin/cmake --build /home/andre/ros2_ws/build/robotic_arm_v3_config -- -j4 -l4
[1.781s] Invoking command in '/home/andre/ros2_ws/build/robotic_arm_v3_config': CMAKE_PREFIX_PATH=/home/andre/ros2_ws/install/robotic_arm_model_v3:/home/andre/ros2_ws/install/robotic_arm_v3_config:/home/andre/ros2_ws/install/move_program:/home/andre/ros2_ws/install/hello_moveit:/home/andre/ros2_ws/install/cpp_pubsub:/opt/ros/jazzy/opt/gz_sim_vendor:/opt/ros/jazzy/opt/gz_sensors_vendor:/opt/ros/jazzy/opt/gz_physics_vendor:/opt/ros/jazzy/opt/sdformat_vendor:/opt/ros/jazzy/opt/gz_gui_vendor:/opt/ros/jazzy/opt/gz_transport_vendor:/opt/ros/jazzy/opt/gz_rendering_vendor:/opt/ros/jazzy/opt/gz_plugin_vendor:/opt/ros/jazzy/opt/gz_fuel_tools_vendor:/opt/ros/jazzy/opt/gz_msgs_vendor:/opt/ros/jazzy/opt/gz_common_vendor:/opt/ros/jazzy/opt/gz_math_vendor:/opt/ros/jazzy/opt/gz_utils_vendor:/opt/ros/jazzy/opt/gz_tools_vendor:/opt/ros/jazzy/opt/gz_ogre_next_vendor:/opt/ros/jazzy/opt/gz_dartsim_vendor:/opt/ros/jazzy/opt/gz_cmake_vendor:/home/andre/ros2_ws/install/pose_printer:/home/andre/ros2_ws/install/moveit_controls:/opt/ros/jazzy DEBUGINFOD_URLS=https://debuginfod.ubuntu.com /usr/bin/cmake --install /home/andre/ros2_ws/build/robotic_arm_v3_config
[1.797s] -- Install configuration: ""
[1.797s] -- Installing: /home/andre/ros2_ws/install/robotic_arm_v3_config/share/ament_index/resource_index/package_run_dependencies/robotic_arm_v3_config
[1.797s] -- Installing: /home/andre/ros2_ws/install/robotic_arm_v3_config/share/ament_index/resource_index/parent_prefix_path/robotic_arm_v3_config
[1.797s] -- Installing: /home/andre/ros2_ws/install/robotic_arm_v3_config/share/robotic_arm_v3_config/environment/ament_prefix_path.sh
[1.798s] -- Installing: /home/andre/ros2_ws/install/robotic_arm_v3_config/share/robotic_arm_v3_config/environment/ament_prefix_path.dsv
[1.798s] -- Installing: /home/andre/ros2_ws/install/robotic_arm_v3_config/share/robotic_arm_v3_config/environment/path.sh
[1.798s] -- Installing: /home/andre/ros2_ws/install/robotic_arm_v3_config/share/robotic_arm_v3_config/environment/path.dsv
[1.798s] -- Installing: /home/andre/ros2_ws/install/robotic_arm_v3_config/share/robotic_arm_v3_config/local_setup.bash
[1.799s] -- Installing: /home/andre/ros2_ws/install/robotic_arm_v3_config/share/robotic_arm_v3_config/local_setup.sh
[1.800s] -- Installing: /home/andre/ros2_ws/install/robotic_arm_v3_config/share/robotic_arm_v3_config/local_setup.zsh
[1.802s] -- Installing: /home/andre/ros2_ws/install/robotic_arm_v3_config/share/robotic_arm_v3_config/local_setup.dsv
[1.802s] -- Installing: /home/andre/ros2_ws/install/robotic_arm_v3_config/share/robotic_arm_v3_config/package.dsv
[1.802s] -- Installing: /home/andre/ros2_ws/install/robotic_arm_v3_config/share/ament_index/resource_index/packages/robotic_arm_v3_config
[1.802s] -- Installing: /home/andre/ros2_ws/install/robotic_arm_v3_config/share/robotic_arm_v3_config/cmake/robotic_arm_v3_configConfig.cmake
[1.802s] -- Installing: /home/andre/ros2_ws/install/robotic_arm_v3_config/share/robotic_arm_v3_config/cmake/robotic_arm_v3_configConfig-version.cmake
[1.802s] -- Installing: /home/andre/ros2_ws/install/robotic_arm_v3_config/share/robotic_arm_v3_config/package.xml
[1.802s] -- Installing: /home/andre/ros2_ws/install/robotic_arm_v3_config/share/robotic_arm_v3_config/launch
[1.802s] -- Installing: /home/andre/ros2_ws/install/robotic_arm_v3_config/share/robotic_arm_v3_config/launch/spawn_controllers.launch.py
[1.802s] -- Installing: /home/andre/ros2_ws/install/robotic_arm_v3_config/share/robotic_arm_v3_config/launch/moveit_rviz.launch.py
[1.802s] -- Installing: /home/andre/ros2_ws/install/robotic_arm_v3_config/share/robotic_arm_v3_config/launch/warehouse_db.launch.py
[1.802s] -- Installing: /home/andre/ros2_ws/install/robotic_arm_v3_config/share/robotic_arm_v3_config/launch/move_group.launch.py
[1.804s] -- Installing: /home/andre/ros2_ws/install/robotic_arm_v3_config/share/robotic_arm_v3_config/launch/demo.launch.py
[1.804s] -- Installing: /home/andre/ros2_ws/install/robotic_arm_v3_config/share/robotic_arm_v3_config/launch/spawn_moveit
[1.804s] -- Installing: /home/andre/ros2_ws/install/robotic_arm_v3_config/share/robotic_arm_v3_config/launch/demo_with_controllers.launch.py
[1.804s] -- Installing: /home/andre/ros2_ws/install/robotic_arm_v3_config/share/robotic_arm_v3_config/launch/setup_assistant.launch.py
[1.804s] -- Installing: /home/andre/ros2_ws/install/robotic_arm_v3_config/share/robotic_arm_v3_config/launch/rsp.launch.py
[1.804s] -- Installing: /home/andre/ros2_ws/install/robotic_arm_v3_config/share/robotic_arm_v3_config/launch/static_virtual_joint_tfs.launch.py
[1.804s] -- Installing: /home/andre/ros2_ws/install/robotic_arm_v3_config/share/robotic_arm_v3_config/config
[1.804s] -- Installing: /home/andre/ros2_ws/install/robotic_arm_v3_config/share/robotic_arm_v3_config/config/bridge.yaml
[1.805s] -- Installing: /home/andre/ros2_ws/install/robotic_arm_v3_config/share/robotic_arm_v3_config/config/pilz_cartesian_limits.yaml
[1.805s] -- Installing: /home/andre/ros2_ws/install/robotic_arm_v3_config/share/robotic_arm_v3_config/config/initial_positions.yaml
[1.805s] -- Installing: /home/andre/ros2_ws/install/robotic_arm_v3_config/share/robotic_arm_v3_config/config/ros_gz_bridge.yaml
[1.806s] -- Installing: /home/andre/ros2_ws/install/robotic_arm_v3_config/share/robotic_arm_v3_config/config/moveit_controllers.yaml
[1.807s] -- Installing: /home/andre/ros2_ws/install/robotic_arm_v3_config/share/robotic_arm_v3_config/config/robotic_arm_model_v3.srdf
[1.807s] -- Installing: /home/andre/ros2_ws/install/robotic_arm_v3_config/share/robotic_arm_v3_config/config/robotic_arm_model_v3.ros2_control.xacro
[1.807s] -- Installing: /home/andre/ros2_ws/install/robotic_arm_v3_config/share/robotic_arm_v3_config/config/kinematics.yaml
[1.807s] -- Installing: /home/andre/ros2_ws/install/robotic_arm_v3_config/share/robotic_arm_v3_config/config/joint_limits.yaml
[1.809s] -- Installing: /home/andre/ros2_ws/install/robotic_arm_v3_config/share/robotic_arm_v3_config/config/robotic_arm_model_v3.urdf.xacro
[1.809s] -- Installing: /home/andre/ros2_ws/install/robotic_arm_v3_config/share/robotic_arm_v3_config/config/moveit.rviz
[1.811s] -- Installing: /home/andre/ros2_ws/install/robotic_arm_v3_config/share/robotic_arm_v3_config/config/ros2_controllers.yaml
[1.812s] -- Installing: /home/andre/ros2_ws/install/robotic_arm_v3_config/share/robotic_arm_v3_config/.setup_assistant
[1.818s] Invoked command in '/home/andre/ros2_ws/build/robotic_arm_v3_config' returned '0': CMAKE_PREFIX_PATH=/home/andre/ros2_ws/install/robotic_arm_model_v3:/home/andre/ros2_ws/install/robotic_arm_v3_config:/home/andre/ros2_ws/install/move_program:/home/andre/ros2_ws/install/hello_moveit:/home/andre/ros2_ws/install/cpp_pubsub:/opt/ros/jazzy/opt/gz_sim_vendor:/opt/ros/jazzy/opt/gz_sensors_vendor:/opt/ros/jazzy/opt/gz_physics_vendor:/opt/ros/jazzy/opt/sdformat_vendor:/opt/ros/jazzy/opt/gz_gui_vendor:/opt/ros/jazzy/opt/gz_transport_vendor:/opt/ros/jazzy/opt/gz_rendering_vendor:/opt/ros/jazzy/opt/gz_plugin_vendor:/opt/ros/jazzy/opt/gz_fuel_tools_vendor:/opt/ros/jazzy/opt/gz_msgs_vendor:/opt/ros/jazzy/opt/gz_common_vendor:/opt/ros/jazzy/opt/gz_math_vendor:/opt/ros/jazzy/opt/gz_utils_vendor:/opt/ros/jazzy/opt/gz_tools_vendor:/opt/ros/jazzy/opt/gz_ogre_next_vendor:/opt/ros/jazzy/opt/gz_dartsim_vendor:/opt/ros/jazzy/opt/gz_cmake_vendor:/home/andre/ros2_ws/install/pose_printer:/home/andre/ros2_ws/install/moveit_controls:/opt/ros/jazzy DEBUGINFOD_URLS=https://debuginfod.ubuntu.com /usr/bin/cmake --install /home/andre/ros2_ws/build/robotic_arm_v3_config
