[0.102s] Invoking command in '/home/bot/ros2_ws/build/robotic_arm_moveit': CMAKE_PREFIX_PATH=${CMAKE_PREFIX_PATH}:/home/bot/ros2_ws/install/pose_printer:/home/bot/ros2_ws/install/moveit_controls:/opt/ros/jazzy DEBUGINFOD_URLS=https://debuginfod.ubuntu.com /usr/bin/cmake /home/bot/ros2_ws/src/robotic_arm_moveit -DCMAKE_INSTALL_PREFIX=/home/bot/ros2_ws/install/robotic_arm_moveit
[0.894s] -- The C compiler identification is GNU 13.3.0
[1.783s] -- The CXX compiler identification is GNU 13.3.0
[1.983s] -- Detecting C compiler ABI info
[3.197s] -- Detecting C compiler ABI info - done
[3.253s] -- Check for working C compiler: /usr/bin/cc - skipped
[3.254s] -- Detecting C compile features
[3.259s] -- Detecting C compile features - done
[3.416s] -- Detecting CXX compiler ABI info
[4.986s] -- Detecting CXX compiler ABI info - done
[5.102s] -- Check for working CXX compiler: /usr/bin/c++ - skipped
[5.104s] -- Detecting CXX compile features
[5.110s] -- Detecting CXX compile features - done
[5.197s] -- Found ament_cmake: 2.5.4 (/opt/ros/jazzy/share/ament_cmake/cmake)
[6.876s] -- Found Python3: /usr/bin/python3 (found version "3.12.3") found components: Interpreter 
[8.636s] -- Found moveit_ros_planning_interface: 2.12.3 (/opt/ros/jazzy/share/moveit_ros_planning_interface/cmake)
[10.493s] -- Found Boost: /usr/lib/aarch64-linux-gnu/cmake/Boost-1.83.0/BoostConfig.cmake (found version "1.83.0") found components: date_time filesystem program_options system thread 
[11.495s] -- Found rosidl_generator_c: 4.6.6 (/opt/ros/jazzy/share/rosidl_generator_c/cmake)
[11.719s] -- Found rosidl_generator_cpp: 4.6.6 (/opt/ros/jazzy/share/rosidl_generator_cpp/cmake)
[11.939s] -- Using all available rosidl_typesupport_c: rosidl_typesupport_fastrtps_c;rosidl_typesupport_introspection_c
[12.174s] -- Using all available rosidl_typesupport_cpp: rosidl_typesupport_fastrtps_cpp;rosidl_typesupport_introspection_cpp
[15.828s] -- Found Boost: /usr/lib/aarch64-linux-gnu/cmake/Boost-1.83.0/BoostConfig.cmake (found version "1.83.0") found components: chrono date_time filesystem iostreams program_options regex serialization system thread 
[18.632s] -- Found parameter_traits: 0.5.0 (/opt/ros/jazzy/share/parameter_traits/cmake)
[19.835s] -- Found rmw_implementation_cmake: 7.3.2 (/opt/ros/jazzy/share/rmw_implementation_cmake/cmake)
[19.914s] -- Found rmw_fastrtps_cpp: 8.4.3 (/opt/ros/jazzy/share/rmw_fastrtps_cpp/cmake)
[22.009s] -- Found OpenSSL: /usr/lib/aarch64-linux-gnu/libcrypto.so (found version "3.0.13")  
[22.137s] -- Found FastRTPS: /opt/ros/jazzy/include (Required is at least version "2.13") 
[22.380s] -- Using RMW implementation 'rmw_fastrtps_cpp' as default
[23.553s] -- Found rclcpp_lifecycle: 28.1.13 (/opt/ros/jazzy/share/rclcpp_lifecycle/cmake)
[24.321s] -- Found Boost: /usr/lib/aarch64-linux-gnu/cmake/Boost-1.83.0/BoostConfig.cmake (found version "1.83.0") found components: filesystem 
[31.243s] -- Found Eigen3: TRUE (found version "3.4.0") 
[31.244s] -- Ensuring Eigen3 include directory is part of orocos-kdl CMake target
[39.623s] -- Found Boost: /usr/lib/aarch64-linux-gnu/cmake/Boost-1.83.0/BoostConfig.cmake (found version "1.83.0") found components: system filesystem date_time program_options thread chrono 
[40.499s] -- Found Boost: /usr/lib/aarch64-linux-gnu/cmake/Boost-1.83.0/BoostConfig.cmake (found version "1.83.0") found components: thread system filesystem regex date_time program_options 
[41.907s] -- Found Boost: /usr/lib/aarch64-linux-gnu/cmake/Boost-1.83.0/BoostConfig.cmake (found version "1.83.0") found components: system filesystem date_time program_options thread 
[43.351s] -- Found ament_lint_auto: 0.17.3 (/opt/ros/jazzy/share/ament_lint_auto/cmake)
[45.415s] -- Added test 'cppcheck' to perform static code analysis on C / C++ code
[45.424s] -- Configured cppcheck include dirs: $<BUILD_INTERFACE:/home/bot/ros2_ws/src/robotic_arm_moveit/include>
[45.430s] -- Configured cppcheck exclude dirs and/or files: 
[45.441s] -- Added test 'lint_cmake' to check CMake code style
[45.465s] -- Added test 'uncrustify' to check C / C++ code style
[45.470s] -- Configured uncrustify additional arguments: 
[45.473s] -- Added test 'xmllint' to check XML markup files
[45.514s] -- Configuring done (45.3s)
[46.246s] -- Generating done (0.3s)
[46.304s] -- Build files have been written to: /home/bot/ros2_ws/build/robotic_arm_moveit
[46.442s] Invoked command in '/home/bot/ros2_ws/build/robotic_arm_moveit' returned '0': CMAKE_PREFIX_PATH=${CMAKE_PREFIX_PATH}:/home/bot/ros2_ws/install/pose_printer:/home/bot/ros2_ws/install/moveit_controls:/opt/ros/jazzy DEBUGINFOD_URLS=https://debuginfod.ubuntu.com /usr/bin/cmake /home/bot/ros2_ws/src/robotic_arm_moveit -DCMAKE_INSTALL_PREFIX=/home/bot/ros2_ws/install/robotic_arm_moveit
[46.456s] Invoking command in '/home/bot/ros2_ws/build/robotic_arm_moveit': CMAKE_PREFIX_PATH=${CMAKE_PREFIX_PATH}:/home/bot/ros2_ws/install/pose_printer:/home/bot/ros2_ws/install/moveit_controls:/opt/ros/jazzy DEBUGINFOD_URLS=https://debuginfod.ubuntu.com /usr/bin/cmake --build /home/bot/ros2_ws/build/robotic_arm_moveit -- -j4 -l4
[47.194s] [ 50%] [32mBuilding CXX object CMakeFiles/robotic_arm_moveit.dir/src/robotic_arm_moveit.cpp.o[0m
[67.475s] In file included from [01m[K/home/bot/ros2_ws/src/robotic_arm_moveit/src/robotic_arm_moveit.cpp:4[m[K:
[67.476s] [01m[K/opt/ros/jazzy/include/moveit_ros_planning_interface/moveit/move_group_interface/move_group_interface.h:51:77:[m[K [01;36m[Knote: [m[K‘[01m[K#pragma message: .h header is obsolete. Please use the .hpp header instead.[m[K’
[67.477s]    51 | #pragma message(".h header is obsolete. Please use the .hpp header instead."[01;36m[K)[m[K
[67.478s]       |                                                                             [01;36m[K^[m[K
[90.048s] [100%] [32m[1mLinking CXX executable robotic_arm_moveit[0m
[94.992s] [100%] Built target robotic_arm_moveit
[95.051s] Invoked command in '/home/bot/ros2_ws/build/robotic_arm_moveit' returned '0': CMAKE_PREFIX_PATH=${CMAKE_PREFIX_PATH}:/home/bot/ros2_ws/install/pose_printer:/home/bot/ros2_ws/install/moveit_controls:/opt/ros/jazzy DEBUGINFOD_URLS=https://debuginfod.ubuntu.com /usr/bin/cmake --build /home/bot/ros2_ws/build/robotic_arm_moveit -- -j4 -l4
[95.059s] Invoking command in '/home/bot/ros2_ws/build/robotic_arm_moveit': CMAKE_PREFIX_PATH=${CMAKE_PREFIX_PATH}:/home/bot/ros2_ws/install/pose_printer:/home/bot/ros2_ws/install/moveit_controls:/opt/ros/jazzy DEBUGINFOD_URLS=https://debuginfod.ubuntu.com /usr/bin/cmake --install /home/bot/ros2_ws/build/robotic_arm_moveit
[95.100s] -- Install configuration: ""
[95.100s] -- Installing: /home/bot/ros2_ws/install/robotic_arm_moveit/lib/robotic_arm_moveit/robotic_arm_moveit
[95.104s] -- Set non-toolchain portion of runtime path of "/home/bot/ros2_ws/install/robotic_arm_moveit/lib/robotic_arm_moveit/robotic_arm_moveit" to ""
[95.105s] -- Installing: /home/bot/ros2_ws/install/robotic_arm_moveit/share/ament_index/resource_index/package_run_dependencies/robotic_arm_moveit
[95.107s] -- Installing: /home/bot/ros2_ws/install/robotic_arm_moveit/share/ament_index/resource_index/parent_prefix_path/robotic_arm_moveit
[95.108s] -- Installing: /home/bot/ros2_ws/install/robotic_arm_moveit/share/robotic_arm_moveit/environment/ament_prefix_path.sh
[95.109s] -- Installing: /home/bot/ros2_ws/install/robotic_arm_moveit/share/robotic_arm_moveit/environment/ament_prefix_path.dsv
[95.111s] -- Installing: /home/bot/ros2_ws/install/robotic_arm_moveit/share/robotic_arm_moveit/environment/path.sh
[95.112s] -- Installing: /home/bot/ros2_ws/install/robotic_arm_moveit/share/robotic_arm_moveit/environment/path.dsv
[95.113s] -- Installing: /home/bot/ros2_ws/install/robotic_arm_moveit/share/robotic_arm_moveit/local_setup.bash
[95.114s] -- Installing: /home/bot/ros2_ws/install/robotic_arm_moveit/share/robotic_arm_moveit/local_setup.sh
[95.115s] -- Installing: /home/bot/ros2_ws/install/robotic_arm_moveit/share/robotic_arm_moveit/local_setup.zsh
[95.116s] -- Installing: /home/bot/ros2_ws/install/robotic_arm_moveit/share/robotic_arm_moveit/local_setup.dsv
[95.117s] -- Installing: /home/bot/ros2_ws/install/robotic_arm_moveit/share/robotic_arm_moveit/package.dsv
[95.119s] -- Installing: /home/bot/ros2_ws/install/robotic_arm_moveit/share/ament_index/resource_index/packages/robotic_arm_moveit
[95.120s] -- Installing: /home/bot/ros2_ws/install/robotic_arm_moveit/share/robotic_arm_moveit/cmake/robotic_arm_moveitConfig.cmake
[95.121s] -- Installing: /home/bot/ros2_ws/install/robotic_arm_moveit/share/robotic_arm_moveit/cmake/robotic_arm_moveitConfig-version.cmake
[95.122s] -- Installing: /home/bot/ros2_ws/install/robotic_arm_moveit/share/robotic_arm_moveit/package.xml
[95.130s] Invoked command in '/home/bot/ros2_ws/build/robotic_arm_moveit' returned '0': CMAKE_PREFIX_PATH=${CMAKE_PREFIX_PATH}:/home/bot/ros2_ws/install/pose_printer:/home/bot/ros2_ws/install/moveit_controls:/opt/ros/jazzy DEBUGINFOD_URLS=https://debuginfod.ubuntu.com /usr/bin/cmake --install /home/bot/ros2_ws/build/robotic_arm_moveit
