[5.876s] Invoking command in '/home/bot/ros2_ws/src/mqtt_imu': DEBUGINFOD_URLS=https://debuginfod.ubuntu.com PYTHONPATH=/home/bot/ros2_ws/build/mqtt_imu/prefix_override:/usr/lib/python3/dist-packages/colcon_core/task/python/colcon_distutils_commands:/home/bot/ros2_ws/install/mqtt_imu/lib/python3.12/site-packages:${PYTHONPATH} /usr/bin/python3 -W ignore:setup.py install is deprecated -W ignore:easy_install command is deprecated setup.py egg_info --egg-base ../../build/mqtt_imu build --build-base /home/bot/ros2_ws/build/mqtt_imu/build install --record /home/bot/ros2_ws/build/mqtt_imu/install.log --single-version-externally-managed
[7.180s] running egg_info
[7.284s] writing ../../build/mqtt_imu/mqtt_imu.egg-info/PKG-INFO
[7.286s] writing dependency_links to ../../build/mqtt_imu/mqtt_imu.egg-info/dependency_links.txt
[7.288s] writing entry points to ../../build/mqtt_imu/mqtt_imu.egg-info/entry_points.txt
[7.288s] writing requirements to ../../build/mqtt_imu/mqtt_imu.egg-info/requires.txt
[7.289s] writing top-level names to ../../build/mqtt_imu/mqtt_imu.egg-info/top_level.txt
[7.520s] reading manifest file '../../build/mqtt_imu/mqtt_imu.egg-info/SOURCES.txt'
[7.525s] writing manifest file '../../build/mqtt_imu/mqtt_imu.egg-info/SOURCES.txt'
[7.526s] running build
[7.526s] running build_py
[7.527s] copying mqtt_imu/mqtt_imu_node.py -> /home/bot/ros2_ws/build/mqtt_imu/build/lib/mqtt_imu
[7.529s] running install
[7.555s] running install_lib
[7.664s] copying /home/bot/ros2_ws/build/mqtt_imu/build/lib/mqtt_imu/mqtt_imu_node.py -> /home/bot/ros2_ws/install/mqtt_imu/lib/python3.12/site-packages/mqtt_imu
[7.667s] byte-compiling /home/bot/ros2_ws/install/mqtt_imu/lib/python3.12/site-packages/mqtt_imu/mqtt_imu_node.py to mqtt_imu_node.cpython-312.pyc
[7.673s] running install_egg_info
[7.784s] removing '/home/bot/ros2_ws/install/mqtt_imu/lib/python3.12/site-packages/mqtt_imu-0.0.1-py3.12.egg-info' (and everything under it)
[7.785s] Copying ../../build/mqtt_imu/mqtt_imu.egg-info to /home/bot/ros2_ws/install/mqtt_imu/lib/python3.12/site-packages/mqtt_imu-0.0.1-py3.12.egg-info
[7.793s] running install_scripts
[8.580s] Installing mqtt_imu_node script to /home/bot/ros2_ws/install/mqtt_imu/lib/mqtt_imu
[8.581s] writing list of installed files to '/home/bot/ros2_ws/build/mqtt_imu/install.log'
[8.728s] Invoked command in '/home/bot/ros2_ws/src/mqtt_imu' returned '0': DEBUGINFOD_URLS=https://debuginfod.ubuntu.com PYTHONPATH=/home/bot/ros2_ws/build/mqtt_imu/prefix_override:/usr/lib/python3/dist-packages/colcon_core/task/python/colcon_distutils_commands:/home/bot/ros2_ws/install/mqtt_imu/lib/python3.12/site-packages:${PYTHONPATH} /usr/bin/python3 -W ignore:setup.py install is deprecated -W ignore:easy_install command is deprecated setup.py egg_info --egg-base ../../build/mqtt_imu build --build-base /home/bot/ros2_ws/build/mqtt_imu/build install --record /home/bot/ros2_ws/build/mqtt_imu/install.log --single-version-externally-managed
