In file included from [01m[K/opt/ros/jazzy/include/rclcpp/rclcpp/logging.hpp:24[m[K,
                 from [01m[K/opt/ros/jazzy/include/rclcpp/rclcpp/copy_all_parameter_values.hpp:27[m[K,
                 from [01m[K/opt/ros/jazzy/include/rclcpp/rclcpp/rclcpp.hpp:171[m[K,
                 from [01m[K/home/bot/ros2_ws/src/esp32_controller/src/esp32_controller.cpp:6[m[K:
[01m[K/home/bot/ros2_ws/src/esp32_controller/src/esp32_controller.cpp:[m[K In member function ‘[01m[Kvoid Esp32Controller::[01;32m[KimuCallback[m[K(sensor_msgs::msg::Imu_<std::allocator<void> >::SharedPtr)[m[K’:
[01m[K/home/bot/ros2_ws/src/esp32_controller/src/esp32_controller.cpp:396:17:[m[K [01;35m[Kwarning: [m[Kformat ‘[01m[K%zu[m[K’ expects argument of type ‘[01m[Ksize_t[m[K’, but argument 5 has type ‘[01m[Kunsigned int[m[K’ [[01;35m[K]8;;https://gcc.gnu.org/onlinedocs/gcc/Warning-Options.html#index-Wformat=-Wformat=]8;;[m[K]
  396 |                 [01;35m[K"Invalid joint count. Expected %zu joints for 'arm' group, got %zu total joints"[m[K,
      |                 [01;35m[K^~~~~~~~~~~~~~~~~~~~~~~~~~~~~~~~~~~~~~~~~~~~~~~~~~~~~~~~~~~~~~~~~~~~~~~~~~~~~~~~[m[K
  397 |                 [32m[Kjmg->getVariableCount()[m[K, joints.size()
      |                 [32m[K~~~~~~~~~~~~~~~~~~~~~~~[m[K
      |                                      [32m[K|[m[K
      |                                      [32m[Kunsigned int[m[K
[01m[K/home/bot/ros2_ws/src/esp32_controller/src/esp32_controller.cpp:396:50:[m[K [01;36m[Knote: [m[Kformat string is defined here
  396 |                 "Invalid joint count. Expected [01;36m[K%zu[m[K joints for 'arm' group, got %zu total joints",
      |                                                [01;36m[K~~^[m[K
      |                                                  [01;36m[K|[m[K
      |                                                  [01;36m[Klong unsigned int[m[K
      |                                                [32m[K%u[m[K
[01m[K/home/bot/ros2_ws/src/esp32_controller/src/esp32_controller.cpp:422:9:[m[K [01;31m[Kerror: [m[K‘[01m[Ktarget_x[m[K’ was not declared in this scope
  422 |         [01;31m[Ktarget_x[m[K = ee_position.x() + ax;
      |         [01;31m[K^~~~~~~~[m[K
[01m[K/home/bot/ros2_ws/src/esp32_controller/src/esp32_controller.cpp:423:9:[m[K [01;31m[Kerror: [m[K‘[01m[Ktarget_y[m[K’ was not declared in this scope
  423 |         [01;31m[Ktarget_y[m[K = ee_position.y() + ay;
      |         [01;31m[K^~~~~~~~[m[K
[01m[K/home/bot/ros2_ws/src/esp32_controller/src/esp32_controller.cpp:424:9:[m[K [01;31m[Kerror: [m[K‘[01m[Ktarget_z[m[K’ was not declared in this scope
  424 |         [01;31m[Ktarget_z[m[K = ee_position.z() + az;
      |         [01;31m[K^~~~~~~~[m[K
[01m[K/home/bot/ros2_ws/src/esp32_controller/src/esp32_controller.cpp:426:25:[m[K [01;35m[Kwarning: [m[Kunused variable ‘[01m[Ktarget_position[m[K’ [[01;35m[K]8;;https://gcc.gnu.org/onlinedocs/gcc/Warning-Options.html#index-Wunused-variable-Wunused-variable]8;;[m[K]
  426 |         Eigen::Vector3d [01;35m[Ktarget_position[m[K(target_x, target_y, target_z);
      |                         [01;35m[K^~~~~~~~~~~~~~~[m[K
gmake[2]: *** [CMakeFiles/esp32_controller.dir/build.make:76: CMakeFiles/esp32_controller.dir/src/esp32_controller.cpp.o] Error 1
gmake[1]: *** [CMakeFiles/Makefile2:137: CMakeFiles/esp32_controller.dir/all] Error 2
gmake: *** [Makefile:146: all] Error 2
