[1.917s] Invoking command in '/home/andre/ros2_ws/src/hardware/pose_printer': CONDA_PROMPT_MODIFIER=(base) DEBUGINFOD_URLS=https://debuginfod.ubuntu.com PYTHONPATH=/home/andre/ros2_ws/build/pose_printer/prefix_override:/usr/lib/python3/dist-packages/colcon_core/task/python/colcon_distutils_commands:/home/andre/ros2_ws/install/pose_printer/lib/python3.12/site-packages:${PYTHONPATH} /usr/bin/python3 -W ignore:setup.py install is deprecated -W ignore:easy_install command is deprecated setup.py egg_info --egg-base ../../../build/pose_printer build --build-base /home/andre/ros2_ws/build/pose_printer/build install --record /home/andre/ros2_ws/build/pose_printer/install.log --single-version-externally-managed install_data
[2.632s] running egg_info
[2.633s] writing ../../../build/pose_printer/pose_printer.egg-info/PKG-INFO
[2.634s] writing dependency_links to ../../../build/pose_printer/pose_printer.egg-info/dependency_links.txt
[2.635s] writing entry points to ../../../build/pose_printer/pose_printer.egg-info/entry_points.txt
[2.635s] writing requirements to ../../../build/pose_printer/pose_printer.egg-info/requires.txt
[2.636s] writing top-level names to ../../../build/pose_printer/pose_printer.egg-info/top_level.txt
[2.770s] reading manifest file '../../../build/pose_printer/pose_printer.egg-info/SOURCES.txt'
[2.772s] writing manifest file '../../../build/pose_printer/pose_printer.egg-info/SOURCES.txt'
[2.773s] running build
[2.774s] running build_py
[2.774s] running install
[2.809s] running install_lib
[2.844s] running install_data
[2.844s] running install_egg_info
[2.920s] removing '/home/andre/ros2_ws/install/pose_printer/lib/python3.12/site-packages/pose_printer-0.0.0-py3.12.egg-info' (and everything under it)
[2.920s] Copying ../../../build/pose_printer/pose_printer.egg-info to /home/andre/ros2_ws/install/pose_printer/lib/python3.12/site-packages/pose_printer-0.0.0-py3.12.egg-info
[2.920s] running install_scripts
[3.321s] Installing pose_printer script to /home/andre/ros2_ws/install/pose_printer/lib/pose_printer
[3.321s] writing list of installed files to '/home/andre/ros2_ws/build/pose_printer/install.log'
[3.335s] Invoked command in '/home/andre/ros2_ws/src/hardware/pose_printer' returned '0': CONDA_PROMPT_MODIFIER=(base) DEBUGINFOD_URLS=https://debuginfod.ubuntu.com PYTHONPATH=/home/andre/ros2_ws/build/pose_printer/prefix_override:/usr/lib/python3/dist-packages/colcon_core/task/python/colcon_distutils_commands:/home/andre/ros2_ws/install/pose_printer/lib/python3.12/site-packages:${PYTHONPATH} /usr/bin/python3 -W ignore:setup.py install is deprecated -W ignore:easy_install command is deprecated setup.py egg_info --egg-base ../../../build/pose_printer build --build-base /home/andre/ros2_ws/build/pose_printer/build install --record /home/andre/ros2_ws/build/pose_printer/install.log --single-version-externally-managed install_data
