[8.205s] Invoking command in '/home/bot/ros2_ws/src/yolov5_detection': DEBUGINFOD_URLS=https://debuginfod.ubuntu.com PYTHONPATH=/home/bot/ros2_ws/build/yolov5_detection/prefix_override:/usr/lib/python3/dist-packages/colcon_core/task/python/colcon_distutils_commands:/home/bot/ros2_ws/install/yolov5_detection/lib/python3.12/site-packages:${PYTHONPATH} /usr/bin/python3 -W ignore:setup.py install is deprecated -W ignore:easy_install command is deprecated setup.py egg_info --egg-base ../../build/yolov5_detection build --build-base /home/bot/ros2_ws/build/yolov5_detection/build install --record /home/bot/ros2_ws/build/yolov5_detection/install.log --single-version-externally-managed install_data
[9.631s] running egg_info
[9.633s] creating ../../build/yolov5_detection/yolov5_detection.egg-info
[9.738s] writing ../../build/yolov5_detection/yolov5_detection.egg-info/PKG-INFO
[9.739s] writing dependency_links to ../../build/yolov5_detection/yolov5_detection.egg-info/dependency_links.txt
[9.740s] writing entry points to ../../build/yolov5_detection/yolov5_detection.egg-info/entry_points.txt
[9.741s] writing requirements to ../../build/yolov5_detection/yolov5_detection.egg-info/requires.txt
[9.741s] writing top-level names to ../../build/yolov5_detection/yolov5_detection.egg-info/top_level.txt
[9.742s] writing manifest file '../../build/yolov5_detection/yolov5_detection.egg-info/SOURCES.txt'
[9.979s] reading manifest file '../../build/yolov5_detection/yolov5_detection.egg-info/SOURCES.txt'
[9.984s] writing manifest file '../../build/yolov5_detection/yolov5_detection.egg-info/SOURCES.txt'
[9.987s] running build
[9.989s] running build_py
[9.990s] creating /home/bot/ros2_ws/build/yolov5_detection/build
[9.992s] creating /home/bot/ros2_ws/build/yolov5_detection/build/lib
[9.993s] creating /home/bot/ros2_ws/build/yolov5_detection/build/lib/yolov5_detection
[9.994s] copying yolov5_detection/yolo_detector.py -> /home/bot/ros2_ws/build/yolov5_detection/build/lib/yolov5_detection
[9.995s] copying yolov5_detection/__init__.py -> /home/bot/ros2_ws/build/yolov5_detection/build/lib/yolov5_detection
[9.997s] running install
[10.024s] running install_lib
[10.130s] creating /home/bot/ros2_ws/install/yolov5_detection/lib/python3.12/site-packages/yolov5_detection
[10.131s] copying /home/bot/ros2_ws/build/yolov5_detection/build/lib/yolov5_detection/yolo_detector.py -> /home/bot/ros2_ws/install/yolov5_detection/lib/python3.12/site-packages/yolov5_detection
[10.132s] copying /home/bot/ros2_ws/build/yolov5_detection/build/lib/yolov5_detection/__init__.py -> /home/bot/ros2_ws/install/yolov5_detection/lib/python3.12/site-packages/yolov5_detection
[10.134s] byte-compiling /home/bot/ros2_ws/install/yolov5_detection/lib/python3.12/site-packages/yolov5_detection/yolo_detector.py to yolo_detector.cpython-312.pyc
[10.141s] byte-compiling /home/bot/ros2_ws/install/yolov5_detection/lib/python3.12/site-packages/yolov5_detection/__init__.py to __init__.cpython-312.pyc
[10.142s] running install_data
[10.143s] creating /home/bot/ros2_ws/install/yolov5_detection/share/ament_index
[10.143s] creating /home/bot/ros2_ws/install/yolov5_detection/share/ament_index/resource_index
[10.144s] creating /home/bot/ros2_ws/install/yolov5_detection/share/ament_index/resource_index/packages
[10.144s] copying resource/yolov5_detection -> /home/bot/ros2_ws/install/yolov5_detection/share/ament_index/resource_index/packages
[10.145s] copying package.xml -> /home/bot/ros2_ws/install/yolov5_detection/share/yolov5_detection
[10.145s] running install_egg_info
[10.258s] Copying ../../build/yolov5_detection/yolov5_detection.egg-info to /home/bot/ros2_ws/install/yolov5_detection/lib/python3.12/site-packages/yolov5_detection-0.0.1-py3.12.egg-info
[10.264s] running install_scripts
[11.069s] Installing yolo_detector script to /home/bot/ros2_ws/install/yolov5_detection/lib/yolov5_detection
[11.070s] writing list of installed files to '/home/bot/ros2_ws/build/yolov5_detection/install.log'
[11.246s] Invoked command in '/home/bot/ros2_ws/src/yolov5_detection' returned '0': DEBUGINFOD_URLS=https://debuginfod.ubuntu.com PYTHONPATH=/home/bot/ros2_ws/build/yolov5_detection/prefix_override:/usr/lib/python3/dist-packages/colcon_core/task/python/colcon_distutils_commands:/home/bot/ros2_ws/install/yolov5_detection/lib/python3.12/site-packages:${PYTHONPATH} /usr/bin/python3 -W ignore:setup.py install is deprecated -W ignore:easy_install command is deprecated setup.py egg_info --egg-base ../../build/yolov5_detection build --build-base /home/bot/ros2_ws/build/yolov5_detection/build install --record /home/bot/ros2_ws/build/yolov5_detection/install.log --single-version-externally-managed install_data
