[0.034s] Invoking command in '/home/andre/ros2_ws/src/build/moveit_ros_move_group': AMENT_PREFIX_PATH=/home/andre/ros2_ws/src/install/moveit_kinematics:/home/andre/ros2_ws/src/install/moveit_ros_planning:/home/andre/ros2_ws/src/install/moveit_ros_occupancy_map_monitor:/home/andre/ros2_ws/src/install/moveit_core:/home/andre/ros2_ws/src/install/moveit_resources_panda_moveit_config:/home/andre/ros2_ws/src/install/moveit_resources_fanuc_moveit_config:/home/andre/ros2_ws/src/install/moveit_resources_pr2_description:/home/andre/ros2_ws/src/install/moveit_resources_panda_description:/home/andre/ros2_ws/src/install/moveit_resources_fanuc_description:/home/andre/ros2_ws/src/install/moveit_msgs:/home/andre/ros2_ws/src/install/moveit_configs_utils:/home/andre/ros2_ws/src/install/moveit_common:${AMENT_PREFIX_PATH} CMAKE_PREFIX_PATH=/home/andre/ros2_ws/src/install/moveit_kinematics:/home/andre/ros2_ws/src/install/moveit_ros_planning:/home/andre/ros2_ws/src/install/moveit_ros_occupancy_map_monitor:/home/andre/ros2_ws/src/install/moveit_core:/home/andre/ros2_ws/src/install/moveit_resources_panda_moveit_config:/home/andre/ros2_ws/src/install/moveit_resources_fanuc_moveit_config:/home/andre/ros2_ws/src/install/moveit_resources_pr2_description:/home/andre/ros2_ws/src/install/moveit_resources_panda_description:/home/andre/ros2_ws/src/install/moveit_resources_fanuc_description:/home/andre/ros2_ws/src/install/moveit_msgs:/home/andre/ros2_ws/src/install/moveit_common:/home/andre/ros2_ws/install:/opt/ros/jazzy/opt/gz_sim_vendor:/opt/ros/jazzy/opt/gz_sensors_vendor:/opt/ros/jazzy/opt/gz_physics_vendor:/opt/ros/jazzy/opt/sdformat_vendor:/opt/ros/jazzy/opt/gz_gui_vendor:/opt/ros/jazzy/opt/gz_transport_vendor:/opt/ros/jazzy/opt/gz_rendering_vendor:/opt/ros/jazzy/opt/gz_plugin_vendor:/opt/ros/jazzy/opt/gz_fuel_tools_vendor:/opt/ros/jazzy/opt/gz_msgs_vendor:/opt/ros/jazzy/opt/gz_common_vendor:/opt/ros/jazzy/opt/gz_math_vendor:/opt/ros/jazzy/opt/gz_utils_vendor:/opt/ros/jazzy/opt/gz_tools_vendor:/opt/ros/jazzy/opt/gz_ogre_next_vendor:/opt/ros/jazzy/opt/gz_dartsim_vendor:/opt/ros/jazzy/opt/gz_cmake_vendor:/opt/ros/jazzy DEBUGINFOD_URLS=https://debuginfod.ubuntu.com LD_LIBRARY_PATH=/home/andre/ros2_ws/src/install/moveit_kinematics/lib:/home/andre/ros2_ws/src/install/moveit_ros_planning/lib:/home/andre/ros2_ws/src/install/moveit_ros_occupancy_map_monitor/lib:/home/andre/ros2_ws/src/install/moveit_core/lib:/home/andre/ros2_ws/src/install/moveit_msgs/lib:${LD_LIBRARY_PATH} PATH=/home/andre/ros2_ws/src/install/moveit_core/bin:${PATH} PYTHONPATH=/home/andre/ros2_ws/src/install/moveit_msgs/lib/python3.12/site-packages:/home/andre/ros2_ws/src/install/moveit_configs_utils/lib/python3.12/site-packages:${PYTHONPATH} /usr/bin/cmake /home/andre/ros2_ws/src/moveit2/moveit_ros/move_group -DCMAKE_BUILD_TYPE=Release -DCMAKE_INSTALL_PREFIX=/home/andre/ros2_ws/src/install/moveit_ros_move_group
[0.131s] -- The CXX compiler identification is GNU 13.3.0
[0.157s] -- Detecting CXX compiler ABI info
[0.302s] -- Detecting CXX compiler ABI info - done
[0.318s] -- Check for working CXX compiler: /usr/bin/c++ - skipped
[0.318s] -- Detecting CXX compile features
[0.319s] -- Detecting CXX compile features - done
[0.322s] -- Found moveit_common: 2.14.1 (/home/andre/ros2_ws/src/install/moveit_common/share/moveit_common/cmake)
[0.329s] -- Found ament_cmake: 2.5.4 (/opt/ros/jazzy/share/ament_cmake/cmake)
[0.583s] -- Found Python3: /usr/bin/python3 (found version "3.12.3") found components: Interpreter 
[1.191s] -- Found Boost: /usr/lib/x86_64-linux-gnu/cmake/Boost-1.83.0/BoostConfig.cmake (found version "1.83.0") found components: system filesystem date_time program_options thread 
[1.202s] -- Found moveit_core: 2.14.1 (/home/andre/ros2_ws/src/install/moveit_core/share/moveit_core/cmake)
[1.237s] -- Found Boost: /usr/lib/x86_64-linux-gnu/cmake/Boost-1.83.0/BoostConfig.cmake (found version "1.83.0") found components: chrono date_time filesystem iostreams program_options regex serialization system thread 
[1.391s] -- Found parameter_traits: 0.5.0 (/opt/ros/jazzy/share/parameter_traits/cmake)
[1.478s] -- Found rosidl_generator_c: 4.6.6 (/opt/ros/jazzy/share/rosidl_generator_c/cmake)
[1.509s] -- Found rosidl_generator_cpp: 4.6.6 (/opt/ros/jazzy/share/rosidl_generator_cpp/cmake)
[1.547s] -- Using all available rosidl_typesupport_c: rosidl_typesupport_fastrtps_c;rosidl_typesupport_introspection_c
[1.585s] -- Using all available rosidl_typesupport_cpp: rosidl_typesupport_fastrtps_cpp;rosidl_typesupport_introspection_cpp
[1.747s] -- Found rmw_implementation_cmake: 7.3.2 (/opt/ros/jazzy/share/rmw_implementation_cmake/cmake)
[1.755s] -- Found rmw_fastrtps_cpp: 8.4.3 (/opt/ros/jazzy/share/rmw_fastrtps_cpp/cmake)
[1.914s] -- Found OpenSSL: /usr/lib/x86_64-linux-gnu/libcrypto.so (found version "3.0.13")  
[1.945s] -- Found FastRTPS: /opt/ros/jazzy/include (Required is at least version "2.13") 
[1.986s] -- Using RMW implementation 'rmw_fastrtps_cpp' as default
[2.168s] -- Found rclcpp_lifecycle: 28.1.13 (/opt/ros/jazzy/share/rclcpp_lifecycle/cmake)
[2.242s] -- Found Boost: /usr/lib/x86_64-linux-gnu/cmake/Boost-1.83.0/BoostConfig.cmake (found version "1.83.0") found components: filesystem 
[2.532s] -- Found Eigen3: TRUE (found version "3.4.0") 
[2.533s] -- Ensuring Eigen3 include directory is part of orocos-kdl CMake target
[3.259s] -- Found moveit_ros_occupancy_map_monitor: 2.14.1 (/home/andre/ros2_ws/src/install/moveit_ros_occupancy_map_monitor/share/moveit_ros_occupancy_map_monitor/cmake)
[3.283s] -- Found moveit_ros_planning: 2.14.1 (/home/andre/ros2_ws/src/install/moveit_ros_planning/share/moveit_ros_planning/cmake)
[3.291s] -- Found Boost: /usr/lib/x86_64-linux-gnu/cmake/Boost-1.83.0/BoostConfig.cmake (found version "1.83.0") found components: system filesystem date_time program_options thread chrono 
[3.353s] -- Found std_srvs: 5.3.6 (/opt/ros/jazzy/share/std_srvs/cmake)
[3.440s] -- Configuring done (3.4s)
[3.568s] -- Generating done (0.1s)
[3.595s] -- Build files have been written to: /home/andre/ros2_ws/src/build/moveit_ros_move_group
[3.620s] Invoked command in '/home/andre/ros2_ws/src/build/moveit_ros_move_group' returned '0': AMENT_PREFIX_PATH=/home/andre/ros2_ws/src/install/moveit_kinematics:/home/andre/ros2_ws/src/install/moveit_ros_planning:/home/andre/ros2_ws/src/install/moveit_ros_occupancy_map_monitor:/home/andre/ros2_ws/src/install/moveit_core:/home/andre/ros2_ws/src/install/moveit_resources_panda_moveit_config:/home/andre/ros2_ws/src/install/moveit_resources_fanuc_moveit_config:/home/andre/ros2_ws/src/install/moveit_resources_pr2_description:/home/andre/ros2_ws/src/install/moveit_resources_panda_description:/home/andre/ros2_ws/src/install/moveit_resources_fanuc_description:/home/andre/ros2_ws/src/install/moveit_msgs:/home/andre/ros2_ws/src/install/moveit_configs_utils:/home/andre/ros2_ws/src/install/moveit_common:${AMENT_PREFIX_PATH} CMAKE_PREFIX_PATH=/home/andre/ros2_ws/src/install/moveit_kinematics:/home/andre/ros2_ws/src/install/moveit_ros_planning:/home/andre/ros2_ws/src/install/moveit_ros_occupancy_map_monitor:/home/andre/ros2_ws/src/install/moveit_core:/home/andre/ros2_ws/src/install/moveit_resources_panda_moveit_config:/home/andre/ros2_ws/src/install/moveit_resources_fanuc_moveit_config:/home/andre/ros2_ws/src/install/moveit_resources_pr2_description:/home/andre/ros2_ws/src/install/moveit_resources_panda_description:/home/andre/ros2_ws/src/install/moveit_resources_fanuc_description:/home/andre/ros2_ws/src/install/moveit_msgs:/home/andre/ros2_ws/src/install/moveit_common:/home/andre/ros2_ws/install:/opt/ros/jazzy/opt/gz_sim_vendor:/opt/ros/jazzy/opt/gz_sensors_vendor:/opt/ros/jazzy/opt/gz_physics_vendor:/opt/ros/jazzy/opt/sdformat_vendor:/opt/ros/jazzy/opt/gz_gui_vendor:/opt/ros/jazzy/opt/gz_transport_vendor:/opt/ros/jazzy/opt/gz_rendering_vendor:/opt/ros/jazzy/opt/gz_plugin_vendor:/opt/ros/jazzy/opt/gz_fuel_tools_vendor:/opt/ros/jazzy/opt/gz_msgs_vendor:/opt/ros/jazzy/opt/gz_common_vendor:/opt/ros/jazzy/opt/gz_math_vendor:/opt/ros/jazzy/opt/gz_utils_vendor:/opt/ros/jazzy/opt/gz_tools_vendor:/opt/ros/jazzy/opt/gz_ogre_next_vendor:/opt/ros/jazzy/opt/gz_dartsim_vendor:/opt/ros/jazzy/opt/gz_cmake_vendor:/opt/ros/jazzy DEBUGINFOD_URLS=https://debuginfod.ubuntu.com LD_LIBRARY_PATH=/home/andre/ros2_ws/src/install/moveit_kinematics/lib:/home/andre/ros2_ws/src/install/moveit_ros_planning/lib:/home/andre/ros2_ws/src/install/moveit_ros_occupancy_map_monitor/lib:/home/andre/ros2_ws/src/install/moveit_core/lib:/home/andre/ros2_ws/src/install/moveit_msgs/lib:${LD_LIBRARY_PATH} PATH=/home/andre/ros2_ws/src/install/moveit_core/bin:${PATH} PYTHONPATH=/home/andre/ros2_ws/src/install/moveit_msgs/lib/python3.12/site-packages:/home/andre/ros2_ws/src/install/moveit_configs_utils/lib/python3.12/site-packages:${PYTHONPATH} /usr/bin/cmake /home/andre/ros2_ws/src/moveit2/moveit_ros/move_group -DCMAKE_BUILD_TYPE=Release -DCMAKE_INSTALL_PREFIX=/home/andre/ros2_ws/src/install/moveit_ros_move_group
[3.622s] Invoking command in '/home/andre/ros2_ws/src/build/moveit_ros_move_group': AMENT_PREFIX_PATH=/home/andre/ros2_ws/src/install/moveit_kinematics:/home/andre/ros2_ws/src/install/moveit_ros_planning:/home/andre/ros2_ws/src/install/moveit_ros_occupancy_map_monitor:/home/andre/ros2_ws/src/install/moveit_core:/home/andre/ros2_ws/src/install/moveit_resources_panda_moveit_config:/home/andre/ros2_ws/src/install/moveit_resources_fanuc_moveit_config:/home/andre/ros2_ws/src/install/moveit_resources_pr2_description:/home/andre/ros2_ws/src/install/moveit_resources_panda_description:/home/andre/ros2_ws/src/install/moveit_resources_fanuc_description:/home/andre/ros2_ws/src/install/moveit_msgs:/home/andre/ros2_ws/src/install/moveit_configs_utils:/home/andre/ros2_ws/src/install/moveit_common:${AMENT_PREFIX_PATH} CMAKE_PREFIX_PATH=/home/andre/ros2_ws/src/install/moveit_kinematics:/home/andre/ros2_ws/src/install/moveit_ros_planning:/home/andre/ros2_ws/src/install/moveit_ros_occupancy_map_monitor:/home/andre/ros2_ws/src/install/moveit_core:/home/andre/ros2_ws/src/install/moveit_resources_panda_moveit_config:/home/andre/ros2_ws/src/install/moveit_resources_fanuc_moveit_config:/home/andre/ros2_ws/src/install/moveit_resources_pr2_description:/home/andre/ros2_ws/src/install/moveit_resources_panda_description:/home/andre/ros2_ws/src/install/moveit_resources_fanuc_description:/home/andre/ros2_ws/src/install/moveit_msgs:/home/andre/ros2_ws/src/install/moveit_common:/home/andre/ros2_ws/install:/opt/ros/jazzy/opt/gz_sim_vendor:/opt/ros/jazzy/opt/gz_sensors_vendor:/opt/ros/jazzy/opt/gz_physics_vendor:/opt/ros/jazzy/opt/sdformat_vendor:/opt/ros/jazzy/opt/gz_gui_vendor:/opt/ros/jazzy/opt/gz_transport_vendor:/opt/ros/jazzy/opt/gz_rendering_vendor:/opt/ros/jazzy/opt/gz_plugin_vendor:/opt/ros/jazzy/opt/gz_fuel_tools_vendor:/opt/ros/jazzy/opt/gz_msgs_vendor:/opt/ros/jazzy/opt/gz_common_vendor:/opt/ros/jazzy/opt/gz_math_vendor:/opt/ros/jazzy/opt/gz_utils_vendor:/opt/ros/jazzy/opt/gz_tools_vendor:/opt/ros/jazzy/opt/gz_ogre_next_vendor:/opt/ros/jazzy/opt/gz_dartsim_vendor:/opt/ros/jazzy/opt/gz_cmake_vendor:/opt/ros/jazzy DEBUGINFOD_URLS=https://debuginfod.ubuntu.com LD_LIBRARY_PATH=/home/andre/ros2_ws/src/install/moveit_kinematics/lib:/home/andre/ros2_ws/src/install/moveit_ros_planning/lib:/home/andre/ros2_ws/src/install/moveit_ros_occupancy_map_monitor/lib:/home/andre/ros2_ws/src/install/moveit_core/lib:/home/andre/ros2_ws/src/install/moveit_msgs/lib:${LD_LIBRARY_PATH} PATH=/home/andre/ros2_ws/src/install/moveit_core/bin:${PATH} PYTHONPATH=/home/andre/ros2_ws/src/install/moveit_msgs/lib/python3.12/site-packages:/home/andre/ros2_ws/src/install/moveit_configs_utils/lib/python3.12/site-packages:${PYTHONPATH} /usr/bin/cmake --build /home/andre/ros2_ws/src/build/moveit_ros_move_group -- -j4 -l4
[3.709s] [  4%] [32mBuilding CXX object CMakeFiles/moveit_move_group_capabilities_base.dir/src/move_group_context.cpp.o[0m
[19.566s] [  8%] [32mBuilding CXX object CMakeFiles/moveit_move_group_capabilities_base.dir/src/move_group_capability.cpp.o[0m
[38.275s] [ 13%] [32m[1mLinking CXX shared library libmoveit_move_group_capabilities_base.so[0m
[38.603s] [ 13%] Built target moveit_move_group_capabilities_base
[38.640s] [ 17%] [32mBuilding CXX object CMakeFiles/moveit_move_group_default_capabilities.dir/src/default_capabilities/apply_planning_scene_service_capability.cpp.o[0m
[56.172s] [ 21%] [32mBuilding CXX object CMakeFiles/moveit_move_group_default_capabilities.dir/src/default_capabilities/cartesian_path_service_capability.cpp.o[0m
[79.608s] [ 26%] [32mBuilding CXX object CMakeFiles/moveit_move_group_default_capabilities.dir/src/default_capabilities/clear_octomap_service_capability.cpp.o[0m
[96.295s] [ 30%] [32mBuilding CXX object CMakeFiles/moveit_move_group_default_capabilities.dir/src/default_capabilities/execute_trajectory_action_capability.cpp.o[0m
[107.337s] [ 34%] [32mBuilding CXX object CMakeFiles/moveit_move_group_default_capabilities.dir/src/default_capabilities/get_group_urdf_capability.cpp.o[0m
[135.878s] [ 39%] [32mBuilding CXX object CMakeFiles/moveit_move_group_default_capabilities.dir/src/default_capabilities/get_planning_scene_service_capability.cpp.o[0m
[147.859s] [ 43%] [32mBuilding CXX object CMakeFiles/moveit_move_group_default_capabilities.dir/src/default_capabilities/kinematics_service_capability.cpp.o[0m
[156.879s] [ 47%] [32mBuilding CXX object CMakeFiles/moveit_move_group_default_capabilities.dir/src/default_capabilities/load_geometry_from_file_service_capability.cpp.o[0m
[163.197s] [ 52%] [32mBuilding CXX object CMakeFiles/moveit_move_group_default_capabilities.dir/src/default_capabilities/move_action_capability.cpp.o[0m
[171.530s] [ 56%] [32mBuilding CXX object CMakeFiles/moveit_move_group_default_capabilities.dir/src/default_capabilities/plan_service_capability.cpp.o[0m
[181.716s] [ 60%] [32mBuilding CXX object CMakeFiles/moveit_move_group_default_capabilities.dir/src/default_capabilities/query_planners_service_capability.cpp.o[0m
[186.288s] [ 65%] [32mBuilding CXX object CMakeFiles/moveit_move_group_default_capabilities.dir/src/default_capabilities/save_geometry_to_file_service_capability.cpp.o[0m
[196.466s] [ 69%] [32mBuilding CXX object CMakeFiles/moveit_move_group_default_capabilities.dir/src/default_capabilities/state_validation_service_capability.cpp.o[0m
[198.744s] [ 73%] [32mBuilding CXX object CMakeFiles/moveit_move_group_default_capabilities.dir/src/default_capabilities/multi_state_validation_service_capability.cpp.o[0m
[209.571s] [ 78%] [32mBuilding CXX object CMakeFiles/moveit_move_group_default_capabilities.dir/src/default_capabilities/tf_publisher_capability.cpp.o[0m
[222.171s] [ 82%] [32m[1mLinking CXX shared library libmoveit_move_group_default_capabilities.so[0m
[222.662s] [ 82%] Built target moveit_move_group_default_capabilities
[222.688s] [ 91%] [32mBuilding CXX object CMakeFiles/list_move_group_capabilities.dir/src/list_capabilities.cpp.o[0m
[222.688s] [ 91%] [32mBuilding CXX object CMakeFiles/move_group.dir/src/move_group.cpp.o[0m
[238.471s] [ 95%] [32m[1mLinking CXX executable list_move_group_capabilities[0m
[238.807s] [ 95%] Built target list_move_group_capabilities
[239.499s] [100%] [32m[1mLinking CXX executable move_group[0m
[239.887s] [100%] Built target move_group
[239.898s] Invoked command in '/home/andre/ros2_ws/src/build/moveit_ros_move_group' returned '0': AMENT_PREFIX_PATH=/home/andre/ros2_ws/src/install/moveit_kinematics:/home/andre/ros2_ws/src/install/moveit_ros_planning:/home/andre/ros2_ws/src/install/moveit_ros_occupancy_map_monitor:/home/andre/ros2_ws/src/install/moveit_core:/home/andre/ros2_ws/src/install/moveit_resources_panda_moveit_config:/home/andre/ros2_ws/src/install/moveit_resources_fanuc_moveit_config:/home/andre/ros2_ws/src/install/moveit_resources_pr2_description:/home/andre/ros2_ws/src/install/moveit_resources_panda_description:/home/andre/ros2_ws/src/install/moveit_resources_fanuc_description:/home/andre/ros2_ws/src/install/moveit_msgs:/home/andre/ros2_ws/src/install/moveit_configs_utils:/home/andre/ros2_ws/src/install/moveit_common:${AMENT_PREFIX_PATH} CMAKE_PREFIX_PATH=/home/andre/ros2_ws/src/install/moveit_kinematics:/home/andre/ros2_ws/src/install/moveit_ros_planning:/home/andre/ros2_ws/src/install/moveit_ros_occupancy_map_monitor:/home/andre/ros2_ws/src/install/moveit_core:/home/andre/ros2_ws/src/install/moveit_resources_panda_moveit_config:/home/andre/ros2_ws/src/install/moveit_resources_fanuc_moveit_config:/home/andre/ros2_ws/src/install/moveit_resources_pr2_description:/home/andre/ros2_ws/src/install/moveit_resources_panda_description:/home/andre/ros2_ws/src/install/moveit_resources_fanuc_description:/home/andre/ros2_ws/src/install/moveit_msgs:/home/andre/ros2_ws/src/install/moveit_common:/home/andre/ros2_ws/install:/opt/ros/jazzy/opt/gz_sim_vendor:/opt/ros/jazzy/opt/gz_sensors_vendor:/opt/ros/jazzy/opt/gz_physics_vendor:/opt/ros/jazzy/opt/sdformat_vendor:/opt/ros/jazzy/opt/gz_gui_vendor:/opt/ros/jazzy/opt/gz_transport_vendor:/opt/ros/jazzy/opt/gz_rendering_vendor:/opt/ros/jazzy/opt/gz_plugin_vendor:/opt/ros/jazzy/opt/gz_fuel_tools_vendor:/opt/ros/jazzy/opt/gz_msgs_vendor:/opt/ros/jazzy/opt/gz_common_vendor:/opt/ros/jazzy/opt/gz_math_vendor:/opt/ros/jazzy/opt/gz_utils_vendor:/opt/ros/jazzy/opt/gz_tools_vendor:/opt/ros/jazzy/opt/gz_ogre_next_vendor:/opt/ros/jazzy/opt/gz_dartsim_vendor:/opt/ros/jazzy/opt/gz_cmake_vendor:/opt/ros/jazzy DEBUGINFOD_URLS=https://debuginfod.ubuntu.com LD_LIBRARY_PATH=/home/andre/ros2_ws/src/install/moveit_kinematics/lib:/home/andre/ros2_ws/src/install/moveit_ros_planning/lib:/home/andre/ros2_ws/src/install/moveit_ros_occupancy_map_monitor/lib:/home/andre/ros2_ws/src/install/moveit_core/lib:/home/andre/ros2_ws/src/install/moveit_msgs/lib:${LD_LIBRARY_PATH} PATH=/home/andre/ros2_ws/src/install/moveit_core/bin:${PATH} PYTHONPATH=/home/andre/ros2_ws/src/install/moveit_msgs/lib/python3.12/site-packages:/home/andre/ros2_ws/src/install/moveit_configs_utils/lib/python3.12/site-packages:${PYTHONPATH} /usr/bin/cmake --build /home/andre/ros2_ws/src/build/moveit_ros_move_group -- -j4 -l4
[239.900s] Invoking command in '/home/andre/ros2_ws/src/build/moveit_ros_move_group': AMENT_PREFIX_PATH=/home/andre/ros2_ws/src/install/moveit_kinematics:/home/andre/ros2_ws/src/install/moveit_ros_planning:/home/andre/ros2_ws/src/install/moveit_ros_occupancy_map_monitor:/home/andre/ros2_ws/src/install/moveit_core:/home/andre/ros2_ws/src/install/moveit_resources_panda_moveit_config:/home/andre/ros2_ws/src/install/moveit_resources_fanuc_moveit_config:/home/andre/ros2_ws/src/install/moveit_resources_pr2_description:/home/andre/ros2_ws/src/install/moveit_resources_panda_description:/home/andre/ros2_ws/src/install/moveit_resources_fanuc_description:/home/andre/ros2_ws/src/install/moveit_msgs:/home/andre/ros2_ws/src/install/moveit_configs_utils:/home/andre/ros2_ws/src/install/moveit_common:${AMENT_PREFIX_PATH} CMAKE_PREFIX_PATH=/home/andre/ros2_ws/src/install/moveit_kinematics:/home/andre/ros2_ws/src/install/moveit_ros_planning:/home/andre/ros2_ws/src/install/moveit_ros_occupancy_map_monitor:/home/andre/ros2_ws/src/install/moveit_core:/home/andre/ros2_ws/src/install/moveit_resources_panda_moveit_config:/home/andre/ros2_ws/src/install/moveit_resources_fanuc_moveit_config:/home/andre/ros2_ws/src/install/moveit_resources_pr2_description:/home/andre/ros2_ws/src/install/moveit_resources_panda_description:/home/andre/ros2_ws/src/install/moveit_resources_fanuc_description:/home/andre/ros2_ws/src/install/moveit_msgs:/home/andre/ros2_ws/src/install/moveit_common:/home/andre/ros2_ws/install:/opt/ros/jazzy/opt/gz_sim_vendor:/opt/ros/jazzy/opt/gz_sensors_vendor:/opt/ros/jazzy/opt/gz_physics_vendor:/opt/ros/jazzy/opt/sdformat_vendor:/opt/ros/jazzy/opt/gz_gui_vendor:/opt/ros/jazzy/opt/gz_transport_vendor:/opt/ros/jazzy/opt/gz_rendering_vendor:/opt/ros/jazzy/opt/gz_plugin_vendor:/opt/ros/jazzy/opt/gz_fuel_tools_vendor:/opt/ros/jazzy/opt/gz_msgs_vendor:/opt/ros/jazzy/opt/gz_common_vendor:/opt/ros/jazzy/opt/gz_math_vendor:/opt/ros/jazzy/opt/gz_utils_vendor:/opt/ros/jazzy/opt/gz_tools_vendor:/opt/ros/jazzy/opt/gz_ogre_next_vendor:/opt/ros/jazzy/opt/gz_dartsim_vendor:/opt/ros/jazzy/opt/gz_cmake_vendor:/opt/ros/jazzy DEBUGINFOD_URLS=https://debuginfod.ubuntu.com LD_LIBRARY_PATH=/home/andre/ros2_ws/src/install/moveit_kinematics/lib:/home/andre/ros2_ws/src/install/moveit_ros_planning/lib:/home/andre/ros2_ws/src/install/moveit_ros_occupancy_map_monitor/lib:/home/andre/ros2_ws/src/install/moveit_core/lib:/home/andre/ros2_ws/src/install/moveit_msgs/lib:${LD_LIBRARY_PATH} PATH=/home/andre/ros2_ws/src/install/moveit_core/bin:${PATH} PYTHONPATH=/home/andre/ros2_ws/src/install/moveit_msgs/lib/python3.12/site-packages:/home/andre/ros2_ws/src/install/moveit_configs_utils/lib/python3.12/site-packages:${PYTHONPATH} /usr/bin/cmake --install /home/andre/ros2_ws/src/build/moveit_ros_move_group
[239.909s] -- Install configuration: "Release"
[239.909s] -- Installing: /home/andre/ros2_ws/src/install/moveit_ros_move_group/lib/moveit_ros_move_group/move_group
[239.910s] -- Set non-toolchain portion of runtime path of "/home/andre/ros2_ws/src/install/moveit_ros_move_group/lib/moveit_ros_move_group/move_group" to ""
[239.910s] -- Installing: /home/andre/ros2_ws/src/install/moveit_ros_move_group/lib/moveit_ros_move_group/list_move_group_capabilities
[239.910s] -- Set non-toolchain portion of runtime path of "/home/andre/ros2_ws/src/install/moveit_ros_move_group/lib/moveit_ros_move_group/list_move_group_capabilities" to ""
[239.911s] -- Installing: /home/andre/ros2_ws/src/install/moveit_ros_move_group/lib/libmoveit_move_group_capabilities_base.so.2.14.1
[239.911s] -- Set non-toolchain portion of runtime path of "/home/andre/ros2_ws/src/install/moveit_ros_move_group/lib/libmoveit_move_group_capabilities_base.so.2.14.1" to ""
[239.911s] -- Installing: /home/andre/ros2_ws/src/install/moveit_ros_move_group/lib/libmoveit_move_group_capabilities_base.so
[239.911s] -- Installing: /home/andre/ros2_ws/src/install/moveit_ros_move_group/lib/libmoveit_move_group_default_capabilities.so.2.14.1
[239.913s] -- Set non-toolchain portion of runtime path of "/home/andre/ros2_ws/src/install/moveit_ros_move_group/lib/libmoveit_move_group_default_capabilities.so.2.14.1" to ""
[239.913s] -- Installing: /home/andre/ros2_ws/src/install/moveit_ros_move_group/lib/libmoveit_move_group_default_capabilities.so
[239.913s] -- Installing: /home/andre/ros2_ws/src/install/moveit_ros_move_group/include/moveit_ros_move_group
[239.914s] -- Installing: /home/andre/ros2_ws/src/install/moveit_ros_move_group/include/moveit_ros_move_group/moveit
[239.914s] -- Installing: /home/andre/ros2_ws/src/install/moveit_ros_move_group/include/moveit_ros_move_group/moveit/move_group
[239.914s] -- Installing: /home/andre/ros2_ws/src/install/moveit_ros_move_group/include/moveit_ros_move_group/moveit/move_group/move_group_capability.h
[239.914s] -- Installing: /home/andre/ros2_ws/src/install/moveit_ros_move_group/include/moveit_ros_move_group/moveit/move_group/move_group_capability.hpp
[239.914s] -- Installing: /home/andre/ros2_ws/src/install/moveit_ros_move_group/include/moveit_ros_move_group/moveit/move_group/move_group_context.h
[239.914s] -- Installing: /home/andre/ros2_ws/src/install/moveit_ros_move_group/include/moveit_ros_move_group/moveit/move_group/capability_names.h
[239.914s] -- Installing: /home/andre/ros2_ws/src/install/moveit_ros_move_group/include/moveit_ros_move_group/moveit/move_group/capability_names.hpp
[239.915s] -- Installing: /home/andre/ros2_ws/src/install/moveit_ros_move_group/include/moveit_ros_move_group/moveit/move_group/move_group_context.hpp
[239.915s] -- Installing: /home/andre/ros2_ws/src/install/moveit_ros_move_group/lib/moveit_ros_move_group/load_map
[239.915s] -- Installing: /home/andre/ros2_ws/src/install/moveit_ros_move_group/lib/moveit_ros_move_group/save_map
[239.915s] -- Installing: /home/andre/ros2_ws/src/install/moveit_ros_move_group/share/moveit_ros_move_group/default_capabilities_plugin_description.xml
[239.915s] -- Installing: /home/andre/ros2_ws/src/install/moveit_ros_move_group/share/moveit_ros_move_group/environment/library_path.sh
[239.915s] -- Installing: /home/andre/ros2_ws/src/install/moveit_ros_move_group/share/moveit_ros_move_group/environment/library_path.dsv
[239.916s] -- Installing: /home/andre/ros2_ws/src/install/moveit_ros_move_group/share/ament_index/resource_index/package_run_dependencies/moveit_ros_move_group
[239.916s] -- Installing: /home/andre/ros2_ws/src/install/moveit_ros_move_group/share/ament_index/resource_index/parent_prefix_path/moveit_ros_move_group
[239.916s] -- Installing: /home/andre/ros2_ws/src/install/moveit_ros_move_group/share/moveit_ros_move_group/environment/ament_prefix_path.sh
[239.916s] -- Installing: /home/andre/ros2_ws/src/install/moveit_ros_move_group/share/moveit_ros_move_group/environment/ament_prefix_path.dsv
[239.916s] -- Installing: /home/andre/ros2_ws/src/install/moveit_ros_move_group/share/moveit_ros_move_group/environment/path.sh
[239.916s] -- Installing: /home/andre/ros2_ws/src/install/moveit_ros_move_group/share/moveit_ros_move_group/environment/path.dsv
[239.916s] -- Installing: /home/andre/ros2_ws/src/install/moveit_ros_move_group/share/moveit_ros_move_group/local_setup.bash
[239.917s] -- Installing: /home/andre/ros2_ws/src/install/moveit_ros_move_group/share/moveit_ros_move_group/local_setup.sh
[239.917s] -- Installing: /home/andre/ros2_ws/src/install/moveit_ros_move_group/share/moveit_ros_move_group/local_setup.zsh
[239.917s] -- Installing: /home/andre/ros2_ws/src/install/moveit_ros_move_group/share/moveit_ros_move_group/local_setup.dsv
[239.917s] -- Installing: /home/andre/ros2_ws/src/install/moveit_ros_move_group/share/moveit_ros_move_group/package.dsv
[239.917s] -- Installing: /home/andre/ros2_ws/src/install/moveit_ros_move_group/share/ament_index/resource_index/packages/moveit_ros_move_group
[239.917s] -- Installing: /home/andre/ros2_ws/src/install/moveit_ros_move_group/share/ament_index/resource_index/moveit_ros_move_group__pluginlib__plugin/moveit_ros_move_group
[239.917s] -- Installing: /home/andre/ros2_ws/src/install/moveit_ros_move_group/share/moveit_ros_move_group/cmake/moveit_ros_move_groupTargetsExport.cmake
[239.918s] -- Installing: /home/andre/ros2_ws/src/install/moveit_ros_move_group/share/moveit_ros_move_group/cmake/moveit_ros_move_groupTargetsExport-release.cmake
[239.918s] -- Installing: /home/andre/ros2_ws/src/install/moveit_ros_move_group/share/moveit_ros_move_group/cmake/ConfigExtras.cmake
[239.918s] -- Installing: /home/andre/ros2_ws/src/install/moveit_ros_move_group/share/moveit_ros_move_group/cmake/ament_cmake_export_targets-extras.cmake
[239.918s] -- Installing: /home/andre/ros2_ws/src/install/moveit_ros_move_group/share/moveit_ros_move_group/cmake/ament_cmake_export_dependencies-extras.cmake
[239.918s] -- Installing: /home/andre/ros2_ws/src/install/moveit_ros_move_group/share/moveit_ros_move_group/cmake/moveit_ros_move_groupConfig.cmake
[239.918s] -- Installing: /home/andre/ros2_ws/src/install/moveit_ros_move_group/share/moveit_ros_move_group/cmake/moveit_ros_move_groupConfig-version.cmake
[239.918s] -- Installing: /home/andre/ros2_ws/src/install/moveit_ros_move_group/share/moveit_ros_move_group/package.xml
[239.920s] Invoked command in '/home/andre/ros2_ws/src/build/moveit_ros_move_group' returned '0': AMENT_PREFIX_PATH=/home/andre/ros2_ws/src/install/moveit_kinematics:/home/andre/ros2_ws/src/install/moveit_ros_planning:/home/andre/ros2_ws/src/install/moveit_ros_occupancy_map_monitor:/home/andre/ros2_ws/src/install/moveit_core:/home/andre/ros2_ws/src/install/moveit_resources_panda_moveit_config:/home/andre/ros2_ws/src/install/moveit_resources_fanuc_moveit_config:/home/andre/ros2_ws/src/install/moveit_resources_pr2_description:/home/andre/ros2_ws/src/install/moveit_resources_panda_description:/home/andre/ros2_ws/src/install/moveit_resources_fanuc_description:/home/andre/ros2_ws/src/install/moveit_msgs:/home/andre/ros2_ws/src/install/moveit_configs_utils:/home/andre/ros2_ws/src/install/moveit_common:${AMENT_PREFIX_PATH} CMAKE_PREFIX_PATH=/home/andre/ros2_ws/src/install/moveit_kinematics:/home/andre/ros2_ws/src/install/moveit_ros_planning:/home/andre/ros2_ws/src/install/moveit_ros_occupancy_map_monitor:/home/andre/ros2_ws/src/install/moveit_core:/home/andre/ros2_ws/src/install/moveit_resources_panda_moveit_config:/home/andre/ros2_ws/src/install/moveit_resources_fanuc_moveit_config:/home/andre/ros2_ws/src/install/moveit_resources_pr2_description:/home/andre/ros2_ws/src/install/moveit_resources_panda_description:/home/andre/ros2_ws/src/install/moveit_resources_fanuc_description:/home/andre/ros2_ws/src/install/moveit_msgs:/home/andre/ros2_ws/src/install/moveit_common:/home/andre/ros2_ws/install:/opt/ros/jazzy/opt/gz_sim_vendor:/opt/ros/jazzy/opt/gz_sensors_vendor:/opt/ros/jazzy/opt/gz_physics_vendor:/opt/ros/jazzy/opt/sdformat_vendor:/opt/ros/jazzy/opt/gz_gui_vendor:/opt/ros/jazzy/opt/gz_transport_vendor:/opt/ros/jazzy/opt/gz_rendering_vendor:/opt/ros/jazzy/opt/gz_plugin_vendor:/opt/ros/jazzy/opt/gz_fuel_tools_vendor:/opt/ros/jazzy/opt/gz_msgs_vendor:/opt/ros/jazzy/opt/gz_common_vendor:/opt/ros/jazzy/opt/gz_math_vendor:/opt/ros/jazzy/opt/gz_utils_vendor:/opt/ros/jazzy/opt/gz_tools_vendor:/opt/ros/jazzy/opt/gz_ogre_next_vendor:/opt/ros/jazzy/opt/gz_dartsim_vendor:/opt/ros/jazzy/opt/gz_cmake_vendor:/opt/ros/jazzy DEBUGINFOD_URLS=https://debuginfod.ubuntu.com LD_LIBRARY_PATH=/home/andre/ros2_ws/src/install/moveit_kinematics/lib:/home/andre/ros2_ws/src/install/moveit_ros_planning/lib:/home/andre/ros2_ws/src/install/moveit_ros_occupancy_map_monitor/lib:/home/andre/ros2_ws/src/install/moveit_core/lib:/home/andre/ros2_ws/src/install/moveit_msgs/lib:${LD_LIBRARY_PATH} PATH=/home/andre/ros2_ws/src/install/moveit_core/bin:${PATH} PYTHONPATH=/home/andre/ros2_ws/src/install/moveit_msgs/lib/python3.12/site-packages:/home/andre/ros2_ws/src/install/moveit_configs_utils/lib/python3.12/site-packages:${PYTHONPATH} /usr/bin/cmake --install /home/andre/ros2_ws/src/build/moveit_ros_move_group
