In file included from [01m[K/opt/ros/jazzy/include/rclcpp/rclcpp/logging.hpp:24[m[K,
                 from [01m[K/opt/ros/jazzy/include/rclcpp/rclcpp/copy_all_parameter_values.hpp:27[m[K,
                 from [01m[K/opt/ros/jazzy/include/rclcpp/rclcpp/rclcpp.hpp:171[m[K,
                 from [01m[K/home/bot/ros2_ws/src/esp32_controller/src/esp32_controller.cpp:8[m[K:
[01m[K/home/bot/ros2_ws/src/esp32_controller/src/esp32_controller.cpp:[m[K In member function ‘[01m[Kvoid Esp32Controller::[01;32m[KimuCallback[m[K(sensor_msgs::msg::Imu_<std::allocator<void> >::SharedPtr)[m[K’:
[01m[K/home/bot/ros2_ws/src/esp32_controller/src/esp32_controller.cpp:455:17:[m[K [01;35m[Kwarning: [m[Kformat ‘[01m[K%zu[m[K’ expects argument of type ‘[01m[Ksize_t[m[K’, but argument 5 has type ‘[01m[Kunsigned int[m[K’ [[01;35m[K]8;;https://gcc.gnu.org/onlinedocs/gcc/Warning-Options.html#index-Wformat=-Wformat=]8;;[m[K]
  455 |                 [01;35m[K"Invalid joint count. Expected %zu joints for 'arm' group, got %zu total joints"[m[K,
      |                 [01;35m[K^~~~~~~~~~~~~~~~~~~~~~~~~~~~~~~~~~~~~~~~~~~~~~~~~~~~~~~~~~~~~~~~~~~~~~~~~~~~~~~~[m[K
  456 |                 [32m[Kjmg->getVariableCount()[m[K, joints.size()
      |                 [32m[K~~~~~~~~~~~~~~~~~~~~~~~[m[K
      |                                      [32m[K|[m[K
      |                                      [32m[Kunsigned int[m[K
[01m[K/home/bot/ros2_ws/src/esp32_controller/src/esp32_controller.cpp:455:50:[m[K [01;36m[Knote: [m[Kformat string is defined here
  455 |                 "Invalid joint count. Expected [01;36m[K%zu[m[K joints for 'arm' group, got %zu total joints",
      |                                                [01;36m[K~~^[m[K
      |                                                  [01;36m[K|[m[K
      |                                                  [01;36m[Klong unsigned int[m[K
      |                                                [32m[K%u[m[K
[01m[K/home/bot/ros2_ws/src/esp32_controller/src/esp32_controller.cpp:479:16:[m[K [01;31m[Kerror: [m[Kredeclaration of ‘[01m[Kdouble sensitivity[m[K’
  479 |         double [01;31m[Ksensitivity[m[K = 0.05;  // Adjust this: higher = more sensitive (meters per m/s²)
      |                [01;31m[K^~~~~~~~~~~[m[K
[01m[K/home/bot/ros2_ws/src/esp32_controller/src/esp32_controller.cpp:410:16:[m[K [01;36m[Knote: [m[K‘[01m[Kdouble sensitivity[m[K’ previously declared here
  410 |         double [01;36m[Ksensitivity[m[K = 0.05;
      |                [01;36m[K^~~~~~~~~~~[m[K
[01m[K/home/bot/ros2_ws/src/esp32_controller/src/esp32_controller.cpp:509:16:[m[K [01;31m[Kerror: [m[Kredeclaration of ‘[01m[Kdouble stability_threshold[m[K’
  509 |         double [01;31m[Kstability_threshold[m[K = 1.5;  // m/s² - acceleration below this is "stable" (increased from 0.5)
      |                [01;31m[K^~~~~~~~~~~~~~~~~~~[m[K
[01m[K/home/bot/ros2_ws/src/esp32_controller/src/esp32_controller.cpp:417:16:[m[K [01;36m[Knote: [m[K‘[01m[Kdouble stability_threshold[m[K’ previously declared here
  417 |         double [01;36m[Kstability_threshold[m[K = 1.5;
      |                [01;36m[K^~~~~~~~~~~~~~~~~~~[m[K
[01m[K/home/bot/ros2_ws/src/esp32_controller/src/esp32_controller.cpp:515:16:[m[K [01;31m[Kerror: [m[Kredeclaration of ‘[01m[Kdouble accel_magnitude[m[K’
  515 |         double [01;31m[Kaccel_magnitude[m[K = std::sqrt(ax*ax + ay*ay + az*az);
      |                [01;31m[K^~~~~~~~~~~~~~~[m[K
[01m[K/home/bot/ros2_ws/src/esp32_controller/src/esp32_controller.cpp:416:16:[m[K [01;36m[Knote: [m[K‘[01m[Kdouble accel_magnitude[m[K’ previously declared here
  416 |         double [01;36m[Kaccel_magnitude[m[K = std::sqrt(ax*ax + ay*ay + az*az);
      |                [01;36m[K^~~~~~~~~~~~~~~[m[K
gmake[2]: *** [CMakeFiles/esp32_controller.dir/build.make:76: CMakeFiles/esp32_controller.dir/src/esp32_controller.cpp.o] Error 1
gmake[1]: *** [CMakeFiles/Makefile2:137: CMakeFiles/esp32_controller.dir/all] Error 2
gmake: *** [Makefile:146: all] Error 2
