[0.116s] Invoking command in '/home/bot/ros2_ws/build/move_program': CMAKE_PREFIX_PATH=${CMAKE_PREFIX_PATH}:/home/bot/ros2_ws/install/mqtt_imu:/home/bot/ros2_ws/install/pose_printer:/home/bot/ros2_ws/install/moveit_controls:/opt/ros/jazzy DEBUGINFOD_URLS=https://debuginfod.ubuntu.com /usr/bin/cmake /home/bot/ros2_ws/src/move_program -DCMAKE_INSTALL_PREFIX=/home/bot/ros2_ws/install/move_program
[1.636s] -- The C compiler identification is GNU 13.3.0
[2.733s] -- The CXX compiler identification is GNU 13.3.0
[3.112s] -- Detecting C compiler ABI info
[6.709s] -- Detecting C compiler ABI info - done
[6.758s] -- Check for working C compiler: /usr/bin/cc - skipped
[6.759s] -- Detecting C compile features
[6.760s] -- Detecting C compile features - done
[6.817s] -- Detecting CXX compiler ABI info
[7.553s] -- Detecting CXX compiler ABI info - done
[7.599s] -- Check for working CXX compiler: /usr/bin/c++ - skipped
[7.600s] -- Detecting CXX compile features
[7.600s] -- Detecting CXX compile features - done
[7.744s] -- Found ament_cmake: 2.5.4 (/opt/ros/jazzy/share/ament_cmake/cmake)
[9.084s] -- Found Python3: /usr/bin/python3 (found version "3.12.3") found components: Interpreter 
[10.251s] -- Found rclcpp: 28.1.13 (/opt/ros/jazzy/share/rclcpp/cmake)
[11.133s] -- Found rosidl_generator_c: 4.6.6 (/opt/ros/jazzy/share/rosidl_generator_c/cmake)
[11.373s] -- Found rosidl_generator_cpp: 4.6.6 (/opt/ros/jazzy/share/rosidl_generator_cpp/cmake)
[11.753s] -- Using all available rosidl_typesupport_c: rosidl_typesupport_fastrtps_c;rosidl_typesupport_introspection_c
[12.115s] -- Using all available rosidl_typesupport_cpp: rosidl_typesupport_fastrtps_cpp;rosidl_typesupport_introspection_cpp
[13.246s] -- Found rmw_implementation_cmake: 7.3.2 (/opt/ros/jazzy/share/rmw_implementation_cmake/cmake)
[13.305s] -- Found rmw_fastrtps_cpp: 8.4.3 (/opt/ros/jazzy/share/rmw_fastrtps_cpp/cmake)
[14.279s] -- Found OpenSSL: /usr/lib/aarch64-linux-gnu/libcrypto.so (found version "3.0.13")  
[14.452s] -- Found FastRTPS: /opt/ros/jazzy/include (Required is at least version "2.13") 
[14.604s] -- Using RMW implementation 'rmw_fastrtps_cpp' as default
[15.391s] -- Found moveit_ros_planning_interface: 2.12.3 (/opt/ros/jazzy/share/moveit_ros_planning_interface/cmake)
[16.760s] -- Found Boost: /usr/lib/aarch64-linux-gnu/cmake/Boost-1.83.0/BoostConfig.cmake (found version "1.83.0") found components: date_time filesystem program_options system thread 
[19.785s] -- Found Boost: /usr/lib/aarch64-linux-gnu/cmake/Boost-1.83.0/BoostConfig.cmake (found version "1.83.0") found components: chrono date_time filesystem iostreams program_options regex serialization system thread 
[21.231s] -- Found parameter_traits: 0.5.0 (/opt/ros/jazzy/share/parameter_traits/cmake)
[21.670s] -- Found rclcpp_lifecycle: 28.1.13 (/opt/ros/jazzy/share/rclcpp_lifecycle/cmake)
[22.451s] -- Found Boost: /usr/lib/aarch64-linux-gnu/cmake/Boost-1.83.0/BoostConfig.cmake (found version "1.83.0") found components: filesystem 
[23.763s] -- Found Eigen3: TRUE (found version "3.4.0") 
[23.764s] -- Ensuring Eigen3 include directory is part of orocos-kdl CMake target
[28.223s] -- Found Boost: /usr/lib/aarch64-linux-gnu/cmake/Boost-1.83.0/BoostConfig.cmake (found version "1.83.0") found components: system filesystem date_time program_options thread chrono 
[29.694s] -- Found Boost: /usr/lib/aarch64-linux-gnu/cmake/Boost-1.83.0/BoostConfig.cmake (found version "1.83.0") found components: thread system filesystem regex date_time program_options 
[31.014s] -- Found Boost: /usr/lib/aarch64-linux-gnu/cmake/Boost-1.83.0/BoostConfig.cmake (found version "1.83.0") found components: system filesystem date_time program_options thread 
[32.837s] -- Configuring done (32.5s)
[33.429s] -- Generating done (0.3s)
[33.513s] -- Build files have been written to: /home/bot/ros2_ws/build/move_program
[33.653s] Invoked command in '/home/bot/ros2_ws/build/move_program' returned '0': CMAKE_PREFIX_PATH=${CMAKE_PREFIX_PATH}:/home/bot/ros2_ws/install/mqtt_imu:/home/bot/ros2_ws/install/pose_printer:/home/bot/ros2_ws/install/moveit_controls:/opt/ros/jazzy DEBUGINFOD_URLS=https://debuginfod.ubuntu.com /usr/bin/cmake /home/bot/ros2_ws/src/move_program -DCMAKE_INSTALL_PREFIX=/home/bot/ros2_ws/install/move_program
[33.666s] Invoking command in '/home/bot/ros2_ws/build/move_program': CMAKE_PREFIX_PATH=${CMAKE_PREFIX_PATH}:/home/bot/ros2_ws/install/mqtt_imu:/home/bot/ros2_ws/install/pose_printer:/home/bot/ros2_ws/install/moveit_controls:/opt/ros/jazzy DEBUGINFOD_URLS=https://debuginfod.ubuntu.com /usr/bin/cmake --build /home/bot/ros2_ws/build/move_program -- -j4 -l4
[34.518s] [ 50%] [32mBuilding CXX object CMakeFiles/move_program.dir/src/move_program.cpp.o[0m
[105.939s] [100%] [32m[1mLinking CXX executable move_program[0m
[108.961s] [100%] Built target move_program
[109.025s] Invoked command in '/home/bot/ros2_ws/build/move_program' returned '0': CMAKE_PREFIX_PATH=${CMAKE_PREFIX_PATH}:/home/bot/ros2_ws/install/mqtt_imu:/home/bot/ros2_ws/install/pose_printer:/home/bot/ros2_ws/install/moveit_controls:/opt/ros/jazzy DEBUGINFOD_URLS=https://debuginfod.ubuntu.com /usr/bin/cmake --build /home/bot/ros2_ws/build/move_program -- -j4 -l4
[109.036s] Invoking command in '/home/bot/ros2_ws/build/move_program': CMAKE_PREFIX_PATH=${CMAKE_PREFIX_PATH}:/home/bot/ros2_ws/install/mqtt_imu:/home/bot/ros2_ws/install/pose_printer:/home/bot/ros2_ws/install/moveit_controls:/opt/ros/jazzy DEBUGINFOD_URLS=https://debuginfod.ubuntu.com /usr/bin/cmake --install /home/bot/ros2_ws/build/move_program
[109.088s] -- Install configuration: ""
[109.089s] -- Installing: /home/bot/ros2_ws/install/move_program/lib/move_program/move_program
[109.094s] -- Set non-toolchain portion of runtime path of "/home/bot/ros2_ws/install/move_program/lib/move_program/move_program" to ""
[109.104s] -- Installing: /home/bot/ros2_ws/install/move_program/share/ament_index/resource_index/package_run_dependencies/move_program
[109.107s] -- Installing: /home/bot/ros2_ws/install/move_program/share/ament_index/resource_index/parent_prefix_path/move_program
[109.109s] -- Installing: /home/bot/ros2_ws/install/move_program/share/move_program/environment/ament_prefix_path.sh
[109.111s] -- Installing: /home/bot/ros2_ws/install/move_program/share/move_program/environment/ament_prefix_path.dsv
[109.113s] -- Installing: /home/bot/ros2_ws/install/move_program/share/move_program/environment/path.sh
[109.115s] -- Installing: /home/bot/ros2_ws/install/move_program/share/move_program/environment/path.dsv
[109.116s] -- Installing: /home/bot/ros2_ws/install/move_program/share/move_program/local_setup.bash
[109.118s] -- Installing: /home/bot/ros2_ws/install/move_program/share/move_program/local_setup.sh
[109.120s] -- Installing: /home/bot/ros2_ws/install/move_program/share/move_program/local_setup.zsh
[109.122s] -- Installing: /home/bot/ros2_ws/install/move_program/share/move_program/local_setup.dsv
[109.124s] -- Installing: /home/bot/ros2_ws/install/move_program/share/move_program/package.dsv
[109.127s] -- Installing: /home/bot/ros2_ws/install/move_program/share/ament_index/resource_index/packages/move_program
[109.129s] -- Installing: /home/bot/ros2_ws/install/move_program/share/move_program/cmake/move_programConfig.cmake
[109.131s] -- Installing: /home/bot/ros2_ws/install/move_program/share/move_program/cmake/move_programConfig-version.cmake
[109.134s] -- Installing: /home/bot/ros2_ws/install/move_program/share/move_program/package.xml
[109.144s] Invoked command in '/home/bot/ros2_ws/build/move_program' returned '0': CMAKE_PREFIX_PATH=${CMAKE_PREFIX_PATH}:/home/bot/ros2_ws/install/mqtt_imu:/home/bot/ros2_ws/install/pose_printer:/home/bot/ros2_ws/install/moveit_controls:/opt/ros/jazzy DEBUGINFOD_URLS=https://debuginfod.ubuntu.com /usr/bin/cmake --install /home/bot/ros2_ws/build/move_program
