running egg_info
creating ../../../build/moveit_controls/moveit_controls.egg-info
writing ../../../build/moveit_controls/moveit_controls.egg-info/PKG-INFO
writing dependency_links to ../../../build/moveit_controls/moveit_controls.egg-info/dependency_links.txt
writing entry points to ../../../build/moveit_controls/moveit_controls.egg-info/entry_points.txt
writing requirements to ../../../build/moveit_controls/moveit_controls.egg-info/requires.txt
writing top-level names to ../../../build/moveit_controls/moveit_controls.egg-info/top_level.txt
writing manifest file '../../../build/moveit_controls/moveit_controls.egg-info/SOURCES.txt'
reading manifest file '../../../build/moveit_controls/moveit_controls.egg-info/SOURCES.txt'
writing manifest file '../../../build/moveit_controls/moveit_controls.egg-info/SOURCES.txt'
running build
running build_py
creating /home/andre/ros2_ws/build/moveit_controls/build
creating /home/andre/ros2_ws/build/moveit_controls/build/lib
creating /home/andre/ros2_ws/build/moveit_controls/build/lib/moveit_controls
copying moveit_controls/__init__.py -> /home/andre/ros2_ws/build/moveit_controls/build/lib/moveit_controls
running install
running install_lib
creating /home/andre/ros2_ws/install/moveit_controls/lib/python3.12/site-packages/moveit_controls
copying /home/andre/ros2_ws/build/moveit_controls/build/lib/moveit_controls/__init__.py -> /home/andre/ros2_ws/install/moveit_controls/lib/python3.12/site-packages/moveit_controls
byte-compiling /home/andre/ros2_ws/install/moveit_controls/lib/python3.12/site-packages/moveit_controls/__init__.py to __init__.cpython-312.pyc
running install_data
creating /home/andre/ros2_ws/install/moveit_controls/share/ament_index
creating /home/andre/ros2_ws/install/moveit_controls/share/ament_index/resource_index
creating /home/andre/ros2_ws/install/moveit_controls/share/ament_index/resource_index/packages
copying resource/moveit_controls -> /home/andre/ros2_ws/install/moveit_controls/share/ament_index/resource_index/packages
copying package.xml -> /home/andre/ros2_ws/install/moveit_controls/share/moveit_controls
running install_egg_info
Copying ../../../build/moveit_controls/moveit_controls.egg-info to /home/andre/ros2_ws/install/moveit_controls/lib/python3.12/site-packages/moveit_controls-0.0.0-py3.12.egg-info
running install_scripts
Installing move_to_xyz script to /home/andre/ros2_ws/install/moveit_controls/lib/moveit_controls
Installing target_listener script to /home/andre/ros2_ws/install/moveit_controls/lib/moveit_controls
writing list of installed files to '/home/andre/ros2_ws/build/moveit_controls/install.log'
