[1.754s] Invoking command in '/home/andre/ros2_ws/src/planning/moveit_controls': CONDA_PROMPT_MODIFIER=(base) DEBUGINFOD_URLS=https://debuginfod.ubuntu.com PYTHONPATH=/home/andre/ros2_ws/build/moveit_controls/prefix_override:/usr/lib/python3/dist-packages/colcon_core/task/python/colcon_distutils_commands:/home/andre/ros2_ws/install/moveit_controls/lib/python3.12/site-packages:${PYTHONPATH} /usr/bin/python3 -W ignore:setup.py install is deprecated -W ignore:easy_install command is deprecated setup.py egg_info --egg-base ../../../build/moveit_controls build --build-base /home/andre/ros2_ws/build/moveit_controls/build install --record /home/andre/ros2_ws/build/moveit_controls/install.log --single-version-externally-managed install_data
[2.338s] running egg_info
[2.339s] creating ../../../build/moveit_controls/moveit_controls.egg-info
[2.386s] writing ../../../build/moveit_controls/moveit_controls.egg-info/PKG-INFO
[2.386s] writing dependency_links to ../../../build/moveit_controls/moveit_controls.egg-info/dependency_links.txt
[2.387s] writing entry points to ../../../build/moveit_controls/moveit_controls.egg-info/entry_points.txt
[2.387s] writing requirements to ../../../build/moveit_controls/moveit_controls.egg-info/requires.txt
[2.387s] writing top-level names to ../../../build/moveit_controls/moveit_controls.egg-info/top_level.txt
[2.553s] writing manifest file '../../../build/moveit_controls/moveit_controls.egg-info/SOURCES.txt'
[2.645s] reading manifest file '../../../build/moveit_controls/moveit_controls.egg-info/SOURCES.txt'
[2.645s] writing manifest file '../../../build/moveit_controls/moveit_controls.egg-info/SOURCES.txt'
[2.645s] running build
[2.645s] running build_py
[2.646s] creating /home/andre/ros2_ws/build/moveit_controls/build
[2.646s] creating /home/andre/ros2_ws/build/moveit_controls/build/lib
[2.646s] creating /home/andre/ros2_ws/build/moveit_controls/build/lib/moveit_controls
[2.647s] copying moveit_controls/__init__.py -> /home/andre/ros2_ws/build/moveit_controls/build/lib/moveit_controls
[2.649s] running install
[2.654s] running install_lib
[2.703s] creating /home/andre/ros2_ws/install/moveit_controls/lib/python3.12/site-packages/moveit_controls
[2.703s] copying /home/andre/ros2_ws/build/moveit_controls/build/lib/moveit_controls/__init__.py -> /home/andre/ros2_ws/install/moveit_controls/lib/python3.12/site-packages/moveit_controls
[2.703s] byte-compiling /home/andre/ros2_ws/install/moveit_controls/lib/python3.12/site-packages/moveit_controls/__init__.py to __init__.cpython-312.pyc
[2.705s] running install_data
[2.705s] creating /home/andre/ros2_ws/install/moveit_controls/share/ament_index
[2.705s] creating /home/andre/ros2_ws/install/moveit_controls/share/ament_index/resource_index
[2.708s] creating /home/andre/ros2_ws/install/moveit_controls/share/ament_index/resource_index/packages
[2.709s] copying resource/moveit_controls -> /home/andre/ros2_ws/install/moveit_controls/share/ament_index/resource_index/packages
[2.709s] copying package.xml -> /home/andre/ros2_ws/install/moveit_controls/share/moveit_controls
[2.709s] running install_egg_info
[2.755s] Copying ../../../build/moveit_controls/moveit_controls.egg-info to /home/andre/ros2_ws/install/moveit_controls/lib/python3.12/site-packages/moveit_controls-0.0.0-py3.12.egg-info
[2.758s] running install_scripts
[2.886s] Installing move_to_xyz script to /home/andre/ros2_ws/install/moveit_controls/lib/moveit_controls
[2.887s] Installing target_listener script to /home/andre/ros2_ws/install/moveit_controls/lib/moveit_controls
[2.887s] writing list of installed files to '/home/andre/ros2_ws/build/moveit_controls/install.log'
[2.937s] Invoked command in '/home/andre/ros2_ws/src/planning/moveit_controls' returned '0': CONDA_PROMPT_MODIFIER=(base) DEBUGINFOD_URLS=https://debuginfod.ubuntu.com PYTHONPATH=/home/andre/ros2_ws/build/moveit_controls/prefix_override:/usr/lib/python3/dist-packages/colcon_core/task/python/colcon_distutils_commands:/home/andre/ros2_ws/install/moveit_controls/lib/python3.12/site-packages:${PYTHONPATH} /usr/bin/python3 -W ignore:setup.py install is deprecated -W ignore:easy_install command is deprecated setup.py egg_info --egg-base ../../../build/moveit_controls build --build-base /home/andre/ros2_ws/build/moveit_controls/build install --record /home/andre/ros2_ws/build/moveit_controls/install.log --single-version-externally-managed install_data
