[0.021s] Invoking command in '/home/andre/ros2_ws/build/robotic_arm_model_v3': CMAKE_PREFIX_PATH=${CMAKE_PREFIX_PATH}:/home/andre/ros2_ws/install/pose_printer:/opt/ros/jazzy DEBUGINFOD_URLS=https://debuginfod.ubuntu.com /usr/bin/cmake /home/andre/ros2_ws/src/robotic_arm_model_v3 -DCMAKE_INSTALL_PREFIX=/home/andre/ros2_ws/install/robotic_arm_model_v3
[0.288s] -- The C compiler identification is GNU 13.3.0
[0.471s] -- The CXX compiler identification is GNU 13.3.0
[0.492s] -- Detecting C compiler ABI info
[0.623s] -- Detecting C compiler ABI info - done
[0.638s] -- Check for working C compiler: /usr/bin/cc - skipped
[0.638s] -- Detecting C compile features
[0.639s] -- Detecting C compile features - done
[0.649s] -- Detecting CXX compiler ABI info
[0.781s] -- Detecting CXX compiler ABI info - done
[0.794s] -- Check for working CXX compiler: /usr/bin/c++ - skipped
[0.794s] -- Detecting CXX compile features
[0.795s] -- Detecting CXX compile features - done
[0.803s] -- Found ament_cmake: 2.5.4 (/opt/ros/jazzy/share/ament_cmake/cmake)
[1.013s] -- Found Python3: /usr/bin/python3 (found version "3.12.3") found components: Interpreter 
[1.200s] -- Found ament_lint_auto: 0.17.3 (/opt/ros/jazzy/share/ament_lint_auto/cmake)
[1.364s] -- Added test 'lint_cmake' to check CMake code style
[1.368s] -- Added test 'xmllint' to check XML markup files
[1.377s] -- Configuring done (1.3s)
[1.379s] -- Generating done (0.0s)
[1.381s] -- Build files have been written to: /home/andre/ros2_ws/build/robotic_arm_model_v3
[1.390s] Invoked command in '/home/andre/ros2_ws/build/robotic_arm_model_v3' returned '0': CMAKE_PREFIX_PATH=${CMAKE_PREFIX_PATH}:/home/andre/ros2_ws/install/pose_printer:/opt/ros/jazzy DEBUGINFOD_URLS=https://debuginfod.ubuntu.com /usr/bin/cmake /home/andre/ros2_ws/src/robotic_arm_model_v3 -DCMAKE_INSTALL_PREFIX=/home/andre/ros2_ws/install/robotic_arm_model_v3
[1.391s] Invoking command in '/home/andre/ros2_ws/build/robotic_arm_model_v3': CMAKE_PREFIX_PATH=${CMAKE_PREFIX_PATH}:/home/andre/ros2_ws/install/pose_printer:/opt/ros/jazzy DEBUGINFOD_URLS=https://debuginfod.ubuntu.com /usr/bin/cmake --build /home/andre/ros2_ws/build/robotic_arm_model_v3 -- -j4 -l4
[1.439s] Invoked command in '/home/andre/ros2_ws/build/robotic_arm_model_v3' returned '0': CMAKE_PREFIX_PATH=${CMAKE_PREFIX_PATH}:/home/andre/ros2_ws/install/pose_printer:/opt/ros/jazzy DEBUGINFOD_URLS=https://debuginfod.ubuntu.com /usr/bin/cmake --build /home/andre/ros2_ws/build/robotic_arm_model_v3 -- -j4 -l4
[1.451s] Invoking command in '/home/andre/ros2_ws/build/robotic_arm_model_v3': CMAKE_PREFIX_PATH=${CMAKE_PREFIX_PATH}:/home/andre/ros2_ws/install/pose_printer:/opt/ros/jazzy DEBUGINFOD_URLS=https://debuginfod.ubuntu.com /usr/bin/cmake --install /home/andre/ros2_ws/build/robotic_arm_model_v3
[1.461s] -- Install configuration: ""
[1.462s] -- Installing: /home/andre/ros2_ws/install/robotic_arm_model_v3/share/robotic_arm_model_v3/urdf
[1.462s] -- Installing: /home/andre/ros2_ws/install/robotic_arm_model_v3/share/robotic_arm_model_v3/urdf/robotic_arm_model_v3.urdf
[1.463s] -- Installing: /home/andre/ros2_ws/install/robotic_arm_model_v3/share/robotic_arm_model_v3/urdf/robotic_arm_model_v3.csv
[1.463s] -- Installing: /home/andre/ros2_ws/install/robotic_arm_model_v3/share/robotic_arm_model_v3/meshes
[1.464s] -- Installing: /home/andre/ros2_ws/install/robotic_arm_model_v3/share/robotic_arm_model_v3/meshes/end_effector_top.STL
[1.464s] -- Installing: /home/andre/ros2_ws/install/robotic_arm_model_v3/share/robotic_arm_model_v3/meshes/base_link.STL
[1.466s] -- Installing: /home/andre/ros2_ws/install/robotic_arm_model_v3/share/robotic_arm_model_v3/meshes/link_2.STL
[1.467s] -- Installing: /home/andre/ros2_ws/install/robotic_arm_model_v3/share/robotic_arm_model_v3/meshes/end_effector_link.STL
[1.468s] -- Installing: /home/andre/ros2_ws/install/robotic_arm_model_v3/share/robotic_arm_model_v3/meshes/link_3.STL
[1.469s] -- Installing: /home/andre/ros2_ws/install/robotic_arm_model_v3/share/robotic_arm_model_v3/meshes/end_effector_bottom.STL
[1.470s] -- Installing: /home/andre/ros2_ws/install/robotic_arm_model_v3/share/robotic_arm_model_v3/meshes/link_1.STL
[1.471s] -- Installing: /home/andre/ros2_ws/install/robotic_arm_model_v3/share/robotic_arm_model_v3/meshes/link_4.STL
[1.472s] -- Installing: /home/andre/ros2_ws/install/robotic_arm_model_v3/share/ament_index/resource_index/package_run_dependencies/robotic_arm_model_v3
[1.472s] -- Installing: /home/andre/ros2_ws/install/robotic_arm_model_v3/share/ament_index/resource_index/parent_prefix_path/robotic_arm_model_v3
[1.473s] -- Installing: /home/andre/ros2_ws/install/robotic_arm_model_v3/share/robotic_arm_model_v3/environment/ament_prefix_path.sh
[1.473s] -- Installing: /home/andre/ros2_ws/install/robotic_arm_model_v3/share/robotic_arm_model_v3/environment/ament_prefix_path.dsv
[1.473s] -- Installing: /home/andre/ros2_ws/install/robotic_arm_model_v3/share/robotic_arm_model_v3/environment/path.sh
[1.474s] -- Installing: /home/andre/ros2_ws/install/robotic_arm_model_v3/share/robotic_arm_model_v3/environment/path.dsv
[1.474s] -- Installing: /home/andre/ros2_ws/install/robotic_arm_model_v3/share/robotic_arm_model_v3/local_setup.bash
[1.474s] -- Installing: /home/andre/ros2_ws/install/robotic_arm_model_v3/share/robotic_arm_model_v3/local_setup.sh
[1.475s] -- Installing: /home/andre/ros2_ws/install/robotic_arm_model_v3/share/robotic_arm_model_v3/local_setup.zsh
[1.475s] -- Installing: /home/andre/ros2_ws/install/robotic_arm_model_v3/share/robotic_arm_model_v3/local_setup.dsv
[1.475s] -- Installing: /home/andre/ros2_ws/install/robotic_arm_model_v3/share/robotic_arm_model_v3/package.dsv
[1.476s] -- Installing: /home/andre/ros2_ws/install/robotic_arm_model_v3/share/ament_index/resource_index/packages/robotic_arm_model_v3
[1.476s] -- Installing: /home/andre/ros2_ws/install/robotic_arm_model_v3/share/robotic_arm_model_v3/cmake/robotic_arm_model_v3Config.cmake
[1.476s] -- Installing: /home/andre/ros2_ws/install/robotic_arm_model_v3/share/robotic_arm_model_v3/cmake/robotic_arm_model_v3Config-version.cmake
[1.477s] -- Installing: /home/andre/ros2_ws/install/robotic_arm_model_v3/share/robotic_arm_model_v3/package.xml
[1.479s] Invoked command in '/home/andre/ros2_ws/build/robotic_arm_model_v3' returned '0': CMAKE_PREFIX_PATH=${CMAKE_PREFIX_PATH}:/home/andre/ros2_ws/install/pose_printer:/opt/ros/jazzy DEBUGINFOD_URLS=https://debuginfod.ubuntu.com /usr/bin/cmake --install /home/andre/ros2_ws/build/robotic_arm_model_v3
