[0.015s] Invoking command in '/home/andre/ros2_ws/build/move_program': CMAKE_PREFIX_PATH=${CMAKE_PREFIX_PATH}:/home/andre/ros2_ws/install/pose_printer:/home/andre/ros2_ws/install/moveit_controls:/opt/ros/jazzy DEBUGINFOD_URLS=https://debuginfod.ubuntu.com /usr/bin/cmake --build /home/andre/ros2_ws/build/move_program -- -j4 -l4
[0.096s] [ 50%] [32mBuilding CXX object CMakeFiles/move_program.dir/src/move_program.cpp.o[0m
[7.944s] [100%] [32m[1mLinking CXX executable move_program[0m
[8.306s] [100%] Built target move_program
[8.318s] Invoked command in '/home/andre/ros2_ws/build/move_program' returned '0': CMAKE_PREFIX_PATH=${CMAKE_PREFIX_PATH}:/home/andre/ros2_ws/install/pose_printer:/home/andre/ros2_ws/install/moveit_controls:/opt/ros/jazzy DEBUGINFOD_URLS=https://debuginfod.ubuntu.com /usr/bin/cmake --build /home/andre/ros2_ws/build/move_program -- -j4 -l4
[8.331s] Invoking command in '/home/andre/ros2_ws/build/move_program': CMAKE_PREFIX_PATH=${CMAKE_PREFIX_PATH}:/home/andre/ros2_ws/install/pose_printer:/home/andre/ros2_ws/install/moveit_controls:/opt/ros/jazzy DEBUGINFOD_URLS=https://debuginfod.ubuntu.com /usr/bin/cmake --install /home/andre/ros2_ws/build/move_program
[8.342s] -- Install configuration: ""
[8.342s] -- Installing: /home/andre/ros2_ws/install/move_program/lib/move_program/move_program
[8.343s] -- Set non-toolchain portion of runtime path of "/home/andre/ros2_ws/install/move_program/lib/move_program/move_program" to ""
[8.343s] -- Up-to-date: /home/andre/ros2_ws/install/move_program/share/ament_index/resource_index/package_run_dependencies/move_program
[8.344s] -- Up-to-date: /home/andre/ros2_ws/install/move_program/share/ament_index/resource_index/parent_prefix_path/move_program
[8.344s] -- Up-to-date: /home/andre/ros2_ws/install/move_program/share/move_program/environment/ament_prefix_path.sh
[8.344s] -- Up-to-date: /home/andre/ros2_ws/install/move_program/share/move_program/environment/ament_prefix_path.dsv
[8.344s] -- Up-to-date: /home/andre/ros2_ws/install/move_program/share/move_program/environment/path.sh
[8.344s] -- Up-to-date: /home/andre/ros2_ws/install/move_program/share/move_program/environment/path.dsv
[8.345s] -- Up-to-date: /home/andre/ros2_ws/install/move_program/share/move_program/local_setup.bash
[8.345s] -- Up-to-date: /home/andre/ros2_ws/install/move_program/share/move_program/local_setup.sh
[8.345s] -- Up-to-date: /home/andre/ros2_ws/install/move_program/share/move_program/local_setup.zsh
[8.346s] -- Up-to-date: /home/andre/ros2_ws/install/move_program/share/move_program/local_setup.dsv
[8.346s] -- Installing: /home/andre/ros2_ws/install/move_program/share/move_program/package.dsv
[8.346s] -- Up-to-date: /home/andre/ros2_ws/install/move_program/share/ament_index/resource_index/packages/move_program
[8.346s] -- Up-to-date: /home/andre/ros2_ws/install/move_program/share/move_program/cmake/move_programConfig.cmake
[8.346s] -- Up-to-date: /home/andre/ros2_ws/install/move_program/share/move_program/cmake/move_programConfig-version.cmake
[8.346s] -- Up-to-date: /home/andre/ros2_ws/install/move_program/share/move_program/package.xml
[8.347s] Invoked command in '/home/andre/ros2_ws/build/move_program' returned '0': CMAKE_PREFIX_PATH=${CMAKE_PREFIX_PATH}:/home/andre/ros2_ws/install/pose_printer:/home/andre/ros2_ws/install/moveit_controls:/opt/ros/jazzy DEBUGINFOD_URLS=https://debuginfod.ubuntu.com /usr/bin/cmake --install /home/andre/ros2_ws/build/move_program
