[0.516s] DEBUG:colcon:Command line arguments: ['/usr/bin/colcon', 'build', '--packages-select', 'esp32_controller']
[0.516s] DEBUG:colcon:Parsed command line arguments: Namespace(log_base=None, log_level=None, verb_name='build', build_base='build', install_base='install', merge_install=False, symlink_install=False, test_result_base=None, continue_on_error=False, executor='parallel', parallel_workers=4, event_handlers=None, ignore_user_meta=False, metas=['./colcon.meta'], base_paths=['.'], packages_ignore=None, packages_ignore_regex=None, paths=None, packages_up_to=None, packages_up_to_regex=None, packages_above=None, packages_above_and_dependencies=None, packages_above_depth=None, packages_select_by_dep=None, packages_skip_by_dep=None, packages_skip_up_to=None, packages_select_build_failed=False, packages_skip_build_finished=False, packages_select_test_failures=False, packages_skip_test_passed=False, packages_select=['esp32_controller'], packages_skip=None, packages_select_regex=None, packages_skip_regex=None, packages_start=None, packages_end=None, allow_overriding=[], cmake_args=None, cmake_target=None, cmake_target_skip_unavailable=False, cmake_clean_cache=False, cmake_clean_first=False, cmake_force_configure=False, ament_cmake_args=None, catkin_cmake_args=None, catkin_skip_building_tests=False, mixin_files=None, mixin=None, verb_parser=<colcon_mixin.mixin.mixin_argument.MixinArgumentDecorator object at 0xffff9512c8f0>, verb_extension=<colcon_core.verb.build.BuildVerb object at 0xffff952e5010>, main=<bound method BuildVerb.main of <colcon_core.verb.build.BuildVerb object at 0xffff952e5010>>, mixin_verb=('build',))
[0.704s] Level 1:colcon.colcon_core.package_discovery:discover_packages(colcon_meta) check parameters
[0.704s] Level 1:colcon.colcon_core.package_discovery:discover_packages(recursive) check parameters
[0.704s] Level 1:colcon.colcon_core.package_discovery:discover_packages(ignore) check parameters
[0.704s] Level 1:colcon.colcon_core.package_discovery:discover_packages(path) check parameters
[0.704s] Level 1:colcon.colcon_core.package_discovery:discover_packages(colcon_meta) discover
[0.705s] Level 1:colcon.colcon_core.package_discovery:discover_packages(recursive) discover
[0.705s] INFO:colcon.colcon_core.package_discovery:Crawling recursively for packages in '/home/bot/ros2_ws'
[0.705s] Level 1:colcon.colcon_core.package_identification:_identify(.) by extensions ['ignore', 'ignore_ament_install']
[0.706s] Level 1:colcon.colcon_core.package_identification:_identify(.) by extension 'ignore'
[0.706s] Level 1:colcon.colcon_core.package_identification:_identify(.) by extension 'ignore_ament_install'
[0.706s] Level 1:colcon.colcon_core.package_identification:_identify(.) by extensions ['colcon_pkg']
[0.707s] Level 1:colcon.colcon_core.package_identification:_identify(.) by extension 'colcon_pkg'
[0.707s] Level 1:colcon.colcon_core.package_identification:_identify(.) by extensions ['colcon_meta']
[0.707s] Level 1:colcon.colcon_core.package_identification:_identify(.) by extension 'colcon_meta'
[0.707s] Level 1:colcon.colcon_core.package_identification:_identify(.) by extensions ['ros']
[0.708s] Level 1:colcon.colcon_core.package_identification:_identify(.) by extension 'ros'
[0.818s] Level 1:colcon.colcon_core.package_identification:_identify(.) by extensions ['cmake', 'python']
[0.818s] Level 1:colcon.colcon_core.package_identification:_identify(.) by extension 'cmake'
[0.818s] Level 1:colcon.colcon_core.package_identification:_identify(.) by extension 'python'
[0.819s] Level 1:colcon.colcon_core.package_identification:_identify(.) by extensions ['python_setup_py']
[0.819s] Level 1:colcon.colcon_core.package_identification:_identify(.) by extension 'python_setup_py'
[0.819s] Level 1:colcon.colcon_core.package_identification:_identify(build) by extensions ['ignore', 'ignore_ament_install']
[0.820s] Level 1:colcon.colcon_core.package_identification:_identify(build) by extension 'ignore'
[0.820s] Level 1:colcon.colcon_core.package_identification:_identify(build) ignored
[0.821s] Level 1:colcon.colcon_core.package_identification:_identify(install) by extensions ['ignore', 'ignore_ament_install']
[0.821s] Level 1:colcon.colcon_core.package_identification:_identify(install) by extension 'ignore'
[0.821s] Level 1:colcon.colcon_core.package_identification:_identify(install) ignored
[0.823s] Level 1:colcon.colcon_core.package_identification:_identify(log) by extensions ['ignore', 'ignore_ament_install']
[0.823s] Level 1:colcon.colcon_core.package_identification:_identify(log) by extension 'ignore'
[0.824s] Level 1:colcon.colcon_core.package_identification:_identify(log) ignored
[0.824s] Level 1:colcon.colcon_core.package_identification:_identify(src) by extensions ['ignore', 'ignore_ament_install']
[0.825s] Level 1:colcon.colcon_core.package_identification:_identify(src) by extension 'ignore'
[0.825s] Level 1:colcon.colcon_core.package_identification:_identify(src) by extension 'ignore_ament_install'
[0.825s] Level 1:colcon.colcon_core.package_identification:_identify(src) by extensions ['colcon_pkg']
[0.825s] Level 1:colcon.colcon_core.package_identification:_identify(src) by extension 'colcon_pkg'
[0.825s] Level 1:colcon.colcon_core.package_identification:_identify(src) by extensions ['colcon_meta']
[0.826s] Level 1:colcon.colcon_core.package_identification:_identify(src) by extension 'colcon_meta'
[0.826s] Level 1:colcon.colcon_core.package_identification:_identify(src) by extensions ['ros']
[0.826s] Level 1:colcon.colcon_core.package_identification:_identify(src) by extension 'ros'
[0.826s] Level 1:colcon.colcon_core.package_identification:_identify(src) by extensions ['cmake', 'python']
[0.826s] Level 1:colcon.colcon_core.package_identification:_identify(src) by extension 'cmake'
[0.827s] Level 1:colcon.colcon_core.package_identification:_identify(src) by extension 'python'
[0.827s] Level 1:colcon.colcon_core.package_identification:_identify(src) by extensions ['python_setup_py']
[0.827s] Level 1:colcon.colcon_core.package_identification:_identify(src) by extension 'python_setup_py'
[0.828s] Level 1:colcon.colcon_core.package_identification:_identify(src/build) by extensions ['ignore', 'ignore_ament_install']
[0.828s] Level 1:colcon.colcon_core.package_identification:_identify(src/build) by extension 'ignore'
[0.829s] Level 1:colcon.colcon_core.package_identification:_identify(src/build) ignored
[0.829s] Level 1:colcon.colcon_core.package_identification:_identify(src/cpp_pubsub) by extensions ['ignore', 'ignore_ament_install']
[0.829s] Level 1:colcon.colcon_core.package_identification:_identify(src/cpp_pubsub) by extension 'ignore'
[0.830s] Level 1:colcon.colcon_core.package_identification:_identify(src/cpp_pubsub) by extension 'ignore_ament_install'
[0.830s] Level 1:colcon.colcon_core.package_identification:_identify(src/cpp_pubsub) by extensions ['colcon_pkg']
[0.830s] Level 1:colcon.colcon_core.package_identification:_identify(src/cpp_pubsub) by extension 'colcon_pkg'
[0.830s] Level 1:colcon.colcon_core.package_identification:_identify(src/cpp_pubsub) by extensions ['colcon_meta']
[0.830s] Level 1:colcon.colcon_core.package_identification:_identify(src/cpp_pubsub) by extension 'colcon_meta'
[0.831s] Level 1:colcon.colcon_core.package_identification:_identify(src/cpp_pubsub) by extensions ['ros']
[0.831s] Level 1:colcon.colcon_core.package_identification:_identify(src/cpp_pubsub) by extension 'ros'
[0.840s] DEBUG:colcon.colcon_core.package_identification:Package 'src/cpp_pubsub' with type 'ros.ament_cmake' and name 'cpp_pubsub'
[0.840s] Level 1:colcon.colcon_core.package_identification:_identify(src/esp32_controller) by extensions ['ignore', 'ignore_ament_install']
[0.841s] Level 1:colcon.colcon_core.package_identification:_identify(src/esp32_controller) by extension 'ignore'
[0.841s] Level 1:colcon.colcon_core.package_identification:_identify(src/esp32_controller) by extension 'ignore_ament_install'
[0.841s] Level 1:colcon.colcon_core.package_identification:_identify(src/esp32_controller) by extensions ['colcon_pkg']
[0.841s] Level 1:colcon.colcon_core.package_identification:_identify(src/esp32_controller) by extension 'colcon_pkg'
[0.841s] Level 1:colcon.colcon_core.package_identification:_identify(src/esp32_controller) by extensions ['colcon_meta']
[0.842s] Level 1:colcon.colcon_core.package_identification:_identify(src/esp32_controller) by extension 'colcon_meta'
[0.842s] Level 1:colcon.colcon_core.package_identification:_identify(src/esp32_controller) by extensions ['ros']
[0.842s] Level 1:colcon.colcon_core.package_identification:_identify(src/esp32_controller) by extension 'ros'
[0.845s] DEBUG:colcon.colcon_core.package_identification:Package 'src/esp32_controller' with type 'ros.ament_cmake' and name 'esp32_controller'
[0.845s] Level 1:colcon.colcon_core.package_identification:_identify(src/imu_controller) by extensions ['ignore', 'ignore_ament_install']
[0.846s] Level 1:colcon.colcon_core.package_identification:_identify(src/imu_controller) by extension 'ignore'
[0.846s] Level 1:colcon.colcon_core.package_identification:_identify(src/imu_controller) by extension 'ignore_ament_install'
[0.846s] Level 1:colcon.colcon_core.package_identification:_identify(src/imu_controller) by extensions ['colcon_pkg']
[0.847s] Level 1:colcon.colcon_core.package_identification:_identify(src/imu_controller) by extension 'colcon_pkg'
[0.847s] Level 1:colcon.colcon_core.package_identification:_identify(src/imu_controller) by extensions ['colcon_meta']
[0.847s] Level 1:colcon.colcon_core.package_identification:_identify(src/imu_controller) by extension 'colcon_meta'
[0.848s] Level 1:colcon.colcon_core.package_identification:_identify(src/imu_controller) by extensions ['ros']
[0.848s] Level 1:colcon.colcon_core.package_identification:_identify(src/imu_controller) by extension 'ros'
[0.850s] DEBUG:colcon.colcon_core.package_identification:Package 'src/imu_controller' with type 'ros.ament_cmake' and name 'imu_controller'
[0.851s] Level 1:colcon.colcon_core.package_identification:_identify(src/install) by extensions ['ignore', 'ignore_ament_install']
[0.851s] Level 1:colcon.colcon_core.package_identification:_identify(src/install) by extension 'ignore'
[0.851s] Level 1:colcon.colcon_core.package_identification:_identify(src/install) ignored
[0.852s] Level 1:colcon.colcon_core.package_identification:_identify(src/log) by extensions ['ignore', 'ignore_ament_install']
[0.852s] Level 1:colcon.colcon_core.package_identification:_identify(src/log) by extension 'ignore'
[0.853s] Level 1:colcon.colcon_core.package_identification:_identify(src/log) ignored
[0.853s] Level 1:colcon.colcon_core.package_identification:_identify(src/move_program) by extensions ['ignore', 'ignore_ament_install']
[0.853s] Level 1:colcon.colcon_core.package_identification:_identify(src/move_program) by extension 'ignore'
[0.854s] Level 1:colcon.colcon_core.package_identification:_identify(src/move_program) by extension 'ignore_ament_install'
[0.854s] Level 1:colcon.colcon_core.package_identification:_identify(src/move_program) by extensions ['colcon_pkg']
[0.854s] Level 1:colcon.colcon_core.package_identification:_identify(src/move_program) by extension 'colcon_pkg'
[0.854s] Level 1:colcon.colcon_core.package_identification:_identify(src/move_program) by extensions ['colcon_meta']
[0.854s] Level 1:colcon.colcon_core.package_identification:_identify(src/move_program) by extension 'colcon_meta'
[0.855s] Level 1:colcon.colcon_core.package_identification:_identify(src/move_program) by extensions ['ros']
[0.855s] Level 1:colcon.colcon_core.package_identification:_identify(src/move_program) by extension 'ros'
[0.857s] DEBUG:colcon.colcon_core.package_identification:Package 'src/move_program' with type 'ros.ament_cmake' and name 'move_program'
[0.858s] Level 1:colcon.colcon_core.package_identification:_identify(src/moveit_controls) by extensions ['ignore', 'ignore_ament_install']
[0.859s] Level 1:colcon.colcon_core.package_identification:_identify(src/moveit_controls) by extension 'ignore'
[0.859s] Level 1:colcon.colcon_core.package_identification:_identify(src/moveit_controls) by extension 'ignore_ament_install'
[0.860s] Level 1:colcon.colcon_core.package_identification:_identify(src/moveit_controls) by extensions ['colcon_pkg']
[0.860s] Level 1:colcon.colcon_core.package_identification:_identify(src/moveit_controls) by extension 'colcon_pkg'
[0.860s] Level 1:colcon.colcon_core.package_identification:_identify(src/moveit_controls) by extensions ['colcon_meta']
[0.860s] Level 1:colcon.colcon_core.package_identification:_identify(src/moveit_controls) by extension 'colcon_meta'
[0.860s] Level 1:colcon.colcon_core.package_identification:_identify(src/moveit_controls) by extensions ['ros']
[0.861s] Level 1:colcon.colcon_core.package_identification:_identify(src/moveit_controls) by extension 'ros'
[0.863s] DEBUG:colcon.colcon_core.package_identification:Package 'src/moveit_controls' with type 'ros.ament_python' and name 'moveit_controls'
[0.864s] Level 1:colcon.colcon_core.package_identification:_identify(src/mqtt_imu) by extensions ['ignore', 'ignore_ament_install']
[0.864s] Level 1:colcon.colcon_core.package_identification:_identify(src/mqtt_imu) by extension 'ignore'
[0.864s] Level 1:colcon.colcon_core.package_identification:_identify(src/mqtt_imu) by extension 'ignore_ament_install'
[0.864s] Level 1:colcon.colcon_core.package_identification:_identify(src/mqtt_imu) by extensions ['colcon_pkg']
[0.865s] Level 1:colcon.colcon_core.package_identification:_identify(src/mqtt_imu) by extension 'colcon_pkg'
[0.865s] Level 1:colcon.colcon_core.package_identification:_identify(src/mqtt_imu) by extensions ['colcon_meta']
[0.865s] Level 1:colcon.colcon_core.package_identification:_identify(src/mqtt_imu) by extension 'colcon_meta'
[0.865s] Level 1:colcon.colcon_core.package_identification:_identify(src/mqtt_imu) by extensions ['ros']
[0.865s] Level 1:colcon.colcon_core.package_identification:_identify(src/mqtt_imu) by extension 'ros'
[0.867s] DEBUG:colcon.colcon_core.package_identification:Package 'src/mqtt_imu' with type 'ros.ament_python' and name 'mqtt_imu'
[0.868s] Level 1:colcon.colcon_core.package_identification:_identify(src/pose_printer) by extensions ['ignore', 'ignore_ament_install']
[0.868s] Level 1:colcon.colcon_core.package_identification:_identify(src/pose_printer) by extension 'ignore'
[0.869s] Level 1:colcon.colcon_core.package_identification:_identify(src/pose_printer) by extension 'ignore_ament_install'
[0.869s] Level 1:colcon.colcon_core.package_identification:_identify(src/pose_printer) by extensions ['colcon_pkg']
[0.869s] Level 1:colcon.colcon_core.package_identification:_identify(src/pose_printer) by extension 'colcon_pkg'
[0.869s] Level 1:colcon.colcon_core.package_identification:_identify(src/pose_printer) by extensions ['colcon_meta']
[0.870s] Level 1:colcon.colcon_core.package_identification:_identify(src/pose_printer) by extension 'colcon_meta'
[0.870s] Level 1:colcon.colcon_core.package_identification:_identify(src/pose_printer) by extensions ['ros']
[0.870s] Level 1:colcon.colcon_core.package_identification:_identify(src/pose_printer) by extension 'ros'
[0.872s] DEBUG:colcon.colcon_core.package_identification:Package 'src/pose_printer' with type 'ros.ament_python' and name 'pose_printer'
[0.873s] Level 1:colcon.colcon_core.package_identification:_identify(src/robotic_arm_config) by extensions ['ignore', 'ignore_ament_install']
[0.873s] Level 1:colcon.colcon_core.package_identification:_identify(src/robotic_arm_config) by extension 'ignore'
[0.874s] Level 1:colcon.colcon_core.package_identification:_identify(src/robotic_arm_config) by extension 'ignore_ament_install'
[0.874s] Level 1:colcon.colcon_core.package_identification:_identify(src/robotic_arm_config) by extensions ['colcon_pkg']
[0.874s] Level 1:colcon.colcon_core.package_identification:_identify(src/robotic_arm_config) by extension 'colcon_pkg'
[0.874s] Level 1:colcon.colcon_core.package_identification:_identify(src/robotic_arm_config) by extensions ['colcon_meta']
[0.874s] Level 1:colcon.colcon_core.package_identification:_identify(src/robotic_arm_config) by extension 'colcon_meta'
[0.875s] Level 1:colcon.colcon_core.package_identification:_identify(src/robotic_arm_config) by extensions ['ros']
[0.875s] Level 1:colcon.colcon_core.package_identification:_identify(src/robotic_arm_config) by extension 'ros'
[0.878s] DEBUG:colcon.colcon_core.package_identification:Package 'src/robotic_arm_config' with type 'ros.ament_cmake' and name 'robotic_arm_config'
[0.878s] Level 1:colcon.colcon_core.package_identification:_identify(src/robotic_arm_model_v3) by extensions ['ignore', 'ignore_ament_install']
[0.879s] Level 1:colcon.colcon_core.package_identification:_identify(src/robotic_arm_model_v3) by extension 'ignore'
[0.879s] Level 1:colcon.colcon_core.package_identification:_identify(src/robotic_arm_model_v3) by extension 'ignore_ament_install'
[0.879s] Level 1:colcon.colcon_core.package_identification:_identify(src/robotic_arm_model_v3) by extensions ['colcon_pkg']
[0.879s] Level 1:colcon.colcon_core.package_identification:_identify(src/robotic_arm_model_v3) by extension 'colcon_pkg'
[0.880s] Level 1:colcon.colcon_core.package_identification:_identify(src/robotic_arm_model_v3) by extensions ['colcon_meta']
[0.880s] Level 1:colcon.colcon_core.package_identification:_identify(src/robotic_arm_model_v3) by extension 'colcon_meta'
[0.880s] Level 1:colcon.colcon_core.package_identification:_identify(src/robotic_arm_model_v3) by extensions ['ros']
[0.880s] Level 1:colcon.colcon_core.package_identification:_identify(src/robotic_arm_model_v3) by extension 'ros'
[0.882s] DEBUG:colcon.colcon_core.package_identification:Package 'src/robotic_arm_model_v3' with type 'ros.ament_cmake' and name 'robotic_arm_model_v3'
[0.882s] Level 1:colcon.colcon_core.package_identification:_identify(src/robotic_arm_moveit) by extensions ['ignore', 'ignore_ament_install']
[0.883s] Level 1:colcon.colcon_core.package_identification:_identify(src/robotic_arm_moveit) by extension 'ignore'
[0.883s] Level 1:colcon.colcon_core.package_identification:_identify(src/robotic_arm_moveit) by extension 'ignore_ament_install'
[0.884s] Level 1:colcon.colcon_core.package_identification:_identify(src/robotic_arm_moveit) by extensions ['colcon_pkg']
[0.884s] Level 1:colcon.colcon_core.package_identification:_identify(src/robotic_arm_moveit) by extension 'colcon_pkg'
[0.884s] Level 1:colcon.colcon_core.package_identification:_identify(src/robotic_arm_moveit) by extensions ['colcon_meta']
[0.884s] Level 1:colcon.colcon_core.package_identification:_identify(src/robotic_arm_moveit) by extension 'colcon_meta'
[0.884s] Level 1:colcon.colcon_core.package_identification:_identify(src/robotic_arm_moveit) by extensions ['ros']
[0.884s] Level 1:colcon.colcon_core.package_identification:_identify(src/robotic_arm_moveit) by extension 'ros'
[0.886s] DEBUG:colcon.colcon_core.package_identification:Package 'src/robotic_arm_moveit' with type 'ros.ament_cmake' and name 'robotic_arm_moveit'
[0.887s] Level 1:colcon.colcon_core.package_identification:_identify(src/robotic_arm_v3_config) by extensions ['ignore', 'ignore_ament_install']
[0.888s] Level 1:colcon.colcon_core.package_identification:_identify(src/robotic_arm_v3_config) by extension 'ignore'
[0.888s] Level 1:colcon.colcon_core.package_identification:_identify(src/robotic_arm_v3_config) by extension 'ignore_ament_install'
[0.888s] Level 1:colcon.colcon_core.package_identification:_identify(src/robotic_arm_v3_config) by extensions ['colcon_pkg']
[0.888s] Level 1:colcon.colcon_core.package_identification:_identify(src/robotic_arm_v3_config) by extension 'colcon_pkg'
[0.889s] Level 1:colcon.colcon_core.package_identification:_identify(src/robotic_arm_v3_config) by extensions ['colcon_meta']
[0.889s] Level 1:colcon.colcon_core.package_identification:_identify(src/robotic_arm_v3_config) by extension 'colcon_meta'
[0.889s] Level 1:colcon.colcon_core.package_identification:_identify(src/robotic_arm_v3_config) by extensions ['ros']
[0.889s] Level 1:colcon.colcon_core.package_identification:_identify(src/robotic_arm_v3_config) by extension 'ros'
[0.892s] DEBUG:colcon.colcon_core.package_identification:Package 'src/robotic_arm_v3_config' with type 'ros.ament_cmake' and name 'robotic_arm_v3_config'
[0.892s] Level 1:colcon.colcon_core.package_identification:_identify(src/ros_gz) by extensions ['ignore', 'ignore_ament_install']
[0.893s] Level 1:colcon.colcon_core.package_identification:_identify(src/ros_gz) by extension 'ignore'
[0.893s] Level 1:colcon.colcon_core.package_identification:_identify(src/ros_gz) by extension 'ignore_ament_install'
[0.893s] Level 1:colcon.colcon_core.package_identification:_identify(src/ros_gz) by extensions ['colcon_pkg']
[0.893s] Level 1:colcon.colcon_core.package_identification:_identify(src/ros_gz) by extension 'colcon_pkg'
[0.894s] Level 1:colcon.colcon_core.package_identification:_identify(src/ros_gz) by extensions ['colcon_meta']
[0.894s] Level 1:colcon.colcon_core.package_identification:_identify(src/ros_gz) by extension 'colcon_meta'
[0.894s] Level 1:colcon.colcon_core.package_identification:_identify(src/ros_gz) by extensions ['ros']
[0.894s] Level 1:colcon.colcon_core.package_identification:_identify(src/ros_gz) by extension 'ros'
[0.894s] Level 1:colcon.colcon_core.package_identification:_identify(src/ros_gz) by extensions ['cmake', 'python']
[0.894s] Level 1:colcon.colcon_core.package_identification:_identify(src/ros_gz) by extension 'cmake'
[0.895s] Level 1:colcon.colcon_core.package_identification:_identify(src/ros_gz) by extension 'python'
[0.895s] Level 1:colcon.colcon_core.package_identification:_identify(src/ros_gz) by extensions ['python_setup_py']
[0.895s] Level 1:colcon.colcon_core.package_identification:_identify(src/ros_gz) by extension 'python_setup_py'
[0.895s] Level 1:colcon.colcon_core.package_discovery:discover_packages(recursive) using defaults
[0.895s] Level 1:colcon.colcon_core.package_discovery:discover_packages(ignore) discover
[0.896s] Level 1:colcon.colcon_core.package_discovery:discover_packages(ignore) using defaults
[0.896s] Level 1:colcon.colcon_core.package_discovery:discover_packages(path) discover
[0.896s] Level 1:colcon.colcon_core.package_discovery:discover_packages(path) using defaults
[0.979s] INFO:colcon.colcon_core.package_selection:Skipping not selected package 'cpp_pubsub' in 'src/cpp_pubsub'
[0.979s] INFO:colcon.colcon_core.package_selection:Skipping not selected package 'imu_controller' in 'src/imu_controller'
[0.979s] INFO:colcon.colcon_core.package_selection:Skipping not selected package 'move_program' in 'src/move_program'
[0.980s] INFO:colcon.colcon_core.package_selection:Skipping not selected package 'moveit_controls' in 'src/moveit_controls'
[0.980s] INFO:colcon.colcon_core.package_selection:Skipping not selected package 'mqtt_imu' in 'src/mqtt_imu'
[0.980s] INFO:colcon.colcon_core.package_selection:Skipping not selected package 'pose_printer' in 'src/pose_printer'
[0.980s] INFO:colcon.colcon_core.package_selection:Skipping not selected package 'robotic_arm_config' in 'src/robotic_arm_config'
[0.980s] INFO:colcon.colcon_core.package_selection:Skipping not selected package 'robotic_arm_model_v3' in 'src/robotic_arm_model_v3'
[0.980s] INFO:colcon.colcon_core.package_selection:Skipping not selected package 'robotic_arm_moveit' in 'src/robotic_arm_moveit'
[0.980s] INFO:colcon.colcon_core.package_selection:Skipping not selected package 'robotic_arm_v3_config' in 'src/robotic_arm_v3_config'
[0.982s] Level 1:colcon.colcon_core.package_discovery:discover_packages(prefix_path) check parameters
[0.982s] Level 1:colcon.colcon_core.package_discovery:discover_packages(prefix_path) discover
[0.995s] DEBUG:colcon.colcon_installed_package_information.package_discovery:Found 11 installed packages in /home/bot/ros2_ws/install
[1.009s] DEBUG:colcon.colcon_installed_package_information.package_discovery:Found 380 installed packages in /opt/ros/jazzy
[1.014s] Level 1:colcon.colcon_core.package_discovery:discover_packages(prefix_path) using defaults
[1.298s] Level 5:colcon.colcon_core.verb:set package 'esp32_controller' build argument 'cmake_args' from command line to 'None'
[1.298s] Level 5:colcon.colcon_core.verb:set package 'esp32_controller' build argument 'cmake_target' from command line to 'None'
[1.298s] Level 5:colcon.colcon_core.verb:set package 'esp32_controller' build argument 'cmake_target_skip_unavailable' from command line to 'False'
[1.298s] Level 5:colcon.colcon_core.verb:set package 'esp32_controller' build argument 'cmake_clean_cache' from command line to 'False'
[1.298s] Level 5:colcon.colcon_core.verb:set package 'esp32_controller' build argument 'cmake_clean_first' from command line to 'False'
[1.298s] Level 5:colcon.colcon_core.verb:set package 'esp32_controller' build argument 'cmake_force_configure' from command line to 'False'
[1.299s] Level 5:colcon.colcon_core.verb:set package 'esp32_controller' build argument 'ament_cmake_args' from command line to 'None'
[1.299s] Level 5:colcon.colcon_core.verb:set package 'esp32_controller' build argument 'catkin_cmake_args' from command line to 'None'
[1.299s] Level 5:colcon.colcon_core.verb:set package 'esp32_controller' build argument 'catkin_skip_building_tests' from command line to 'False'
[1.299s] DEBUG:colcon.colcon_core.verb:Building package 'esp32_controller' with the following arguments: {'ament_cmake_args': None, 'build_base': '/home/bot/ros2_ws/build/esp32_controller', 'catkin_cmake_args': None, 'catkin_skip_building_tests': False, 'cmake_args': None, 'cmake_clean_cache': False, 'cmake_clean_first': False, 'cmake_force_configure': False, 'cmake_target': None, 'cmake_target_skip_unavailable': False, 'install_base': '/home/bot/ros2_ws/install/esp32_controller', 'merge_install': False, 'path': '/home/bot/ros2_ws/src/esp32_controller', 'symlink_install': False, 'test_result_base': None}
[1.299s] INFO:colcon.colcon_core.executor:Executing jobs using 'parallel' executor
[1.303s] DEBUG:colcon.colcon_parallel_executor.executor.parallel:run_until_complete
[1.304s] INFO:colcon.colcon_ros.task.ament_cmake.build:Building ROS package in '/home/bot/ros2_ws/src/esp32_controller' with build type 'ament_cmake'
[1.304s] INFO:colcon.colcon_cmake.task.cmake.build:Building CMake package in '/home/bot/ros2_ws/src/esp32_controller'
[1.314s] INFO:colcon.colcon_core.plugin_system:Skipping extension 'colcon_core.shell.bat': Not used on non-Windows systems
[1.315s] INFO:colcon.colcon_core.shell:Skip shell extension 'powershell' for command environment: Not usable outside of PowerShell
[1.316s] DEBUG:colcon.colcon_core.shell:Skip shell extension 'dsv' for command environment
[1.378s] DEBUG:colcon.colcon_core.event_handler.log_command:Invoking command in '/home/bot/ros2_ws/build/esp32_controller': CMAKE_PREFIX_PATH=${CMAKE_PREFIX_PATH}:/home/bot/ros2_ws/install/pose_printer:/home/bot/ros2_ws/install/mqtt_imu:/home/bot/ros2_ws/install/moveit_controls:/opt/ros/jazzy DEBUGINFOD_URLS=https://debuginfod.ubuntu.com /usr/bin/cmake --build /home/bot/ros2_ws/build/esp32_controller -- -j4 -l4
[72.539s] DEBUG:colcon.colcon_core.event_handler.log_command:Invoked command in '/home/bot/ros2_ws/build/esp32_controller' returned '0': CMAKE_PREFIX_PATH=${CMAKE_PREFIX_PATH}:/home/bot/ros2_ws/install/pose_printer:/home/bot/ros2_ws/install/mqtt_imu:/home/bot/ros2_ws/install/moveit_controls:/opt/ros/jazzy DEBUGINFOD_URLS=https://debuginfod.ubuntu.com /usr/bin/cmake --build /home/bot/ros2_ws/build/esp32_controller -- -j4 -l4
[72.599s] DEBUG:colcon.colcon_core.event_handler.log_command:Invoking command in '/home/bot/ros2_ws/build/esp32_controller': CMAKE_PREFIX_PATH=${CMAKE_PREFIX_PATH}:/home/bot/ros2_ws/install/pose_printer:/home/bot/ros2_ws/install/mqtt_imu:/home/bot/ros2_ws/install/moveit_controls:/opt/ros/jazzy DEBUGINFOD_URLS=https://debuginfod.ubuntu.com /usr/bin/cmake --install /home/bot/ros2_ws/build/esp32_controller
[72.729s] Level 1:colcon.colcon_core.environment:create_environment_scripts_only(esp32_controller)
[72.730s] DEBUG:colcon.colcon_core.event_handler.log_command:Invoked command in '/home/bot/ros2_ws/build/esp32_controller' returned '0': CMAKE_PREFIX_PATH=${CMAKE_PREFIX_PATH}:/home/bot/ros2_ws/install/pose_printer:/home/bot/ros2_ws/install/mqtt_imu:/home/bot/ros2_ws/install/moveit_controls:/opt/ros/jazzy DEBUGINFOD_URLS=https://debuginfod.ubuntu.com /usr/bin/cmake --install /home/bot/ros2_ws/build/esp32_controller
[72.741s] Level 1:colcon.colcon_core.environment:checking '/home/bot/ros2_ws/install/esp32_controller' for CMake module files
[72.745s] Level 1:colcon.colcon_core.environment:checking '/home/bot/ros2_ws/install/esp32_controller' for CMake config files
[72.746s] Level 1:colcon.colcon_core.shell:create_environment_hook('esp32_controller', 'cmake_prefix_path')
[72.747s] INFO:colcon.colcon_core.shell:Creating environment hook '/home/bot/ros2_ws/install/esp32_controller/share/esp32_controller/hook/cmake_prefix_path.ps1'
[72.749s] INFO:colcon.colcon_core.shell:Creating environment descriptor '/home/bot/ros2_ws/install/esp32_controller/share/esp32_controller/hook/cmake_prefix_path.dsv'
[72.751s] INFO:colcon.colcon_core.shell:Creating environment hook '/home/bot/ros2_ws/install/esp32_controller/share/esp32_controller/hook/cmake_prefix_path.sh'
[72.755s] Level 1:colcon.colcon_core.environment:checking '/home/bot/ros2_ws/install/esp32_controller/lib'
[72.756s] Level 1:colcon.colcon_core.environment:checking '/home/bot/ros2_ws/install/esp32_controller/bin'
[72.756s] Level 1:colcon.colcon_core.environment:checking '/home/bot/ros2_ws/install/esp32_controller/lib/pkgconfig/esp32_controller.pc'
[72.757s] Level 1:colcon.colcon_core.environment:checking '/home/bot/ros2_ws/install/esp32_controller/lib/python3.12/site-packages'
[72.759s] Level 1:colcon.colcon_core.environment:checking '/home/bot/ros2_ws/install/esp32_controller/bin'
[72.760s] INFO:colcon.colcon_core.shell:Creating package script '/home/bot/ros2_ws/install/esp32_controller/share/esp32_controller/package.ps1'
[72.763s] INFO:colcon.colcon_core.shell:Creating package descriptor '/home/bot/ros2_ws/install/esp32_controller/share/esp32_controller/package.dsv'
[72.765s] INFO:colcon.colcon_core.shell:Creating package script '/home/bot/ros2_ws/install/esp32_controller/share/esp32_controller/package.sh'
[72.768s] INFO:colcon.colcon_core.shell:Creating package script '/home/bot/ros2_ws/install/esp32_controller/share/esp32_controller/package.bash'
[72.771s] INFO:colcon.colcon_core.shell:Creating package script '/home/bot/ros2_ws/install/esp32_controller/share/esp32_controller/package.zsh'
[72.773s] Level 1:colcon.colcon_core.environment:create_file_with_runtime_dependencies(/home/bot/ros2_ws/install/esp32_controller/share/colcon-core/packages/esp32_controller)
[72.777s] Level 1:colcon.colcon_core.environment:create_environment_scripts_only(esp32_controller)
[72.778s] Level 1:colcon.colcon_core.environment:checking '/home/bot/ros2_ws/install/esp32_controller' for CMake module files
[72.781s] Level 1:colcon.colcon_core.environment:checking '/home/bot/ros2_ws/install/esp32_controller' for CMake config files
[72.782s] Level 1:colcon.colcon_core.shell:create_environment_hook('esp32_controller', 'cmake_prefix_path')
[72.783s] INFO:colcon.colcon_core.shell:Creating environment hook '/home/bot/ros2_ws/install/esp32_controller/share/esp32_controller/hook/cmake_prefix_path.ps1'
[72.785s] INFO:colcon.colcon_core.shell:Creating environment descriptor '/home/bot/ros2_ws/install/esp32_controller/share/esp32_controller/hook/cmake_prefix_path.dsv'
[72.787s] INFO:colcon.colcon_core.shell:Creating environment hook '/home/bot/ros2_ws/install/esp32_controller/share/esp32_controller/hook/cmake_prefix_path.sh'
[72.790s] Level 1:colcon.colcon_core.environment:checking '/home/bot/ros2_ws/install/esp32_controller/lib'
[72.791s] Level 1:colcon.colcon_core.environment:checking '/home/bot/ros2_ws/install/esp32_controller/bin'
[72.791s] Level 1:colcon.colcon_core.environment:checking '/home/bot/ros2_ws/install/esp32_controller/lib/pkgconfig/esp32_controller.pc'
[72.792s] Level 1:colcon.colcon_core.environment:checking '/home/bot/ros2_ws/install/esp32_controller/lib/python3.12/site-packages'
[72.793s] Level 1:colcon.colcon_core.environment:checking '/home/bot/ros2_ws/install/esp32_controller/bin'
[72.794s] INFO:colcon.colcon_core.shell:Creating package script '/home/bot/ros2_ws/install/esp32_controller/share/esp32_controller/package.ps1'
[72.797s] INFO:colcon.colcon_core.shell:Creating package descriptor '/home/bot/ros2_ws/install/esp32_controller/share/esp32_controller/package.dsv'
[72.803s] INFO:colcon.colcon_core.shell:Creating package script '/home/bot/ros2_ws/install/esp32_controller/share/esp32_controller/package.sh'
[72.805s] INFO:colcon.colcon_core.shell:Creating package script '/home/bot/ros2_ws/install/esp32_controller/share/esp32_controller/package.bash'
[72.808s] INFO:colcon.colcon_core.shell:Creating package script '/home/bot/ros2_ws/install/esp32_controller/share/esp32_controller/package.zsh'
[72.812s] Level 1:colcon.colcon_core.environment:create_file_with_runtime_dependencies(/home/bot/ros2_ws/install/esp32_controller/share/colcon-core/packages/esp32_controller)
[72.813s] DEBUG:colcon.colcon_parallel_executor.executor.parallel:closing loop
[72.815s] DEBUG:colcon.colcon_parallel_executor.executor.parallel:loop closed
[72.816s] DEBUG:colcon.colcon_parallel_executor.executor.parallel:run_until_complete finished with '0'
[72.816s] DEBUG:colcon.colcon_core.event_reactor:joining thread
[72.842s] INFO:colcon.colcon_core.plugin_system:Skipping extension 'colcon_notification.desktop_notification.terminal_notifier': Not used on non-Darwin systems
[72.842s] INFO:colcon.colcon_core.plugin_system:Skipping extension 'colcon_notification.desktop_notification.win32': Not used on non-Windows systems
[72.842s] INFO:colcon.colcon_notification.desktop_notification:Sending desktop notification using 'notify2'
[72.904s] DEBUG:colcon.colcon_core.event_reactor:joined thread
[72.905s] INFO:colcon.colcon_core.shell:Creating prefix script '/home/bot/ros2_ws/install/local_setup.ps1'
[72.909s] INFO:colcon.colcon_core.shell:Creating prefix util module '/home/bot/ros2_ws/install/_local_setup_util_ps1.py'
[72.914s] INFO:colcon.colcon_core.shell:Creating prefix chain script '/home/bot/ros2_ws/install/setup.ps1'
[72.921s] INFO:colcon.colcon_core.shell:Creating prefix script '/home/bot/ros2_ws/install/local_setup.sh'
[72.924s] INFO:colcon.colcon_core.shell:Creating prefix util module '/home/bot/ros2_ws/install/_local_setup_util_sh.py'
[72.927s] INFO:colcon.colcon_core.shell:Creating prefix chain script '/home/bot/ros2_ws/install/setup.sh'
[72.934s] INFO:colcon.colcon_core.shell:Creating prefix script '/home/bot/ros2_ws/install/local_setup.bash'
[72.936s] INFO:colcon.colcon_core.shell:Creating prefix chain script '/home/bot/ros2_ws/install/setup.bash'
[72.943s] INFO:colcon.colcon_core.shell:Creating prefix script '/home/bot/ros2_ws/install/local_setup.zsh'
[72.945s] INFO:colcon.colcon_core.shell:Creating prefix chain script '/home/bot/ros2_ws/install/setup.zsh'
