[0.135s] Invoking command in '/home/bot/ros2_ws/build/cpp_pubsub': CMAKE_PREFIX_PATH=${CMAKE_PREFIX_PATH}:/home/bot/ros2_ws/install/mqtt_imu:/home/bot/ros2_ws/install/pose_printer:/home/bot/ros2_ws/install/moveit_controls:/opt/ros/jazzy DEBUGINFOD_URLS=https://debuginfod.ubuntu.com /usr/bin/cmake /home/bot/ros2_ws/src/cpp_pubsub -DCMAKE_INSTALL_PREFIX=/home/bot/ros2_ws/install/cpp_pubsub
[1.730s] -- The C compiler identification is GNU 13.3.0
[2.813s] -- The CXX compiler identification is GNU 13.3.0
[3.143s] -- Detecting C compiler ABI info
[6.722s] -- Detecting C compiler ABI info - done
[6.768s] -- Check for working C compiler: /usr/bin/cc - skipped
[6.770s] -- Detecting C compile features
[6.775s] -- Detecting C compile features - done
[6.841s] -- Detecting CXX compiler ABI info
[7.605s] -- Detecting CXX compiler ABI info - done
[7.644s] -- Check for working CXX compiler: /usr/bin/c++ - skipped
[7.645s] -- Detecting CXX compile features
[7.647s] -- Detecting CXX compile features - done
[7.788s] -- Found ament_cmake: 2.5.4 (/opt/ros/jazzy/share/ament_cmake/cmake)
[9.015s] -- Found Python3: /usr/bin/python3 (found version "3.12.3") found components: Interpreter 
[10.283s] -- Found rclcpp: 28.1.13 (/opt/ros/jazzy/share/rclcpp/cmake)
[11.170s] -- Found rosidl_generator_c: 4.6.6 (/opt/ros/jazzy/share/rosidl_generator_c/cmake)
[11.386s] -- Found rosidl_generator_cpp: 4.6.6 (/opt/ros/jazzy/share/rosidl_generator_cpp/cmake)
[11.785s] -- Using all available rosidl_typesupport_c: rosidl_typesupport_fastrtps_c;rosidl_typesupport_introspection_c
[12.147s] -- Using all available rosidl_typesupport_cpp: rosidl_typesupport_fastrtps_cpp;rosidl_typesupport_introspection_cpp
[13.300s] -- Found rmw_implementation_cmake: 7.3.2 (/opt/ros/jazzy/share/rmw_implementation_cmake/cmake)
[13.354s] -- Found rmw_fastrtps_cpp: 8.4.3 (/opt/ros/jazzy/share/rmw_fastrtps_cpp/cmake)
[14.311s] -- Found OpenSSL: /usr/lib/aarch64-linux-gnu/libcrypto.so (found version "3.0.13")  
[14.462s] -- Found FastRTPS: /opt/ros/jazzy/include (Required is at least version "2.13") 
[14.599s] -- Using RMW implementation 'rmw_fastrtps_cpp' as default
[15.424s] -- Found std_msgs: 5.3.6 (/opt/ros/jazzy/share/std_msgs/cmake)
[16.269s] -- Configuring done (15.9s)
[16.381s] -- Generating done (0.1s)
[16.416s] -- Build files have been written to: /home/bot/ros2_ws/build/cpp_pubsub
[17.192s] Invoked command in '/home/bot/ros2_ws/build/cpp_pubsub' returned '0': CMAKE_PREFIX_PATH=${CMAKE_PREFIX_PATH}:/home/bot/ros2_ws/install/mqtt_imu:/home/bot/ros2_ws/install/pose_printer:/home/bot/ros2_ws/install/moveit_controls:/opt/ros/jazzy DEBUGINFOD_URLS=https://debuginfod.ubuntu.com /usr/bin/cmake /home/bot/ros2_ws/src/cpp_pubsub -DCMAKE_INSTALL_PREFIX=/home/bot/ros2_ws/install/cpp_pubsub
[17.200s] Invoking command in '/home/bot/ros2_ws/build/cpp_pubsub': CMAKE_PREFIX_PATH=${CMAKE_PREFIX_PATH}:/home/bot/ros2_ws/install/mqtt_imu:/home/bot/ros2_ws/install/pose_printer:/home/bot/ros2_ws/install/moveit_controls:/opt/ros/jazzy DEBUGINFOD_URLS=https://debuginfod.ubuntu.com /usr/bin/cmake --build /home/bot/ros2_ws/build/cpp_pubsub -- -j4 -l4
[17.661s] [ 25%] [32mBuilding CXX object CMakeFiles/listener.dir/src/subscriber_lambda_function.cpp.o[0m
[17.697s] [ 50%] [32mBuilding CXX object CMakeFiles/talker.dir/src/publisher_lambda_function.cpp.o[0m
[62.681s] [ 75%] [32m[1mLinking CXX executable talker[0m
[64.475s] [ 75%] Built target talker
[79.612s] [100%] [32m[1mLinking CXX executable listener[0m
[82.063s] [100%] Built target listener
[82.205s] Invoked command in '/home/bot/ros2_ws/build/cpp_pubsub' returned '0': CMAKE_PREFIX_PATH=${CMAKE_PREFIX_PATH}:/home/bot/ros2_ws/install/mqtt_imu:/home/bot/ros2_ws/install/pose_printer:/home/bot/ros2_ws/install/moveit_controls:/opt/ros/jazzy DEBUGINFOD_URLS=https://debuginfod.ubuntu.com /usr/bin/cmake --build /home/bot/ros2_ws/build/cpp_pubsub -- -j4 -l4
[82.220s] Invoking command in '/home/bot/ros2_ws/build/cpp_pubsub': CMAKE_PREFIX_PATH=${CMAKE_PREFIX_PATH}:/home/bot/ros2_ws/install/mqtt_imu:/home/bot/ros2_ws/install/pose_printer:/home/bot/ros2_ws/install/moveit_controls:/opt/ros/jazzy DEBUGINFOD_URLS=https://debuginfod.ubuntu.com /usr/bin/cmake --install /home/bot/ros2_ws/build/cpp_pubsub
[82.302s] -- Install configuration: ""
[82.303s] -- Installing: /home/bot/ros2_ws/install/cpp_pubsub/lib/cpp_pubsub/talker
[82.317s] -- Set non-toolchain portion of runtime path of "/home/bot/ros2_ws/install/cpp_pubsub/lib/cpp_pubsub/talker" to ""
[82.318s] -- Installing: /home/bot/ros2_ws/install/cpp_pubsub/lib/cpp_pubsub/listener
[82.372s] -- Set non-toolchain portion of runtime path of "/home/bot/ros2_ws/install/cpp_pubsub/lib/cpp_pubsub/listener" to ""
[82.376s] -- Up-to-date: /home/bot/ros2_ws/install/cpp_pubsub/lib/cpp_pubsub/talker
[82.380s] -- Installing: /home/bot/ros2_ws/install/cpp_pubsub/share/ament_index/resource_index/package_run_dependencies/cpp_pubsub
[82.389s] -- Installing: /home/bot/ros2_ws/install/cpp_pubsub/share/ament_index/resource_index/parent_prefix_path/cpp_pubsub
[82.393s] -- Installing: /home/bot/ros2_ws/install/cpp_pubsub/share/cpp_pubsub/environment/ament_prefix_path.sh
[82.394s] -- Installing: /home/bot/ros2_ws/install/cpp_pubsub/share/cpp_pubsub/environment/ament_prefix_path.dsv
[82.400s] -- Installing: /home/bot/ros2_ws/install/cpp_pubsub/share/cpp_pubsub/environment/path.sh
[82.401s] -- Installing: /home/bot/ros2_ws/install/cpp_pubsub/share/cpp_pubsub/environment/path.dsv
[82.407s] -- Installing: /home/bot/ros2_ws/install/cpp_pubsub/share/cpp_pubsub/local_setup.bash
[82.410s] -- Installing: /home/bot/ros2_ws/install/cpp_pubsub/share/cpp_pubsub/local_setup.sh
[82.415s] -- Installing: /home/bot/ros2_ws/install/cpp_pubsub/share/cpp_pubsub/local_setup.zsh
[82.419s] -- Installing: /home/bot/ros2_ws/install/cpp_pubsub/share/cpp_pubsub/local_setup.dsv
[82.429s] -- Installing: /home/bot/ros2_ws/install/cpp_pubsub/share/cpp_pubsub/package.dsv
[82.439s] -- Installing: /home/bot/ros2_ws/install/cpp_pubsub/share/ament_index/resource_index/packages/cpp_pubsub
[82.443s] -- Installing: /home/bot/ros2_ws/install/cpp_pubsub/share/cpp_pubsub/cmake/cpp_pubsubConfig.cmake
[82.447s] -- Installing: /home/bot/ros2_ws/install/cpp_pubsub/share/cpp_pubsub/cmake/cpp_pubsubConfig-version.cmake
[82.449s] -- Installing: /home/bot/ros2_ws/install/cpp_pubsub/share/cpp_pubsub/package.xml
[82.460s] Invoked command in '/home/bot/ros2_ws/build/cpp_pubsub' returned '0': CMAKE_PREFIX_PATH=${CMAKE_PREFIX_PATH}:/home/bot/ros2_ws/install/mqtt_imu:/home/bot/ros2_ws/install/pose_printer:/home/bot/ros2_ws/install/moveit_controls:/opt/ros/jazzy DEBUGINFOD_URLS=https://debuginfod.ubuntu.com /usr/bin/cmake --install /home/bot/ros2_ws/build/cpp_pubsub
