[0.013s] Invoking command in '/home/andre/ros2_ws/build/move_program': CMAKE_PREFIX_PATH=${CMAKE_PREFIX_PATH}:/home/andre/ros2_ws/install/pose_printer:/home/andre/ros2_ws/install/moveit_controls:/opt/ros/jazzy DEBUGINFOD_URLS=https://debuginfod.ubuntu.com /usr/bin/cmake --build /home/andre/ros2_ws/build/move_program -- -j4 -l4
[0.106s] [ 50%] [32mBuilding CXX object CMakeFiles/move_program.dir/src/move_program.cpp.o[0m
[8.651s] [100%] [32m[1mLinking CXX executable move_program[0m
[9.054s] [100%] Built target move_program
[9.066s] Invoked command in '/home/andre/ros2_ws/build/move_program' returned '0': CMAKE_PREFIX_PATH=${CMAKE_PREFIX_PATH}:/home/andre/ros2_ws/install/pose_printer:/home/andre/ros2_ws/install/moveit_controls:/opt/ros/jazzy DEBUGINFOD_URLS=https://debuginfod.ubuntu.com /usr/bin/cmake --build /home/andre/ros2_ws/build/move_program -- -j4 -l4
[9.078s] Invoking command in '/home/andre/ros2_ws/build/move_program': CMAKE_PREFIX_PATH=${CMAKE_PREFIX_PATH}:/home/andre/ros2_ws/install/pose_printer:/home/andre/ros2_ws/install/moveit_controls:/opt/ros/jazzy DEBUGINFOD_URLS=https://debuginfod.ubuntu.com /usr/bin/cmake --install /home/andre/ros2_ws/build/move_program
[9.088s] -- Install configuration: ""
[9.088s] -- Installing: /home/andre/ros2_ws/install/move_program/lib/move_program/move_program
[9.089s] -- Set non-toolchain portion of runtime path of "/home/andre/ros2_ws/install/move_program/lib/move_program/move_program" to ""
[9.089s] -- Up-to-date: /home/andre/ros2_ws/install/move_program/share/ament_index/resource_index/package_run_dependencies/move_program
[9.089s] -- Up-to-date: /home/andre/ros2_ws/install/move_program/share/ament_index/resource_index/parent_prefix_path/move_program
[9.089s] -- Up-to-date: /home/andre/ros2_ws/install/move_program/share/move_program/environment/ament_prefix_path.sh
[9.089s] -- Up-to-date: /home/andre/ros2_ws/install/move_program/share/move_program/environment/ament_prefix_path.dsv
[9.089s] -- Up-to-date: /home/andre/ros2_ws/install/move_program/share/move_program/environment/path.sh
[9.090s] -- Up-to-date: /home/andre/ros2_ws/install/move_program/share/move_program/environment/path.dsv
[9.090s] -- Up-to-date: /home/andre/ros2_ws/install/move_program/share/move_program/local_setup.bash
[9.090s] -- Up-to-date: /home/andre/ros2_ws/install/move_program/share/move_program/local_setup.sh
[9.090s] -- Up-to-date: /home/andre/ros2_ws/install/move_program/share/move_program/local_setup.zsh
[9.090s] -- Up-to-date: /home/andre/ros2_ws/install/move_program/share/move_program/local_setup.dsv
[9.090s] -- Installing: /home/andre/ros2_ws/install/move_program/share/move_program/package.dsv
[9.090s] -- Up-to-date: /home/andre/ros2_ws/install/move_program/share/ament_index/resource_index/packages/move_program
[9.090s] -- Up-to-date: /home/andre/ros2_ws/install/move_program/share/move_program/cmake/move_programConfig.cmake
[9.090s] -- Up-to-date: /home/andre/ros2_ws/install/move_program/share/move_program/cmake/move_programConfig-version.cmake
[9.090s] -- Up-to-date: /home/andre/ros2_ws/install/move_program/share/move_program/package.xml
[9.091s] Invoked command in '/home/andre/ros2_ws/build/move_program' returned '0': CMAKE_PREFIX_PATH=${CMAKE_PREFIX_PATH}:/home/andre/ros2_ws/install/pose_printer:/home/andre/ros2_ws/install/moveit_controls:/opt/ros/jazzy DEBUGINFOD_URLS=https://debuginfod.ubuntu.com /usr/bin/cmake --install /home/andre/ros2_ws/build/move_program
