-- Install configuration: ""
-- Installing: /home/andre/ros2_ws/install/robotic_arm_v3_config/share/ament_index/resource_index/package_run_dependencies/robotic_arm_v3_config
-- Installing: /home/andre/ros2_ws/install/robotic_arm_v3_config/share/ament_index/resource_index/parent_prefix_path/robotic_arm_v3_config
-- Installing: /home/andre/ros2_ws/install/robotic_arm_v3_config/share/robotic_arm_v3_config/environment/ament_prefix_path.sh
-- Installing: /home/andre/ros2_ws/install/robotic_arm_v3_config/share/robotic_arm_v3_config/environment/ament_prefix_path.dsv
-- Installing: /home/andre/ros2_ws/install/robotic_arm_v3_config/share/robotic_arm_v3_config/environment/path.sh
-- Installing: /home/andre/ros2_ws/install/robotic_arm_v3_config/share/robotic_arm_v3_config/environment/path.dsv
-- Installing: /home/andre/ros2_ws/install/robotic_arm_v3_config/share/robotic_arm_v3_config/local_setup.bash
-- Installing: /home/andre/ros2_ws/install/robotic_arm_v3_config/share/robotic_arm_v3_config/local_setup.sh
-- Installing: /home/andre/ros2_ws/install/robotic_arm_v3_config/share/robotic_arm_v3_config/local_setup.zsh
-- Installing: /home/andre/ros2_ws/install/robotic_arm_v3_config/share/robotic_arm_v3_config/local_setup.dsv
-- Installing: /home/andre/ros2_ws/install/robotic_arm_v3_config/share/robotic_arm_v3_config/package.dsv
-- Installing: /home/andre/ros2_ws/install/robotic_arm_v3_config/share/ament_index/resource_index/packages/robotic_arm_v3_config
-- Installing: /home/andre/ros2_ws/install/robotic_arm_v3_config/share/robotic_arm_v3_config/cmake/robotic_arm_v3_configConfig.cmake
-- Installing: /home/andre/ros2_ws/install/robotic_arm_v3_config/share/robotic_arm_v3_config/cmake/robotic_arm_v3_configConfig-version.cmake
-- Installing: /home/andre/ros2_ws/install/robotic_arm_v3_config/share/robotic_arm_v3_config/package.xml
-- Installing: /home/andre/ros2_ws/install/robotic_arm_v3_config/share/robotic_arm_v3_config/launch
-- Installing: /home/andre/ros2_ws/install/robotic_arm_v3_config/share/robotic_arm_v3_config/launch/spawn_controllers.launch.py
-- Installing: /home/andre/ros2_ws/install/robotic_arm_v3_config/share/robotic_arm_v3_config/launch/moveit_rviz.launch.py
-- Installing: /home/andre/ros2_ws/install/robotic_arm_v3_config/share/robotic_arm_v3_config/launch/warehouse_db.launch.py
-- Installing: /home/andre/ros2_ws/install/robotic_arm_v3_config/share/robotic_arm_v3_config/launch/move_group.launch.py
-- Installing: /home/andre/ros2_ws/install/robotic_arm_v3_config/share/robotic_arm_v3_config/launch/demo.launch.py
-- Installing: /home/andre/ros2_ws/install/robotic_arm_v3_config/share/robotic_arm_v3_config/launch/spawn_moveit
-- Installing: /home/andre/ros2_ws/install/robotic_arm_v3_config/share/robotic_arm_v3_config/launch/demo_with_controllers.launch.py
-- Installing: /home/andre/ros2_ws/install/robotic_arm_v3_config/share/robotic_arm_v3_config/launch/setup_assistant.launch.py
-- Installing: /home/andre/ros2_ws/install/robotic_arm_v3_config/share/robotic_arm_v3_config/launch/rsp.launch.py
-- Installing: /home/andre/ros2_ws/install/robotic_arm_v3_config/share/robotic_arm_v3_config/launch/static_virtual_joint_tfs.launch.py
-- Installing: /home/andre/ros2_ws/install/robotic_arm_v3_config/share/robotic_arm_v3_config/config
-- Installing: /home/andre/ros2_ws/install/robotic_arm_v3_config/share/robotic_arm_v3_config/config/bridge.yaml
-- Installing: /home/andre/ros2_ws/install/robotic_arm_v3_config/share/robotic_arm_v3_config/config/pilz_cartesian_limits.yaml
-- Installing: /home/andre/ros2_ws/install/robotic_arm_v3_config/share/robotic_arm_v3_config/config/initial_positions.yaml
-- Installing: /home/andre/ros2_ws/install/robotic_arm_v3_config/share/robotic_arm_v3_config/config/ros_gz_bridge.yaml
-- Installing: /home/andre/ros2_ws/install/robotic_arm_v3_config/share/robotic_arm_v3_config/config/moveit_controllers.yaml
-- Installing: /home/andre/ros2_ws/install/robotic_arm_v3_config/share/robotic_arm_v3_config/config/robotic_arm_model_v3.srdf
-- Installing: /home/andre/ros2_ws/install/robotic_arm_v3_config/share/robotic_arm_v3_config/config/robotic_arm_model_v3.ros2_control.xacro
-- Installing: /home/andre/ros2_ws/install/robotic_arm_v3_config/share/robotic_arm_v3_config/config/kinematics.yaml
-- Installing: /home/andre/ros2_ws/install/robotic_arm_v3_config/share/robotic_arm_v3_config/config/joint_limits.yaml
-- Installing: /home/andre/ros2_ws/install/robotic_arm_v3_config/share/robotic_arm_v3_config/config/robotic_arm_model_v3.urdf.xacro
-- Installing: /home/andre/ros2_ws/install/robotic_arm_v3_config/share/robotic_arm_v3_config/config/moveit.rviz
-- Installing: /home/andre/ros2_ws/install/robotic_arm_v3_config/share/robotic_arm_v3_config/config/ros2_controllers.yaml
-- Installing: /home/andre/ros2_ws/install/robotic_arm_v3_config/share/robotic_arm_v3_config/.setup_assistant
