[0.026s] Invoking command in '/home/andre/ros2_ws/build/robotic_arm_v3_config': CMAKE_PREFIX_PATH=${CMAKE_PREFIX_PATH}:/home/andre/ros2_ws/install/web_interface:/home/andre/ros2_ws/install/pose_printer:/home/andre/ros2_ws/install/mqtt_imu:/home/andre/ros2_ws/install/moveit_controls:/opt/ros/jazzy CONDA_PROMPT_MODIFIER=(base) DEBUGINFOD_URLS=https://debuginfod.ubuntu.com /usr/bin/cmake --build /home/andre/ros2_ws/build/robotic_arm_v3_config -- -j4 -l4
[0.076s] Invoked command in '/home/andre/ros2_ws/build/robotic_arm_v3_config' returned '0': CMAKE_PREFIX_PATH=${CMAKE_PREFIX_PATH}:/home/andre/ros2_ws/install/web_interface:/home/andre/ros2_ws/install/pose_printer:/home/andre/ros2_ws/install/mqtt_imu:/home/andre/ros2_ws/install/moveit_controls:/opt/ros/jazzy CONDA_PROMPT_MODIFIER=(base) DEBUGINFOD_URLS=https://debuginfod.ubuntu.com /usr/bin/cmake --build /home/andre/ros2_ws/build/robotic_arm_v3_config -- -j4 -l4
[0.079s] Invoking command in '/home/andre/ros2_ws/build/robotic_arm_v3_config': CMAKE_PREFIX_PATH=${CMAKE_PREFIX_PATH}:/home/andre/ros2_ws/install/web_interface:/home/andre/ros2_ws/install/pose_printer:/home/andre/ros2_ws/install/mqtt_imu:/home/andre/ros2_ws/install/moveit_controls:/opt/ros/jazzy CONDA_PROMPT_MODIFIER=(base) DEBUGINFOD_URLS=https://debuginfod.ubuntu.com /usr/bin/cmake --install /home/andre/ros2_ws/build/robotic_arm_v3_config
[0.088s] -- Install configuration: ""
[0.090s] -- Installing: /home/andre/ros2_ws/install/robotic_arm_v3_config/share/ament_index/resource_index/package_run_dependencies/robotic_arm_v3_config
[0.092s] -- Installing: /home/andre/ros2_ws/install/robotic_arm_v3_config/share/ament_index/resource_index/parent_prefix_path/robotic_arm_v3_config
[0.093s] -- Installing: /home/andre/ros2_ws/install/robotic_arm_v3_config/share/robotic_arm_v3_config/environment/ament_prefix_path.sh
[0.093s] -- Installing: /home/andre/ros2_ws/install/robotic_arm_v3_config/share/robotic_arm_v3_config/environment/ament_prefix_path.dsv
[0.093s] -- Installing: /home/andre/ros2_ws/install/robotic_arm_v3_config/share/robotic_arm_v3_config/environment/path.sh
[0.094s] -- Installing: /home/andre/ros2_ws/install/robotic_arm_v3_config/share/robotic_arm_v3_config/environment/path.dsv
[0.094s] -- Installing: /home/andre/ros2_ws/install/robotic_arm_v3_config/share/robotic_arm_v3_config/local_setup.bash
[0.095s] -- Installing: /home/andre/ros2_ws/install/robotic_arm_v3_config/share/robotic_arm_v3_config/local_setup.sh
[0.100s] -- Installing: /home/andre/ros2_ws/install/robotic_arm_v3_config/share/robotic_arm_v3_config/local_setup.zsh
[0.101s] -- Installing: /home/andre/ros2_ws/install/robotic_arm_v3_config/share/robotic_arm_v3_config/local_setup.dsv
[0.101s] -- Installing: /home/andre/ros2_ws/install/robotic_arm_v3_config/share/robotic_arm_v3_config/package.dsv
[0.101s] -- Installing: /home/andre/ros2_ws/install/robotic_arm_v3_config/share/ament_index/resource_index/packages/robotic_arm_v3_config
[0.101s] -- Installing: /home/andre/ros2_ws/install/robotic_arm_v3_config/share/robotic_arm_v3_config/cmake/robotic_arm_v3_configConfig.cmake
[0.101s] -- Installing: /home/andre/ros2_ws/install/robotic_arm_v3_config/share/robotic_arm_v3_config/cmake/robotic_arm_v3_configConfig-version.cmake
[0.101s] -- Installing: /home/andre/ros2_ws/install/robotic_arm_v3_config/share/robotic_arm_v3_config/package.xml
[0.101s] -- Installing: /home/andre/ros2_ws/install/robotic_arm_v3_config/share/robotic_arm_v3_config/launch
[0.101s] -- Installing: /home/andre/ros2_ws/install/robotic_arm_v3_config/share/robotic_arm_v3_config/launch/spawn_controllers.launch.py
[0.101s] -- Installing: /home/andre/ros2_ws/install/robotic_arm_v3_config/share/robotic_arm_v3_config/launch/moveit_rviz.launch.py
[0.101s] -- Installing: /home/andre/ros2_ws/install/robotic_arm_v3_config/share/robotic_arm_v3_config/launch/warehouse_db.launch.py
[0.102s] -- Installing: /home/andre/ros2_ws/install/robotic_arm_v3_config/share/robotic_arm_v3_config/launch/move_group.launch.py
[0.102s] -- Installing: /home/andre/ros2_ws/install/robotic_arm_v3_config/share/robotic_arm_v3_config/launch/demo.launch.py
[0.102s] -- Installing: /home/andre/ros2_ws/install/robotic_arm_v3_config/share/robotic_arm_v3_config/launch/spawn_moveit
[0.102s] -- Installing: /home/andre/ros2_ws/install/robotic_arm_v3_config/share/robotic_arm_v3_config/launch/demo_with_controllers.launch.py
[0.102s] -- Installing: /home/andre/ros2_ws/install/robotic_arm_v3_config/share/robotic_arm_v3_config/launch/setup_assistant.launch.py
[0.102s] -- Installing: /home/andre/ros2_ws/install/robotic_arm_v3_config/share/robotic_arm_v3_config/launch/rsp.launch.py
[0.102s] -- Installing: /home/andre/ros2_ws/install/robotic_arm_v3_config/share/robotic_arm_v3_config/launch/static_virtual_joint_tfs.launch.py
[0.102s] -- Installing: /home/andre/ros2_ws/install/robotic_arm_v3_config/share/robotic_arm_v3_config/config
[0.102s] -- Installing: /home/andre/ros2_ws/install/robotic_arm_v3_config/share/robotic_arm_v3_config/config/bridge.yaml
[0.102s] -- Installing: /home/andre/ros2_ws/install/robotic_arm_v3_config/share/robotic_arm_v3_config/config/pilz_cartesian_limits.yaml
[0.102s] -- Installing: /home/andre/ros2_ws/install/robotic_arm_v3_config/share/robotic_arm_v3_config/config/initial_positions.yaml
[0.107s] -- Installing: /home/andre/ros2_ws/install/robotic_arm_v3_config/share/robotic_arm_v3_config/config/ros_gz_bridge.yaml
[0.108s] -- Installing: /home/andre/ros2_ws/install/robotic_arm_v3_config/share/robotic_arm_v3_config/config/moveit_controllers.yaml
[0.108s] -- Installing: /home/andre/ros2_ws/install/robotic_arm_v3_config/share/robotic_arm_v3_config/config/robotic_arm_model_v3.srdf
[0.108s] -- Installing: /home/andre/ros2_ws/install/robotic_arm_v3_config/share/robotic_arm_v3_config/config/robotic_arm_model_v3.ros2_control.xacro
[0.108s] -- Installing: /home/andre/ros2_ws/install/robotic_arm_v3_config/share/robotic_arm_v3_config/config/kinematics.yaml
[0.108s] -- Installing: /home/andre/ros2_ws/install/robotic_arm_v3_config/share/robotic_arm_v3_config/config/joint_limits.yaml
[0.108s] -- Installing: /home/andre/ros2_ws/install/robotic_arm_v3_config/share/robotic_arm_v3_config/config/robotic_arm_model_v3.urdf.xacro
[0.108s] -- Installing: /home/andre/ros2_ws/install/robotic_arm_v3_config/share/robotic_arm_v3_config/config/moveit.rviz
[0.108s] -- Installing: /home/andre/ros2_ws/install/robotic_arm_v3_config/share/robotic_arm_v3_config/config/ros2_controllers.yaml
[0.108s] -- Installing: /home/andre/ros2_ws/install/robotic_arm_v3_config/share/robotic_arm_v3_config/.setup_assistant
[0.108s] Invoked command in '/home/andre/ros2_ws/build/robotic_arm_v3_config' returned '0': CMAKE_PREFIX_PATH=${CMAKE_PREFIX_PATH}:/home/andre/ros2_ws/install/web_interface:/home/andre/ros2_ws/install/pose_printer:/home/andre/ros2_ws/install/mqtt_imu:/home/andre/ros2_ws/install/moveit_controls:/opt/ros/jazzy CONDA_PROMPT_MODIFIER=(base) DEBUGINFOD_URLS=https://debuginfod.ubuntu.com /usr/bin/cmake --install /home/andre/ros2_ws/build/robotic_arm_v3_config
