[5.969s] Invoking command in '/home/bot/ros2_ws/src/yolov5_detection': DEBUGINFOD_URLS=https://debuginfod.ubuntu.com PYTHONPATH=/home/bot/ros2_ws/build/yolov5_detection/prefix_override:/usr/lib/python3/dist-packages/colcon_core/task/python/colcon_distutils_commands:/home/bot/ros2_ws/install/yolov5_detection/lib/python3.12/site-packages:${PYTHONPATH} /usr/bin/python3 -W ignore:setup.py install is deprecated -W ignore:easy_install command is deprecated setup.py egg_info --egg-base ../../build/yolov5_detection build --build-base /home/bot/ros2_ws/build/yolov5_detection/build install --record /home/bot/ros2_ws/build/yolov5_detection/install.log --single-version-externally-managed install_data
[7.876s] running egg_info
[8.019s] writing ../../build/yolov5_detection/yolov5_detection.egg-info/PKG-INFO
[8.023s] writing dependency_links to ../../build/yolov5_detection/yolov5_detection.egg-info/dependency_links.txt
[8.024s] writing entry points to ../../build/yolov5_detection/yolov5_detection.egg-info/entry_points.txt
[8.030s] writing requirements to ../../build/yolov5_detection/yolov5_detection.egg-info/requires.txt
[8.031s] writing top-level names to ../../build/yolov5_detection/yolov5_detection.egg-info/top_level.txt
[8.273s] reading manifest file '../../build/yolov5_detection/yolov5_detection.egg-info/SOURCES.txt'
[8.278s] writing manifest file '../../build/yolov5_detection/yolov5_detection.egg-info/SOURCES.txt'
[8.279s] running build
[8.279s] running build_py
[8.280s] copying yolov5_detection/yolo_detector.py -> /home/bot/ros2_ws/build/yolov5_detection/build/lib/yolov5_detection
[8.283s] running install
[8.309s] running install_lib
[8.426s] copying /home/bot/ros2_ws/build/yolov5_detection/build/lib/yolov5_detection/yolo_detector.py -> /home/bot/ros2_ws/install/yolov5_detection/lib/python3.12/site-packages/yolov5_detection
[8.430s] byte-compiling /home/bot/ros2_ws/install/yolov5_detection/lib/python3.12/site-packages/yolov5_detection/yolo_detector.py to yolo_detector.cpython-312.pyc
[8.441s] running install_data
[8.442s] running install_egg_info
[8.563s] removing '/home/bot/ros2_ws/install/yolov5_detection/lib/python3.12/site-packages/yolov5_detection-0.0.1-py3.12.egg-info' (and everything under it)
[8.566s] Copying ../../build/yolov5_detection/yolov5_detection.egg-info to /home/bot/ros2_ws/install/yolov5_detection/lib/python3.12/site-packages/yolov5_detection-0.0.1-py3.12.egg-info
[8.573s] running install_scripts
[9.446s] Installing yolo_detector script to /home/bot/ros2_ws/install/yolov5_detection/lib/yolov5_detection
[9.448s] writing list of installed files to '/home/bot/ros2_ws/build/yolov5_detection/install.log'
[9.614s] Invoked command in '/home/bot/ros2_ws/src/yolov5_detection' returned '0': DEBUGINFOD_URLS=https://debuginfod.ubuntu.com PYTHONPATH=/home/bot/ros2_ws/build/yolov5_detection/prefix_override:/usr/lib/python3/dist-packages/colcon_core/task/python/colcon_distutils_commands:/home/bot/ros2_ws/install/yolov5_detection/lib/python3.12/site-packages:${PYTHONPATH} /usr/bin/python3 -W ignore:setup.py install is deprecated -W ignore:easy_install command is deprecated setup.py egg_info --egg-base ../../build/yolov5_detection build --build-base /home/bot/ros2_ws/build/yolov5_detection/build install --record /home/bot/ros2_ws/build/yolov5_detection/install.log --single-version-externally-managed install_data
