[0.031s] Invoking command in '/home/andre/ros2_ws/src/build/moveit_ros_benchmarks': AMENT_PREFIX_PATH=/home/andre/ros2_ws/src/install/moveit_ros_warehouse:/home/andre/ros2_ws/src/install/moveit_ros_planning:/home/andre/ros2_ws/src/install/moveit_ros_occupancy_map_monitor:/home/andre/ros2_ws/src/install/moveit_core:/home/andre/ros2_ws/src/install/moveit_resources_panda_moveit_config:/home/andre/ros2_ws/src/install/moveit_resources_pr2_description:/home/andre/ros2_ws/src/install/moveit_resources_panda_description:/home/andre/ros2_ws/src/install/moveit_msgs:/home/andre/ros2_ws/src/install/moveit_configs_utils:/home/andre/ros2_ws/src/install/moveit_common:${AMENT_PREFIX_PATH} CMAKE_PREFIX_PATH=/home/andre/ros2_ws/src/install/moveit_ros_warehouse:/home/andre/ros2_ws/src/install/moveit_ros_planning:/home/andre/ros2_ws/src/install/moveit_ros_occupancy_map_monitor:/home/andre/ros2_ws/src/install/moveit_core:/home/andre/ros2_ws/src/install/moveit_resources_panda_moveit_config:/home/andre/ros2_ws/src/install/moveit_resources_pr2_description:/home/andre/ros2_ws/src/install/moveit_resources_panda_description:/home/andre/ros2_ws/src/install/moveit_msgs:/home/andre/ros2_ws/src/install/moveit_common:/home/andre/ros2_ws/install:/opt/ros/jazzy/opt/gz_sim_vendor:/opt/ros/jazzy/opt/gz_sensors_vendor:/opt/ros/jazzy/opt/gz_physics_vendor:/opt/ros/jazzy/opt/sdformat_vendor:/opt/ros/jazzy/opt/gz_gui_vendor:/opt/ros/jazzy/opt/gz_transport_vendor:/opt/ros/jazzy/opt/gz_rendering_vendor:/opt/ros/jazzy/opt/gz_plugin_vendor:/opt/ros/jazzy/opt/gz_fuel_tools_vendor:/opt/ros/jazzy/opt/gz_msgs_vendor:/opt/ros/jazzy/opt/gz_common_vendor:/opt/ros/jazzy/opt/gz_math_vendor:/opt/ros/jazzy/opt/gz_utils_vendor:/opt/ros/jazzy/opt/gz_tools_vendor:/opt/ros/jazzy/opt/gz_ogre_next_vendor:/opt/ros/jazzy/opt/gz_dartsim_vendor:/opt/ros/jazzy/opt/gz_cmake_vendor:/opt/ros/jazzy DEBUGINFOD_URLS=https://debuginfod.ubuntu.com LD_LIBRARY_PATH=/home/andre/ros2_ws/src/install/moveit_ros_warehouse/lib:/home/andre/ros2_ws/src/install/moveit_ros_planning/lib:/home/andre/ros2_ws/src/install/moveit_ros_occupancy_map_monitor/lib:/home/andre/ros2_ws/src/install/moveit_core/lib:/home/andre/ros2_ws/src/install/moveit_msgs/lib:${LD_LIBRARY_PATH} PATH=/home/andre/ros2_ws/src/install/moveit_core/bin:${PATH} PYTHONPATH=/home/andre/ros2_ws/src/install/moveit_msgs/lib/python3.12/site-packages:/home/andre/ros2_ws/src/install/moveit_configs_utils/lib/python3.12/site-packages:${PYTHONPATH} /usr/bin/cmake /home/andre/ros2_ws/src/moveit2/moveit_ros/benchmarks -DCMAKE_BUILD_TYPE=Release -DCMAKE_INSTALL_PREFIX=/home/andre/ros2_ws/src/install/moveit_ros_benchmarks
[0.127s] -- The CXX compiler identification is GNU 13.3.0
[0.152s] -- Detecting CXX compiler ABI info
[0.315s] -- Detecting CXX compiler ABI info - done
[0.331s] -- Check for working CXX compiler: /usr/bin/c++ - skipped
[0.332s] -- Detecting CXX compile features
[0.334s] -- Detecting CXX compile features - done
[0.336s] -- Found moveit_common: 2.14.1 (/home/andre/ros2_ws/src/install/moveit_common/share/moveit_common/cmake)
[0.343s] -- Found ament_cmake: 2.5.4 (/opt/ros/jazzy/share/ament_cmake/cmake)
[0.595s] -- Found Python3: /usr/bin/python3 (found version "3.12.3") found components: Interpreter 
[0.957s] -- Found rclcpp: 28.1.13 (/opt/ros/jazzy/share/rclcpp/cmake)
[1.050s] -- Found rosidl_generator_c: 4.6.6 (/opt/ros/jazzy/share/rosidl_generator_c/cmake)
[1.080s] -- Found rosidl_generator_cpp: 4.6.6 (/opt/ros/jazzy/share/rosidl_generator_cpp/cmake)
[1.116s] -- Using all available rosidl_typesupport_c: rosidl_typesupport_fastrtps_c;rosidl_typesupport_introspection_c
[1.154s] -- Using all available rosidl_typesupport_cpp: rosidl_typesupport_fastrtps_cpp;rosidl_typesupport_introspection_cpp
[1.319s] -- Found rmw_implementation_cmake: 7.3.2 (/opt/ros/jazzy/share/rmw_implementation_cmake/cmake)
[1.327s] -- Found rmw_fastrtps_cpp: 8.4.3 (/opt/ros/jazzy/share/rmw_fastrtps_cpp/cmake)
[1.478s] -- Found OpenSSL: /usr/lib/x86_64-linux-gnu/libcrypto.so (found version "3.0.13")  
[1.515s] -- Found FastRTPS: /opt/ros/jazzy/include (Required is at least version "2.13") 
[1.601s] -- Using RMW implementation 'rmw_fastrtps_cpp' as default
[1.797s] -- Found tf2_eigen: 0.36.16 (/opt/ros/jazzy/share/tf2_eigen/cmake)
[2.160s] -- Found moveit_core: 2.14.1 (/home/andre/ros2_ws/src/install/moveit_core/share/moveit_core/cmake)
[2.460s] -- Found Boost: /usr/lib/x86_64-linux-gnu/cmake/Boost-1.83.0/BoostConfig.cmake (found version "1.83.0") found components: chrono date_time filesystem iostreams program_options regex serialization system thread 
[2.600s] -- Found parameter_traits: 0.5.0 (/opt/ros/jazzy/share/parameter_traits/cmake)
[2.633s] -- Found rclcpp_lifecycle: 28.1.13 (/opt/ros/jazzy/share/rclcpp_lifecycle/cmake)
[2.703s] -- Found Boost: /usr/lib/x86_64-linux-gnu/cmake/Boost-1.83.0/BoostConfig.cmake (found version "1.83.0") found components: filesystem 
[2.921s] -- Found Eigen3: TRUE (found version "3.4.0") 
[2.922s] -- Ensuring Eigen3 include directory is part of orocos-kdl CMake target
[3.356s] -- Found moveit_ros_planning: 2.14.1 (/home/andre/ros2_ws/src/install/moveit_ros_planning/share/moveit_ros_planning/cmake)
[3.364s] -- Found Boost: /usr/lib/x86_64-linux-gnu/cmake/Boost-1.83.0/BoostConfig.cmake (found version "1.83.0") found components: system filesystem date_time program_options thread chrono 
[3.452s] -- Found moveit_ros_warehouse: 2.14.1 (/home/andre/ros2_ws/src/install/moveit_ros_warehouse/share/moveit_ros_warehouse/cmake)
[3.458s] -- Found Boost: /usr/lib/x86_64-linux-gnu/cmake/Boost-1.83.0/BoostConfig.cmake (found version "1.83.0") found components: thread system filesystem regex date_time program_options 
[3.509s] -- Found Boost: /usr/lib/x86_64-linux-gnu/cmake/Boost-1.83.0/BoostConfig.cmake (found version "1.83.0") found components: date_time filesystem 
[3.536s] -- Configuring done (3.5s)
[3.609s] -- Generating done (0.0s)
[3.624s] -- Build files have been written to: /home/andre/ros2_ws/src/build/moveit_ros_benchmarks
[3.643s] Invoked command in '/home/andre/ros2_ws/src/build/moveit_ros_benchmarks' returned '0': AMENT_PREFIX_PATH=/home/andre/ros2_ws/src/install/moveit_ros_warehouse:/home/andre/ros2_ws/src/install/moveit_ros_planning:/home/andre/ros2_ws/src/install/moveit_ros_occupancy_map_monitor:/home/andre/ros2_ws/src/install/moveit_core:/home/andre/ros2_ws/src/install/moveit_resources_panda_moveit_config:/home/andre/ros2_ws/src/install/moveit_resources_pr2_description:/home/andre/ros2_ws/src/install/moveit_resources_panda_description:/home/andre/ros2_ws/src/install/moveit_msgs:/home/andre/ros2_ws/src/install/moveit_configs_utils:/home/andre/ros2_ws/src/install/moveit_common:${AMENT_PREFIX_PATH} CMAKE_PREFIX_PATH=/home/andre/ros2_ws/src/install/moveit_ros_warehouse:/home/andre/ros2_ws/src/install/moveit_ros_planning:/home/andre/ros2_ws/src/install/moveit_ros_occupancy_map_monitor:/home/andre/ros2_ws/src/install/moveit_core:/home/andre/ros2_ws/src/install/moveit_resources_panda_moveit_config:/home/andre/ros2_ws/src/install/moveit_resources_pr2_description:/home/andre/ros2_ws/src/install/moveit_resources_panda_description:/home/andre/ros2_ws/src/install/moveit_msgs:/home/andre/ros2_ws/src/install/moveit_common:/home/andre/ros2_ws/install:/opt/ros/jazzy/opt/gz_sim_vendor:/opt/ros/jazzy/opt/gz_sensors_vendor:/opt/ros/jazzy/opt/gz_physics_vendor:/opt/ros/jazzy/opt/sdformat_vendor:/opt/ros/jazzy/opt/gz_gui_vendor:/opt/ros/jazzy/opt/gz_transport_vendor:/opt/ros/jazzy/opt/gz_rendering_vendor:/opt/ros/jazzy/opt/gz_plugin_vendor:/opt/ros/jazzy/opt/gz_fuel_tools_vendor:/opt/ros/jazzy/opt/gz_msgs_vendor:/opt/ros/jazzy/opt/gz_common_vendor:/opt/ros/jazzy/opt/gz_math_vendor:/opt/ros/jazzy/opt/gz_utils_vendor:/opt/ros/jazzy/opt/gz_tools_vendor:/opt/ros/jazzy/opt/gz_ogre_next_vendor:/opt/ros/jazzy/opt/gz_dartsim_vendor:/opt/ros/jazzy/opt/gz_cmake_vendor:/opt/ros/jazzy DEBUGINFOD_URLS=https://debuginfod.ubuntu.com LD_LIBRARY_PATH=/home/andre/ros2_ws/src/install/moveit_ros_warehouse/lib:/home/andre/ros2_ws/src/install/moveit_ros_planning/lib:/home/andre/ros2_ws/src/install/moveit_ros_occupancy_map_monitor/lib:/home/andre/ros2_ws/src/install/moveit_core/lib:/home/andre/ros2_ws/src/install/moveit_msgs/lib:${LD_LIBRARY_PATH} PATH=/home/andre/ros2_ws/src/install/moveit_core/bin:${PATH} PYTHONPATH=/home/andre/ros2_ws/src/install/moveit_msgs/lib/python3.12/site-packages:/home/andre/ros2_ws/src/install/moveit_configs_utils/lib/python3.12/site-packages:${PYTHONPATH} /usr/bin/cmake /home/andre/ros2_ws/src/moveit2/moveit_ros/benchmarks -DCMAKE_BUILD_TYPE=Release -DCMAKE_INSTALL_PREFIX=/home/andre/ros2_ws/src/install/moveit_ros_benchmarks
[3.644s] Invoking command in '/home/andre/ros2_ws/src/build/moveit_ros_benchmarks': AMENT_PREFIX_PATH=/home/andre/ros2_ws/src/install/moveit_ros_warehouse:/home/andre/ros2_ws/src/install/moveit_ros_planning:/home/andre/ros2_ws/src/install/moveit_ros_occupancy_map_monitor:/home/andre/ros2_ws/src/install/moveit_core:/home/andre/ros2_ws/src/install/moveit_resources_panda_moveit_config:/home/andre/ros2_ws/src/install/moveit_resources_pr2_description:/home/andre/ros2_ws/src/install/moveit_resources_panda_description:/home/andre/ros2_ws/src/install/moveit_msgs:/home/andre/ros2_ws/src/install/moveit_configs_utils:/home/andre/ros2_ws/src/install/moveit_common:${AMENT_PREFIX_PATH} CMAKE_PREFIX_PATH=/home/andre/ros2_ws/src/install/moveit_ros_warehouse:/home/andre/ros2_ws/src/install/moveit_ros_planning:/home/andre/ros2_ws/src/install/moveit_ros_occupancy_map_monitor:/home/andre/ros2_ws/src/install/moveit_core:/home/andre/ros2_ws/src/install/moveit_resources_panda_moveit_config:/home/andre/ros2_ws/src/install/moveit_resources_pr2_description:/home/andre/ros2_ws/src/install/moveit_resources_panda_description:/home/andre/ros2_ws/src/install/moveit_msgs:/home/andre/ros2_ws/src/install/moveit_common:/home/andre/ros2_ws/install:/opt/ros/jazzy/opt/gz_sim_vendor:/opt/ros/jazzy/opt/gz_sensors_vendor:/opt/ros/jazzy/opt/gz_physics_vendor:/opt/ros/jazzy/opt/sdformat_vendor:/opt/ros/jazzy/opt/gz_gui_vendor:/opt/ros/jazzy/opt/gz_transport_vendor:/opt/ros/jazzy/opt/gz_rendering_vendor:/opt/ros/jazzy/opt/gz_plugin_vendor:/opt/ros/jazzy/opt/gz_fuel_tools_vendor:/opt/ros/jazzy/opt/gz_msgs_vendor:/opt/ros/jazzy/opt/gz_common_vendor:/opt/ros/jazzy/opt/gz_math_vendor:/opt/ros/jazzy/opt/gz_utils_vendor:/opt/ros/jazzy/opt/gz_tools_vendor:/opt/ros/jazzy/opt/gz_ogre_next_vendor:/opt/ros/jazzy/opt/gz_dartsim_vendor:/opt/ros/jazzy/opt/gz_cmake_vendor:/opt/ros/jazzy DEBUGINFOD_URLS=https://debuginfod.ubuntu.com LD_LIBRARY_PATH=/home/andre/ros2_ws/src/install/moveit_ros_warehouse/lib:/home/andre/ros2_ws/src/install/moveit_ros_planning/lib:/home/andre/ros2_ws/src/install/moveit_ros_occupancy_map_monitor/lib:/home/andre/ros2_ws/src/install/moveit_core/lib:/home/andre/ros2_ws/src/install/moveit_msgs/lib:${LD_LIBRARY_PATH} PATH=/home/andre/ros2_ws/src/install/moveit_core/bin:${PATH} PYTHONPATH=/home/andre/ros2_ws/src/install/moveit_msgs/lib/python3.12/site-packages:/home/andre/ros2_ws/src/install/moveit_configs_utils/lib/python3.12/site-packages:${PYTHONPATH} /usr/bin/cmake --build /home/andre/ros2_ws/src/build/moveit_ros_benchmarks -- -j4 -l4
[3.723s] [ 20%] [32mBuilding CXX object CMakeFiles/moveit_ros_benchmarks.dir/src/BenchmarkOptions.cpp.o[0m
[9.735s] [ 40%] [32mBuilding CXX object CMakeFiles/moveit_ros_benchmarks.dir/src/BenchmarkExecutor.cpp.o[0m
[44.390s] [ 60%] [32m[1mLinking CXX shared library libmoveit_ros_benchmarks.so[0m
[44.917s] [ 60%] Built target moveit_ros_benchmarks
[44.952s] [ 80%] [32mBuilding CXX object CMakeFiles/moveit_run_benchmark.dir/src/RunBenchmark.cpp.o[0m
[67.556s] [100%] [32m[1mLinking CXX executable moveit_run_benchmark[0m
[68.076s] [100%] Built target moveit_run_benchmark
[68.092s] Invoked command in '/home/andre/ros2_ws/src/build/moveit_ros_benchmarks' returned '0': AMENT_PREFIX_PATH=/home/andre/ros2_ws/src/install/moveit_ros_warehouse:/home/andre/ros2_ws/src/install/moveit_ros_planning:/home/andre/ros2_ws/src/install/moveit_ros_occupancy_map_monitor:/home/andre/ros2_ws/src/install/moveit_core:/home/andre/ros2_ws/src/install/moveit_resources_panda_moveit_config:/home/andre/ros2_ws/src/install/moveit_resources_pr2_description:/home/andre/ros2_ws/src/install/moveit_resources_panda_description:/home/andre/ros2_ws/src/install/moveit_msgs:/home/andre/ros2_ws/src/install/moveit_configs_utils:/home/andre/ros2_ws/src/install/moveit_common:${AMENT_PREFIX_PATH} CMAKE_PREFIX_PATH=/home/andre/ros2_ws/src/install/moveit_ros_warehouse:/home/andre/ros2_ws/src/install/moveit_ros_planning:/home/andre/ros2_ws/src/install/moveit_ros_occupancy_map_monitor:/home/andre/ros2_ws/src/install/moveit_core:/home/andre/ros2_ws/src/install/moveit_resources_panda_moveit_config:/home/andre/ros2_ws/src/install/moveit_resources_pr2_description:/home/andre/ros2_ws/src/install/moveit_resources_panda_description:/home/andre/ros2_ws/src/install/moveit_msgs:/home/andre/ros2_ws/src/install/moveit_common:/home/andre/ros2_ws/install:/opt/ros/jazzy/opt/gz_sim_vendor:/opt/ros/jazzy/opt/gz_sensors_vendor:/opt/ros/jazzy/opt/gz_physics_vendor:/opt/ros/jazzy/opt/sdformat_vendor:/opt/ros/jazzy/opt/gz_gui_vendor:/opt/ros/jazzy/opt/gz_transport_vendor:/opt/ros/jazzy/opt/gz_rendering_vendor:/opt/ros/jazzy/opt/gz_plugin_vendor:/opt/ros/jazzy/opt/gz_fuel_tools_vendor:/opt/ros/jazzy/opt/gz_msgs_vendor:/opt/ros/jazzy/opt/gz_common_vendor:/opt/ros/jazzy/opt/gz_math_vendor:/opt/ros/jazzy/opt/gz_utils_vendor:/opt/ros/jazzy/opt/gz_tools_vendor:/opt/ros/jazzy/opt/gz_ogre_next_vendor:/opt/ros/jazzy/opt/gz_dartsim_vendor:/opt/ros/jazzy/opt/gz_cmake_vendor:/opt/ros/jazzy DEBUGINFOD_URLS=https://debuginfod.ubuntu.com LD_LIBRARY_PATH=/home/andre/ros2_ws/src/install/moveit_ros_warehouse/lib:/home/andre/ros2_ws/src/install/moveit_ros_planning/lib:/home/andre/ros2_ws/src/install/moveit_ros_occupancy_map_monitor/lib:/home/andre/ros2_ws/src/install/moveit_core/lib:/home/andre/ros2_ws/src/install/moveit_msgs/lib:${LD_LIBRARY_PATH} PATH=/home/andre/ros2_ws/src/install/moveit_core/bin:${PATH} PYTHONPATH=/home/andre/ros2_ws/src/install/moveit_msgs/lib/python3.12/site-packages:/home/andre/ros2_ws/src/install/moveit_configs_utils/lib/python3.12/site-packages:${PYTHONPATH} /usr/bin/cmake --build /home/andre/ros2_ws/src/build/moveit_ros_benchmarks -- -j4 -l4
[68.093s] Invoking command in '/home/andre/ros2_ws/src/build/moveit_ros_benchmarks': AMENT_PREFIX_PATH=/home/andre/ros2_ws/src/install/moveit_ros_warehouse:/home/andre/ros2_ws/src/install/moveit_ros_planning:/home/andre/ros2_ws/src/install/moveit_ros_occupancy_map_monitor:/home/andre/ros2_ws/src/install/moveit_core:/home/andre/ros2_ws/src/install/moveit_resources_panda_moveit_config:/home/andre/ros2_ws/src/install/moveit_resources_pr2_description:/home/andre/ros2_ws/src/install/moveit_resources_panda_description:/home/andre/ros2_ws/src/install/moveit_msgs:/home/andre/ros2_ws/src/install/moveit_configs_utils:/home/andre/ros2_ws/src/install/moveit_common:${AMENT_PREFIX_PATH} CMAKE_PREFIX_PATH=/home/andre/ros2_ws/src/install/moveit_ros_warehouse:/home/andre/ros2_ws/src/install/moveit_ros_planning:/home/andre/ros2_ws/src/install/moveit_ros_occupancy_map_monitor:/home/andre/ros2_ws/src/install/moveit_core:/home/andre/ros2_ws/src/install/moveit_resources_panda_moveit_config:/home/andre/ros2_ws/src/install/moveit_resources_pr2_description:/home/andre/ros2_ws/src/install/moveit_resources_panda_description:/home/andre/ros2_ws/src/install/moveit_msgs:/home/andre/ros2_ws/src/install/moveit_common:/home/andre/ros2_ws/install:/opt/ros/jazzy/opt/gz_sim_vendor:/opt/ros/jazzy/opt/gz_sensors_vendor:/opt/ros/jazzy/opt/gz_physics_vendor:/opt/ros/jazzy/opt/sdformat_vendor:/opt/ros/jazzy/opt/gz_gui_vendor:/opt/ros/jazzy/opt/gz_transport_vendor:/opt/ros/jazzy/opt/gz_rendering_vendor:/opt/ros/jazzy/opt/gz_plugin_vendor:/opt/ros/jazzy/opt/gz_fuel_tools_vendor:/opt/ros/jazzy/opt/gz_msgs_vendor:/opt/ros/jazzy/opt/gz_common_vendor:/opt/ros/jazzy/opt/gz_math_vendor:/opt/ros/jazzy/opt/gz_utils_vendor:/opt/ros/jazzy/opt/gz_tools_vendor:/opt/ros/jazzy/opt/gz_ogre_next_vendor:/opt/ros/jazzy/opt/gz_dartsim_vendor:/opt/ros/jazzy/opt/gz_cmake_vendor:/opt/ros/jazzy DEBUGINFOD_URLS=https://debuginfod.ubuntu.com LD_LIBRARY_PATH=/home/andre/ros2_ws/src/install/moveit_ros_warehouse/lib:/home/andre/ros2_ws/src/install/moveit_ros_planning/lib:/home/andre/ros2_ws/src/install/moveit_ros_occupancy_map_monitor/lib:/home/andre/ros2_ws/src/install/moveit_core/lib:/home/andre/ros2_ws/src/install/moveit_msgs/lib:${LD_LIBRARY_PATH} PATH=/home/andre/ros2_ws/src/install/moveit_core/bin:${PATH} PYTHONPATH=/home/andre/ros2_ws/src/install/moveit_msgs/lib/python3.12/site-packages:/home/andre/ros2_ws/src/install/moveit_configs_utils/lib/python3.12/site-packages:${PYTHONPATH} /usr/bin/cmake --install /home/andre/ros2_ws/src/build/moveit_ros_benchmarks
[68.106s] -- Install configuration: "Release"
[68.107s] -- Installing: /home/andre/ros2_ws/src/install/moveit_ros_benchmarks/lib/libmoveit_ros_benchmarks.so.2.14.1
[68.109s] -- Set non-toolchain portion of runtime path of "/home/andre/ros2_ws/src/install/moveit_ros_benchmarks/lib/libmoveit_ros_benchmarks.so.2.14.1" to ""
[68.109s] -- Installing: /home/andre/ros2_ws/src/install/moveit_ros_benchmarks/lib/libmoveit_ros_benchmarks.so
[68.109s] -- Installing: /home/andre/ros2_ws/src/install/moveit_ros_benchmarks/share/moveit_ros_benchmarks/environment/library_path.sh
[68.110s] -- Installing: /home/andre/ros2_ws/src/install/moveit_ros_benchmarks/share/moveit_ros_benchmarks/environment/library_path.dsv
[68.110s] -- Installing: /home/andre/ros2_ws/src/install/moveit_ros_benchmarks/lib/moveit_ros_benchmarks/moveit_run_benchmark
[68.111s] -- Set non-toolchain portion of runtime path of "/home/andre/ros2_ws/src/install/moveit_ros_benchmarks/lib/moveit_ros_benchmarks/moveit_run_benchmark" to ""
[68.112s] -- Installing: /home/andre/ros2_ws/src/install/moveit_ros_benchmarks/include/moveit_ros_benchmarks
[68.112s] -- Installing: /home/andre/ros2_ws/src/install/moveit_ros_benchmarks/include/moveit_ros_benchmarks/moveit
[68.112s] -- Installing: /home/andre/ros2_ws/src/install/moveit_ros_benchmarks/include/moveit_ros_benchmarks/moveit/benchmarks
[68.113s] -- Installing: /home/andre/ros2_ws/src/install/moveit_ros_benchmarks/include/moveit_ros_benchmarks/moveit/benchmarks/BenchmarkOptions.h
[68.113s] -- Installing: /home/andre/ros2_ws/src/install/moveit_ros_benchmarks/include/moveit_ros_benchmarks/moveit/benchmarks/BenchmarkExecutor.hpp
[68.114s] -- Installing: /home/andre/ros2_ws/src/install/moveit_ros_benchmarks/include/moveit_ros_benchmarks/moveit/benchmarks/BenchmarkOptions.hpp
[68.114s] -- Installing: /home/andre/ros2_ws/src/install/moveit_ros_benchmarks/include/moveit_ros_benchmarks/moveit/benchmarks/BenchmarkExecutor.h
[68.115s] -- Installing: /home/andre/ros2_ws/src/install/moveit_ros_benchmarks/lib/moveit_ros_benchmarks/moveit_benchmark_statistics.py
[68.116s] -- Installing: /home/andre/ros2_ws/src/install/moveit_ros_benchmarks/share/ament_index/resource_index/package_run_dependencies/moveit_ros_benchmarks
[68.116s] -- Installing: /home/andre/ros2_ws/src/install/moveit_ros_benchmarks/share/ament_index/resource_index/parent_prefix_path/moveit_ros_benchmarks
[68.116s] -- Installing: /home/andre/ros2_ws/src/install/moveit_ros_benchmarks/share/moveit_ros_benchmarks/environment/ament_prefix_path.sh
[68.117s] -- Installing: /home/andre/ros2_ws/src/install/moveit_ros_benchmarks/share/moveit_ros_benchmarks/environment/ament_prefix_path.dsv
[68.117s] -- Installing: /home/andre/ros2_ws/src/install/moveit_ros_benchmarks/share/moveit_ros_benchmarks/environment/path.sh
[68.118s] -- Installing: /home/andre/ros2_ws/src/install/moveit_ros_benchmarks/share/moveit_ros_benchmarks/environment/path.dsv
[68.118s] -- Installing: /home/andre/ros2_ws/src/install/moveit_ros_benchmarks/share/moveit_ros_benchmarks/local_setup.bash
[68.119s] -- Installing: /home/andre/ros2_ws/src/install/moveit_ros_benchmarks/share/moveit_ros_benchmarks/local_setup.sh
[68.119s] -- Installing: /home/andre/ros2_ws/src/install/moveit_ros_benchmarks/share/moveit_ros_benchmarks/local_setup.zsh
[68.120s] -- Installing: /home/andre/ros2_ws/src/install/moveit_ros_benchmarks/share/moveit_ros_benchmarks/local_setup.dsv
[68.120s] -- Installing: /home/andre/ros2_ws/src/install/moveit_ros_benchmarks/share/moveit_ros_benchmarks/package.dsv
[68.120s] -- Installing: /home/andre/ros2_ws/src/install/moveit_ros_benchmarks/share/ament_index/resource_index/packages/moveit_ros_benchmarks
[68.121s] -- Installing: /home/andre/ros2_ws/src/install/moveit_ros_benchmarks/share/moveit_ros_benchmarks/cmake/moveit_ros_benchmarksTargetsExport.cmake
[68.121s] -- Installing: /home/andre/ros2_ws/src/install/moveit_ros_benchmarks/share/moveit_ros_benchmarks/cmake/moveit_ros_benchmarksTargetsExport-release.cmake
[68.121s] -- Installing: /home/andre/ros2_ws/src/install/moveit_ros_benchmarks/share/moveit_ros_benchmarks/cmake/ConfigExtras.cmake
[68.122s] -- Installing: /home/andre/ros2_ws/src/install/moveit_ros_benchmarks/share/moveit_ros_benchmarks/cmake/ament_cmake_export_targets-extras.cmake
[68.122s] -- Installing: /home/andre/ros2_ws/src/install/moveit_ros_benchmarks/share/moveit_ros_benchmarks/cmake/ament_cmake_export_dependencies-extras.cmake
[68.123s] -- Installing: /home/andre/ros2_ws/src/install/moveit_ros_benchmarks/share/moveit_ros_benchmarks/cmake/moveit_ros_benchmarksConfig.cmake
[68.123s] -- Installing: /home/andre/ros2_ws/src/install/moveit_ros_benchmarks/share/moveit_ros_benchmarks/cmake/moveit_ros_benchmarksConfig-version.cmake
[68.124s] -- Installing: /home/andre/ros2_ws/src/install/moveit_ros_benchmarks/share/moveit_ros_benchmarks/package.xml
[68.126s] Invoked command in '/home/andre/ros2_ws/src/build/moveit_ros_benchmarks' returned '0': AMENT_PREFIX_PATH=/home/andre/ros2_ws/src/install/moveit_ros_warehouse:/home/andre/ros2_ws/src/install/moveit_ros_planning:/home/andre/ros2_ws/src/install/moveit_ros_occupancy_map_monitor:/home/andre/ros2_ws/src/install/moveit_core:/home/andre/ros2_ws/src/install/moveit_resources_panda_moveit_config:/home/andre/ros2_ws/src/install/moveit_resources_pr2_description:/home/andre/ros2_ws/src/install/moveit_resources_panda_description:/home/andre/ros2_ws/src/install/moveit_msgs:/home/andre/ros2_ws/src/install/moveit_configs_utils:/home/andre/ros2_ws/src/install/moveit_common:${AMENT_PREFIX_PATH} CMAKE_PREFIX_PATH=/home/andre/ros2_ws/src/install/moveit_ros_warehouse:/home/andre/ros2_ws/src/install/moveit_ros_planning:/home/andre/ros2_ws/src/install/moveit_ros_occupancy_map_monitor:/home/andre/ros2_ws/src/install/moveit_core:/home/andre/ros2_ws/src/install/moveit_resources_panda_moveit_config:/home/andre/ros2_ws/src/install/moveit_resources_pr2_description:/home/andre/ros2_ws/src/install/moveit_resources_panda_description:/home/andre/ros2_ws/src/install/moveit_msgs:/home/andre/ros2_ws/src/install/moveit_common:/home/andre/ros2_ws/install:/opt/ros/jazzy/opt/gz_sim_vendor:/opt/ros/jazzy/opt/gz_sensors_vendor:/opt/ros/jazzy/opt/gz_physics_vendor:/opt/ros/jazzy/opt/sdformat_vendor:/opt/ros/jazzy/opt/gz_gui_vendor:/opt/ros/jazzy/opt/gz_transport_vendor:/opt/ros/jazzy/opt/gz_rendering_vendor:/opt/ros/jazzy/opt/gz_plugin_vendor:/opt/ros/jazzy/opt/gz_fuel_tools_vendor:/opt/ros/jazzy/opt/gz_msgs_vendor:/opt/ros/jazzy/opt/gz_common_vendor:/opt/ros/jazzy/opt/gz_math_vendor:/opt/ros/jazzy/opt/gz_utils_vendor:/opt/ros/jazzy/opt/gz_tools_vendor:/opt/ros/jazzy/opt/gz_ogre_next_vendor:/opt/ros/jazzy/opt/gz_dartsim_vendor:/opt/ros/jazzy/opt/gz_cmake_vendor:/opt/ros/jazzy DEBUGINFOD_URLS=https://debuginfod.ubuntu.com LD_LIBRARY_PATH=/home/andre/ros2_ws/src/install/moveit_ros_warehouse/lib:/home/andre/ros2_ws/src/install/moveit_ros_planning/lib:/home/andre/ros2_ws/src/install/moveit_ros_occupancy_map_monitor/lib:/home/andre/ros2_ws/src/install/moveit_core/lib:/home/andre/ros2_ws/src/install/moveit_msgs/lib:${LD_LIBRARY_PATH} PATH=/home/andre/ros2_ws/src/install/moveit_core/bin:${PATH} PYTHONPATH=/home/andre/ros2_ws/src/install/moveit_msgs/lib/python3.12/site-packages:/home/andre/ros2_ws/src/install/moveit_configs_utils/lib/python3.12/site-packages:${PYTHONPATH} /usr/bin/cmake --install /home/andre/ros2_ws/src/build/moveit_ros_benchmarks
