[0.012s] Invoking command in '/home/andre/ros2_ws/src/build/moveit_core': AMENT_PREFIX_PATH=/home/andre/ros2_ws/src/install/moveit_resources_panda_moveit_config:/home/andre/ros2_ws/src/install/moveit_resources_pr2_description:/home/andre/ros2_ws/src/install/moveit_resources_panda_description:/home/andre/ros2_ws/src/install/moveit_msgs:/home/andre/ros2_ws/src/install/moveit_common:${AMENT_PREFIX_PATH} CMAKE_PREFIX_PATH=/home/andre/ros2_ws/src/install/moveit_resources_panda_moveit_config:/home/andre/ros2_ws/src/install/moveit_resources_pr2_description:/home/andre/ros2_ws/src/install/moveit_resources_panda_description:/home/andre/ros2_ws/src/install/moveit_msgs:/home/andre/ros2_ws/src/install/moveit_common:/home/andre/ros2_ws/install:/opt/ros/jazzy/opt/gz_sim_vendor:/opt/ros/jazzy/opt/gz_sensors_vendor:/opt/ros/jazzy/opt/gz_physics_vendor:/opt/ros/jazzy/opt/sdformat_vendor:/opt/ros/jazzy/opt/gz_gui_vendor:/opt/ros/jazzy/opt/gz_transport_vendor:/opt/ros/jazzy/opt/gz_rendering_vendor:/opt/ros/jazzy/opt/gz_plugin_vendor:/opt/ros/jazzy/opt/gz_fuel_tools_vendor:/opt/ros/jazzy/opt/gz_msgs_vendor:/opt/ros/jazzy/opt/gz_common_vendor:/opt/ros/jazzy/opt/gz_math_vendor:/opt/ros/jazzy/opt/gz_utils_vendor:/opt/ros/jazzy/opt/gz_tools_vendor:/opt/ros/jazzy/opt/gz_ogre_next_vendor:/opt/ros/jazzy/opt/gz_dartsim_vendor:/opt/ros/jazzy/opt/gz_cmake_vendor:/opt/ros/jazzy DEBUGINFOD_URLS=https://debuginfod.ubuntu.com LD_LIBRARY_PATH=/home/andre/ros2_ws/src/install/moveit_msgs/lib:${LD_LIBRARY_PATH} PYTHONPATH=/home/andre/ros2_ws/src/install/moveit_msgs/lib/python3.12/site-packages:${PYTHONPATH} /usr/bin/cmake /home/andre/ros2_ws/src/moveit2/moveit_core -DCMAKE_BUILD_TYPE=Release -DCMAKE_INSTALL_PREFIX=/home/andre/ros2_ws/src/install/moveit_core
[0.081s] -- The CXX compiler identification is GNU 13.3.0
[0.098s] -- Detecting CXX compiler ABI info
[0.203s] -- Detecting CXX compiler ABI info - done
[0.215s] -- Check for working CXX compiler: /usr/bin/c++ - skipped
[0.215s] -- Detecting CXX compile features
[0.216s] -- Detecting CXX compile features - done
[0.217s] -- Found moveit_common: 2.14.1 (/home/andre/ros2_ws/src/install/moveit_common/share/moveit_common/cmake)
[0.222s] -- Found ament_cmake: 2.5.4 (/opt/ros/jazzy/share/ament_cmake/cmake)
[0.397s] -- Found Python3: /usr/bin/python3 (found version "3.12.3") found components: Interpreter 
[0.638s] -- Found angles: 1.16.1 (/opt/ros/jazzy/share/angles/cmake)
[0.681s] -- Found Bullet: /usr/lib/x86_64-linux-gnu/libBulletDynamics.so (Required is at least version "2.87") 
[0.685s] -- Found common_interfaces: 5.3.6 (/opt/ros/jazzy/share/common_interfaces/cmake)
[0.689s] -- Found eigen_stl_containers: 1.1.0 (/opt/ros/jazzy/share/eigen_stl_containers/cmake)
[0.703s] -- Found eigen3_cmake_module: 0.3.0 (/opt/ros/jazzy/share/eigen3_cmake_module/cmake)
[0.714s] -- Found Eigen3: TRUE (found version "3.4.0") 
[0.724s] -- Found generate_parameter_library: 0.5.0 (/opt/ros/jazzy/share/generate_parameter_library/cmake)
[0.732s] -- Found parameter_traits: 0.5.0 (/opt/ros/jazzy/share/parameter_traits/cmake)
[0.789s] -- Found rosidl_generator_c: 4.6.6 (/opt/ros/jazzy/share/rosidl_generator_c/cmake)
[0.808s] -- Found rosidl_generator_cpp: 4.6.6 (/opt/ros/jazzy/share/rosidl_generator_cpp/cmake)
[0.831s] -- Using all available rosidl_typesupport_c: rosidl_typesupport_fastrtps_c;rosidl_typesupport_introspection_c
[0.855s] -- Using all available rosidl_typesupport_cpp: rosidl_typesupport_fastrtps_cpp;rosidl_typesupport_introspection_cpp
[0.960s] -- Found rmw_implementation_cmake: 7.3.2 (/opt/ros/jazzy/share/rmw_implementation_cmake/cmake)
[0.965s] -- Found rmw_fastrtps_cpp: 8.4.3 (/opt/ros/jazzy/share/rmw_fastrtps_cpp/cmake)
[1.061s] -- Found OpenSSL: /usr/lib/x86_64-linux-gnu/libcrypto.so (found version "3.0.13")  
[1.081s] -- Found FastRTPS: /opt/ros/jazzy/include (Required is at least version "2.13") 
[1.107s] -- Using RMW implementation 'rmw_fastrtps_cpp' as default
[1.227s] -- Found rclcpp_lifecycle: 28.1.13 (/opt/ros/jazzy/share/rclcpp_lifecycle/cmake)
[1.273s] -- Found geometric_shapes: 2.3.2 (/opt/ros/jazzy/share/geometric_shapes/cmake)
[1.293s] -- Found Boost: /usr/lib/x86_64-linux-gnu/cmake/Boost-1.83.0/BoostConfig.cmake (found version "1.83.0") found components: filesystem 
[1.483s] -- Found kdl_parser: 2.11.0 (/opt/ros/jazzy/share/kdl_parser/cmake)
[1.498s] -- Ensuring Eigen3 include directory is part of orocos-kdl CMake target
[1.503s] -- Found moveit_msgs: 2.7.1 (/home/andre/ros2_ws/src/install/moveit_msgs/share/moveit_msgs/cmake)
[1.783s] -- Found pluginlib: 5.4.3 (/opt/ros/jazzy/share/pluginlib/cmake)
[1.804s] -- Found srdfdom: 2.0.7 (/opt/ros/jazzy/share/srdfdom/cmake)
[1.826s] -- Found tf2_eigen: 0.36.16 (/opt/ros/jazzy/share/tf2_eigen/cmake)
[1.967s] -- Found tf2_geometry_msgs: 0.36.16 (/opt/ros/jazzy/share/tf2_geometry_msgs/cmake)
[1.975s] -- Found tf2_kdl: 0.36.16 (/opt/ros/jazzy/share/tf2_kdl/cmake)
[2.169s] -- Found Boost: /usr/lib/x86_64-linux-gnu/cmake/Boost-1.83.0/BoostConfig.cmake (found version "1.83.0") found components: chrono date_time filesystem iostreams program_options regex serialization system thread 
[2.183s] -- Performing Test COMPILER_HAS_HIDDEN_VISIBILITY
[2.307s] -- Performing Test COMPILER_HAS_HIDDEN_VISIBILITY - Success
[2.308s] -- Performing Test COMPILER_HAS_HIDDEN_INLINE_VISIBILITY
[2.438s] -- Performing Test COMPILER_HAS_HIDDEN_INLINE_VISIBILITY - Success
[2.438s] -- Performing Test COMPILER_HAS_DEPRECATED_ATTR
[2.562s] -- Performing Test COMPILER_HAS_DEPRECATED_ATTR - Success
[2.574s] -- Found ament_cmake_gtest: 2.5.4 (/opt/ros/jazzy/share/ament_cmake_gtest/cmake)
[2.578s] -- Found gtest sources under '/opt/ros/jazzy/src/gtest_vendor': C++ tests using 'Google Test' will be built
[2.624s] -- The C compiler identification is GNU 13.3.0
[2.639s] -- Detecting C compiler ABI info
[2.762s] -- Detecting C compiler ABI info - done
[2.774s] -- Check for working C compiler: /usr/bin/cc - skipped
[2.774s] -- Detecting C compile features
[2.774s] -- Detecting C compile features - done
[2.777s] -- Found Threads: TRUE  
[2.789s] -- Found gtest sources under '/opt/ros/jazzy/src/gtest_vendor': C++ tests using 'Google Test' will be built
[2.802s] -- Found gtest sources under '/opt/ros/jazzy/src/gtest_vendor': C++ tests using 'Google Test' will be built
[2.813s] -- Found ament_cmake_gtest: 2.5.4 (/opt/ros/jazzy/share/ament_cmake_gtest/cmake)
[2.814s] -- Found gtest sources under '/opt/ros/jazzy/src/gtest_vendor': C++ tests using 'Google Test' will be built
[2.825s] -- Found ament_cmake_gmock: 2.5.4 (/opt/ros/jazzy/share/ament_cmake_gmock/cmake)
[2.831s] -- Found gmock sources under '/opt/ros/jazzy/src/gmock_vendor': C++ tests using 'Google Mock' will be built
[2.835s] -- Found ament_cmake_gtest: 2.5.4 (/opt/ros/jazzy/share/ament_cmake_gtest/cmake)
[2.835s] -- Found gtest sources under '/opt/ros/jazzy/src/gtest_vendor': C++ tests using 'Google Test' will be built
[2.847s] -- Found ament_cmake_gtest: 2.5.4 (/opt/ros/jazzy/share/ament_cmake_gtest/cmake)
[2.848s] -- Found gtest sources under '/opt/ros/jazzy/src/gtest_vendor': C++ tests using 'Google Test' will be built
[2.869s] -- Found ament_cmake_gtest: 2.5.4 (/opt/ros/jazzy/share/ament_cmake_gtest/cmake)
[2.870s] -- Found gtest sources under '/opt/ros/jazzy/src/gtest_vendor': C++ tests using 'Google Test' will be built
[2.900s] -- Found ament_cmake_gtest: 2.5.4 (/opt/ros/jazzy/share/ament_cmake_gtest/cmake)
[2.901s] -- Found gtest sources under '/opt/ros/jazzy/src/gtest_vendor': C++ tests using 'Google Test' will be built
[2.919s] -- Found ament_cmake_gtest: 2.5.4 (/opt/ros/jazzy/share/ament_cmake_gtest/cmake)
[2.920s] -- Found gtest sources under '/opt/ros/jazzy/src/gtest_vendor': C++ tests using 'Google Test' will be built
[2.933s] -- Found ament_cmake_gtest: 2.5.4 (/opt/ros/jazzy/share/ament_cmake_gtest/cmake)
[2.934s] -- Found gtest sources under '/opt/ros/jazzy/src/gtest_vendor': C++ tests using 'Google Test' will be built
[2.949s] -- Found ament_cmake_google_benchmark: 2.5.4 (/opt/ros/jazzy/share/ament_cmake_google_benchmark/cmake)
[2.951s] -- Found ament_cmake_gtest: 2.5.4 (/opt/ros/jazzy/share/ament_cmake_gtest/cmake)
[2.960s] -- Found gmock sources under '/opt/ros/jazzy/src/gmock_vendor': C++ tests using 'Google Mock' will be built
[2.960s] -- Found gtest sources under '/opt/ros/jazzy/src/gtest_vendor': C++ tests using 'Google Test' will be built
[2.969s] -- Performance tests are disabled by default, so Google Benchmark tests will be skipped. To enable these tests, set the CMake variable 'AMENT_RUN_PERFORMANCE_TESTS'.
[2.974s] -- Found gtest sources under '/opt/ros/jazzy/src/gtest_vendor': C++ tests using 'Google Test' will be built
[2.986s] -- Found ament_cmake_google_benchmark: 2.5.4 (/opt/ros/jazzy/share/ament_cmake_google_benchmark/cmake)
[2.987s] -- Found ament_cmake_gtest: 2.5.4 (/opt/ros/jazzy/share/ament_cmake_gtest/cmake)
[2.989s] -- Found gtest sources under '/opt/ros/jazzy/src/gtest_vendor': C++ tests using 'Google Test' will be built
[2.995s] -- Performance tests are disabled by default, so Google Benchmark tests will be skipped. To enable these tests, set the CMake variable 'AMENT_RUN_PERFORMANCE_TESTS'.
[3.004s] -- Found ament_cmake_gtest: 2.5.4 (/opt/ros/jazzy/share/ament_cmake_gtest/cmake)
[3.005s] -- Found gtest sources under '/opt/ros/jazzy/src/gtest_vendor': C++ tests using 'Google Test' will be built
[3.027s] -- Found launch_testing_ament_cmake: 3.4.9 (/opt/ros/jazzy/share/launch_testing_ament_cmake/cmake)
[3.030s] -- Found python_cmake_module: 0.11.1 (/opt/ros/jazzy/share/python_cmake_module/cmake)
[3.181s] -- Found PythonExtra: /usr/bin/python3  
[3.185s] --  *** Building MoveIt 2.14.1 devel ***
[3.193s] -- Configuring done (3.2s)
[3.932s] -- Generating done (0.6s)
[4.115s] -- Build files have been written to: /home/andre/ros2_ws/src/build/moveit_core
[4.162s] Invoked command in '/home/andre/ros2_ws/src/build/moveit_core' returned '0': AMENT_PREFIX_PATH=/home/andre/ros2_ws/src/install/moveit_resources_panda_moveit_config:/home/andre/ros2_ws/src/install/moveit_resources_pr2_description:/home/andre/ros2_ws/src/install/moveit_resources_panda_description:/home/andre/ros2_ws/src/install/moveit_msgs:/home/andre/ros2_ws/src/install/moveit_common:${AMENT_PREFIX_PATH} CMAKE_PREFIX_PATH=/home/andre/ros2_ws/src/install/moveit_resources_panda_moveit_config:/home/andre/ros2_ws/src/install/moveit_resources_pr2_description:/home/andre/ros2_ws/src/install/moveit_resources_panda_description:/home/andre/ros2_ws/src/install/moveit_msgs:/home/andre/ros2_ws/src/install/moveit_common:/home/andre/ros2_ws/install:/opt/ros/jazzy/opt/gz_sim_vendor:/opt/ros/jazzy/opt/gz_sensors_vendor:/opt/ros/jazzy/opt/gz_physics_vendor:/opt/ros/jazzy/opt/sdformat_vendor:/opt/ros/jazzy/opt/gz_gui_vendor:/opt/ros/jazzy/opt/gz_transport_vendor:/opt/ros/jazzy/opt/gz_rendering_vendor:/opt/ros/jazzy/opt/gz_plugin_vendor:/opt/ros/jazzy/opt/gz_fuel_tools_vendor:/opt/ros/jazzy/opt/gz_msgs_vendor:/opt/ros/jazzy/opt/gz_common_vendor:/opt/ros/jazzy/opt/gz_math_vendor:/opt/ros/jazzy/opt/gz_utils_vendor:/opt/ros/jazzy/opt/gz_tools_vendor:/opt/ros/jazzy/opt/gz_ogre_next_vendor:/opt/ros/jazzy/opt/gz_dartsim_vendor:/opt/ros/jazzy/opt/gz_cmake_vendor:/opt/ros/jazzy DEBUGINFOD_URLS=https://debuginfod.ubuntu.com LD_LIBRARY_PATH=/home/andre/ros2_ws/src/install/moveit_msgs/lib:${LD_LIBRARY_PATH} PYTHONPATH=/home/andre/ros2_ws/src/install/moveit_msgs/lib/python3.12/site-packages:${PYTHONPATH} /usr/bin/cmake /home/andre/ros2_ws/src/moveit2/moveit_core -DCMAKE_BUILD_TYPE=Release -DCMAKE_INSTALL_PREFIX=/home/andre/ros2_ws/src/install/moveit_core
[4.163s] Invoking command in '/home/andre/ros2_ws/src/build/moveit_core': AMENT_PREFIX_PATH=/home/andre/ros2_ws/src/install/moveit_resources_panda_moveit_config:/home/andre/ros2_ws/src/install/moveit_resources_pr2_description:/home/andre/ros2_ws/src/install/moveit_resources_panda_description:/home/andre/ros2_ws/src/install/moveit_msgs:/home/andre/ros2_ws/src/install/moveit_common:${AMENT_PREFIX_PATH} CMAKE_PREFIX_PATH=/home/andre/ros2_ws/src/install/moveit_resources_panda_moveit_config:/home/andre/ros2_ws/src/install/moveit_resources_pr2_description:/home/andre/ros2_ws/src/install/moveit_resources_panda_description:/home/andre/ros2_ws/src/install/moveit_msgs:/home/andre/ros2_ws/src/install/moveit_common:/home/andre/ros2_ws/install:/opt/ros/jazzy/opt/gz_sim_vendor:/opt/ros/jazzy/opt/gz_sensors_vendor:/opt/ros/jazzy/opt/gz_physics_vendor:/opt/ros/jazzy/opt/sdformat_vendor:/opt/ros/jazzy/opt/gz_gui_vendor:/opt/ros/jazzy/opt/gz_transport_vendor:/opt/ros/jazzy/opt/gz_rendering_vendor:/opt/ros/jazzy/opt/gz_plugin_vendor:/opt/ros/jazzy/opt/gz_fuel_tools_vendor:/opt/ros/jazzy/opt/gz_msgs_vendor:/opt/ros/jazzy/opt/gz_common_vendor:/opt/ros/jazzy/opt/gz_math_vendor:/opt/ros/jazzy/opt/gz_utils_vendor:/opt/ros/jazzy/opt/gz_tools_vendor:/opt/ros/jazzy/opt/gz_ogre_next_vendor:/opt/ros/jazzy/opt/gz_dartsim_vendor:/opt/ros/jazzy/opt/gz_cmake_vendor:/opt/ros/jazzy DEBUGINFOD_URLS=https://debuginfod.ubuntu.com LD_LIBRARY_PATH=/home/andre/ros2_ws/src/install/moveit_msgs/lib:${LD_LIBRARY_PATH} PYTHONPATH=/home/andre/ros2_ws/src/install/moveit_msgs/lib/python3.12/site-packages:${PYTHONPATH} /usr/bin/cmake --build /home/andre/ros2_ws/src/build/moveit_core -- -j4 -l4
[4.232s] [  0%] [32mBuilding CXX object gtest/CMakeFiles/gtest_main.dir/src/gtest_main.cc.o[0m
[4.232s] [  1%] [32mBuilding CXX object utils/CMakeFiles/moveit_utils.dir/src/lexical_casts.cpp.o[0m
[4.236s] [  1%] [32mBuilding CXX object gmock/CMakeFiles/gmock.dir/opt/ros/jazzy/src/gtest_vendor/src/gtest-all.cc.o[0m
[4.242s] [  1%] [32mBuilding CXX object gtest/CMakeFiles/gtest.dir/src/gtest-all.cc.o[0m
[5.134s] [  1%] [32mBuilding CXX object utils/CMakeFiles/moveit_utils.dir/src/message_checks.cpp.o[0m
[5.990s] [  2%] [32m[1mLinking CXX static library libgtest_main.a[0m
[6.154s] [  2%] Built target gtest_main
[6.184s] [  3%] [32mBuilding CXX object gmock/CMakeFiles/gmock.dir/src/gmock-all.cc.o[0m
[7.837s] [  4%] [32mBuilding CXX object utils/CMakeFiles/moveit_utils.dir/src/rclcpp_utils.cpp.o[0m
[8.279s] [  4%] [32mBuilding CXX object utils/CMakeFiles/moveit_utils.dir/src/logger.cpp.o[0m
[13.841s] [  5%] [32mBuilding CXX object gmock/CMakeFiles/gmock_main.dir/src/gmock_main.cc.o[0m
[17.782s] [  6%] [32m[1mLinking CXX static library libgmock_main.a[0m
[17.939s] [  6%] Built target gmock_main
[17.967s] [  7%] [32mBuilding CXX object online_signal_smoothing/CMakeFiles/moveit_smoothing_base.dir/src/smoothing_base_class.cpp.o[0m
[18.363s] [  8%] [32m[1mLinking CXX shared library libmoveit_utils.so[0m
[18.820s] [  8%] Built target moveit_utils
[18.883s] [  9%] [34m[1mRunning `/opt/ros/jazzy/bin/generate_parameter_library_cpp /home/andre/ros2_ws/src/build/moveit_core/online_signal_smoothing/include/moveit_core/moveit_acceleration_filter_parameters.hpp /home/andre/ros2_ws/src/moveit2/moveit_core/online_signal_smoothing/src/acceleration_filter_parameters.yaml `[0m
[20.909s] [  9%] [34m[1mCreating deprecated header file /home/andre/ros2_ws/src/build/moveit_core/online_signal_smoothing/include/moveit_acceleration_filter_parameters.hpp[0m
[20.962s] [  9%] Built target moveit_acceleration_filter_parameters
[25.412s] [  9%] [32m[1mLinking CXX static library libgmock.a[0m
[25.548s] [  9%] Built target gmock
[26.508s] [ 10%] [32m[1mLinking CXX shared library libmoveit_smoothing_base.so[0m
[27.405s] [ 10%] Built target moveit_smoothing_base
[27.920s] [ 11%] [32m[1mLinking CXX static library libgtest.a[0m
[28.006s] [ 11%] Built target gtest
[28.032s] [ 11%] [32mBuilding CXX object utils/test/CMakeFiles/logger_dut.dir/logger_dut.cpp.o[0m
[32.461s] [ 12%] [32m[1mLinking CXX executable logger_dut[0m
[32.674s] [ 12%] Built target logger_dut
[32.698s] [ 13%] [34m[1mGenerate version header[0m
[32.736s] [ 14%] [34m[1mGenerating version.hpp[0m
[32.748s] [ 14%] Built target version_hpp
[32.773s] [ 15%] [32mBuilding CXX object exceptions/CMakeFiles/moveit_exceptions.dir/src/exceptions.cpp.o[0m
[33.576s] [ 16%] [32m[1mLinking CXX shared library libmoveit_exceptions.so[0m
[33.717s] [ 16%] Built target moveit_exceptions
[33.740s] [ 16%] [32mBuilding CXX object transforms/CMakeFiles/moveit_transforms.dir/src/transforms.cpp.o[0m
[39.759s] [ 17%] [32mBuilding CXX object distance_field/CMakeFiles/moveit_distance_field.dir/src/distance_field.cpp.o[0m
[40.784s] [ 18%] [34m[1mRunning `/opt/ros/jazzy/bin/generate_parameter_library_cpp /home/andre/ros2_ws/src/build/moveit_core/online_signal_smoothing/include/moveit_core/moveit_ruckig_filter_parameters.hpp /home/andre/ros2_ws/src/moveit2/moveit_core/online_signal_smoothing/src/ruckig_filter_parameters.yaml `[0m
[41.220s] [ 19%] [32m[1mLinking CXX shared library libmoveit_transforms.so[0m
[41.482s] [ 19%] Built target moveit_transforms
[41.509s] [ 20%] [34m[1mRunning `/opt/ros/jazzy/bin/generate_parameter_library_cpp /home/andre/ros2_ws/src/build/moveit_core/online_signal_smoothing/include/moveit_core/moveit_butterworth_filter_parameters.hpp /home/andre/ros2_ws/src/moveit2/moveit_core/online_signal_smoothing/src/butterworth_parameters.yaml `[0m
[41.512s] [ 20%] [32mBuilding CXX object distance_field/CMakeFiles/moveit_distance_field.dir/src/find_internal_points.cpp.o[0m
[41.768s] [ 20%] [34m[1mCreating deprecated header file /home/andre/ros2_ws/src/build/moveit_core/online_signal_smoothing/include/moveit_ruckig_filter_parameters.hpp[0m
[41.801s] [ 20%] Built target moveit_ruckig_filter_parameters
[42.753s] [ 20%] [34m[1mCreating deprecated header file /home/andre/ros2_ws/src/build/moveit_core/online_signal_smoothing/include/moveit_butterworth_filter_parameters.hpp[0m
[42.779s] [ 20%] Built target moveit_butterworth_filter_parameters
[42.809s] [ 20%] [32mBuilding CXX object version/CMakeFiles/moveit_version.dir/version.cpp.o[0m
[43.455s] [ 21%] [32m[1mLinking CXX executable moveit_version[0m
[43.718s] [ 21%] Built target moveit_version
[43.783s] [ 22%] [32mBuilding CXX object robot_model/CMakeFiles/moveit_robot_model.dir/src/aabb.cpp.o[0m
[46.870s] [ 22%] [32mBuilding CXX object robot_model/CMakeFiles/moveit_robot_model.dir/src/fixed_joint_model.cpp.o[0m
[48.538s] [ 23%] [32mBuilding CXX object robot_model/CMakeFiles/moveit_robot_model.dir/src/floating_joint_model.cpp.o[0m
[50.124s] [ 24%] [32mBuilding CXX object distance_field/CMakeFiles/moveit_distance_field.dir/src/propagation_distance_field.cpp.o[0m
[52.839s] [ 24%] [32mBuilding CXX object robot_model/CMakeFiles/moveit_robot_model.dir/src/joint_model.cpp.o[0m
[55.891s] [ 25%] [32mBuilding CXX object robot_model/CMakeFiles/moveit_robot_model.dir/src/joint_model_group.cpp.o[0m
[59.622s] [ 25%] [32m[1mLinking CXX shared library libmoveit_distance_field.so[0m
[59.867s] [ 25%] Built target moveit_distance_field
[59.878s] [ 25%] [32mBuilding CXX object robot_model/CMakeFiles/moveit_robot_model.dir/src/planar_joint_model.cpp.o[0m
[59.896s] [ 26%] [32mBuilding CXX object transforms/CMakeFiles/test_transforms.dir/test/test_transforms.cpp.o[0m
[61.910s] [ 27%] [32mBuilding CXX object robot_model/CMakeFiles/moveit_robot_model.dir/src/link_model.cpp.o[0m
[64.984s] [ 27%] [32m[1mLinking CXX executable test_transforms[0m
[65.485s] [ 27%] Built target test_transforms
[67.201s] [ 28%] [32mBuilding CXX object robot_model/CMakeFiles/moveit_robot_model.dir/src/prismatic_joint_model.cpp.o[0m
[68.862s] [ 28%] [32mBuilding CXX object robot_model/CMakeFiles/moveit_robot_model.dir/src/revolute_joint_model.cpp.o[0m
[71.238s] [ 29%] [32mBuilding CXX object robot_model/CMakeFiles/moveit_robot_model.dir/src/robot_model.cpp.o[0m
[80.094s] [ 29%] [32m[1mLinking CXX shared library libmoveit_robot_model.so[0m
[80.235s] [ 29%] Built target moveit_robot_model
[80.261s] [ 31%] [32mBuilding CXX object distance_field/CMakeFiles/test_distance_field.dir/test/test_distance_field.cpp.o[0m
[80.261s] [ 31%] [32mBuilding CXX object online_signal_smoothing/CMakeFiles/moveit_butterworth_filter.dir/src/butterworth_filter.cpp.o[0m
[80.261s] [ 32%] [32mBuilding CXX object distance_field/CMakeFiles/test_voxel_grid.dir/test/test_voxel_grid.cpp.o[0m
[80.261s] [ 32%] [32mBuilding CXX object kinematics_base/CMakeFiles/moveit_kinematics_base.dir/src/kinematics_base.cpp.o[0m
[85.559s] [ 32%] [32m[1mLinking CXX executable test_voxel_grid[0m
[86.194s] [ 32%] Built target test_voxel_grid
[86.902s] [ 32%] [32m[1mLinking CXX shared library libmoveit_kinematics_base.so[0m
[87.052s] [ 32%] Built target moveit_kinematics_base
[87.079s] [ 32%] [32mBuilding CXX object utils/CMakeFiles/moveit_test_utils.dir/src/robot_model_test_utils.cpp.o[0m
[87.079s] [ 33%] [32mBuilding CXX object robot_state/CMakeFiles/moveit_robot_state.dir/src/attached_body.cpp.o[0m
[88.757s] [ 33%] [32m[1mLinking CXX shared library libmoveit_butterworth_filter.so[0m
[89.014s] [ 33%] Built target moveit_butterworth_filter
[89.029s] [ 33%] [32mBuilding CXX object robot_state/CMakeFiles/moveit_robot_state.dir/src/conversions.cpp.o[0m
[91.659s] [ 33%] [32mBuilding CXX object online_signal_smoothing/CMakeFiles/test_butterworth_filter.dir/test/test_butterworth_filter.cpp.o[0m
[93.483s] [ 34%] [32m[1mLinking CXX executable test_distance_field[0m
[93.859s] [ 34%] Built target test_distance_field
[93.871s] [ 35%] [32mBuilding CXX object robot_state/CMakeFiles/moveit_robot_state.dir/src/robot_state.cpp.o[0m
[100.646s] [ 36%] [32m[1mLinking CXX executable test_butterworth_filter[0m
[100.897s] [ 36%] Built target test_butterworth_filter
[100.910s] [ 37%] [32mBuilding CXX object robot_state/CMakeFiles/moveit_robot_state.dir/src/cartesian_interpolator.cpp.o[0m
[111.518s] [ 38%] [32m[1mLinking CXX shared library libmoveit_test_utils.so[0m
[111.694s] [ 38%] Built target moveit_test_utils
[111.717s] [ 39%] [32mBuilding CXX object robot_model/CMakeFiles/test_robot_model.dir/test/test.cpp.o[0m
[117.911s] [ 39%] [32m[1mLinking CXX executable test_robot_model[0m
[118.188s] [ 39%] Built target test_robot_model
[120.913s] [ 39%] [32m[1mLinking CXX shared library libmoveit_robot_state.so[0m
[121.093s] [ 39%] Built target moveit_robot_state
[121.117s] [ 41%] [32mBuilding CXX object robot_trajectory/CMakeFiles/moveit_robot_trajectory.dir/src/robot_trajectory.cpp.o[0m
[121.117s] [ 41%] [32mBuilding CXX object collision_detection/CMakeFiles/moveit_collision_detection.dir/src/allvalid/collision_env_allvalid.cpp.o[0m
[122.133s] [ 42%] [32mBuilding CXX object kinematics_metrics/CMakeFiles/moveit_kinematics_metrics.dir/src/kinematics_metrics.cpp.o[0m
[123.150s] [ 43%] [32mBuilding CXX object dynamics_solver/CMakeFiles/moveit_dynamics_solver.dir/src/dynamics_solver.cpp.o[0m
[127.753s] [ 43%] [32mBuilding CXX object collision_detection/CMakeFiles/moveit_collision_detection.dir/src/collision_common.cpp.o[0m
[132.233s] [ 43%] [32m[1mLinking CXX shared library libmoveit_dynamics_solver.so[0m
[132.458s] [ 43%] Built target moveit_dynamics_solver
[132.469s] [ 44%] [32mBuilding CXX object collision_detection/CMakeFiles/moveit_collision_detection.dir/src/collision_matrix.cpp.o[0m
[133.680s] [ 44%] [32mBuilding CXX object online_signal_smoothing/CMakeFiles/moveit_acceleration_filter.dir/src/acceleration_filter.cpp.o[0m
[133.805s] [ 44%] [32m[1mLinking CXX shared library libmoveit_robot_trajectory.so[0m
[134.073s] [ 44%] Built target moveit_robot_trajectory
[134.087s] [ 45%] [32mBuilding CXX object collision_detection/CMakeFiles/moveit_collision_detection.dir/src/collision_octomap_filter.cpp.o[0m
[142.009s] [ 45%] [32mBuilding CXX object collision_detection/CMakeFiles/moveit_collision_detection.dir/src/collision_tools.cpp.o[0m
[146.157s] [ 46%] [32m[1mLinking CXX shared library libmoveit_acceleration_filter.so[0m
[146.390s] [ 46%] Built target moveit_acceleration_filter
[147.076s] [ 46%] [32m[1mLinking CXX shared library libmoveit_kinematics_metrics.so[0m
[147.242s] [ 46%] Built target moveit_kinematics_metrics
[149.937s] [ 47%] [32mBuilding CXX object collision_detection/CMakeFiles/moveit_collision_detection.dir/src/world.cpp.o[0m
[153.626s] [ 47%] [32mBuilding CXX object collision_detection/CMakeFiles/moveit_collision_detection.dir/src/world_diff.cpp.o[0m
[154.956s] [ 47%] [32mBuilding CXX object robot_state/CMakeFiles/test_robot_state_complex.dir/test/test_kinematic_complex.cpp.o[0m
[155.656s] [ 48%] [32mBuilding CXX object collision_detection/CMakeFiles/moveit_collision_detection.dir/src/collision_env.cpp.o[0m
[155.971s] [ 49%] [32mBuilding CXX object robot_state/CMakeFiles/test_robot_state.dir/test/robot_state_test.cpp.o[0m
[156.993s] [ 50%] [32mBuilding CXX object online_signal_smoothing/CMakeFiles/moveit_ruckig_filter.dir/src/ruckig_filter.cpp.o[0m
[163.332s] [ 50%] [32mBuilding CXX object collision_detection/CMakeFiles/moveit_collision_detection.dir/src/collision_plugin_cache.cpp.o[0m
[166.005s] [ 51%] [32m[1mLinking CXX executable test_robot_state_complex[0m
[166.407s] [ 51%] Built target test_robot_state_complex
[169.353s] [ 51%] [32m[1mLinking CXX shared library libmoveit_ruckig_filter.so[0m
[169.603s] [ 51%] Built target moveit_ruckig_filter
[171.864s] [ 52%] [32m[1mLinking CXX executable test_robot_state[0m
[172.167s] [ 52%] Built target test_robot_state
[175.192s] [ 52%] [32mBuilding CXX object robot_state/CMakeFiles/robot_state_benchmark.dir/test/robot_state_benchmark.cpp.o[0m
[176.207s] [ 52%] [32mBuilding CXX object robot_state/CMakeFiles/test_cartesian_interpolator.dir/test/test_cartesian_interpolator.cpp.o[0m
[177.226s] [ 53%] [32mBuilding CXX object robot_state/CMakeFiles/test_aabb.dir/test/test_aabb.cpp.o[0m
[178.241s] [ 54%] [32m[1mLinking CXX shared library libmoveit_collision_detection.so[0m
[178.517s] [ 54%] Built target moveit_collision_detection
[178.547s] [ 54%] [32mBuilding CXX object robot_trajectory/CMakeFiles/test_robot_trajectory.dir/test/test_robot_trajectory.cpp.o[0m
[184.067s] [ 55%] [32m[1mLinking CXX executable test_cartesian_interpolator[0m
[184.543s] [ 55%] Built target test_cartesian_interpolator
[184.574s] [ 55%] [32mBuilding CXX object collision_detection_bullet/CMakeFiles/moveit_collision_detection_bullet.dir/src/bullet_integration/bullet_utils.cpp.o[0m
[184.673s] [ 56%] [32m[1mLinking CXX executable robot_state_benchmark[0m
[185.043s] [ 56%] Built target robot_state_benchmark
[185.055s] [ 57%] [32mBuilding CXX object collision_detection_bullet/CMakeFiles/moveit_collision_detection_bullet.dir/src/bullet_integration/bullet_discrete_bvh_manager.cpp.o[0m
[188.207s] [ 57%] [32m[1mLinking CXX executable test_aabb[0m
[188.619s] [ 57%] Built target test_aabb
[188.633s] [ 58%] [32mBuilding CXX object collision_detection_bullet/CMakeFiles/moveit_collision_detection_bullet.dir/src/bullet_integration/bullet_cast_bvh_manager.cpp.o[0m
[192.638s] [ 59%] [32m[1mLinking CXX executable test_robot_trajectory[0m
[193.043s] [ 59%] Built target test_robot_trajectory
[193.055s] [ 59%] [32mBuilding CXX object collision_detection_bullet/CMakeFiles/moveit_collision_detection_bullet.dir/src/collision_env_bullet.cpp.o[0m
[194.095s] [ 60%] [32mBuilding CXX object collision_detection_fcl/CMakeFiles/moveit_collision_detection_fcl.dir/src/collision_common.cpp.o[0m
[196.679s] [ 60%] [32mBuilding CXX object trajectory_processing/CMakeFiles/moveit_trajectory_processing.dir/src/ruckig_traj_smoothing.cpp.o[0m
[198.165s] [ 61%] [32mBuilding CXX object trajectory_processing/CMakeFiles/moveit_trajectory_processing.dir/src/trajectory_tools.cpp.o[0m
[203.678s] [ 62%] [32mBuilding CXX object collision_detection_bullet/CMakeFiles/moveit_collision_detection_bullet.dir/src/bullet_integration/bullet_bvh_manager.cpp.o[0m
[207.240s] [ 62%] [32mBuilding CXX object collision_detection_fcl/CMakeFiles/moveit_collision_detection_fcl.dir/src/collision_env_fcl.cpp.o[0m
[207.682s] [ 62%] [32mBuilding CXX object trajectory_processing/CMakeFiles/moveit_trajectory_processing.dir/src/time_optimal_trajectory_generation.cpp.o[0m
[209.711s] [ 62%] [32mBuilding CXX object collision_detection_bullet/CMakeFiles/moveit_collision_detection_bullet.dir/src/bullet_integration/contact_checker_common.cpp.o[0m
[211.416s] [ 63%] [32mBuilding CXX object collision_detection/CMakeFiles/test_world.dir/test/test_world.cpp.o[0m
[218.138s] [ 64%] [32m[1mLinking CXX shared library libmoveit_collision_detection_fcl.so[0m
[218.432s] [ 64%] Built target moveit_collision_detection_fcl
[218.438s] [ 65%] [32mBuilding CXX object collision_detection_bullet/CMakeFiles/moveit_collision_detection_bullet.dir/src/bullet_integration/ros_bullet_utils.cpp.o[0m
[218.461s] [ 66%] [32mBuilding CXX object collision_detection/CMakeFiles/test_world_diff.dir/test/test_world_diff.cpp.o[0m
[219.244s] [ 66%] [32m[1mLinking CXX executable test_world[0m
[219.618s] [ 66%] Built target test_world
[219.649s] [ 67%] [32mBuilding CXX object collision_detection/CMakeFiles/test_all_valid.dir/test/test_all_valid.cpp.o[0m
[221.096s] [ 68%] [32m[1mLinking CXX shared library libmoveit_trajectory_processing.so[0m
[221.496s] [ 68%] Built target moveit_trajectory_processing
[221.540s] [ 69%] [32mBuilding CXX object online_signal_smoothing/CMakeFiles/test_acceleration_filter.dir/test/test_acceleration_filter.cpp.o[0m
[225.114s] [ 69%] [32m[1mLinking CXX executable test_world_diff[0m
[225.501s] [ 69%] Built target test_world_diff
[225.534s] [ 69%] [32mBuilding CXX object trajectory_processing/CMakeFiles/test_time_optimal_trajectory_generation.dir/test/test_time_optimal_trajectory_generation.cpp.o[0m
[226.729s] [ 69%] [32m[1mLinking CXX shared library libmoveit_collision_detection_bullet.so[0m
[227.027s] [ 69%] Built target moveit_collision_detection_bullet
[227.058s] [ 69%] [32mBuilding CXX object trajectory_processing/CMakeFiles/test_ruckig_traj_smoothing.dir/test/test_ruckig_traj_smoothing.cpp.o[0m
[228.610s] [ 69%] [32m[1mLinking CXX executable test_all_valid[0m
[228.979s] [ 69%] Built target test_all_valid
[229.010s] [ 70%] [32mBuilding CXX object trajectory_processing/CMakeFiles/robot_trajectory_benchmark.dir/test/robot_trajectory_benchmark.cpp.o[0m
[234.643s] [ 70%] [32m[1mLinking CXX executable test_acceleration_filter[0m
[235.102s] [ 70%] Built target test_acceleration_filter
[238.033s] [ 71%] [32m[1mLinking CXX executable test_ruckig_traj_smoothing[0m
[238.405s] [ 71%] Built target test_ruckig_traj_smoothing
[238.934s] [ 71%] [32m[1mLinking CXX executable robot_trajectory_benchmark[0m
[239.263s] [ 71%] Built target robot_trajectory_benchmark
[239.275s] [ 72%] [32mBuilding CXX object collision_detection_bullet/CMakeFiles/test_bullet_collision_detection.dir/test/test_bullet_collision_detection_pr2.cpp.o[0m
[239.291s] [ 72%] [32mBuilding CXX object kinematic_constraints/CMakeFiles/moveit_kinematic_constraints.dir/src/kinematic_constraint.cpp.o[0m
[239.956s] [ 73%] [32m[1mLinking CXX executable test_time_optimal_trajectory_generation[0m
[240.310s] [ 73%] [32mBuilding CXX object collision_detection_bullet/CMakeFiles/test_bullet_collision_detection_panda.dir/test/test_bullet_collision_detection_panda.cpp.o[0m
[240.348s] [ 73%] Built target test_time_optimal_trajectory_generation
[240.386s] [ 73%] [32mBuilding CXX object collision_detection_bullet/CMakeFiles/test_bullet_continuous_collision_checking.dir/test/test_bullet_continuous_collision_checking.cpp.o[0m
[252.685s] [ 74%] [32m[1mLinking CXX executable test_bullet_collision_detection_panda[0m
[253.119s] [ 74%] Built target test_bullet_collision_detection_panda
[253.131s] [ 75%] [32mBuilding CXX object kinematic_constraints/CMakeFiles/moveit_kinematic_constraints.dir/src/utils.cpp.o[0m
[253.877s] [ 76%] [32m[1mLinking CXX executable test_bullet_collision_detection[0m
[254.371s] [ 76%] Built target test_bullet_collision_detection
[254.401s] [ 76%] [32mBuilding CXX object collision_detection_fcl/CMakeFiles/test_fcl_collision_env.dir/test/test_fcl_env.cpp.o[0m
[254.431s] [ 77%] [32m[1mLinking CXX executable test_bullet_continuous_collision_checking[0m
[254.860s] [ 77%] Built target test_bullet_continuous_collision_checking
[254.890s] [ 77%] [32mBuilding CXX object collision_detection_fcl/CMakeFiles/test_fcl_collision_detection.dir/test/test_fcl_collision_detection_pr2.cpp.o[0m
[259.851s] [ 77%] [32mBuilding CXX object collision_detection_fcl/CMakeFiles/test_fcl_collision_detection_panda.dir/test/test_fcl_collision_detection_panda.cpp.o[0m
[266.244s] [ 78%] [32m[1mLinking CXX executable test_fcl_collision_env[0m
[266.671s] [ 78%] Built target test_fcl_collision_env
[267.901s] [ 78%] [32m[1mLinking CXX shared library libmoveit_kinematic_constraints.so[0m
[268.173s] [ 78%] Built target moveit_kinematic_constraints
[268.202s] [ 79%] [32mBuilding CXX object planning_scene/CMakeFiles/moveit_planning_scene.dir/src/planning_scene.cpp.o[0m
[268.747s] [ 80%] [32m[1mLinking CXX executable test_fcl_collision_detection[0m
[269.160s] [ 80%] Built target test_fcl_collision_detection
[269.176s] [ 81%] [32mBuilding CXX object kinematic_constraints/CMakeFiles/test_constraints.dir/test/test_constraints.cpp.o[0m
[269.191s] [ 82%] [32mBuilding CXX object kinematic_constraints/CMakeFiles/test_orientation_constraints.dir/test/test_orientation_constraints.cpp.o[0m
[273.060s] [ 83%] [32m[1mLinking CXX executable test_fcl_collision_detection_panda[0m
[273.502s] [ 83%] Built target test_fcl_collision_detection_panda
[281.094s] [ 83%] [32m[1mLinking CXX executable test_orientation_constraints[0m
[281.450s] [ 83%] Built target test_orientation_constraints
[283.060s] [ 84%] [32m[1mLinking CXX executable test_constraints[0m
[283.398s] [ 84%] Built target test_constraints
[290.026s] [ 84%] [32m[1mLinking CXX shared library libmoveit_planning_scene.so[0m
[290.209s] [ 84%] Built target moveit_planning_scene
[290.236s] [ 85%] [32mBuilding CXX object collision_detection_bullet/CMakeFiles/collision_detector_bullet_plugin.dir/src/collision_detector_bullet_plugin_loader.cpp.o[0m
[290.236s] [ 85%] [32mBuilding CXX object collision_distance_field/CMakeFiles/moveit_collision_distance_field.dir/src/collision_distance_field_types.cpp.o[0m
[290.236s] [ 85%] [32mBuilding CXX object collision_detection_fcl/CMakeFiles/collision_detector_fcl_plugin.dir/src/collision_detector_fcl_plugin_loader.cpp.o[0m
[290.239s] [ 85%] [32mBuilding CXX object constraint_samplers/CMakeFiles/moveit_constraint_samplers.dir/src/constraint_sampler.cpp.o[0m
[299.612s] [ 86%] [32mBuilding CXX object constraint_samplers/CMakeFiles/moveit_constraint_samplers.dir/src/constraint_sampler_manager.cpp.o[0m
[299.893s] [ 86%] [32mBuilding CXX object collision_distance_field/CMakeFiles/moveit_collision_distance_field.dir/src/collision_common_distance_field.cpp.o[0m
[300.662s] [ 87%] [32m[1mLinking CXX shared library libcollision_detector_bullet_plugin.so[0m
[300.914s] [ 87%] Built target collision_detector_bullet_plugin
[300.927s] [ 88%] [32mBuilding CXX object collision_distance_field/CMakeFiles/moveit_collision_distance_field.dir/src/collision_env_distance_field.cpp.o[0m
[301.486s] [ 89%] [32m[1mLinking CXX shared library libcollision_detector_fcl_plugin.so[0m
[301.713s] [ 89%] Built target collision_detector_fcl_plugin
[301.726s] [ 89%] [32mBuilding CXX object constraint_samplers/CMakeFiles/moveit_constraint_samplers.dir/src/constraint_sampler_tools.cpp.o[0m
[311.982s] [ 90%] [32mBuilding CXX object planning_interface/CMakeFiles/moveit_planning_interface.dir/src/planning_interface.cpp.o[0m
[312.190s] [ 91%] [32mBuilding CXX object constraint_samplers/CMakeFiles/moveit_constraint_samplers.dir/src/default_constraint_samplers.cpp.o[0m
[312.325s] [ 92%] [32mBuilding CXX object constraint_samplers/CMakeFiles/moveit_constraint_samplers.dir/src/union_constraint_sampler.cpp.o[0m
[322.290s] [ 92%] [32mBuilding CXX object collision_distance_field/CMakeFiles/moveit_collision_distance_field.dir/src/collision_env_hybrid.cpp.o[0m
[323.131s] [ 93%] [32mBuilding CXX object planning_scene/CMakeFiles/test_planning_scene.dir/test/test_planning_scene.cpp.o[0m
[325.925s] [ 94%] [32mBuilding CXX object planning_interface/CMakeFiles/moveit_planning_interface.dir/src/planning_response.cpp.o[0m
[327.179s] [ 94%] [32m[1mLinking CXX shared library libmoveit_constraint_samplers.so[0m
[327.465s] [ 94%] Built target moveit_constraint_samplers
[327.495s] [ 95%] [32mBuilding CXX object planning_scene/CMakeFiles/test_collision_objects.dir/test/test_collision_objects.cpp.o[0m
[334.874s] [ 95%] [32m[1mLinking CXX shared library libmoveit_planning_interface.so[0m
[335.092s] [ 95%] Built target moveit_planning_interface
[335.124s] [ 96%] [32mBuilding CXX object planning_scene/CMakeFiles/test_multi_threaded.dir/test/test_multi_threaded.cpp.o[0m
[335.222s] [ 97%] [32m[1mLinking CXX shared library libmoveit_collision_distance_field.so[0m
[335.555s] [ 97%] Built target moveit_collision_distance_field
[335.586s] [ 98%] [32mBuilding CXX object collision_distance_field/CMakeFiles/test_collision_distance_field.dir/test/test_collision_distance_field.cpp.o[0m
[342.502s] [ 98%] [32m[1mLinking CXX executable test_collision_objects[0m
[343.064s] [ 98%] Built target test_collision_objects
[343.096s] [ 99%] [32mBuilding CXX object constraint_samplers/CMakeFiles/test_constraint_samplers.dir/test/test_constraint_samplers.cpp.o[0m
[345.637s] [ 99%] [32m[1mLinking CXX executable test_planning_scene[0m
[346.094s] [ 99%] Built target test_planning_scene
[346.107s] [ 99%] [32mBuilding CXX object constraint_samplers/CMakeFiles/test_constraint_samplers.dir/test/pr2_arm_kinematics_plugin.cpp.o[0m
[347.495s] [ 99%] [32m[1mLinking CXX executable test_multi_threaded[0m
[347.926s] [ 99%] Built target test_multi_threaded
[347.939s] [100%] [32mBuilding CXX object constraint_samplers/CMakeFiles/test_constraint_samplers.dir/test/pr2_arm_ik.cpp.o[0m
[351.955s] [100%] [32m[1mLinking CXX executable test_collision_distance_field[0m
[352.571s] [100%] Built target test_collision_distance_field
[360.373s] [100%] [32m[1mLinking CXX executable test_constraint_samplers[0m
[360.715s] [100%] Built target test_constraint_samplers
[360.728s] Invoked command in '/home/andre/ros2_ws/src/build/moveit_core' returned '0': AMENT_PREFIX_PATH=/home/andre/ros2_ws/src/install/moveit_resources_panda_moveit_config:/home/andre/ros2_ws/src/install/moveit_resources_pr2_description:/home/andre/ros2_ws/src/install/moveit_resources_panda_description:/home/andre/ros2_ws/src/install/moveit_msgs:/home/andre/ros2_ws/src/install/moveit_common:${AMENT_PREFIX_PATH} CMAKE_PREFIX_PATH=/home/andre/ros2_ws/src/install/moveit_resources_panda_moveit_config:/home/andre/ros2_ws/src/install/moveit_resources_pr2_description:/home/andre/ros2_ws/src/install/moveit_resources_panda_description:/home/andre/ros2_ws/src/install/moveit_msgs:/home/andre/ros2_ws/src/install/moveit_common:/home/andre/ros2_ws/install:/opt/ros/jazzy/opt/gz_sim_vendor:/opt/ros/jazzy/opt/gz_sensors_vendor:/opt/ros/jazzy/opt/gz_physics_vendor:/opt/ros/jazzy/opt/sdformat_vendor:/opt/ros/jazzy/opt/gz_gui_vendor:/opt/ros/jazzy/opt/gz_transport_vendor:/opt/ros/jazzy/opt/gz_rendering_vendor:/opt/ros/jazzy/opt/gz_plugin_vendor:/opt/ros/jazzy/opt/gz_fuel_tools_vendor:/opt/ros/jazzy/opt/gz_msgs_vendor:/opt/ros/jazzy/opt/gz_common_vendor:/opt/ros/jazzy/opt/gz_math_vendor:/opt/ros/jazzy/opt/gz_utils_vendor:/opt/ros/jazzy/opt/gz_tools_vendor:/opt/ros/jazzy/opt/gz_ogre_next_vendor:/opt/ros/jazzy/opt/gz_dartsim_vendor:/opt/ros/jazzy/opt/gz_cmake_vendor:/opt/ros/jazzy DEBUGINFOD_URLS=https://debuginfod.ubuntu.com LD_LIBRARY_PATH=/home/andre/ros2_ws/src/install/moveit_msgs/lib:${LD_LIBRARY_PATH} PYTHONPATH=/home/andre/ros2_ws/src/install/moveit_msgs/lib/python3.12/site-packages:${PYTHONPATH} /usr/bin/cmake --build /home/andre/ros2_ws/src/build/moveit_core -- -j4 -l4
[360.730s] Invoking command in '/home/andre/ros2_ws/src/build/moveit_core': AMENT_PREFIX_PATH=/home/andre/ros2_ws/src/install/moveit_resources_panda_moveit_config:/home/andre/ros2_ws/src/install/moveit_resources_pr2_description:/home/andre/ros2_ws/src/install/moveit_resources_panda_description:/home/andre/ros2_ws/src/install/moveit_msgs:/home/andre/ros2_ws/src/install/moveit_common:${AMENT_PREFIX_PATH} CMAKE_PREFIX_PATH=/home/andre/ros2_ws/src/install/moveit_resources_panda_moveit_config:/home/andre/ros2_ws/src/install/moveit_resources_pr2_description:/home/andre/ros2_ws/src/install/moveit_resources_panda_description:/home/andre/ros2_ws/src/install/moveit_msgs:/home/andre/ros2_ws/src/install/moveit_common:/home/andre/ros2_ws/install:/opt/ros/jazzy/opt/gz_sim_vendor:/opt/ros/jazzy/opt/gz_sensors_vendor:/opt/ros/jazzy/opt/gz_physics_vendor:/opt/ros/jazzy/opt/sdformat_vendor:/opt/ros/jazzy/opt/gz_gui_vendor:/opt/ros/jazzy/opt/gz_transport_vendor:/opt/ros/jazzy/opt/gz_rendering_vendor:/opt/ros/jazzy/opt/gz_plugin_vendor:/opt/ros/jazzy/opt/gz_fuel_tools_vendor:/opt/ros/jazzy/opt/gz_msgs_vendor:/opt/ros/jazzy/opt/gz_common_vendor:/opt/ros/jazzy/opt/gz_math_vendor:/opt/ros/jazzy/opt/gz_utils_vendor:/opt/ros/jazzy/opt/gz_tools_vendor:/opt/ros/jazzy/opt/gz_ogre_next_vendor:/opt/ros/jazzy/opt/gz_dartsim_vendor:/opt/ros/jazzy/opt/gz_cmake_vendor:/opt/ros/jazzy DEBUGINFOD_URLS=https://debuginfod.ubuntu.com LD_LIBRARY_PATH=/home/andre/ros2_ws/src/install/moveit_msgs/lib:${LD_LIBRARY_PATH} PYTHONPATH=/home/andre/ros2_ws/src/install/moveit_msgs/lib/python3.12/site-packages:${PYTHONPATH} /usr/bin/cmake --install /home/andre/ros2_ws/src/build/moveit_core
[360.739s] -- Install configuration: "Release"
[360.739s] -- Installing: /home/andre/ros2_ws/src/install/moveit_core/include/moveit_core
[360.739s] -- Installing: /home/andre/ros2_ws/src/install/moveit_core/include/moveit_core/moveit
[360.739s] -- Installing: /home/andre/ros2_ws/src/install/moveit_core/include/moveit_core/moveit/collision_detection_bullet
[360.740s] -- Installing: /home/andre/ros2_ws/src/install/moveit_core/include/moveit_core/moveit/collision_detection_bullet/collision_detector_bullet_plugin_loader.h
[360.740s] -- Installing: /home/andre/ros2_ws/src/install/moveit_core/include/moveit_core/moveit/collision_detection_bullet/collision_detector_bullet_plugin_loader.hpp
[360.740s] -- Installing: /home/andre/ros2_ws/src/install/moveit_core/include/moveit_core/moveit/collision_detection_bullet/bullet_integration
[360.740s] -- Installing: /home/andre/ros2_ws/src/install/moveit_core/include/moveit_core/moveit/collision_detection_bullet/bullet_integration/contact_checker_common.h
[360.740s] -- Installing: /home/andre/ros2_ws/src/install/moveit_core/include/moveit_core/moveit/collision_detection_bullet/bullet_integration/bullet_cast_bvh_manager.hpp
[360.740s] -- Installing: /home/andre/ros2_ws/src/install/moveit_core/include/moveit_core/moveit/collision_detection_bullet/bullet_integration/bullet_bvh_manager.hpp
[360.740s] -- Installing: /home/andre/ros2_ws/src/install/moveit_core/include/moveit_core/moveit/collision_detection_bullet/bullet_integration/basic_types.hpp
[360.740s] -- Installing: /home/andre/ros2_ws/src/install/moveit_core/include/moveit_core/moveit/collision_detection_bullet/bullet_integration/bullet_bvh_manager.h
[360.741s] -- Installing: /home/andre/ros2_ws/src/install/moveit_core/include/moveit_core/moveit/collision_detection_bullet/bullet_integration/basic_types.h
[360.741s] -- Installing: /home/andre/ros2_ws/src/install/moveit_core/include/moveit_core/moveit/collision_detection_bullet/bullet_integration/bullet_utils.hpp
[360.741s] -- Installing: /home/andre/ros2_ws/src/install/moveit_core/include/moveit_core/moveit/collision_detection_bullet/bullet_integration/contact_checker_common.hpp
[360.741s] -- Installing: /home/andre/ros2_ws/src/install/moveit_core/include/moveit_core/moveit/collision_detection_bullet/bullet_integration/ros_bullet_utils.hpp
[360.741s] -- Installing: /home/andre/ros2_ws/src/install/moveit_core/include/moveit_core/moveit/collision_detection_bullet/bullet_integration/ros_bullet_utils.h
[360.741s] -- Installing: /home/andre/ros2_ws/src/install/moveit_core/include/moveit_core/moveit/collision_detection_bullet/bullet_integration/bullet_cast_bvh_manager.h
[360.742s] -- Installing: /home/andre/ros2_ws/src/install/moveit_core/include/moveit_core/moveit/collision_detection_bullet/bullet_integration/bullet_discrete_bvh_manager.h
[360.742s] -- Installing: /home/andre/ros2_ws/src/install/moveit_core/include/moveit_core/moveit/collision_detection_bullet/bullet_integration/bullet_utils.h
[360.742s] -- Installing: /home/andre/ros2_ws/src/install/moveit_core/include/moveit_core/moveit/collision_detection_bullet/bullet_integration/bullet_discrete_bvh_manager.hpp
[360.742s] -- Installing: /home/andre/ros2_ws/src/install/moveit_core/include/moveit_core/moveit/collision_detection_bullet/collision_detector_allocator_bullet.h
[360.743s] -- Installing: /home/andre/ros2_ws/src/install/moveit_core/include/moveit_core/moveit/collision_detection_bullet/collision_detector_allocator_bullet.hpp
[360.743s] -- Installing: /home/andre/ros2_ws/src/install/moveit_core/include/moveit_core/moveit/collision_detection_bullet/collision_env_bullet.h
[360.743s] -- Installing: /home/andre/ros2_ws/src/install/moveit_core/include/moveit_core/moveit/collision_detection_bullet/collision_env_bullet.hpp
[360.743s] -- Installing: /home/andre/ros2_ws/src/install/moveit_core/include/moveit_core/moveit_collision_detection_bullet_export.h
[360.743s] -- Up-to-date: /home/andre/ros2_ws/src/install/moveit_core/include/moveit_core
[360.744s] -- Up-to-date: /home/andre/ros2_ws/src/install/moveit_core/include/moveit_core/moveit
[360.744s] -- Installing: /home/andre/ros2_ws/src/install/moveit_core/include/moveit_core/moveit/collision_detection_fcl
[360.744s] -- Installing: /home/andre/ros2_ws/src/install/moveit_core/include/moveit_core/moveit/collision_detection_fcl/collision_common.h
[360.744s] -- Installing: /home/andre/ros2_ws/src/install/moveit_core/include/moveit_core/moveit/collision_detection_fcl/collision_detector_fcl_plugin_loader.hpp
[360.744s] -- Installing: /home/andre/ros2_ws/src/install/moveit_core/include/moveit_core/moveit/collision_detection_fcl/fcl_compat.hpp
[360.744s] -- Installing: /home/andre/ros2_ws/src/install/moveit_core/include/moveit_core/moveit/collision_detection_fcl/collision_detector_fcl_plugin_loader.h
[360.744s] -- Installing: /home/andre/ros2_ws/src/install/moveit_core/include/moveit_core/moveit/collision_detection_fcl/fcl_compat.h
[360.745s] -- Installing: /home/andre/ros2_ws/src/install/moveit_core/include/moveit_core/moveit/collision_detection_fcl/collision_common.hpp
[360.745s] -- Installing: /home/andre/ros2_ws/src/install/moveit_core/include/moveit_core/moveit/collision_detection_fcl/collision_detector_allocator_fcl.hpp
[360.745s] -- Installing: /home/andre/ros2_ws/src/install/moveit_core/include/moveit_core/moveit/collision_detection_fcl/collision_env_fcl.hpp
[360.745s] -- Installing: /home/andre/ros2_ws/src/install/moveit_core/include/moveit_core/moveit/collision_detection_fcl/collision_detector_allocator_fcl.h
[360.745s] -- Installing: /home/andre/ros2_ws/src/install/moveit_core/include/moveit_core/moveit/collision_detection_fcl/collision_env_fcl.h
[360.745s] -- Installing: /home/andre/ros2_ws/src/install/moveit_core/include/moveit_core/moveit_collision_detection_fcl_export.h
[360.746s] -- Up-to-date: /home/andre/ros2_ws/src/install/moveit_core/include/moveit_core
[360.746s] -- Up-to-date: /home/andre/ros2_ws/src/install/moveit_core/include/moveit_core/moveit
[360.746s] -- Installing: /home/andre/ros2_ws/src/install/moveit_core/include/moveit_core/moveit/collision_detection
[360.746s] -- Installing: /home/andre/ros2_ws/src/install/moveit_core/include/moveit_core/moveit/collision_detection/test_collision_common_pr2.hpp
[360.746s] -- Installing: /home/andre/ros2_ws/src/install/moveit_core/include/moveit_core/moveit/collision_detection/collision_matrix.hpp
[360.746s] -- Installing: /home/andre/ros2_ws/src/install/moveit_core/include/moveit_core/moveit/collision_detection/collision_common.h
[360.746s] -- Installing: /home/andre/ros2_ws/src/install/moveit_core/include/moveit_core/moveit/collision_detection/collision_detector_allocator.hpp
[360.746s] -- Installing: /home/andre/ros2_ws/src/install/moveit_core/include/moveit_core/moveit/collision_detection/collision_tools.h
[360.746s] -- Installing: /home/andre/ros2_ws/src/install/moveit_core/include/moveit_core/moveit/collision_detection/collision_plugin_cache.h
[360.747s] -- Installing: /home/andre/ros2_ws/src/install/moveit_core/include/moveit_core/moveit/collision_detection/collision_plugin.hpp
[360.747s] -- Installing: /home/andre/ros2_ws/src/install/moveit_core/include/moveit_core/moveit/collision_detection/world_diff.hpp
[360.747s] -- Installing: /home/andre/ros2_ws/src/install/moveit_core/include/moveit_core/moveit/collision_detection/world_diff.h
[360.747s] -- Installing: /home/andre/ros2_ws/src/install/moveit_core/include/moveit_core/moveit/collision_detection/test_collision_common_pr2.h
[360.747s] -- Installing: /home/andre/ros2_ws/src/install/moveit_core/include/moveit_core/moveit/collision_detection/allvalid
[360.748s] -- Installing: /home/andre/ros2_ws/src/install/moveit_core/include/moveit_core/moveit/collision_detection/allvalid/collision_env_allvalid.hpp
[360.748s] -- Installing: /home/andre/ros2_ws/src/install/moveit_core/include/moveit_core/moveit/collision_detection/allvalid/collision_detector_allocator_allvalid.hpp
[360.748s] -- Installing: /home/andre/ros2_ws/src/install/moveit_core/include/moveit_core/moveit/collision_detection/allvalid/collision_detector_allocator_allvalid.h
[360.748s] -- Installing: /home/andre/ros2_ws/src/install/moveit_core/include/moveit_core/moveit/collision_detection/allvalid/collision_env_allvalid.h
[360.748s] -- Installing: /home/andre/ros2_ws/src/install/moveit_core/include/moveit_core/moveit/collision_detection/collision_common.hpp
[360.748s] -- Installing: /home/andre/ros2_ws/src/install/moveit_core/include/moveit_core/moveit/collision_detection/collision_env.hpp
[360.748s] -- Installing: /home/andre/ros2_ws/src/install/moveit_core/include/moveit_core/moveit/collision_detection/collision_plugin_cache.hpp
[360.749s] -- Installing: /home/andre/ros2_ws/src/install/moveit_core/include/moveit_core/moveit/collision_detection/test_collision_common_panda.h
[360.749s] -- Installing: /home/andre/ros2_ws/src/install/moveit_core/include/moveit_core/moveit/collision_detection/collision_env.h
[360.749s] -- Installing: /home/andre/ros2_ws/src/install/moveit_core/include/moveit_core/moveit/collision_detection/world.h
[360.749s] -- Installing: /home/andre/ros2_ws/src/install/moveit_core/include/moveit_core/moveit/collision_detection/collision_octomap_filter.hpp
[360.750s] -- Installing: /home/andre/ros2_ws/src/install/moveit_core/include/moveit_core/moveit/collision_detection/collision_octomap_filter.h
[360.750s] -- Installing: /home/andre/ros2_ws/src/install/moveit_core/include/moveit_core/moveit/collision_detection/test_collision_common_panda.hpp
[360.750s] -- Installing: /home/andre/ros2_ws/src/install/moveit_core/include/moveit_core/moveit/collision_detection/collision_tools.hpp
[360.750s] -- Installing: /home/andre/ros2_ws/src/install/moveit_core/include/moveit_core/moveit/collision_detection/occupancy_map.h
[360.750s] -- Installing: /home/andre/ros2_ws/src/install/moveit_core/include/moveit_core/moveit/collision_detection/collision_matrix.h
[360.751s] -- Installing: /home/andre/ros2_ws/src/install/moveit_core/include/moveit_core/moveit/collision_detection/collision_detector_allocator.h
[360.751s] -- Installing: /home/andre/ros2_ws/src/install/moveit_core/include/moveit_core/moveit/collision_detection/collision_plugin.h
[360.751s] -- Installing: /home/andre/ros2_ws/src/install/moveit_core/include/moveit_core/moveit/collision_detection/occupancy_map.hpp
[360.751s] -- Installing: /home/andre/ros2_ws/src/install/moveit_core/include/moveit_core/moveit/collision_detection/world.hpp
[360.751s] -- Installing: /home/andre/ros2_ws/src/install/moveit_core/include/moveit_core/moveit_collision_detection_export.h
[360.752s] -- Up-to-date: /home/andre/ros2_ws/src/install/moveit_core/include/moveit_core
[360.752s] -- Up-to-date: /home/andre/ros2_ws/src/install/moveit_core/include/moveit_core/moveit
[360.752s] -- Installing: /home/andre/ros2_ws/src/install/moveit_core/include/moveit_core/moveit/collision_distance_field
[360.752s] -- Installing: /home/andre/ros2_ws/src/install/moveit_core/include/moveit_core/moveit/collision_distance_field/collision_detector_allocator_distance_field.h
[360.752s] -- Installing: /home/andre/ros2_ws/src/install/moveit_core/include/moveit_core/moveit/collision_distance_field/collision_detector_allocator_hybrid.h
[360.752s] -- Installing: /home/andre/ros2_ws/src/install/moveit_core/include/moveit_core/moveit/collision_distance_field/collision_detector_allocator_distance_field.hpp
[360.752s] -- Installing: /home/andre/ros2_ws/src/install/moveit_core/include/moveit_core/moveit/collision_distance_field/collision_env_distance_field.hpp
[360.752s] -- Installing: /home/andre/ros2_ws/src/install/moveit_core/include/moveit_core/moveit/collision_distance_field/collision_common_distance_field.hpp
[360.753s] -- Installing: /home/andre/ros2_ws/src/install/moveit_core/include/moveit_core/moveit/collision_distance_field/collision_env_hybrid.h
[360.753s] -- Installing: /home/andre/ros2_ws/src/install/moveit_core/include/moveit_core/moveit/collision_distance_field/collision_env_hybrid.hpp
[360.753s] -- Installing: /home/andre/ros2_ws/src/install/moveit_core/include/moveit_core/moveit/collision_distance_field/collision_distance_field_types.h
[360.753s] -- Installing: /home/andre/ros2_ws/src/install/moveit_core/include/moveit_core/moveit/collision_distance_field/collision_distance_field_types.hpp
[360.753s] -- Installing: /home/andre/ros2_ws/src/install/moveit_core/include/moveit_core/moveit/collision_distance_field/collision_common_distance_field.h
[360.754s] -- Installing: /home/andre/ros2_ws/src/install/moveit_core/include/moveit_core/moveit/collision_distance_field/collision_detector_allocator_hybrid.hpp
[360.754s] -- Installing: /home/andre/ros2_ws/src/install/moveit_core/include/moveit_core/moveit/collision_distance_field/collision_env_distance_field.h
[360.754s] -- Installing: /home/andre/ros2_ws/src/install/moveit_core/include/moveit_core/moveit_collision_distance_field_export.h
[360.754s] -- Up-to-date: /home/andre/ros2_ws/src/install/moveit_core/include/moveit_core
[360.754s] -- Up-to-date: /home/andre/ros2_ws/src/install/moveit_core/include/moveit_core/moveit
[360.754s] -- Installing: /home/andre/ros2_ws/src/install/moveit_core/include/moveit_core/moveit/constraint_samplers
[360.754s] -- Installing: /home/andre/ros2_ws/src/install/moveit_core/include/moveit_core/moveit/constraint_samplers/constraint_sampler.hpp
[360.755s] -- Installing: /home/andre/ros2_ws/src/install/moveit_core/include/moveit_core/moveit/constraint_samplers/constraint_sampler.h
[360.755s] -- Installing: /home/andre/ros2_ws/src/install/moveit_core/include/moveit_core/moveit/constraint_samplers/union_constraint_sampler.h
[360.755s] -- Installing: /home/andre/ros2_ws/src/install/moveit_core/include/moveit_core/moveit/constraint_samplers/constraint_sampler_manager.hpp
[360.755s] -- Installing: /home/andre/ros2_ws/src/install/moveit_core/include/moveit_core/moveit/constraint_samplers/constraint_sampler_allocator.h
[360.755s] -- Installing: /home/andre/ros2_ws/src/install/moveit_core/include/moveit_core/moveit/constraint_samplers/default_constraint_samplers.h
[360.756s] -- Installing: /home/andre/ros2_ws/src/install/moveit_core/include/moveit_core/moveit/constraint_samplers/union_constraint_sampler.hpp
[360.756s] -- Installing: /home/andre/ros2_ws/src/install/moveit_core/include/moveit_core/moveit/constraint_samplers/constraint_sampler_tools.h
[360.756s] -- Installing: /home/andre/ros2_ws/src/install/moveit_core/include/moveit_core/moveit/constraint_samplers/constraint_sampler_allocator.hpp
[360.756s] -- Installing: /home/andre/ros2_ws/src/install/moveit_core/include/moveit_core/moveit/constraint_samplers/constraint_sampler_tools.hpp
[360.756s] -- Installing: /home/andre/ros2_ws/src/install/moveit_core/include/moveit_core/moveit/constraint_samplers/default_constraint_samplers.hpp
[360.756s] -- Installing: /home/andre/ros2_ws/src/install/moveit_core/include/moveit_core/moveit/constraint_samplers/constraint_sampler_manager.h
[360.757s] -- Up-to-date: /home/andre/ros2_ws/src/install/moveit_core/include/moveit_core
[360.757s] -- Up-to-date: /home/andre/ros2_ws/src/install/moveit_core/include/moveit_core/moveit
[360.757s] -- Installing: /home/andre/ros2_ws/src/install/moveit_core/include/moveit_core/moveit/controller_manager
[360.757s] -- Installing: /home/andre/ros2_ws/src/install/moveit_core/include/moveit_core/moveit/controller_manager/controller_manager.hpp
[360.757s] -- Installing: /home/andre/ros2_ws/src/install/moveit_core/include/moveit_core/moveit/controller_manager/controller_manager.h
[360.757s] -- Up-to-date: /home/andre/ros2_ws/src/install/moveit_core/include/moveit_core
[360.758s] -- Up-to-date: /home/andre/ros2_ws/src/install/moveit_core/include/moveit_core/moveit
[360.758s] -- Installing: /home/andre/ros2_ws/src/install/moveit_core/include/moveit_core/moveit/distance_field
[360.758s] -- Installing: /home/andre/ros2_ws/src/install/moveit_core/include/moveit_core/moveit/distance_field/propagation_distance_field.hpp
[360.758s] -- Installing: /home/andre/ros2_ws/src/install/moveit_core/include/moveit_core/moveit/distance_field/propagation_distance_field.h
[360.758s] -- Installing: /home/andre/ros2_ws/src/install/moveit_core/include/moveit_core/moveit/distance_field/distance_field.hpp
[360.758s] -- Installing: /home/andre/ros2_ws/src/install/moveit_core/include/moveit_core/moveit/distance_field/voxel_grid.hpp
[360.758s] -- Installing: /home/andre/ros2_ws/src/install/moveit_core/include/moveit_core/moveit/distance_field/find_internal_points.h
[360.758s] -- Installing: /home/andre/ros2_ws/src/install/moveit_core/include/moveit_core/moveit/distance_field/distance_field.h
[360.759s] -- Installing: /home/andre/ros2_ws/src/install/moveit_core/include/moveit_core/moveit/distance_field/find_internal_points.hpp
[360.759s] -- Installing: /home/andre/ros2_ws/src/install/moveit_core/include/moveit_core/moveit/distance_field/voxel_grid.h
[360.759s] -- Up-to-date: /home/andre/ros2_ws/src/install/moveit_core/include/moveit_core
[360.759s] -- Up-to-date: /home/andre/ros2_ws/src/install/moveit_core/include/moveit_core/moveit
[360.759s] -- Installing: /home/andre/ros2_ws/src/install/moveit_core/include/moveit_core/moveit/dynamics_solver
[360.760s] -- Installing: /home/andre/ros2_ws/src/install/moveit_core/include/moveit_core/moveit/dynamics_solver/dynamics_solver.hpp
[360.760s] -- Installing: /home/andre/ros2_ws/src/install/moveit_core/include/moveit_core/moveit/dynamics_solver/dynamics_solver.h
[360.760s] -- Up-to-date: /home/andre/ros2_ws/src/install/moveit_core/include/moveit_core
[360.760s] -- Up-to-date: /home/andre/ros2_ws/src/install/moveit_core/include/moveit_core/moveit
[360.760s] -- Installing: /home/andre/ros2_ws/src/install/moveit_core/include/moveit_core/moveit/exceptions
[360.760s] -- Installing: /home/andre/ros2_ws/src/install/moveit_core/include/moveit_core/moveit/exceptions/exceptions.hpp
[360.760s] -- Installing: /home/andre/ros2_ws/src/install/moveit_core/include/moveit_core/moveit/exceptions/exceptions.h
[360.761s] -- Up-to-date: /home/andre/ros2_ws/src/install/moveit_core/include/moveit_core
[360.761s] -- Up-to-date: /home/andre/ros2_ws/src/install/moveit_core/include/moveit_core/moveit
[360.761s] -- Installing: /home/andre/ros2_ws/src/install/moveit_core/include/moveit_core/moveit/kinematic_constraints
[360.761s] -- Installing: /home/andre/ros2_ws/src/install/moveit_core/include/moveit_core/moveit/kinematic_constraints/kinematic_constraint.hpp
[360.761s] -- Installing: /home/andre/ros2_ws/src/install/moveit_core/include/moveit_core/moveit/kinematic_constraints/utils.h
[360.761s] -- Installing: /home/andre/ros2_ws/src/install/moveit_core/include/moveit_core/moveit/kinematic_constraints/kinematic_constraint.h
[360.761s] -- Installing: /home/andre/ros2_ws/src/install/moveit_core/include/moveit_core/moveit/kinematic_constraints/utils.hpp
[360.762s] -- Up-to-date: /home/andre/ros2_ws/src/install/moveit_core/include/moveit_core
[360.762s] -- Up-to-date: /home/andre/ros2_ws/src/install/moveit_core/include/moveit_core/moveit
[360.762s] -- Installing: /home/andre/ros2_ws/src/install/moveit_core/include/moveit_core/moveit/kinematics_base
[360.762s] -- Installing: /home/andre/ros2_ws/src/install/moveit_core/include/moveit_core/moveit/kinematics_base/kinematics_base.hpp
[360.762s] -- Installing: /home/andre/ros2_ws/src/install/moveit_core/include/moveit_core/moveit/kinematics_base/kinematics_base.h
[360.762s] -- Installing: /home/andre/ros2_ws/src/install/moveit_core/include/moveit_core/moveit_kinematics_base_export.h
[360.762s] -- Up-to-date: /home/andre/ros2_ws/src/install/moveit_core/include/moveit_core
[360.762s] -- Up-to-date: /home/andre/ros2_ws/src/install/moveit_core/include/moveit_core/moveit
[360.763s] -- Installing: /home/andre/ros2_ws/src/install/moveit_core/include/moveit_core/moveit/kinematics_metrics
[360.763s] -- Installing: /home/andre/ros2_ws/src/install/moveit_core/include/moveit_core/moveit/kinematics_metrics/kinematics_metrics.h
[360.763s] -- Installing: /home/andre/ros2_ws/src/install/moveit_core/include/moveit_core/moveit/kinematics_metrics/kinematics_metrics.hpp
[360.763s] -- Up-to-date: /home/andre/ros2_ws/src/install/moveit_core/include/moveit_core
[360.763s] -- Up-to-date: /home/andre/ros2_ws/src/install/moveit_core/include/moveit_core/moveit
[360.763s] -- Installing: /home/andre/ros2_ws/src/install/moveit_core/include/moveit_core/moveit/macros
[360.763s] -- Installing: /home/andre/ros2_ws/src/install/moveit_core/include/moveit_core/moveit/macros/declare_ptr.h
[360.764s] -- Installing: /home/andre/ros2_ws/src/install/moveit_core/include/moveit_core/moveit/macros/class_forward.h
[360.764s] -- Installing: /home/andre/ros2_ws/src/install/moveit_core/include/moveit_core/moveit/macros/declare_ptr.hpp
[360.764s] -- Installing: /home/andre/ros2_ws/src/install/moveit_core/include/moveit_core/moveit/macros/console_colors.hpp
[360.764s] -- Installing: /home/andre/ros2_ws/src/install/moveit_core/include/moveit_core/moveit/macros/class_forward.hpp
[360.764s] -- Installing: /home/andre/ros2_ws/src/install/moveit_core/include/moveit_core/moveit/macros/console_colors.h
[360.764s] -- Up-to-date: /home/andre/ros2_ws/src/install/moveit_core/include/moveit_core
[360.764s] -- Installing: /home/andre/ros2_ws/src/install/moveit_core/include/moveit_core/moveit_butterworth_filter_parameters.hpp
[360.764s] -- Installing: /home/andre/ros2_ws/src/install/moveit_core/include/moveit_core/moveit_ruckig_filter_parameters.hpp
[360.765s] -- Installing: /home/andre/ros2_ws/src/install/moveit_core/include/moveit_core/moveit_acceleration_filter_parameters.hpp
[360.765s] -- Up-to-date: /home/andre/ros2_ws/src/install/moveit_core/include/moveit_core
[360.765s] -- Up-to-date: /home/andre/ros2_ws/src/install/moveit_core/include/moveit_core/moveit_butterworth_filter_parameters.hpp
[360.765s] -- Up-to-date: /home/andre/ros2_ws/src/install/moveit_core/include/moveit_core/moveit_ruckig_filter_parameters.hpp
[360.765s] -- Up-to-date: /home/andre/ros2_ws/src/install/moveit_core/include/moveit_core/moveit_acceleration_filter_parameters.hpp
[360.765s] -- Up-to-date: /home/andre/ros2_ws/src/install/moveit_core/include/moveit_core
[360.765s] -- Up-to-date: /home/andre/ros2_ws/src/install/moveit_core/include/moveit_core/moveit_butterworth_filter_parameters.hpp
[360.765s] -- Up-to-date: /home/andre/ros2_ws/src/install/moveit_core/include/moveit_core/moveit_ruckig_filter_parameters.hpp
[360.765s] -- Up-to-date: /home/andre/ros2_ws/src/install/moveit_core/include/moveit_core/moveit_acceleration_filter_parameters.hpp
[360.766s] -- Up-to-date: /home/andre/ros2_ws/src/install/moveit_core/include/moveit_core
[360.766s] -- Up-to-date: /home/andre/ros2_ws/src/install/moveit_core/include/moveit_core/moveit
[360.766s] -- Installing: /home/andre/ros2_ws/src/install/moveit_core/include/moveit_core/moveit/online_signal_smoothing
[360.766s] -- Installing: /home/andre/ros2_ws/src/install/moveit_core/include/moveit_core/moveit/online_signal_smoothing/ruckig_filter.hpp
[360.766s] -- Installing: /home/andre/ros2_ws/src/install/moveit_core/include/moveit_core/moveit/online_signal_smoothing/smoothing_base_class.h
[360.766s] -- Installing: /home/andre/ros2_ws/src/install/moveit_core/include/moveit_core/moveit/online_signal_smoothing/butterworth_filter.h
[360.766s] -- Installing: /home/andre/ros2_ws/src/install/moveit_core/include/moveit_core/moveit/online_signal_smoothing/smoothing_base_class.hpp
[360.766s] -- Installing: /home/andre/ros2_ws/src/install/moveit_core/include/moveit_core/moveit/online_signal_smoothing/acceleration_filter.hpp
[360.766s] -- Installing: /home/andre/ros2_ws/src/install/moveit_core/include/moveit_core/moveit/online_signal_smoothing/acceleration_filter.h
[360.766s] -- Installing: /home/andre/ros2_ws/src/install/moveit_core/include/moveit_core/moveit/online_signal_smoothing/ruckig_filter.h
[360.767s] -- Installing: /home/andre/ros2_ws/src/install/moveit_core/include/moveit_core/moveit/online_signal_smoothing/butterworth_filter.hpp
[360.767s] -- Installing: /home/andre/ros2_ws/src/install/moveit_core/include/moveit_core/moveit_smoothing_base_export.h
[360.767s] -- Installing: /home/andre/ros2_ws/src/install/moveit_core/include/moveit_core/moveit_acceleration_filter_export.h
[360.767s] -- Installing: /home/andre/ros2_ws/src/install/moveit_core/include/moveit_core/moveit_butterworth_filter_export.h
[360.767s] -- Installing: /home/andre/ros2_ws/src/install/moveit_core/include/moveit_core/moveit_ruckig_filter_export.h
[360.767s] -- Up-to-date: /home/andre/ros2_ws/src/install/moveit_core/include/moveit_core
[360.767s] -- Up-to-date: /home/andre/ros2_ws/src/install/moveit_core/include/moveit_core/moveit
[360.767s] -- Installing: /home/andre/ros2_ws/src/install/moveit_core/include/moveit_core/moveit/planning_interface
[360.767s] -- Installing: /home/andre/ros2_ws/src/install/moveit_core/include/moveit_core/moveit/planning_interface/planning_request.h
[360.767s] -- Installing: /home/andre/ros2_ws/src/install/moveit_core/include/moveit_core/moveit/planning_interface/planning_response.h
[360.768s] -- Installing: /home/andre/ros2_ws/src/install/moveit_core/include/moveit_core/moveit/planning_interface/planning_response_adapter.hpp
[360.768s] -- Installing: /home/andre/ros2_ws/src/install/moveit_core/include/moveit_core/moveit/planning_interface/planning_request.hpp
[360.768s] -- Installing: /home/andre/ros2_ws/src/install/moveit_core/include/moveit_core/moveit/planning_interface/planning_request_adapter.hpp
[360.768s] -- Installing: /home/andre/ros2_ws/src/install/moveit_core/include/moveit_core/moveit/planning_interface/planning_interface.hpp
[360.768s] -- Installing: /home/andre/ros2_ws/src/install/moveit_core/include/moveit_core/moveit/planning_interface/planning_response_adapter.h
[360.769s] -- Installing: /home/andre/ros2_ws/src/install/moveit_core/include/moveit_core/moveit/planning_interface/planning_response.hpp
[360.769s] -- Installing: /home/andre/ros2_ws/src/install/moveit_core/include/moveit_core/moveit/planning_interface/planning_interface.h
[360.769s] -- Installing: /home/andre/ros2_ws/src/install/moveit_core/include/moveit_core/moveit/planning_interface/planning_request_adapter.h
[360.769s] -- Up-to-date: /home/andre/ros2_ws/src/install/moveit_core/include/moveit_core
[360.769s] -- Up-to-date: /home/andre/ros2_ws/src/install/moveit_core/include/moveit_core/moveit
[360.769s] -- Installing: /home/andre/ros2_ws/src/install/moveit_core/include/moveit_core/moveit/planning_scene
[360.770s] -- Installing: /home/andre/ros2_ws/src/install/moveit_core/include/moveit_core/moveit/planning_scene/planning_scene.h
[360.770s] -- Installing: /home/andre/ros2_ws/src/install/moveit_core/include/moveit_core/moveit/planning_scene/planning_scene.hpp
[360.770s] -- Installing: /home/andre/ros2_ws/src/install/moveit_core/include/moveit_core/moveit_planning_scene_export.h
[360.770s] -- Up-to-date: /home/andre/ros2_ws/src/install/moveit_core/include/moveit_core
[360.770s] -- Up-to-date: /home/andre/ros2_ws/src/install/moveit_core/include/moveit_core/moveit
[360.770s] -- Installing: /home/andre/ros2_ws/src/install/moveit_core/include/moveit_core/moveit/robot_model
[360.770s] -- Installing: /home/andre/ros2_ws/src/install/moveit_core/include/moveit_core/moveit/robot_model/link_model.hpp
[360.770s] -- Installing: /home/andre/ros2_ws/src/install/moveit_core/include/moveit_core/moveit/robot_model/joint_model_group.hpp
[360.771s] -- Installing: /home/andre/ros2_ws/src/install/moveit_core/include/moveit_core/moveit/robot_model/floating_joint_model.h
[360.771s] -- Installing: /home/andre/ros2_ws/src/install/moveit_core/include/moveit_core/moveit/robot_model/fixed_joint_model.hpp
[360.771s] -- Installing: /home/andre/ros2_ws/src/install/moveit_core/include/moveit_core/moveit/robot_model/robot_model.h
[360.771s] -- Installing: /home/andre/ros2_ws/src/install/moveit_core/include/moveit_core/moveit/robot_model/prismatic_joint_model.h
[360.771s] -- Installing: /home/andre/ros2_ws/src/install/moveit_core/include/moveit_core/moveit/robot_model/aabb.hpp
[360.771s] -- Installing: /home/andre/ros2_ws/src/install/moveit_core/include/moveit_core/moveit/robot_model/robot_model.hpp
[360.771s] -- Installing: /home/andre/ros2_ws/src/install/moveit_core/include/moveit_core/moveit/robot_model/floating_joint_model.hpp
[360.772s] -- Installing: /home/andre/ros2_ws/src/install/moveit_core/include/moveit_core/moveit/robot_model/joint_model.hpp
[360.772s] -- Installing: /home/andre/ros2_ws/src/install/moveit_core/include/moveit_core/moveit/robot_model/planar_joint_model.h
[360.772s] -- Installing: /home/andre/ros2_ws/src/install/moveit_core/include/moveit_core/moveit/robot_model/link_model.h
[360.772s] -- Installing: /home/andre/ros2_ws/src/install/moveit_core/include/moveit_core/moveit/robot_model/planar_joint_model.hpp
[360.772s] -- Installing: /home/andre/ros2_ws/src/install/moveit_core/include/moveit_core/moveit/robot_model/fixed_joint_model.h
[360.772s] -- Installing: /home/andre/ros2_ws/src/install/moveit_core/include/moveit_core/moveit/robot_model/joint_model.h
[360.773s] -- Installing: /home/andre/ros2_ws/src/install/moveit_core/include/moveit_core/moveit/robot_model/revolute_joint_model.hpp
[360.773s] -- Installing: /home/andre/ros2_ws/src/install/moveit_core/include/moveit_core/moveit/robot_model/aabb.h
[360.773s] -- Installing: /home/andre/ros2_ws/src/install/moveit_core/include/moveit_core/moveit/robot_model/revolute_joint_model.h
[360.773s] -- Installing: /home/andre/ros2_ws/src/install/moveit_core/include/moveit_core/moveit/robot_model/prismatic_joint_model.hpp
[360.773s] -- Installing: /home/andre/ros2_ws/src/install/moveit_core/include/moveit_core/moveit/robot_model/joint_model_group.h
[360.774s] -- Up-to-date: /home/andre/ros2_ws/src/install/moveit_core/include/moveit_core
[360.774s] -- Up-to-date: /home/andre/ros2_ws/src/install/moveit_core/include/moveit_core/moveit
[360.774s] -- Installing: /home/andre/ros2_ws/src/install/moveit_core/include/moveit_core/moveit/robot_state
[360.774s] -- Installing: /home/andre/ros2_ws/src/install/moveit_core/include/moveit_core/moveit/robot_state/attached_body.hpp
[360.774s] -- Installing: /home/andre/ros2_ws/src/install/moveit_core/include/moveit_core/moveit/robot_state/cartesian_interpolator.h
[360.774s] -- Installing: /home/andre/ros2_ws/src/install/moveit_core/include/moveit_core/moveit/robot_state/conversions.hpp
[360.774s] -- Installing: /home/andre/ros2_ws/src/install/moveit_core/include/moveit_core/moveit/robot_state/robot_state.hpp
[360.774s] -- Installing: /home/andre/ros2_ws/src/install/moveit_core/include/moveit_core/moveit/robot_state/conversions.h
[360.775s] -- Installing: /home/andre/ros2_ws/src/install/moveit_core/include/moveit_core/moveit/robot_state/cartesian_interpolator.hpp
[360.775s] -- Installing: /home/andre/ros2_ws/src/install/moveit_core/include/moveit_core/moveit/robot_state/attached_body.h
[360.775s] -- Installing: /home/andre/ros2_ws/src/install/moveit_core/include/moveit_core/moveit/robot_state/robot_state.h
[360.775s] -- Up-to-date: /home/andre/ros2_ws/src/install/moveit_core/include/moveit_core
[360.776s] -- Up-to-date: /home/andre/ros2_ws/src/install/moveit_core/include/moveit_core/moveit
[360.776s] -- Installing: /home/andre/ros2_ws/src/install/moveit_core/include/moveit_core/moveit/robot_trajectory
[360.776s] -- Installing: /home/andre/ros2_ws/src/install/moveit_core/include/moveit_core/moveit/robot_trajectory/robot_trajectory.h
[360.776s] -- Installing: /home/andre/ros2_ws/src/install/moveit_core/include/moveit_core/moveit/robot_trajectory/robot_trajectory.hpp
[360.776s] -- Up-to-date: /home/andre/ros2_ws/src/install/moveit_core/include/moveit_core
[360.776s] -- Up-to-date: /home/andre/ros2_ws/src/install/moveit_core/include/moveit_core/moveit
[360.776s] -- Installing: /home/andre/ros2_ws/src/install/moveit_core/include/moveit_core/moveit/trajectory_processing
[360.776s] -- Installing: /home/andre/ros2_ws/src/install/moveit_core/include/moveit_core/moveit/trajectory_processing/time_parameterization.h
[360.776s] -- Installing: /home/andre/ros2_ws/src/install/moveit_core/include/moveit_core/moveit/trajectory_processing/time_parameterization.hpp
[360.777s] -- Installing: /home/andre/ros2_ws/src/install/moveit_core/include/moveit_core/moveit/trajectory_processing/trajectory_tools.hpp
[360.777s] -- Installing: /home/andre/ros2_ws/src/install/moveit_core/include/moveit_core/moveit/trajectory_processing/ruckig_traj_smoothing.h
[360.777s] -- Installing: /home/andre/ros2_ws/src/install/moveit_core/include/moveit_core/moveit/trajectory_processing/time_optimal_trajectory_generation.hpp
[360.777s] -- Installing: /home/andre/ros2_ws/src/install/moveit_core/include/moveit_core/moveit/trajectory_processing/time_optimal_trajectory_generation.h
[360.777s] -- Installing: /home/andre/ros2_ws/src/install/moveit_core/include/moveit_core/moveit/trajectory_processing/trajectory_tools.h
[360.777s] -- Installing: /home/andre/ros2_ws/src/install/moveit_core/include/moveit_core/moveit/trajectory_processing/ruckig_traj_smoothing.hpp
[360.778s] -- Up-to-date: /home/andre/ros2_ws/src/install/moveit_core/include/moveit_core
[360.778s] -- Up-to-date: /home/andre/ros2_ws/src/install/moveit_core/include/moveit_core/moveit
[360.778s] -- Installing: /home/andre/ros2_ws/src/install/moveit_core/include/moveit_core/moveit/transforms
[360.778s] -- Installing: /home/andre/ros2_ws/src/install/moveit_core/include/moveit_core/moveit/transforms/transforms.h
[360.778s] -- Installing: /home/andre/ros2_ws/src/install/moveit_core/include/moveit_core/moveit/transforms/transforms.hpp
[360.778s] -- Up-to-date: /home/andre/ros2_ws/src/install/moveit_core/include/moveit_core
[360.778s] -- Up-to-date: /home/andre/ros2_ws/src/install/moveit_core/include/moveit_core/moveit
[360.778s] -- Installing: /home/andre/ros2_ws/src/install/moveit_core/include/moveit_core/moveit/utils
[360.779s] -- Installing: /home/andre/ros2_ws/src/install/moveit_core/include/moveit_core/moveit/utils/message_checks.h
[360.779s] -- Installing: /home/andre/ros2_ws/src/install/moveit_core/include/moveit_core/moveit/utils/rclcpp_utils.hpp
[360.779s] -- Installing: /home/andre/ros2_ws/src/install/moveit_core/include/moveit_core/moveit/utils/lexical_casts.hpp
[360.779s] -- Installing: /home/andre/ros2_ws/src/install/moveit_core/include/moveit_core/moveit/utils/moveit_error_code.hpp
[360.779s] -- Installing: /home/andre/ros2_ws/src/install/moveit_core/include/moveit_core/moveit/utils/robot_model_test_utils.hpp
[360.779s] -- Installing: /home/andre/ros2_ws/src/install/moveit_core/include/moveit_core/moveit/utils/message_checks.hpp
[360.779s] -- Installing: /home/andre/ros2_ws/src/install/moveit_core/include/moveit_core/moveit/utils/moveit_error_code.h
[360.780s] -- Installing: /home/andre/ros2_ws/src/install/moveit_core/include/moveit_core/moveit/utils/logger.hpp
[360.780s] -- Installing: /home/andre/ros2_ws/src/install/moveit_core/include/moveit_core/moveit/utils/lexical_casts.h
[360.780s] -- Installing: /home/andre/ros2_ws/src/install/moveit_core/include/moveit_core/moveit/utils/eigen_test_utils.hpp
[360.780s] -- Installing: /home/andre/ros2_ws/src/install/moveit_core/include/moveit_core/moveit/utils/robot_model_test_utils.h
[360.780s] -- Installing: /home/andre/ros2_ws/src/install/moveit_core/include/moveit_core/moveit/utils/rclcpp_utils.h
[360.781s] -- Installing: /home/andre/ros2_ws/src/install/moveit_core/include/moveit_core/moveit/utils/eigen_test_utils.h
[360.781s] -- Installing: /home/andre/ros2_ws/src/install/moveit_core/include/moveit_core/moveit/utils/logger.h
[360.781s] -- Installing: /home/andre/ros2_ws/src/install/moveit_core/lib/moveit_core/logger_dut
[360.782s] -- Set non-toolchain portion of runtime path of "/home/andre/ros2_ws/src/install/moveit_core/lib/moveit_core/logger_dut" to ""
[360.782s] -- Installing: /home/andre/ros2_ws/src/install/moveit_core/include/moveit_core/moveit/version.hpp
[360.782s] -- Installing: /home/andre/ros2_ws/src/install/moveit_core/bin/moveit_version
[360.782s] -- Installing: /home/andre/ros2_ws/src/install/moveit_core/lib/libmoveit_collision_detection.so.2.14.1
[360.783s] -- Set non-toolchain portion of runtime path of "/home/andre/ros2_ws/src/install/moveit_core/lib/libmoveit_collision_detection.so.2.14.1" to ""
[360.783s] -- Installing: /home/andre/ros2_ws/src/install/moveit_core/lib/libmoveit_collision_detection.so
[360.783s] -- Installing: /home/andre/ros2_ws/src/install/moveit_core/lib/libmoveit_collision_detection_bullet.so.2.14.1
[360.784s] -- Set non-toolchain portion of runtime path of "/home/andre/ros2_ws/src/install/moveit_core/lib/libmoveit_collision_detection_bullet.so.2.14.1" to ""
[360.784s] -- Installing: /home/andre/ros2_ws/src/install/moveit_core/lib/libmoveit_collision_detection_bullet.so
[360.784s] -- Installing: /home/andre/ros2_ws/src/install/moveit_core/lib/libmoveit_collision_detection_fcl.so.2.14.1
[360.785s] -- Set non-toolchain portion of runtime path of "/home/andre/ros2_ws/src/install/moveit_core/lib/libmoveit_collision_detection_fcl.so.2.14.1" to ""
[360.785s] -- Installing: /home/andre/ros2_ws/src/install/moveit_core/lib/libmoveit_collision_detection_fcl.so
[360.785s] -- Installing: /home/andre/ros2_ws/src/install/moveit_core/lib/libmoveit_collision_distance_field.so.2.14.1
[360.785s] -- Set non-toolchain portion of runtime path of "/home/andre/ros2_ws/src/install/moveit_core/lib/libmoveit_collision_distance_field.so.2.14.1" to ""
[360.786s] -- Installing: /home/andre/ros2_ws/src/install/moveit_core/lib/libmoveit_collision_distance_field.so
[360.786s] -- Installing: /home/andre/ros2_ws/src/install/moveit_core/lib/libmoveit_constraint_samplers.so.2.14.1
[360.786s] -- Set non-toolchain portion of runtime path of "/home/andre/ros2_ws/src/install/moveit_core/lib/libmoveit_constraint_samplers.so.2.14.1" to ""
[360.786s] -- Installing: /home/andre/ros2_ws/src/install/moveit_core/lib/libmoveit_constraint_samplers.so
[360.786s] -- Installing: /home/andre/ros2_ws/src/install/moveit_core/lib/libmoveit_distance_field.so.2.14.1
[360.787s] -- Set non-toolchain portion of runtime path of "/home/andre/ros2_ws/src/install/moveit_core/lib/libmoveit_distance_field.so.2.14.1" to ""
[360.787s] -- Installing: /home/andre/ros2_ws/src/install/moveit_core/lib/libmoveit_distance_field.so
[360.787s] -- Installing: /home/andre/ros2_ws/src/install/moveit_core/lib/libmoveit_dynamics_solver.so.2.14.1
[360.787s] -- Set non-toolchain portion of runtime path of "/home/andre/ros2_ws/src/install/moveit_core/lib/libmoveit_dynamics_solver.so.2.14.1" to ""
[360.787s] -- Installing: /home/andre/ros2_ws/src/install/moveit_core/lib/libmoveit_dynamics_solver.so
[360.787s] -- Installing: /home/andre/ros2_ws/src/install/moveit_core/lib/libmoveit_exceptions.so.2.14.1
[360.788s] -- Set non-toolchain portion of runtime path of "/home/andre/ros2_ws/src/install/moveit_core/lib/libmoveit_exceptions.so.2.14.1" to ""
[360.788s] -- Installing: /home/andre/ros2_ws/src/install/moveit_core/lib/libmoveit_exceptions.so
[360.788s] -- Installing: /home/andre/ros2_ws/src/install/moveit_core/lib/libmoveit_kinematic_constraints.so.2.14.1
[360.788s] -- Set non-toolchain portion of runtime path of "/home/andre/ros2_ws/src/install/moveit_core/lib/libmoveit_kinematic_constraints.so.2.14.1" to ""
[360.789s] -- Installing: /home/andre/ros2_ws/src/install/moveit_core/lib/libmoveit_kinematic_constraints.so
[360.789s] -- Installing: /home/andre/ros2_ws/src/install/moveit_core/lib/libmoveit_kinematics_base.so
[360.789s] -- Set non-toolchain portion of runtime path of "/home/andre/ros2_ws/src/install/moveit_core/lib/libmoveit_kinematics_base.so" to ""
[360.789s] -- Installing: /home/andre/ros2_ws/src/install/moveit_core/lib/libmoveit_kinematics_metrics.so.2.14.1
[360.789s] -- Set non-toolchain portion of runtime path of "/home/andre/ros2_ws/src/install/moveit_core/lib/libmoveit_kinematics_metrics.so.2.14.1" to ""
[360.790s] -- Installing: /home/andre/ros2_ws/src/install/moveit_core/lib/libmoveit_kinematics_metrics.so
[360.790s] -- Installing: /home/andre/ros2_ws/src/install/moveit_core/lib/libmoveit_planning_interface.so.2.14.1
[360.790s] -- Set non-toolchain portion of runtime path of "/home/andre/ros2_ws/src/install/moveit_core/lib/libmoveit_planning_interface.so.2.14.1" to ""
[360.790s] -- Installing: /home/andre/ros2_ws/src/install/moveit_core/lib/libmoveit_planning_interface.so
[360.790s] -- Installing: /home/andre/ros2_ws/src/install/moveit_core/lib/libmoveit_planning_scene.so.2.14.1
[360.791s] -- Set non-toolchain portion of runtime path of "/home/andre/ros2_ws/src/install/moveit_core/lib/libmoveit_planning_scene.so.2.14.1" to ""
[360.791s] -- Installing: /home/andre/ros2_ws/src/install/moveit_core/lib/libmoveit_planning_scene.so
[360.791s] -- Installing: /home/andre/ros2_ws/src/install/moveit_core/lib/libmoveit_robot_model.so.2.14.1
[360.792s] -- Set non-toolchain portion of runtime path of "/home/andre/ros2_ws/src/install/moveit_core/lib/libmoveit_robot_model.so.2.14.1" to ""
[360.792s] -- Installing: /home/andre/ros2_ws/src/install/moveit_core/lib/libmoveit_robot_model.so
[360.792s] -- Installing: /home/andre/ros2_ws/src/install/moveit_core/lib/libmoveit_robot_state.so.2.14.1
[360.793s] -- Set non-toolchain portion of runtime path of "/home/andre/ros2_ws/src/install/moveit_core/lib/libmoveit_robot_state.so.2.14.1" to ""
[360.793s] -- Installing: /home/andre/ros2_ws/src/install/moveit_core/lib/libmoveit_robot_state.so
[360.793s] -- Installing: /home/andre/ros2_ws/src/install/moveit_core/lib/libmoveit_robot_trajectory.so.2.14.1
[360.793s] -- Set non-toolchain portion of runtime path of "/home/andre/ros2_ws/src/install/moveit_core/lib/libmoveit_robot_trajectory.so.2.14.1" to ""
[360.793s] -- Installing: /home/andre/ros2_ws/src/install/moveit_core/lib/libmoveit_robot_trajectory.so
[360.793s] -- Installing: /home/andre/ros2_ws/src/install/moveit_core/lib/libmoveit_smoothing_base.so.2.14.1
[360.794s] -- Set non-toolchain portion of runtime path of "/home/andre/ros2_ws/src/install/moveit_core/lib/libmoveit_smoothing_base.so.2.14.1" to ""
[360.794s] -- Installing: /home/andre/ros2_ws/src/install/moveit_core/lib/libmoveit_smoothing_base.so
[360.794s] -- Installing: /home/andre/ros2_ws/src/install/moveit_core/lib/libmoveit_test_utils.so.2.14.1
[360.795s] -- Set non-toolchain portion of runtime path of "/home/andre/ros2_ws/src/install/moveit_core/lib/libmoveit_test_utils.so.2.14.1" to ""
[360.795s] -- Installing: /home/andre/ros2_ws/src/install/moveit_core/lib/libmoveit_test_utils.so
[360.795s] -- Installing: /home/andre/ros2_ws/src/install/moveit_core/lib/libmoveit_trajectory_processing.so.2.14.1
[360.795s] -- Set non-toolchain portion of runtime path of "/home/andre/ros2_ws/src/install/moveit_core/lib/libmoveit_trajectory_processing.so.2.14.1" to ""
[360.795s] -- Installing: /home/andre/ros2_ws/src/install/moveit_core/lib/libmoveit_trajectory_processing.so
[360.795s] -- Installing: /home/andre/ros2_ws/src/install/moveit_core/lib/libmoveit_transforms.so.2.14.1
[360.796s] -- Set non-toolchain portion of runtime path of "/home/andre/ros2_ws/src/install/moveit_core/lib/libmoveit_transforms.so.2.14.1" to ""
[360.796s] -- Installing: /home/andre/ros2_ws/src/install/moveit_core/lib/libmoveit_transforms.so
[360.796s] -- Installing: /home/andre/ros2_ws/src/install/moveit_core/lib/libmoveit_utils.so.2.14.1
[360.796s] -- Set non-toolchain portion of runtime path of "/home/andre/ros2_ws/src/install/moveit_core/lib/libmoveit_utils.so.2.14.1" to ""
[360.796s] -- Installing: /home/andre/ros2_ws/src/install/moveit_core/lib/libmoveit_utils.so
[360.796s] -- Installing: /home/andre/ros2_ws/src/install/moveit_core/lib/libcollision_detector_bullet_plugin.so.2.14.1
[360.797s] -- Set non-toolchain portion of runtime path of "/home/andre/ros2_ws/src/install/moveit_core/lib/libcollision_detector_bullet_plugin.so.2.14.1" to ""
[360.797s] -- Installing: /home/andre/ros2_ws/src/install/moveit_core/lib/libcollision_detector_bullet_plugin.so
[360.797s] -- Installing: /home/andre/ros2_ws/src/install/moveit_core/lib/libcollision_detector_fcl_plugin.so.2.14.1
[360.797s] -- Set non-toolchain portion of runtime path of "/home/andre/ros2_ws/src/install/moveit_core/lib/libcollision_detector_fcl_plugin.so.2.14.1" to ""
[360.797s] -- Installing: /home/andre/ros2_ws/src/install/moveit_core/lib/libcollision_detector_fcl_plugin.so
[360.797s] -- Installing: /home/andre/ros2_ws/src/install/moveit_core/lib/libmoveit_acceleration_filter.so.2.14.1
[360.798s] -- Set non-toolchain portion of runtime path of "/home/andre/ros2_ws/src/install/moveit_core/lib/libmoveit_acceleration_filter.so.2.14.1" to ""
[360.798s] -- Installing: /home/andre/ros2_ws/src/install/moveit_core/lib/libmoveit_acceleration_filter.so
[360.798s] -- Installing: /home/andre/ros2_ws/src/install/moveit_core/lib/libmoveit_butterworth_filter.so.2.14.1
[360.798s] -- Set non-toolchain portion of runtime path of "/home/andre/ros2_ws/src/install/moveit_core/lib/libmoveit_butterworth_filter.so.2.14.1" to ""
[360.798s] -- Installing: /home/andre/ros2_ws/src/install/moveit_core/lib/libmoveit_butterworth_filter.so
[360.798s] -- Installing: /home/andre/ros2_ws/src/install/moveit_core/lib/libmoveit_ruckig_filter.so.2.14.1
[360.799s] -- Set non-toolchain portion of runtime path of "/home/andre/ros2_ws/src/install/moveit_core/lib/libmoveit_ruckig_filter.so.2.14.1" to ""
[360.799s] -- Installing: /home/andre/ros2_ws/src/install/moveit_core/lib/libmoveit_ruckig_filter.so
[360.799s] -- Installing: /home/andre/ros2_ws/src/install/moveit_core/share/moveit_core/environment/library_path.sh
[360.799s] -- Installing: /home/andre/ros2_ws/src/install/moveit_core/share/moveit_core/environment/library_path.dsv
[360.799s] -- Installing: /home/andre/ros2_ws/src/install/moveit_core/share/moveit_core/collision_detector_fcl_description.xml
[360.800s] -- Installing: /home/andre/ros2_ws/src/install/moveit_core/share/moveit_core/collision_detector_bullet_description.xml
[360.800s] -- Installing: /home/andre/ros2_ws/src/install/moveit_core/share/moveit_core/filter_plugin_acceleration.xml
[360.800s] -- Installing: /home/andre/ros2_ws/src/install/moveit_core/share/moveit_core/filter_plugin_butterworth.xml
[360.800s] -- Installing: /home/andre/ros2_ws/src/install/moveit_core/share/moveit_core/filter_plugin_ruckig.xml
[360.801s] -- Installing: /home/andre/ros2_ws/src/install/moveit_core/share/ament_index/resource_index/package_run_dependencies/moveit_core
[360.801s] -- Installing: /home/andre/ros2_ws/src/install/moveit_core/share/ament_index/resource_index/parent_prefix_path/moveit_core
[360.801s] -- Installing: /home/andre/ros2_ws/src/install/moveit_core/share/moveit_core/environment/ament_prefix_path.sh
[360.801s] -- Installing: /home/andre/ros2_ws/src/install/moveit_core/share/moveit_core/environment/ament_prefix_path.dsv
[360.801s] -- Installing: /home/andre/ros2_ws/src/install/moveit_core/share/moveit_core/environment/path.sh
[360.801s] -- Installing: /home/andre/ros2_ws/src/install/moveit_core/share/moveit_core/environment/path.dsv
[360.801s] -- Installing: /home/andre/ros2_ws/src/install/moveit_core/share/moveit_core/local_setup.bash
[360.802s] -- Installing: /home/andre/ros2_ws/src/install/moveit_core/share/moveit_core/local_setup.sh
[360.802s] -- Installing: /home/andre/ros2_ws/src/install/moveit_core/share/moveit_core/local_setup.zsh
[360.802s] -- Installing: /home/andre/ros2_ws/src/install/moveit_core/share/moveit_core/local_setup.dsv
[360.802s] -- Installing: /home/andre/ros2_ws/src/install/moveit_core/share/moveit_core/package.dsv
[360.802s] -- Installing: /home/andre/ros2_ws/src/install/moveit_core/share/ament_index/resource_index/packages/moveit_core
[360.802s] -- Installing: /home/andre/ros2_ws/src/install/moveit_core/share/ament_index/resource_index/moveit_core__pluginlib__plugin/moveit_core
[360.802s] -- Installing: /home/andre/ros2_ws/src/install/moveit_core/share/moveit_core/cmake/moveit_coreTargetsExport.cmake
[360.803s] -- Installing: /home/andre/ros2_ws/src/install/moveit_core/share/moveit_core/cmake/moveit_coreTargetsExport-release.cmake
[360.803s] -- Installing: /home/andre/ros2_ws/src/install/moveit_core/share/moveit_core/cmake/ConfigExtras.cmake
[360.803s] -- Installing: /home/andre/ros2_ws/src/install/moveit_core/share/moveit_core/cmake/ament_cmake_export_targets-extras.cmake
[360.803s] -- Installing: /home/andre/ros2_ws/src/install/moveit_core/share/moveit_core/cmake/ament_cmake_export_dependencies-extras.cmake
[360.803s] -- Installing: /home/andre/ros2_ws/src/install/moveit_core/share/moveit_core/cmake/moveit_coreConfig.cmake
[360.803s] -- Installing: /home/andre/ros2_ws/src/install/moveit_core/share/moveit_core/cmake/moveit_coreConfig-version.cmake
[360.803s] -- Installing: /home/andre/ros2_ws/src/install/moveit_core/share/moveit_core/package.xml
[360.806s] Invoked command in '/home/andre/ros2_ws/src/build/moveit_core' returned '0': AMENT_PREFIX_PATH=/home/andre/ros2_ws/src/install/moveit_resources_panda_moveit_config:/home/andre/ros2_ws/src/install/moveit_resources_pr2_description:/home/andre/ros2_ws/src/install/moveit_resources_panda_description:/home/andre/ros2_ws/src/install/moveit_msgs:/home/andre/ros2_ws/src/install/moveit_common:${AMENT_PREFIX_PATH} CMAKE_PREFIX_PATH=/home/andre/ros2_ws/src/install/moveit_resources_panda_moveit_config:/home/andre/ros2_ws/src/install/moveit_resources_pr2_description:/home/andre/ros2_ws/src/install/moveit_resources_panda_description:/home/andre/ros2_ws/src/install/moveit_msgs:/home/andre/ros2_ws/src/install/moveit_common:/home/andre/ros2_ws/install:/opt/ros/jazzy/opt/gz_sim_vendor:/opt/ros/jazzy/opt/gz_sensors_vendor:/opt/ros/jazzy/opt/gz_physics_vendor:/opt/ros/jazzy/opt/sdformat_vendor:/opt/ros/jazzy/opt/gz_gui_vendor:/opt/ros/jazzy/opt/gz_transport_vendor:/opt/ros/jazzy/opt/gz_rendering_vendor:/opt/ros/jazzy/opt/gz_plugin_vendor:/opt/ros/jazzy/opt/gz_fuel_tools_vendor:/opt/ros/jazzy/opt/gz_msgs_vendor:/opt/ros/jazzy/opt/gz_common_vendor:/opt/ros/jazzy/opt/gz_math_vendor:/opt/ros/jazzy/opt/gz_utils_vendor:/opt/ros/jazzy/opt/gz_tools_vendor:/opt/ros/jazzy/opt/gz_ogre_next_vendor:/opt/ros/jazzy/opt/gz_dartsim_vendor:/opt/ros/jazzy/opt/gz_cmake_vendor:/opt/ros/jazzy DEBUGINFOD_URLS=https://debuginfod.ubuntu.com LD_LIBRARY_PATH=/home/andre/ros2_ws/src/install/moveit_msgs/lib:${LD_LIBRARY_PATH} PYTHONPATH=/home/andre/ros2_ws/src/install/moveit_msgs/lib/python3.12/site-packages:${PYTHONPATH} /usr/bin/cmake --install /home/andre/ros2_ws/src/build/moveit_core
