[0.066s] Invoking command in '/home/bot/ros2_ws/build/realsense2_camera': AMENT_PREFIX_PATH=/home/bot/ros2_ws/install/realsense2_camera_msgs:${AMENT_PREFIX_PATH} CMAKE_PREFIX_PATH=/home/bot/ros2_ws/install/realsense2_camera_msgs:/home/bot/ros2_ws/install/robotic_arm_v3_config:/home/bot/ros2_ws/install/robotic_arm_moveit:/home/bot/ros2_ws/install/robotic_arm_model_v3:/home/bot/ros2_ws/install/robotic_arm_config:/home/bot/ros2_ws/install/move_program:/home/bot/ros2_ws/install/imu_controller:/home/bot/ros2_ws/install/esp32_controller:/home/bot/ros2_ws/install/cpp_pubsub:/opt/ros/jazzy/opt/sdformat_vendor:/opt/ros/jazzy/opt/gz_math_vendor:/opt/ros/jazzy/opt/gz_utils_vendor:/opt/ros/jazzy/opt/gz_tools_vendor:/opt/ros/jazzy/opt/gz_cmake_vendor:/home/bot/ros2_ws/install/pose_printer:/home/bot/ros2_ws/install/mqtt_imu:/home/bot/ros2_ws/install/moveit_controls:/opt/ros/jazzy DEBUGINFOD_URLS=https://debuginfod.ubuntu.com LD_LIBRARY_PATH=/home/bot/ros2_ws/install/realsense2_camera_msgs/lib:${LD_LIBRARY_PATH} PYTHONPATH=/home/bot/ros2_ws/install/realsense2_camera_msgs/lib/python3.12/site-packages:${PYTHONPATH} /usr/bin/cmake /home/bot/ros2_ws/src/realsense-ros/realsense2_camera -DCMAKE_BUILD_TYPE=Release -DCMAKE_INSTALL_PREFIX=/home/bot/ros2_ws/install/realsense2_camera
[0.450s] -- The C compiler identification is GNU 13.3.0
[0.782s] -- The CXX compiler identification is GNU 13.3.0
[0.893s] -- Detecting C compiler ABI info
[1.448s] -- Detecting C compiler ABI info - done
[1.485s] -- Check for working C compiler: /usr/bin/cc - skipped
[1.487s] -- Detecting C compile features
[1.489s] -- Detecting C compile features - done
[1.549s] -- Detecting CXX compiler ABI info
[2.119s] -- Detecting CXX compiler ABI info - done
[2.156s] -- Check for working CXX compiler: /usr/bin/c++ - skipped
[2.157s] -- Detecting CXX compile features
[2.159s] -- Detecting CXX compile features - done
[2.162s] -- Create Release Build.
[2.224s] -- Found ament_cmake: 2.5.4 (/opt/ros/jazzy/share/ament_cmake/cmake)
[4.043s] -- Found Python3: /usr/bin/python3 (found version "3.12.3") found components: Interpreter 
[5.166s] -- Found builtin_interfaces: 2.0.3 (/opt/ros/jazzy/share/builtin_interfaces/cmake)
[5.738s] -- Found rosidl_generator_c: 4.6.6 (/opt/ros/jazzy/share/rosidl_generator_c/cmake)
[5.930s] -- Found rosidl_generator_cpp: 4.6.6 (/opt/ros/jazzy/share/rosidl_generator_cpp/cmake)
[6.144s] -- Using all available rosidl_typesupport_c: rosidl_typesupport_fastrtps_c;rosidl_typesupport_introspection_c
[6.365s] -- Using all available rosidl_typesupport_cpp: rosidl_typesupport_fastrtps_cpp;rosidl_typesupport_introspection_cpp
[6.581s] -- Found rclcpp: 28.1.13 (/opt/ros/jazzy/share/rclcpp/cmake)
[7.230s] -- Found rmw_implementation_cmake: 7.3.2 (/opt/ros/jazzy/share/rmw_implementation_cmake/cmake)
[7.289s] -- Found rmw_fastrtps_cpp: 8.4.3 (/opt/ros/jazzy/share/rmw_fastrtps_cpp/cmake)
[8.087s] -- Found OpenSSL: /usr/lib/aarch64-linux-gnu/libcrypto.so (found version "3.0.13")  
[8.214s] -- Found FastRTPS: /opt/ros/jazzy/include (Required is at least version "2.13") 
[8.316s] -- Using RMW implementation 'rmw_fastrtps_cpp' as default
[8.975s] -- Found rclcpp_action: 28.1.13 (/opt/ros/jazzy/share/rclcpp_action/cmake)
[9.323s] -- Found realsense2_camera_msgs: 4.57.0 (/home/bot/ros2_ws/install/realsense2_camera_msgs/share/realsense2_camera_msgs/cmake)
[9.924s] -- Found std_srvs: 5.3.6 (/opt/ros/jazzy/share/std_srvs/cmake)
[10.051s] -- Found nav_msgs: 5.3.6 (/opt/ros/jazzy/share/nav_msgs/cmake)
[10.212s] -- Found tf2_ros: 0.36.16 (/opt/ros/jazzy/share/tf2_ros/cmake)
[11.031s] -- Found diagnostic_updater: 4.2.6 (/opt/ros/jazzy/share/diagnostic_updater/cmake)
[11.337s] -- Found OpenCV: /usr (found version "4.6.0") found components: core 
[11.388s] -- Found image_transport: 5.1.7 (/opt/ros/jazzy/share/image_transport/cmake)
[11.564s] -- Found cv_bridge: 4.1.0 (/opt/ros/jazzy/share/cv_bridge/cmake)
[11.634s] -- Build for ROS2 Jazzy
[11.691s] -- Found ament_cmake_gtest: 2.5.4 (/opt/ros/jazzy/share/ament_cmake_gtest/cmake)
[11.750s] -- Found gtest sources under '/opt/ros/jazzy/src/gtest_vendor': C++ tests using 'Google Test' will be built
[11.765s] -- Performing Test CMAKE_HAVE_LIBC_PTHREAD
[12.282s] -- Performing Test CMAKE_HAVE_LIBC_PTHREAD - Success
[12.286s] -- Found Threads: TRUE  
[12.336s] -- Found ament_cmake_pytest: 2.5.4 (/opt/ros/jazzy/share/ament_cmake_pytest/cmake)
[29.600s] -- rs_device_info:
[29.601s] --  21/01 20:37:28,908 ERROR [281473306607648] (context.cpp:40) No valid configuration file found at : /home/bot/.realsense-config.json loading defaults
[29.601s] Device Name                   Serial Number       Firmware Version
[29.601s] Intel RealSense D435          233522076741        5.13.0.55
[29.602s] 
[29.602s] -- D455 device found
[47.597s] -- Configuring done (47.5s)
[47.781s] -- Generating done (0.1s)
[47.820s] -- Build files have been written to: /home/bot/ros2_ws/build/realsense2_camera
[47.879s] Invoked command in '/home/bot/ros2_ws/build/realsense2_camera' returned '0': AMENT_PREFIX_PATH=/home/bot/ros2_ws/install/realsense2_camera_msgs:${AMENT_PREFIX_PATH} CMAKE_PREFIX_PATH=/home/bot/ros2_ws/install/realsense2_camera_msgs:/home/bot/ros2_ws/install/robotic_arm_v3_config:/home/bot/ros2_ws/install/robotic_arm_moveit:/home/bot/ros2_ws/install/robotic_arm_model_v3:/home/bot/ros2_ws/install/robotic_arm_config:/home/bot/ros2_ws/install/move_program:/home/bot/ros2_ws/install/imu_controller:/home/bot/ros2_ws/install/esp32_controller:/home/bot/ros2_ws/install/cpp_pubsub:/opt/ros/jazzy/opt/sdformat_vendor:/opt/ros/jazzy/opt/gz_math_vendor:/opt/ros/jazzy/opt/gz_utils_vendor:/opt/ros/jazzy/opt/gz_tools_vendor:/opt/ros/jazzy/opt/gz_cmake_vendor:/home/bot/ros2_ws/install/pose_printer:/home/bot/ros2_ws/install/mqtt_imu:/home/bot/ros2_ws/install/moveit_controls:/opt/ros/jazzy DEBUGINFOD_URLS=https://debuginfod.ubuntu.com LD_LIBRARY_PATH=/home/bot/ros2_ws/install/realsense2_camera_msgs/lib:${LD_LIBRARY_PATH} PYTHONPATH=/home/bot/ros2_ws/install/realsense2_camera_msgs/lib/python3.12/site-packages:${PYTHONPATH} /usr/bin/cmake /home/bot/ros2_ws/src/realsense-ros/realsense2_camera -DCMAKE_BUILD_TYPE=Release -DCMAKE_INSTALL_PREFIX=/home/bot/ros2_ws/install/realsense2_camera
[47.885s] Invoking command in '/home/bot/ros2_ws/build/realsense2_camera': AMENT_PREFIX_PATH=/home/bot/ros2_ws/install/realsense2_camera_msgs:${AMENT_PREFIX_PATH} CMAKE_PREFIX_PATH=/home/bot/ros2_ws/install/realsense2_camera_msgs:/home/bot/ros2_ws/install/robotic_arm_v3_config:/home/bot/ros2_ws/install/robotic_arm_moveit:/home/bot/ros2_ws/install/robotic_arm_model_v3:/home/bot/ros2_ws/install/robotic_arm_config:/home/bot/ros2_ws/install/move_program:/home/bot/ros2_ws/install/imu_controller:/home/bot/ros2_ws/install/esp32_controller:/home/bot/ros2_ws/install/cpp_pubsub:/opt/ros/jazzy/opt/sdformat_vendor:/opt/ros/jazzy/opt/gz_math_vendor:/opt/ros/jazzy/opt/gz_utils_vendor:/opt/ros/jazzy/opt/gz_tools_vendor:/opt/ros/jazzy/opt/gz_cmake_vendor:/home/bot/ros2_ws/install/pose_printer:/home/bot/ros2_ws/install/mqtt_imu:/home/bot/ros2_ws/install/moveit_controls:/opt/ros/jazzy DEBUGINFOD_URLS=https://debuginfod.ubuntu.com LD_LIBRARY_PATH=/home/bot/ros2_ws/install/realsense2_camera_msgs/lib:${LD_LIBRARY_PATH} PYTHONPATH=/home/bot/ros2_ws/install/realsense2_camera_msgs/lib/python3.12/site-packages:${PYTHONPATH} /usr/bin/cmake --build /home/bot/ros2_ws/build/realsense2_camera -- -j4 -l4
[48.223s] [  3%] [32mBuilding CXX object CMakeFiles/realsense2_camera.dir/src/realsense_node_factory.cpp.o[0m
[48.224s] [ 11%] [32mBuilding CXX object CMakeFiles/realsense2_camera_node.dir/rclcpp_components/node_main_realsense2_camera_node.cpp.o[0m
[48.227s] [ 11%] [32mBuilding CXX object gtest/CMakeFiles/gtest_main.dir/src/gtest_main.cc.o[0m
[48.230s] [ 15%] [32mBuilding CXX object gtest/CMakeFiles/gtest.dir/src/gtest-all.cc.o[0m
[53.216s] [ 19%] [32m[1mLinking CXX static library libgtest_main.a[0m
[53.513s] [ 19%] Built target gtest_main
[53.590s] [ 23%] [32mBuilding CXX object CMakeFiles/realsense2_camera.dir/src/base_realsense_node.cpp.o[0m
[74.377s] [ 26%] [32m[1mLinking CXX executable realsense2_camera_node[0m
[75.424s] [ 26%] Built target realsense2_camera_node
[75.509s] [ 30%] [32mBuilding CXX object CMakeFiles/realsense2_camera.dir/src/parameters.cpp.o[0m
[108.285s] [ 34%] [32m[1mLinking CXX static library libgtest.a[0m
[108.961s] [ 34%] Built target gtest
[109.328s] [ 38%] [32mBuilding CXX object CMakeFiles/gtest_template.dir/test/gtest_template.cpp.o[0m
[117.989s] [ 42%] [32m[1mLinking CXX executable gtest_template[0m
[119.262s] [ 42%] Built target gtest_template
[119.355s] [ 46%] [32mBuilding CXX object CMakeFiles/realsense2_camera.dir/src/rs_node_setup.cpp.o[0m
[132.957s] [ 50%] [32mBuilding CXX object CMakeFiles/realsense2_camera.dir/src/ros_sensor.cpp.o[0m
[150.311s] [ 53%] [32mBuilding CXX object CMakeFiles/realsense2_camera.dir/src/ros_utils.cpp.o[0m
[182.374s] [ 57%] [32mBuilding CXX object CMakeFiles/realsense2_camera.dir/src/sensor_params.cpp.o[0m
[183.487s] [ 61%] [32mBuilding CXX object CMakeFiles/realsense2_camera.dir/src/dynamic_params.cpp.o[0m
[184.275s] [ 65%] [32mBuilding CXX object CMakeFiles/realsense2_camera.dir/src/named_filter.cpp.o[0m
[217.861s] [ 69%] [32mBuilding CXX object CMakeFiles/realsense2_camera.dir/src/pointcloud_filter.cpp.o[0m
[227.207s] [ 73%] [32mBuilding CXX object CMakeFiles/realsense2_camera.dir/src/profile_manager.cpp.o[0m
[229.291s] [ 76%] [32mBuilding CXX object CMakeFiles/realsense2_camera.dir/src/align_depth_filter.cpp.o[0m
[282.325s] [ 80%] [32mBuilding CXX object CMakeFiles/realsense2_camera.dir/src/tfs.cpp.o[0m
[283.416s] [ 84%] [32mBuilding CXX object CMakeFiles/realsense2_camera.dir/src/image_publisher.cpp.o[0m
[289.228s] [ 88%] [32mBuilding CXX object CMakeFiles/realsense2_camera.dir/src/actions.cpp.o[0m
[291.168s] [ 92%] [32mBuilding CXX object CMakeFiles/realsense2_camera.dir/src/safety.cpp.o[0m
[374.646s] [ 96%] [32mBuilding CXX object CMakeFiles/realsense2_camera.dir/src/ros_param_backend.cpp.o[0m
[388.307s] [100%] [32m[1mLinking CXX shared library librealsense2_camera.so[0m
[392.787s] [100%] Built target realsense2_camera
[392.918s] Invoked command in '/home/bot/ros2_ws/build/realsense2_camera' returned '0': AMENT_PREFIX_PATH=/home/bot/ros2_ws/install/realsense2_camera_msgs:${AMENT_PREFIX_PATH} CMAKE_PREFIX_PATH=/home/bot/ros2_ws/install/realsense2_camera_msgs:/home/bot/ros2_ws/install/robotic_arm_v3_config:/home/bot/ros2_ws/install/robotic_arm_moveit:/home/bot/ros2_ws/install/robotic_arm_model_v3:/home/bot/ros2_ws/install/robotic_arm_config:/home/bot/ros2_ws/install/move_program:/home/bot/ros2_ws/install/imu_controller:/home/bot/ros2_ws/install/esp32_controller:/home/bot/ros2_ws/install/cpp_pubsub:/opt/ros/jazzy/opt/sdformat_vendor:/opt/ros/jazzy/opt/gz_math_vendor:/opt/ros/jazzy/opt/gz_utils_vendor:/opt/ros/jazzy/opt/gz_tools_vendor:/opt/ros/jazzy/opt/gz_cmake_vendor:/home/bot/ros2_ws/install/pose_printer:/home/bot/ros2_ws/install/mqtt_imu:/home/bot/ros2_ws/install/moveit_controls:/opt/ros/jazzy DEBUGINFOD_URLS=https://debuginfod.ubuntu.com LD_LIBRARY_PATH=/home/bot/ros2_ws/install/realsense2_camera_msgs/lib:${LD_LIBRARY_PATH} PYTHONPATH=/home/bot/ros2_ws/install/realsense2_camera_msgs/lib/python3.12/site-packages:${PYTHONPATH} /usr/bin/cmake --build /home/bot/ros2_ws/build/realsense2_camera -- -j4 -l4
[392.954s] Invoking command in '/home/bot/ros2_ws/build/realsense2_camera': AMENT_PREFIX_PATH=/home/bot/ros2_ws/install/realsense2_camera_msgs:${AMENT_PREFIX_PATH} CMAKE_PREFIX_PATH=/home/bot/ros2_ws/install/realsense2_camera_msgs:/home/bot/ros2_ws/install/robotic_arm_v3_config:/home/bot/ros2_ws/install/robotic_arm_moveit:/home/bot/ros2_ws/install/robotic_arm_model_v3:/home/bot/ros2_ws/install/robotic_arm_config:/home/bot/ros2_ws/install/move_program:/home/bot/ros2_ws/install/imu_controller:/home/bot/ros2_ws/install/esp32_controller:/home/bot/ros2_ws/install/cpp_pubsub:/opt/ros/jazzy/opt/sdformat_vendor:/opt/ros/jazzy/opt/gz_math_vendor:/opt/ros/jazzy/opt/gz_utils_vendor:/opt/ros/jazzy/opt/gz_tools_vendor:/opt/ros/jazzy/opt/gz_cmake_vendor:/home/bot/ros2_ws/install/pose_printer:/home/bot/ros2_ws/install/mqtt_imu:/home/bot/ros2_ws/install/moveit_controls:/opt/ros/jazzy DEBUGINFOD_URLS=https://debuginfod.ubuntu.com LD_LIBRARY_PATH=/home/bot/ros2_ws/install/realsense2_camera_msgs/lib:${LD_LIBRARY_PATH} PYTHONPATH=/home/bot/ros2_ws/install/realsense2_camera_msgs/lib/python3.12/site-packages:${PYTHONPATH} /usr/bin/cmake --install /home/bot/ros2_ws/build/realsense2_camera
[393.013s] -- Install configuration: "Release"
[393.018s] -- Installing: /home/bot/ros2_ws/install/realsense2_camera/share/realsense2_camera/config/global_settings.yaml
[393.022s] -- Installing: /home/bot/ros2_ws/install/realsense2_camera/lib/realsense2_camera/realsense2_camera_node
[393.031s] -- Set non-toolchain portion of runtime path of "/home/bot/ros2_ws/install/realsense2_camera/lib/realsense2_camera/realsense2_camera_node" to ""
[393.032s] -- Installing: /home/bot/ros2_ws/install/realsense2_camera/lib/librealsense2_camera.so
[393.070s] -- Set non-toolchain portion of runtime path of "/home/bot/ros2_ws/install/realsense2_camera/lib/librealsense2_camera.so" to ""
[393.070s] -- Installing: /home/bot/ros2_ws/install/realsense2_camera/include
[393.071s] -- Installing: /home/bot/ros2_ws/install/realsense2_camera/include/align_depth_filter.h
[393.072s] -- Installing: /home/bot/ros2_ws/install/realsense2_camera/include/ros_sensor.h
[393.073s] -- Installing: /home/bot/ros2_ws/install/realsense2_camera/include/dynamic_params.h
[393.074s] -- Installing: /home/bot/ros2_ws/install/realsense2_camera/include/profile_manager.h
[393.075s] -- Installing: /home/bot/ros2_ws/install/realsense2_camera/include/base_realsense_node.h
[393.076s] -- Installing: /home/bot/ros2_ws/install/realsense2_camera/include/image_publisher.h
[393.077s] -- Installing: /home/bot/ros2_ws/install/realsense2_camera/include/ros_param_backend.h
[393.078s] -- Installing: /home/bot/ros2_ws/install/realsense2_camera/include/ros_node_base.h
[393.079s] -- Installing: /home/bot/ros2_ws/install/realsense2_camera/include/pointcloud_filter.h
[393.080s] -- Installing: /home/bot/ros2_ws/install/realsense2_camera/include/sensor_params.h
[393.081s] -- Installing: /home/bot/ros2_ws/install/realsense2_camera/include/context_singleton_wrapper.h
[393.083s] -- Installing: /home/bot/ros2_ws/install/realsense2_camera/include/ros_utils.h
[393.084s] -- Installing: /home/bot/ros2_ws/install/realsense2_camera/include/named_filter.h
[393.085s] -- Installing: /home/bot/ros2_ws/install/realsense2_camera/include/realsense_node_factory.h
[393.088s] -- Installing: /home/bot/ros2_ws/install/realsense2_camera/include/gl_window.h
[393.089s] -- Installing: /home/bot/ros2_ws/install/realsense2_camera/include/constants.h
[393.091s] -- Installing: /home/bot/ros2_ws/install/realsense2_camera/share/realsense2_camera/launch
[393.092s] -- Installing: /home/bot/ros2_ws/install/realsense2_camera/share/realsense2_camera/launch/rs_multi_camera_launch.py
[393.094s] -- Installing: /home/bot/ros2_ws/install/realsense2_camera/share/realsense2_camera/launch/default.rviz
[393.096s] -- Installing: /home/bot/ros2_ws/install/realsense2_camera/share/realsense2_camera/launch/rs_intra_process_demo_launch.py
[393.098s] -- Installing: /home/bot/ros2_ws/install/realsense2_camera/share/realsense2_camera/launch/rs_multi_camera_launch_sync.py
[393.099s] -- Installing: /home/bot/ros2_ws/install/realsense2_camera/share/realsense2_camera/launch/rs_launch.py
[393.102s] -- Installing: /home/bot/ros2_ws/install/realsense2_camera/share/realsense2_camera/examples
[393.103s] -- Installing: /home/bot/ros2_ws/install/realsense2_camera/share/realsense2_camera/examples/align_depth
[393.104s] -- Installing: /home/bot/ros2_ws/install/realsense2_camera/share/realsense2_camera/examples/align_depth/README.md
[393.106s] -- Installing: /home/bot/ros2_ws/install/realsense2_camera/share/realsense2_camera/examples/align_depth/rs_align_depth_launch.py
[393.108s] -- Installing: /home/bot/ros2_ws/install/realsense2_camera/share/realsense2_camera/examples/pointcloud
[393.109s] -- Installing: /home/bot/ros2_ws/install/realsense2_camera/share/realsense2_camera/examples/pointcloud/rviz
[393.111s] -- Installing: /home/bot/ros2_ws/install/realsense2_camera/share/realsense2_camera/examples/pointcloud/rviz/pointcloud.rviz
[393.113s] -- Installing: /home/bot/ros2_ws/install/realsense2_camera/share/realsense2_camera/examples/pointcloud/rviz/urdf_pointcloud.rviz
[393.115s] -- Installing: /home/bot/ros2_ws/install/realsense2_camera/share/realsense2_camera/examples/pointcloud/README.md
[393.117s] -- Installing: /home/bot/ros2_ws/install/realsense2_camera/share/realsense2_camera/examples/pointcloud/rs_pointcloud_launch.py
[393.119s] -- Installing: /home/bot/ros2_ws/install/realsense2_camera/share/realsense2_camera/examples/pointcloud/rs_d405_pointcloud_launch.py
[393.120s] -- Installing: /home/bot/ros2_ws/install/realsense2_camera/share/realsense2_camera/examples/pointcloud/rs_pointcloud_infra_launch.py
[393.122s] -- Installing: /home/bot/ros2_ws/install/realsense2_camera/share/realsense2_camera/examples/pointcloud/rs_d455_pointcloud_launch.py
[393.124s] -- Installing: /home/bot/ros2_ws/install/realsense2_camera/share/realsense2_camera/examples/d500_tables
[393.126s] -- Installing: /home/bot/ros2_ws/install/realsense2_camera/share/realsense2_camera/examples/d500_tables/application_config_example.json
[393.128s] -- Installing: /home/bot/ros2_ws/install/realsense2_camera/share/realsense2_camera/examples/d500_tables/calib_config_example.json
[393.130s] -- Installing: /home/bot/ros2_ws/install/realsense2_camera/share/realsense2_camera/examples/d500_tables/safety_preset_example.json
[393.132s] -- Installing: /home/bot/ros2_ws/install/realsense2_camera/share/realsense2_camera/examples/d500_tables/safety_interface_config_example.json
[393.134s] -- Installing: /home/bot/ros2_ws/install/realsense2_camera/share/realsense2_camera/examples/launch_params_from_file
[393.135s] -- Installing: /home/bot/ros2_ws/install/realsense2_camera/share/realsense2_camera/examples/launch_params_from_file/README.md
[393.137s] -- Installing: /home/bot/ros2_ws/install/realsense2_camera/share/realsense2_camera/examples/launch_params_from_file/config
[393.139s] -- Installing: /home/bot/ros2_ws/install/realsense2_camera/share/realsense2_camera/examples/launch_params_from_file/config/config.yaml
[393.141s] -- Installing: /home/bot/ros2_ws/install/realsense2_camera/share/realsense2_camera/examples/launch_params_from_file/rs_launch_get_params_from_yaml.py
[393.143s] -- Installing: /home/bot/ros2_ws/install/realsense2_camera/share/realsense2_camera/examples/launch_from_rosbag
[393.144s] -- Installing: /home/bot/ros2_ws/install/realsense2_camera/share/realsense2_camera/examples/launch_from_rosbag/rs_launch_from_rosbag.py
[393.146s] -- Installing: /home/bot/ros2_ws/install/realsense2_camera/share/realsense2_camera/examples/launch_from_rosbag/README.md
[393.148s] -- Installing: /home/bot/ros2_ws/install/realsense2_camera/share/realsense2_camera/examples/dual_camera
[393.149s] -- Installing: /home/bot/ros2_ws/install/realsense2_camera/share/realsense2_camera/examples/dual_camera/rviz
[393.150s] -- Installing: /home/bot/ros2_ws/install/realsense2_camera/share/realsense2_camera/examples/dual_camera/rviz/dual_camera_pointcloud.rviz
[393.152s] -- Installing: /home/bot/ros2_ws/install/realsense2_camera/share/realsense2_camera/examples/dual_camera/README.md
[393.154s] -- Installing: /home/bot/ros2_ws/install/realsense2_camera/share/realsense2_camera/examples/dual_camera/rs_dual_camera_launch.py
[393.157s] -- Installing: /home/bot/ros2_ws/install/realsense2_camera/share/realsense2_camera/environment/library_path.sh
[393.159s] -- Installing: /home/bot/ros2_ws/install/realsense2_camera/share/realsense2_camera/environment/library_path.dsv
[393.161s] -- Installing: /home/bot/ros2_ws/install/realsense2_camera/share/ament_index/resource_index/package_run_dependencies/realsense2_camera
[393.164s] -- Installing: /home/bot/ros2_ws/install/realsense2_camera/share/ament_index/resource_index/parent_prefix_path/realsense2_camera
[393.166s] -- Installing: /home/bot/ros2_ws/install/realsense2_camera/share/realsense2_camera/environment/ament_prefix_path.sh
[393.168s] -- Installing: /home/bot/ros2_ws/install/realsense2_camera/share/realsense2_camera/environment/ament_prefix_path.dsv
[393.170s] -- Installing: /home/bot/ros2_ws/install/realsense2_camera/share/realsense2_camera/environment/path.sh
[393.172s] -- Installing: /home/bot/ros2_ws/install/realsense2_camera/share/realsense2_camera/environment/path.dsv
[393.174s] -- Installing: /home/bot/ros2_ws/install/realsense2_camera/share/realsense2_camera/local_setup.bash
[393.176s] -- Installing: /home/bot/ros2_ws/install/realsense2_camera/share/realsense2_camera/local_setup.sh
[393.178s] -- Installing: /home/bot/ros2_ws/install/realsense2_camera/share/realsense2_camera/local_setup.zsh
[393.180s] -- Installing: /home/bot/ros2_ws/install/realsense2_camera/share/realsense2_camera/local_setup.dsv
[393.182s] -- Installing: /home/bot/ros2_ws/install/realsense2_camera/share/realsense2_camera/package.dsv
[393.184s] -- Installing: /home/bot/ros2_ws/install/realsense2_camera/share/ament_index/resource_index/packages/realsense2_camera
[393.186s] -- Installing: /home/bot/ros2_ws/install/realsense2_camera/share/ament_index/resource_index/rclcpp_components/realsense2_camera
[393.189s] -- Installing: /home/bot/ros2_ws/install/realsense2_camera/share/realsense2_camera/cmake/ament_cmake_export_include_directories-extras.cmake
[393.191s] -- Installing: /home/bot/ros2_ws/install/realsense2_camera/share/realsense2_camera/cmake/ament_cmake_export_libraries-extras.cmake
[393.193s] -- Installing: /home/bot/ros2_ws/install/realsense2_camera/share/realsense2_camera/cmake/ament_cmake_export_dependencies-extras.cmake
[393.195s] -- Installing: /home/bot/ros2_ws/install/realsense2_camera/share/realsense2_camera/cmake/realsense2_cameraConfig.cmake
[393.197s] -- Installing: /home/bot/ros2_ws/install/realsense2_camera/share/realsense2_camera/cmake/realsense2_cameraConfig-version.cmake
[393.199s] -- Installing: /home/bot/ros2_ws/install/realsense2_camera/share/realsense2_camera/package.xml
[393.223s] Invoked command in '/home/bot/ros2_ws/build/realsense2_camera' returned '0': AMENT_PREFIX_PATH=/home/bot/ros2_ws/install/realsense2_camera_msgs:${AMENT_PREFIX_PATH} CMAKE_PREFIX_PATH=/home/bot/ros2_ws/install/realsense2_camera_msgs:/home/bot/ros2_ws/install/robotic_arm_v3_config:/home/bot/ros2_ws/install/robotic_arm_moveit:/home/bot/ros2_ws/install/robotic_arm_model_v3:/home/bot/ros2_ws/install/robotic_arm_config:/home/bot/ros2_ws/install/move_program:/home/bot/ros2_ws/install/imu_controller:/home/bot/ros2_ws/install/esp32_controller:/home/bot/ros2_ws/install/cpp_pubsub:/opt/ros/jazzy/opt/sdformat_vendor:/opt/ros/jazzy/opt/gz_math_vendor:/opt/ros/jazzy/opt/gz_utils_vendor:/opt/ros/jazzy/opt/gz_tools_vendor:/opt/ros/jazzy/opt/gz_cmake_vendor:/home/bot/ros2_ws/install/pose_printer:/home/bot/ros2_ws/install/mqtt_imu:/home/bot/ros2_ws/install/moveit_controls:/opt/ros/jazzy DEBUGINFOD_URLS=https://debuginfod.ubuntu.com LD_LIBRARY_PATH=/home/bot/ros2_ws/install/realsense2_camera_msgs/lib:${LD_LIBRARY_PATH} PYTHONPATH=/home/bot/ros2_ws/install/realsense2_camera_msgs/lib/python3.12/site-packages:${PYTHONPATH} /usr/bin/cmake --install /home/bot/ros2_ws/build/realsense2_camera
