[0.027s] Invoking command in '/home/andre/ros2_ws/src/build/moveit_planners_chomp': AMENT_PREFIX_PATH=/home/andre/ros2_ws/src/install/chomp_motion_planner:/home/andre/ros2_ws/src/install/moveit_core:/home/andre/ros2_ws/src/install/moveit_resources_panda_moveit_config:/home/andre/ros2_ws/src/install/moveit_resources_pr2_description:/home/andre/ros2_ws/src/install/moveit_resources_panda_description:/home/andre/ros2_ws/src/install/moveit_msgs:/home/andre/ros2_ws/src/install/moveit_common:${AMENT_PREFIX_PATH} CMAKE_PREFIX_PATH=/home/andre/ros2_ws/src/install/chomp_motion_planner:/home/andre/ros2_ws/src/install/moveit_core:/home/andre/ros2_ws/src/install/moveit_resources_panda_moveit_config:/home/andre/ros2_ws/src/install/moveit_resources_pr2_description:/home/andre/ros2_ws/src/install/moveit_resources_panda_description:/home/andre/ros2_ws/src/install/moveit_msgs:/home/andre/ros2_ws/src/install/moveit_common:/home/andre/ros2_ws/install:/opt/ros/jazzy/opt/gz_sim_vendor:/opt/ros/jazzy/opt/gz_sensors_vendor:/opt/ros/jazzy/opt/gz_physics_vendor:/opt/ros/jazzy/opt/sdformat_vendor:/opt/ros/jazzy/opt/gz_gui_vendor:/opt/ros/jazzy/opt/gz_transport_vendor:/opt/ros/jazzy/opt/gz_rendering_vendor:/opt/ros/jazzy/opt/gz_plugin_vendor:/opt/ros/jazzy/opt/gz_fuel_tools_vendor:/opt/ros/jazzy/opt/gz_msgs_vendor:/opt/ros/jazzy/opt/gz_common_vendor:/opt/ros/jazzy/opt/gz_math_vendor:/opt/ros/jazzy/opt/gz_utils_vendor:/opt/ros/jazzy/opt/gz_tools_vendor:/opt/ros/jazzy/opt/gz_ogre_next_vendor:/opt/ros/jazzy/opt/gz_dartsim_vendor:/opt/ros/jazzy/opt/gz_cmake_vendor:/opt/ros/jazzy DEBUGINFOD_URLS=https://debuginfod.ubuntu.com LD_LIBRARY_PATH=/home/andre/ros2_ws/src/install/chomp_motion_planner/lib:/home/andre/ros2_ws/src/install/moveit_core/lib:/home/andre/ros2_ws/src/install/moveit_msgs/lib:${LD_LIBRARY_PATH} PATH=/home/andre/ros2_ws/src/install/moveit_core/bin:${PATH} PYTHONPATH=/home/andre/ros2_ws/src/install/moveit_msgs/lib/python3.12/site-packages:${PYTHONPATH} /usr/bin/cmake /home/andre/ros2_ws/src/moveit2/moveit_planners/chomp/chomp_interface -DCMAKE_BUILD_TYPE=Release -DCMAKE_INSTALL_PREFIX=/home/andre/ros2_ws/src/install/moveit_planners_chomp
[0.121s] -- The CXX compiler identification is GNU 13.3.0
[0.146s] -- Detecting CXX compiler ABI info
[0.286s] -- Detecting CXX compiler ABI info - done
[0.305s] -- Check for working CXX compiler: /usr/bin/c++ - skipped
[0.306s] -- Detecting CXX compile features
[0.307s] -- Detecting CXX compile features - done
[0.309s] -- Found moveit_common: 2.14.1 (/home/andre/ros2_ws/src/install/moveit_common/share/moveit_common/cmake)
[0.318s] -- Found ament_cmake: 2.5.4 (/opt/ros/jazzy/share/ament_cmake/cmake)
[0.566s] -- Found Python3: /usr/bin/python3 (found version "3.12.3") found components: Interpreter 
[0.915s] -- Found moveit_core: 2.14.1 (/home/andre/ros2_ws/src/install/moveit_core/share/moveit_core/cmake)
[1.192s] -- Found Boost: /usr/lib/x86_64-linux-gnu/cmake/Boost-1.83.0/BoostConfig.cmake (found version "1.83.0") found components: chrono date_time filesystem iostreams program_options regex serialization system thread 
[1.353s] -- Found parameter_traits: 0.5.0 (/opt/ros/jazzy/share/parameter_traits/cmake)
[1.440s] -- Found rosidl_generator_c: 4.6.6 (/opt/ros/jazzy/share/rosidl_generator_c/cmake)
[1.471s] -- Found rosidl_generator_cpp: 4.6.6 (/opt/ros/jazzy/share/rosidl_generator_cpp/cmake)
[1.507s] -- Using all available rosidl_typesupport_c: rosidl_typesupport_fastrtps_c;rosidl_typesupport_introspection_c
[1.546s] -- Using all available rosidl_typesupport_cpp: rosidl_typesupport_fastrtps_cpp;rosidl_typesupport_introspection_cpp
[1.709s] -- Found rmw_implementation_cmake: 7.3.2 (/opt/ros/jazzy/share/rmw_implementation_cmake/cmake)
[1.717s] -- Found rmw_fastrtps_cpp: 8.4.3 (/opt/ros/jazzy/share/rmw_fastrtps_cpp/cmake)
[1.874s] -- Found OpenSSL: /usr/lib/x86_64-linux-gnu/libcrypto.so (found version "3.0.13")  
[1.905s] -- Found FastRTPS: /opt/ros/jazzy/include (Required is at least version "2.13") 
[1.947s] -- Using RMW implementation 'rmw_fastrtps_cpp' as default
[2.129s] -- Found rclcpp_lifecycle: 28.1.13 (/opt/ros/jazzy/share/rclcpp_lifecycle/cmake)
[2.204s] -- Found Boost: /usr/lib/x86_64-linux-gnu/cmake/Boost-1.83.0/BoostConfig.cmake (found version "1.83.0") found components: filesystem 
[2.496s] -- Found Eigen3: TRUE (found version "3.4.0") 
[2.497s] -- Ensuring Eigen3 include directory is part of orocos-kdl CMake target
[3.215s] -- Found chomp_motion_planner: 2.14.1 (/home/andre/ros2_ws/src/install/chomp_motion_planner/share/chomp_motion_planner/cmake)
[3.235s] -- Configuring done (3.2s)
[3.299s] -- Generating done (0.0s)
[3.313s] -- Build files have been written to: /home/andre/ros2_ws/src/build/moveit_planners_chomp
[3.331s] Invoked command in '/home/andre/ros2_ws/src/build/moveit_planners_chomp' returned '0': AMENT_PREFIX_PATH=/home/andre/ros2_ws/src/install/chomp_motion_planner:/home/andre/ros2_ws/src/install/moveit_core:/home/andre/ros2_ws/src/install/moveit_resources_panda_moveit_config:/home/andre/ros2_ws/src/install/moveit_resources_pr2_description:/home/andre/ros2_ws/src/install/moveit_resources_panda_description:/home/andre/ros2_ws/src/install/moveit_msgs:/home/andre/ros2_ws/src/install/moveit_common:${AMENT_PREFIX_PATH} CMAKE_PREFIX_PATH=/home/andre/ros2_ws/src/install/chomp_motion_planner:/home/andre/ros2_ws/src/install/moveit_core:/home/andre/ros2_ws/src/install/moveit_resources_panda_moveit_config:/home/andre/ros2_ws/src/install/moveit_resources_pr2_description:/home/andre/ros2_ws/src/install/moveit_resources_panda_description:/home/andre/ros2_ws/src/install/moveit_msgs:/home/andre/ros2_ws/src/install/moveit_common:/home/andre/ros2_ws/install:/opt/ros/jazzy/opt/gz_sim_vendor:/opt/ros/jazzy/opt/gz_sensors_vendor:/opt/ros/jazzy/opt/gz_physics_vendor:/opt/ros/jazzy/opt/sdformat_vendor:/opt/ros/jazzy/opt/gz_gui_vendor:/opt/ros/jazzy/opt/gz_transport_vendor:/opt/ros/jazzy/opt/gz_rendering_vendor:/opt/ros/jazzy/opt/gz_plugin_vendor:/opt/ros/jazzy/opt/gz_fuel_tools_vendor:/opt/ros/jazzy/opt/gz_msgs_vendor:/opt/ros/jazzy/opt/gz_common_vendor:/opt/ros/jazzy/opt/gz_math_vendor:/opt/ros/jazzy/opt/gz_utils_vendor:/opt/ros/jazzy/opt/gz_tools_vendor:/opt/ros/jazzy/opt/gz_ogre_next_vendor:/opt/ros/jazzy/opt/gz_dartsim_vendor:/opt/ros/jazzy/opt/gz_cmake_vendor:/opt/ros/jazzy DEBUGINFOD_URLS=https://debuginfod.ubuntu.com LD_LIBRARY_PATH=/home/andre/ros2_ws/src/install/chomp_motion_planner/lib:/home/andre/ros2_ws/src/install/moveit_core/lib:/home/andre/ros2_ws/src/install/moveit_msgs/lib:${LD_LIBRARY_PATH} PATH=/home/andre/ros2_ws/src/install/moveit_core/bin:${PATH} PYTHONPATH=/home/andre/ros2_ws/src/install/moveit_msgs/lib/python3.12/site-packages:${PYTHONPATH} /usr/bin/cmake /home/andre/ros2_ws/src/moveit2/moveit_planners/chomp/chomp_interface -DCMAKE_BUILD_TYPE=Release -DCMAKE_INSTALL_PREFIX=/home/andre/ros2_ws/src/install/moveit_planners_chomp
[3.332s] Invoking command in '/home/andre/ros2_ws/src/build/moveit_planners_chomp': AMENT_PREFIX_PATH=/home/andre/ros2_ws/src/install/chomp_motion_planner:/home/andre/ros2_ws/src/install/moveit_core:/home/andre/ros2_ws/src/install/moveit_resources_panda_moveit_config:/home/andre/ros2_ws/src/install/moveit_resources_pr2_description:/home/andre/ros2_ws/src/install/moveit_resources_panda_description:/home/andre/ros2_ws/src/install/moveit_msgs:/home/andre/ros2_ws/src/install/moveit_common:${AMENT_PREFIX_PATH} CMAKE_PREFIX_PATH=/home/andre/ros2_ws/src/install/chomp_motion_planner:/home/andre/ros2_ws/src/install/moveit_core:/home/andre/ros2_ws/src/install/moveit_resources_panda_moveit_config:/home/andre/ros2_ws/src/install/moveit_resources_pr2_description:/home/andre/ros2_ws/src/install/moveit_resources_panda_description:/home/andre/ros2_ws/src/install/moveit_msgs:/home/andre/ros2_ws/src/install/moveit_common:/home/andre/ros2_ws/install:/opt/ros/jazzy/opt/gz_sim_vendor:/opt/ros/jazzy/opt/gz_sensors_vendor:/opt/ros/jazzy/opt/gz_physics_vendor:/opt/ros/jazzy/opt/sdformat_vendor:/opt/ros/jazzy/opt/gz_gui_vendor:/opt/ros/jazzy/opt/gz_transport_vendor:/opt/ros/jazzy/opt/gz_rendering_vendor:/opt/ros/jazzy/opt/gz_plugin_vendor:/opt/ros/jazzy/opt/gz_fuel_tools_vendor:/opt/ros/jazzy/opt/gz_msgs_vendor:/opt/ros/jazzy/opt/gz_common_vendor:/opt/ros/jazzy/opt/gz_math_vendor:/opt/ros/jazzy/opt/gz_utils_vendor:/opt/ros/jazzy/opt/gz_tools_vendor:/opt/ros/jazzy/opt/gz_ogre_next_vendor:/opt/ros/jazzy/opt/gz_dartsim_vendor:/opt/ros/jazzy/opt/gz_cmake_vendor:/opt/ros/jazzy DEBUGINFOD_URLS=https://debuginfod.ubuntu.com LD_LIBRARY_PATH=/home/andre/ros2_ws/src/install/chomp_motion_planner/lib:/home/andre/ros2_ws/src/install/moveit_core/lib:/home/andre/ros2_ws/src/install/moveit_msgs/lib:${LD_LIBRARY_PATH} PATH=/home/andre/ros2_ws/src/install/moveit_core/bin:${PATH} PYTHONPATH=/home/andre/ros2_ws/src/install/moveit_msgs/lib/python3.12/site-packages:${PYTHONPATH} /usr/bin/cmake --build /home/andre/ros2_ws/src/build/moveit_planners_chomp -- -j4 -l4
[3.411s] [ 20%] [32mBuilding CXX object CMakeFiles/moveit_chomp_interface.dir/src/chomp_interface.cpp.o[0m
[13.963s] [ 40%] [32mBuilding CXX object CMakeFiles/moveit_chomp_interface.dir/src/chomp_planning_context.cpp.o[0m
[23.851s] [ 60%] [32m[1mLinking CXX shared library libmoveit_chomp_interface.so[0m
[24.114s] [ 60%] Built target moveit_chomp_interface
[24.144s] [ 80%] [32mBuilding CXX object CMakeFiles/moveit_chomp_planner_plugin.dir/src/chomp_plugin.cpp.o[0m
[38.291s] [100%] [32m[1mLinking CXX shared library libmoveit_chomp_planner_plugin.so[0m
[38.551s] [100%] Built target moveit_chomp_planner_plugin
[38.566s] Invoked command in '/home/andre/ros2_ws/src/build/moveit_planners_chomp' returned '0': AMENT_PREFIX_PATH=/home/andre/ros2_ws/src/install/chomp_motion_planner:/home/andre/ros2_ws/src/install/moveit_core:/home/andre/ros2_ws/src/install/moveit_resources_panda_moveit_config:/home/andre/ros2_ws/src/install/moveit_resources_pr2_description:/home/andre/ros2_ws/src/install/moveit_resources_panda_description:/home/andre/ros2_ws/src/install/moveit_msgs:/home/andre/ros2_ws/src/install/moveit_common:${AMENT_PREFIX_PATH} CMAKE_PREFIX_PATH=/home/andre/ros2_ws/src/install/chomp_motion_planner:/home/andre/ros2_ws/src/install/moveit_core:/home/andre/ros2_ws/src/install/moveit_resources_panda_moveit_config:/home/andre/ros2_ws/src/install/moveit_resources_pr2_description:/home/andre/ros2_ws/src/install/moveit_resources_panda_description:/home/andre/ros2_ws/src/install/moveit_msgs:/home/andre/ros2_ws/src/install/moveit_common:/home/andre/ros2_ws/install:/opt/ros/jazzy/opt/gz_sim_vendor:/opt/ros/jazzy/opt/gz_sensors_vendor:/opt/ros/jazzy/opt/gz_physics_vendor:/opt/ros/jazzy/opt/sdformat_vendor:/opt/ros/jazzy/opt/gz_gui_vendor:/opt/ros/jazzy/opt/gz_transport_vendor:/opt/ros/jazzy/opt/gz_rendering_vendor:/opt/ros/jazzy/opt/gz_plugin_vendor:/opt/ros/jazzy/opt/gz_fuel_tools_vendor:/opt/ros/jazzy/opt/gz_msgs_vendor:/opt/ros/jazzy/opt/gz_common_vendor:/opt/ros/jazzy/opt/gz_math_vendor:/opt/ros/jazzy/opt/gz_utils_vendor:/opt/ros/jazzy/opt/gz_tools_vendor:/opt/ros/jazzy/opt/gz_ogre_next_vendor:/opt/ros/jazzy/opt/gz_dartsim_vendor:/opt/ros/jazzy/opt/gz_cmake_vendor:/opt/ros/jazzy DEBUGINFOD_URLS=https://debuginfod.ubuntu.com LD_LIBRARY_PATH=/home/andre/ros2_ws/src/install/chomp_motion_planner/lib:/home/andre/ros2_ws/src/install/moveit_core/lib:/home/andre/ros2_ws/src/install/moveit_msgs/lib:${LD_LIBRARY_PATH} PATH=/home/andre/ros2_ws/src/install/moveit_core/bin:${PATH} PYTHONPATH=/home/andre/ros2_ws/src/install/moveit_msgs/lib/python3.12/site-packages:${PYTHONPATH} /usr/bin/cmake --build /home/andre/ros2_ws/src/build/moveit_planners_chomp -- -j4 -l4
[38.567s] Invoking command in '/home/andre/ros2_ws/src/build/moveit_planners_chomp': AMENT_PREFIX_PATH=/home/andre/ros2_ws/src/install/chomp_motion_planner:/home/andre/ros2_ws/src/install/moveit_core:/home/andre/ros2_ws/src/install/moveit_resources_panda_moveit_config:/home/andre/ros2_ws/src/install/moveit_resources_pr2_description:/home/andre/ros2_ws/src/install/moveit_resources_panda_description:/home/andre/ros2_ws/src/install/moveit_msgs:/home/andre/ros2_ws/src/install/moveit_common:${AMENT_PREFIX_PATH} CMAKE_PREFIX_PATH=/home/andre/ros2_ws/src/install/chomp_motion_planner:/home/andre/ros2_ws/src/install/moveit_core:/home/andre/ros2_ws/src/install/moveit_resources_panda_moveit_config:/home/andre/ros2_ws/src/install/moveit_resources_pr2_description:/home/andre/ros2_ws/src/install/moveit_resources_panda_description:/home/andre/ros2_ws/src/install/moveit_msgs:/home/andre/ros2_ws/src/install/moveit_common:/home/andre/ros2_ws/install:/opt/ros/jazzy/opt/gz_sim_vendor:/opt/ros/jazzy/opt/gz_sensors_vendor:/opt/ros/jazzy/opt/gz_physics_vendor:/opt/ros/jazzy/opt/sdformat_vendor:/opt/ros/jazzy/opt/gz_gui_vendor:/opt/ros/jazzy/opt/gz_transport_vendor:/opt/ros/jazzy/opt/gz_rendering_vendor:/opt/ros/jazzy/opt/gz_plugin_vendor:/opt/ros/jazzy/opt/gz_fuel_tools_vendor:/opt/ros/jazzy/opt/gz_msgs_vendor:/opt/ros/jazzy/opt/gz_common_vendor:/opt/ros/jazzy/opt/gz_math_vendor:/opt/ros/jazzy/opt/gz_utils_vendor:/opt/ros/jazzy/opt/gz_tools_vendor:/opt/ros/jazzy/opt/gz_ogre_next_vendor:/opt/ros/jazzy/opt/gz_dartsim_vendor:/opt/ros/jazzy/opt/gz_cmake_vendor:/opt/ros/jazzy DEBUGINFOD_URLS=https://debuginfod.ubuntu.com LD_LIBRARY_PATH=/home/andre/ros2_ws/src/install/chomp_motion_planner/lib:/home/andre/ros2_ws/src/install/moveit_core/lib:/home/andre/ros2_ws/src/install/moveit_msgs/lib:${LD_LIBRARY_PATH} PATH=/home/andre/ros2_ws/src/install/moveit_core/bin:${PATH} PYTHONPATH=/home/andre/ros2_ws/src/install/moveit_msgs/lib/python3.12/site-packages:${PYTHONPATH} /usr/bin/cmake --install /home/andre/ros2_ws/src/build/moveit_planners_chomp
[38.580s] -- Install configuration: "Release"
[38.580s] -- Installing: /home/andre/ros2_ws/src/install/moveit_planners_chomp/lib/libmoveit_chomp_interface.so.2.14.1
[38.581s] -- Set non-toolchain portion of runtime path of "/home/andre/ros2_ws/src/install/moveit_planners_chomp/lib/libmoveit_chomp_interface.so.2.14.1" to ""
[38.582s] -- Installing: /home/andre/ros2_ws/src/install/moveit_planners_chomp/lib/libmoveit_chomp_interface.so
[38.582s] -- Installing: /home/andre/ros2_ws/src/install/moveit_planners_chomp/lib/libmoveit_chomp_planner_plugin.so
[38.583s] -- Set non-toolchain portion of runtime path of "/home/andre/ros2_ws/src/install/moveit_planners_chomp/lib/libmoveit_chomp_planner_plugin.so" to ""
[38.583s] -- Installing: /home/andre/ros2_ws/src/install/moveit_planners_chomp/share/moveit_planners_chomp/environment/library_path.sh
[38.584s] -- Installing: /home/andre/ros2_ws/src/install/moveit_planners_chomp/share/moveit_planners_chomp/environment/library_path.dsv
[38.584s] -- Installing: /home/andre/ros2_ws/src/install/moveit_planners_chomp/share/moveit_planners_chomp/chomp_interface_plugin_description.xml
[38.585s] -- Installing: /home/andre/ros2_ws/src/install/moveit_planners_chomp/share/ament_index/resource_index/package_run_dependencies/moveit_planners_chomp
[38.586s] -- Installing: /home/andre/ros2_ws/src/install/moveit_planners_chomp/share/ament_index/resource_index/parent_prefix_path/moveit_planners_chomp
[38.586s] -- Installing: /home/andre/ros2_ws/src/install/moveit_planners_chomp/share/moveit_planners_chomp/environment/ament_prefix_path.sh
[38.587s] -- Installing: /home/andre/ros2_ws/src/install/moveit_planners_chomp/share/moveit_planners_chomp/environment/ament_prefix_path.dsv
[38.587s] -- Installing: /home/andre/ros2_ws/src/install/moveit_planners_chomp/share/moveit_planners_chomp/environment/path.sh
[38.587s] -- Installing: /home/andre/ros2_ws/src/install/moveit_planners_chomp/share/moveit_planners_chomp/environment/path.dsv
[38.588s] -- Installing: /home/andre/ros2_ws/src/install/moveit_planners_chomp/share/moveit_planners_chomp/local_setup.bash
[38.588s] -- Installing: /home/andre/ros2_ws/src/install/moveit_planners_chomp/share/moveit_planners_chomp/local_setup.sh
[38.588s] -- Installing: /home/andre/ros2_ws/src/install/moveit_planners_chomp/share/moveit_planners_chomp/local_setup.zsh
[38.589s] -- Installing: /home/andre/ros2_ws/src/install/moveit_planners_chomp/share/moveit_planners_chomp/local_setup.dsv
[38.589s] -- Installing: /home/andre/ros2_ws/src/install/moveit_planners_chomp/share/moveit_planners_chomp/package.dsv
[38.590s] -- Installing: /home/andre/ros2_ws/src/install/moveit_planners_chomp/share/ament_index/resource_index/packages/moveit_planners_chomp
[38.591s] -- Installing: /home/andre/ros2_ws/src/install/moveit_planners_chomp/share/ament_index/resource_index/moveit_core__pluginlib__plugin/moveit_planners_chomp
[38.591s] -- Installing: /home/andre/ros2_ws/src/install/moveit_planners_chomp/share/moveit_planners_chomp/cmake/moveit_planners_chompTargetsExport.cmake
[38.592s] -- Installing: /home/andre/ros2_ws/src/install/moveit_planners_chomp/share/moveit_planners_chomp/cmake/moveit_planners_chompTargetsExport-release.cmake
[38.592s] -- Installing: /home/andre/ros2_ws/src/install/moveit_planners_chomp/share/moveit_planners_chomp/cmake/ament_cmake_export_targets-extras.cmake
[38.592s] -- Installing: /home/andre/ros2_ws/src/install/moveit_planners_chomp/share/moveit_planners_chomp/cmake/ament_cmake_export_dependencies-extras.cmake
[38.593s] -- Installing: /home/andre/ros2_ws/src/install/moveit_planners_chomp/share/moveit_planners_chomp/cmake/moveit_planners_chompConfig.cmake
[38.593s] -- Installing: /home/andre/ros2_ws/src/install/moveit_planners_chomp/share/moveit_planners_chomp/cmake/moveit_planners_chompConfig-version.cmake
[38.594s] -- Installing: /home/andre/ros2_ws/src/install/moveit_planners_chomp/share/moveit_planners_chomp/package.xml
[38.597s] Invoked command in '/home/andre/ros2_ws/src/build/moveit_planners_chomp' returned '0': AMENT_PREFIX_PATH=/home/andre/ros2_ws/src/install/chomp_motion_planner:/home/andre/ros2_ws/src/install/moveit_core:/home/andre/ros2_ws/src/install/moveit_resources_panda_moveit_config:/home/andre/ros2_ws/src/install/moveit_resources_pr2_description:/home/andre/ros2_ws/src/install/moveit_resources_panda_description:/home/andre/ros2_ws/src/install/moveit_msgs:/home/andre/ros2_ws/src/install/moveit_common:${AMENT_PREFIX_PATH} CMAKE_PREFIX_PATH=/home/andre/ros2_ws/src/install/chomp_motion_planner:/home/andre/ros2_ws/src/install/moveit_core:/home/andre/ros2_ws/src/install/moveit_resources_panda_moveit_config:/home/andre/ros2_ws/src/install/moveit_resources_pr2_description:/home/andre/ros2_ws/src/install/moveit_resources_panda_description:/home/andre/ros2_ws/src/install/moveit_msgs:/home/andre/ros2_ws/src/install/moveit_common:/home/andre/ros2_ws/install:/opt/ros/jazzy/opt/gz_sim_vendor:/opt/ros/jazzy/opt/gz_sensors_vendor:/opt/ros/jazzy/opt/gz_physics_vendor:/opt/ros/jazzy/opt/sdformat_vendor:/opt/ros/jazzy/opt/gz_gui_vendor:/opt/ros/jazzy/opt/gz_transport_vendor:/opt/ros/jazzy/opt/gz_rendering_vendor:/opt/ros/jazzy/opt/gz_plugin_vendor:/opt/ros/jazzy/opt/gz_fuel_tools_vendor:/opt/ros/jazzy/opt/gz_msgs_vendor:/opt/ros/jazzy/opt/gz_common_vendor:/opt/ros/jazzy/opt/gz_math_vendor:/opt/ros/jazzy/opt/gz_utils_vendor:/opt/ros/jazzy/opt/gz_tools_vendor:/opt/ros/jazzy/opt/gz_ogre_next_vendor:/opt/ros/jazzy/opt/gz_dartsim_vendor:/opt/ros/jazzy/opt/gz_cmake_vendor:/opt/ros/jazzy DEBUGINFOD_URLS=https://debuginfod.ubuntu.com LD_LIBRARY_PATH=/home/andre/ros2_ws/src/install/chomp_motion_planner/lib:/home/andre/ros2_ws/src/install/moveit_core/lib:/home/andre/ros2_ws/src/install/moveit_msgs/lib:${LD_LIBRARY_PATH} PATH=/home/andre/ros2_ws/src/install/moveit_core/bin:${PATH} PYTHONPATH=/home/andre/ros2_ws/src/install/moveit_msgs/lib/python3.12/site-packages:${PYTHONPATH} /usr/bin/cmake --install /home/andre/ros2_ws/src/build/moveit_planners_chomp
