[0.041s] Invoking command in '/home/andre/ros2_ws/build/hello_moveit': CMAKE_PREFIX_PATH=${CMAKE_PREFIX_PATH}:/home/andre/ros2_ws/install/pose_printer:/opt/ros/jazzy DEBUGINFOD_URLS=https://debuginfod.ubuntu.com /usr/bin/cmake /home/andre/ros2_ws/src/hello_moveit -DCMAKE_INSTALL_PREFIX=/home/andre/ros2_ws/install/hello_moveit
[0.277s] -- The C compiler identification is GNU 13.3.0
[0.458s] -- The CXX compiler identification is GNU 13.3.0
[0.485s] -- Detecting C compiler ABI info
[0.605s] -- Detecting C compiler ABI info - done
[0.619s] -- Check for working C compiler: /usr/bin/cc - skipped
[0.619s] -- Detecting C compile features
[0.620s] -- Detecting C compile features - done
[0.634s] -- Detecting CXX compiler ABI info
[0.767s] -- Detecting CXX compiler ABI info - done
[0.782s] -- Check for working CXX compiler: /usr/bin/c++ - skipped
[0.783s] -- Detecting CXX compile features
[0.783s] -- Detecting CXX compile features - done
[0.793s] -- Found ament_cmake: 2.5.4 (/opt/ros/jazzy/share/ament_cmake/cmake)
[1.011s] -- Found Python3: /usr/bin/python3 (found version "3.12.3") found components: Interpreter 
[1.189s] -- Found moveit_ros_planning_interface: 2.12.3 (/opt/ros/jazzy/share/moveit_ros_planning_interface/cmake)
[1.376s] -- Found Boost: /usr/lib/x86_64-linux-gnu/cmake/Boost-1.83.0/BoostConfig.cmake (found version "1.83.0") found components: date_time filesystem program_options system thread 
[1.464s] -- Found rosidl_generator_c: 4.6.6 (/opt/ros/jazzy/share/rosidl_generator_c/cmake)
[1.491s] -- Found rosidl_generator_cpp: 4.6.6 (/opt/ros/jazzy/share/rosidl_generator_cpp/cmake)
[1.514s] -- Using all available rosidl_typesupport_c: rosidl_typesupport_fastrtps_c;rosidl_typesupport_introspection_c
[1.544s] -- Using all available rosidl_typesupport_cpp: rosidl_typesupport_fastrtps_cpp;rosidl_typesupport_introspection_cpp
[2.173s] -- Found Boost: /usr/lib/x86_64-linux-gnu/cmake/Boost-1.83.0/BoostConfig.cmake (found version "1.83.0") found components: chrono date_time filesystem iostreams program_options regex serialization system thread 
[2.306s] -- Found parameter_traits: 0.5.0 (/opt/ros/jazzy/share/parameter_traits/cmake)
[2.394s] -- Found rmw_implementation_cmake: 7.3.2 (/opt/ros/jazzy/share/rmw_implementation_cmake/cmake)
[2.400s] -- Found rmw_fastrtps_cpp: 8.4.3 (/opt/ros/jazzy/share/rmw_fastrtps_cpp/cmake)
[2.541s] -- Found OpenSSL: /usr/lib/x86_64-linux-gnu/libcrypto.so (found version "3.0.13")  
[2.567s] -- Found FastRTPS: /opt/ros/jazzy/include (Required is at least version "2.13") 
[2.606s] -- Using RMW implementation 'rmw_fastrtps_cpp' as default
[2.762s] -- Found rclcpp_lifecycle: 28.1.13 (/opt/ros/jazzy/share/rclcpp_lifecycle/cmake)
[2.833s] -- Found Boost: /usr/lib/x86_64-linux-gnu/cmake/Boost-1.83.0/BoostConfig.cmake (found version "1.83.0") found components: filesystem 
[3.022s] -- Found Eigen3: TRUE (found version "3.4.0") 
[3.022s] -- Ensuring Eigen3 include directory is part of orocos-kdl CMake target
[3.434s] -- Found Boost: /usr/lib/x86_64-linux-gnu/cmake/Boost-1.83.0/BoostConfig.cmake (found version "1.83.0") found components: system filesystem date_time program_options thread chrono 
[3.587s] -- Found Boost: /usr/lib/x86_64-linux-gnu/cmake/Boost-1.83.0/BoostConfig.cmake (found version "1.83.0") found components: thread system filesystem regex date_time program_options 
[3.674s] -- Found Boost: /usr/lib/x86_64-linux-gnu/cmake/Boost-1.83.0/BoostConfig.cmake (found version "1.83.0") found components: system filesystem date_time program_options thread 
[3.821s] -- Found ament_lint_auto: 0.17.3 (/opt/ros/jazzy/share/ament_lint_auto/cmake)
[4.068s] -- Added test 'cppcheck' to perform static code analysis on C / C++ code
[4.068s] -- Configured cppcheck include dirs: $<BUILD_INTERFACE:/home/andre/ros2_ws/src/hello_moveit/include>
[4.069s] -- Configured cppcheck exclude dirs and/or files: 
[4.072s] -- Added test 'lint_cmake' to check CMake code style
[4.074s] -- Added test 'uncrustify' to check C / C++ code style
[4.074s] -- Configured uncrustify additional arguments: 
[4.075s] -- Added test 'xmllint' to check XML markup files
[4.078s] -- Configuring done (4.0s)
[4.170s] -- Generating done (0.1s)
[4.186s] -- Build files have been written to: /home/andre/ros2_ws/build/hello_moveit
[4.233s] Invoked command in '/home/andre/ros2_ws/build/hello_moveit' returned '0': CMAKE_PREFIX_PATH=${CMAKE_PREFIX_PATH}:/home/andre/ros2_ws/install/pose_printer:/opt/ros/jazzy DEBUGINFOD_URLS=https://debuginfod.ubuntu.com /usr/bin/cmake /home/andre/ros2_ws/src/hello_moveit -DCMAKE_INSTALL_PREFIX=/home/andre/ros2_ws/install/hello_moveit
[4.234s] Invoking command in '/home/andre/ros2_ws/build/hello_moveit': CMAKE_PREFIX_PATH=${CMAKE_PREFIX_PATH}:/home/andre/ros2_ws/install/pose_printer:/opt/ros/jazzy DEBUGINFOD_URLS=https://debuginfod.ubuntu.com /usr/bin/cmake --build /home/andre/ros2_ws/build/hello_moveit -- -j4 -l4
[4.317s] [ 50%] [32mBuilding CXX object CMakeFiles/hello_moveit.dir/src/hello_moveit.cpp.o[0m
[9.789s] In file included from [01m[K/home/andre/ros2_ws/src/hello_moveit/src/hello_moveit.cpp:4[m[K:
[9.789s] [01m[K/opt/ros/jazzy/include/moveit_ros_planning_interface/moveit/move_group_interface/move_group_interface.h:51:77:[m[K [01;36m[Knote: [m[K‘[01m[K#pragma message: .h header is obsolete. Please use the .hpp header instead.[m[K’
[9.789s]    51 | a message(".h header is obsolete. Please use the .hpp header instead."[01;36m[K)[m[K
[9.792s]       |                                                                       [01;36m[K^[m[K
[9.792s] 
[15.317s] [100%] [32m[1mLinking CXX executable hello_moveit[0m
[15.796s] [100%] Built target hello_moveit
[15.808s] Invoked command in '/home/andre/ros2_ws/build/hello_moveit' returned '0': CMAKE_PREFIX_PATH=${CMAKE_PREFIX_PATH}:/home/andre/ros2_ws/install/pose_printer:/opt/ros/jazzy DEBUGINFOD_URLS=https://debuginfod.ubuntu.com /usr/bin/cmake --build /home/andre/ros2_ws/build/hello_moveit -- -j4 -l4
[15.809s] Invoking command in '/home/andre/ros2_ws/build/hello_moveit': CMAKE_PREFIX_PATH=${CMAKE_PREFIX_PATH}:/home/andre/ros2_ws/install/pose_printer:/opt/ros/jazzy DEBUGINFOD_URLS=https://debuginfod.ubuntu.com /usr/bin/cmake --install /home/andre/ros2_ws/build/hello_moveit
[15.818s] -- Install configuration: ""
[15.818s] -- Installing: /home/andre/ros2_ws/install/hello_moveit/lib/hello_moveit/hello_moveit
[15.819s] -- Set non-toolchain portion of runtime path of "/home/andre/ros2_ws/install/hello_moveit/lib/hello_moveit/hello_moveit" to ""
[15.819s] -- Installing: /home/andre/ros2_ws/install/hello_moveit/share/ament_index/resource_index/package_run_dependencies/hello_moveit
[15.819s] -- Installing: /home/andre/ros2_ws/install/hello_moveit/share/ament_index/resource_index/parent_prefix_path/hello_moveit
[15.820s] -- Installing: /home/andre/ros2_ws/install/hello_moveit/share/hello_moveit/environment/ament_prefix_path.sh
[15.820s] -- Installing: /home/andre/ros2_ws/install/hello_moveit/share/hello_moveit/environment/ament_prefix_path.dsv
[15.820s] -- Installing: /home/andre/ros2_ws/install/hello_moveit/share/hello_moveit/environment/path.sh
[15.820s] -- Installing: /home/andre/ros2_ws/install/hello_moveit/share/hello_moveit/environment/path.dsv
[15.820s] -- Installing: /home/andre/ros2_ws/install/hello_moveit/share/hello_moveit/local_setup.bash
[15.820s] -- Installing: /home/andre/ros2_ws/install/hello_moveit/share/hello_moveit/local_setup.sh
[15.820s] -- Installing: /home/andre/ros2_ws/install/hello_moveit/share/hello_moveit/local_setup.zsh
[15.821s] -- Installing: /home/andre/ros2_ws/install/hello_moveit/share/hello_moveit/local_setup.dsv
[15.821s] -- Installing: /home/andre/ros2_ws/install/hello_moveit/share/hello_moveit/package.dsv
[15.821s] -- Installing: /home/andre/ros2_ws/install/hello_moveit/share/ament_index/resource_index/packages/hello_moveit
[15.821s] -- Installing: /home/andre/ros2_ws/install/hello_moveit/share/hello_moveit/cmake/hello_moveitConfig.cmake
[15.821s] -- Installing: /home/andre/ros2_ws/install/hello_moveit/share/hello_moveit/cmake/hello_moveitConfig-version.cmake
[15.821s] -- Installing: /home/andre/ros2_ws/install/hello_moveit/share/hello_moveit/package.xml
[15.824s] Invoked command in '/home/andre/ros2_ws/build/hello_moveit' returned '0': CMAKE_PREFIX_PATH=${CMAKE_PREFIX_PATH}:/home/andre/ros2_ws/install/pose_printer:/opt/ros/jazzy DEBUGINFOD_URLS=https://debuginfod.ubuntu.com /usr/bin/cmake --install /home/andre/ros2_ws/build/hello_moveit
