[0.070s] Invoking command in '/home/bot/ros2_ws/build/esp32_controller': CMAKE_PREFIX_PATH=${CMAKE_PREFIX_PATH}:/home/bot/ros2_ws/install/pose_printer:/home/bot/ros2_ws/install/mqtt_imu:/home/bot/ros2_ws/install/moveit_controls:/opt/ros/jazzy DEBUGINFOD_URLS=https://debuginfod.ubuntu.com /usr/bin/cmake --build /home/bot/ros2_ws/build/esp32_controller -- -j4 -l4
[0.535s] [ 50%] [32mBuilding CXX object CMakeFiles/esp32_controller.dir/src/esp32_controller.cpp.o[0m
[68.111s] [100%] [32m[1mLinking CXX executable esp32_controller[0m
[72.771s] [100%] Built target esp32_controller
[72.839s] Invoked command in '/home/bot/ros2_ws/build/esp32_controller' returned '0': CMAKE_PREFIX_PATH=${CMAKE_PREFIX_PATH}:/home/bot/ros2_ws/install/pose_printer:/home/bot/ros2_ws/install/mqtt_imu:/home/bot/ros2_ws/install/moveit_controls:/opt/ros/jazzy DEBUGINFOD_URLS=https://debuginfod.ubuntu.com /usr/bin/cmake --build /home/bot/ros2_ws/build/esp32_controller -- -j4 -l4
[72.897s] Invoking command in '/home/bot/ros2_ws/build/esp32_controller': CMAKE_PREFIX_PATH=${CMAKE_PREFIX_PATH}:/home/bot/ros2_ws/install/pose_printer:/home/bot/ros2_ws/install/mqtt_imu:/home/bot/ros2_ws/install/moveit_controls:/opt/ros/jazzy DEBUGINFOD_URLS=https://debuginfod.ubuntu.com /usr/bin/cmake --install /home/bot/ros2_ws/build/esp32_controller
[72.944s] -- Install configuration: ""
[72.946s] -- Installing: /home/bot/ros2_ws/install/esp32_controller/lib/esp32_controller/esp32_controller
[73.013s] -- Set non-toolchain portion of runtime path of "/home/bot/ros2_ws/install/esp32_controller/lib/esp32_controller/esp32_controller" to ""
[73.015s] -- Up-to-date: /home/bot/ros2_ws/install/esp32_controller/share/ament_index/resource_index/package_run_dependencies/esp32_controller
[73.016s] -- Up-to-date: /home/bot/ros2_ws/install/esp32_controller/share/ament_index/resource_index/parent_prefix_path/esp32_controller
[73.016s] -- Up-to-date: /home/bot/ros2_ws/install/esp32_controller/share/esp32_controller/environment/ament_prefix_path.sh
[73.017s] -- Up-to-date: /home/bot/ros2_ws/install/esp32_controller/share/esp32_controller/environment/ament_prefix_path.dsv
[73.017s] -- Up-to-date: /home/bot/ros2_ws/install/esp32_controller/share/esp32_controller/environment/path.sh
[73.018s] -- Up-to-date: /home/bot/ros2_ws/install/esp32_controller/share/esp32_controller/environment/path.dsv
[73.020s] -- Up-to-date: /home/bot/ros2_ws/install/esp32_controller/share/esp32_controller/local_setup.bash
[73.021s] -- Up-to-date: /home/bot/ros2_ws/install/esp32_controller/share/esp32_controller/local_setup.sh
[73.022s] -- Up-to-date: /home/bot/ros2_ws/install/esp32_controller/share/esp32_controller/local_setup.zsh
[73.023s] -- Up-to-date: /home/bot/ros2_ws/install/esp32_controller/share/esp32_controller/local_setup.dsv
[73.026s] -- Installing: /home/bot/ros2_ws/install/esp32_controller/share/esp32_controller/package.dsv
[73.027s] -- Up-to-date: /home/bot/ros2_ws/install/esp32_controller/share/ament_index/resource_index/packages/esp32_controller
[73.029s] -- Up-to-date: /home/bot/ros2_ws/install/esp32_controller/share/esp32_controller/cmake/esp32_controllerConfig.cmake
[73.030s] -- Up-to-date: /home/bot/ros2_ws/install/esp32_controller/share/esp32_controller/cmake/esp32_controllerConfig-version.cmake
[73.030s] -- Up-to-date: /home/bot/ros2_ws/install/esp32_controller/share/esp32_controller/package.xml
[73.031s] Invoked command in '/home/bot/ros2_ws/build/esp32_controller' returned '0': CMAKE_PREFIX_PATH=${CMAKE_PREFIX_PATH}:/home/bot/ros2_ws/install/pose_printer:/home/bot/ros2_ws/install/mqtt_imu:/home/bot/ros2_ws/install/moveit_controls:/opt/ros/jazzy DEBUGINFOD_URLS=https://debuginfod.ubuntu.com /usr/bin/cmake --install /home/bot/ros2_ws/build/esp32_controller
