[5.399s] Invoking command in '/home/bot/ros2_ws/build/yolov5_detection': DEBUGINFOD_URLS=https://debuginfod.ubuntu.com PYTHONPATH=/home/bot/ros2_ws/build/yolov5_detection/prefix_override:/usr/lib/python3/dist-packages/colcon_core/task/python/colcon_distutils_commands:/home/bot/ros2_ws/install/yolov5_detection/lib/python3.12/site-packages:${PYTHONPATH} /usr/bin/python3 -W ignore:setup.py install is deprecated -W ignore:easy_install command is deprecated setup.py develop --uninstall --editable --build-directory /home/bot/ros2_ws/build/yolov5_detection/build
[7.185s] running develop
[8.548s] Removing /home/bot/ros2_ws/install/yolov5_detection/lib/python3.12/site-packages/yolov5-detection.egg-link (link to .)
[8.726s] Invoked command in '/home/bot/ros2_ws/build/yolov5_detection' returned '0': DEBUGINFOD_URLS=https://debuginfod.ubuntu.com PYTHONPATH=/home/bot/ros2_ws/build/yolov5_detection/prefix_override:/usr/lib/python3/dist-packages/colcon_core/task/python/colcon_distutils_commands:/home/bot/ros2_ws/install/yolov5_detection/lib/python3.12/site-packages:${PYTHONPATH} /usr/bin/python3 -W ignore:setup.py install is deprecated -W ignore:easy_install command is deprecated setup.py develop --uninstall --editable --build-directory /home/bot/ros2_ws/build/yolov5_detection/build
[8.735s] Invoking command in '/home/bot/ros2_ws/src/yolov5_detection': DEBUGINFOD_URLS=https://debuginfod.ubuntu.com PYTHONPATH=/home/bot/ros2_ws/build/yolov5_detection/prefix_override:/usr/lib/python3/dist-packages/colcon_core/task/python/colcon_distutils_commands:/home/bot/ros2_ws/install/yolov5_detection/lib/python3.12/site-packages:${PYTHONPATH} /usr/bin/python3 -W ignore:setup.py install is deprecated -W ignore:easy_install command is deprecated setup.py egg_info --egg-base ../../build/yolov5_detection build --build-base /home/bot/ros2_ws/build/yolov5_detection/build install --record /home/bot/ros2_ws/build/yolov5_detection/install.log --single-version-externally-managed install_data --force
[10.245s] running egg_info
[10.364s] writing ../../build/yolov5_detection/yolov5_detection.egg-info/PKG-INFO
[10.365s] writing dependency_links to ../../build/yolov5_detection/yolov5_detection.egg-info/dependency_links.txt
[10.367s] writing entry points to ../../build/yolov5_detection/yolov5_detection.egg-info/entry_points.txt
[10.368s] writing requirements to ../../build/yolov5_detection/yolov5_detection.egg-info/requires.txt
[10.369s] writing top-level names to ../../build/yolov5_detection/yolov5_detection.egg-info/top_level.txt
[10.609s] reading manifest file '../../build/yolov5_detection/yolov5_detection.egg-info/SOURCES.txt'
[10.614s] writing manifest file '../../build/yolov5_detection/yolov5_detection.egg-info/SOURCES.txt'
[10.614s] running build
[10.615s] running build_py
[10.617s] copying yolov5_detection/yolo_detector.py -> /home/bot/ros2_ws/build/yolov5_detection/build/lib/yolov5_detection
[10.620s] running install
[10.647s] running install_lib
[10.760s] creating /home/bot/ros2_ws/install/yolov5_detection/lib/python3.12/site-packages/yolov5_detection
[10.761s] copying /home/bot/ros2_ws/build/yolov5_detection/build/lib/yolov5_detection/yolo_detector.py -> /home/bot/ros2_ws/install/yolov5_detection/lib/python3.12/site-packages/yolov5_detection
[10.762s] copying /home/bot/ros2_ws/build/yolov5_detection/build/lib/yolov5_detection/__init__.py -> /home/bot/ros2_ws/install/yolov5_detection/lib/python3.12/site-packages/yolov5_detection
[10.764s] byte-compiling /home/bot/ros2_ws/install/yolov5_detection/lib/python3.12/site-packages/yolov5_detection/yolo_detector.py to yolo_detector.cpython-312.pyc
[10.775s] byte-compiling /home/bot/ros2_ws/install/yolov5_detection/lib/python3.12/site-packages/yolov5_detection/__init__.py to __init__.cpython-312.pyc
[10.776s] running install_data
[10.778s] copying resource/yolov5_detection -> /home/bot/ros2_ws/install/yolov5_detection/share/ament_index/resource_index/packages
[10.781s] copying package.xml -> /home/bot/ros2_ws/install/yolov5_detection/share/yolov5_detection
[10.782s] copying models/yolov5n.onnx -> /home/bot/ros2_ws/install/yolov5_detection/share/yolov5_detection/models
[10.879s] copying models/chess_yolov11.onnx -> /home/bot/ros2_ws/install/yolov5_detection/share/yolov5_detection/models
[11.110s] running install_egg_info
[11.229s] Copying ../../build/yolov5_detection/yolov5_detection.egg-info to /home/bot/ros2_ws/install/yolov5_detection/lib/python3.12/site-packages/yolov5_detection-0.0.1-py3.12.egg-info
[11.236s] running install_scripts
[12.058s] Installing yolo_detector script to /home/bot/ros2_ws/install/yolov5_detection/lib/yolov5_detection
[12.061s] writing list of installed files to '/home/bot/ros2_ws/build/yolov5_detection/install.log'
[12.217s] Invoked command in '/home/bot/ros2_ws/src/yolov5_detection' returned '0': DEBUGINFOD_URLS=https://debuginfod.ubuntu.com PYTHONPATH=/home/bot/ros2_ws/build/yolov5_detection/prefix_override:/usr/lib/python3/dist-packages/colcon_core/task/python/colcon_distutils_commands:/home/bot/ros2_ws/install/yolov5_detection/lib/python3.12/site-packages:${PYTHONPATH} /usr/bin/python3 -W ignore:setup.py install is deprecated -W ignore:easy_install command is deprecated setup.py egg_info --egg-base ../../build/yolov5_detection build --build-base /home/bot/ros2_ws/build/yolov5_detection/build install --record /home/bot/ros2_ws/build/yolov5_detection/install.log --single-version-externally-managed install_data --force
