running egg_info
creating ../../../build/yolov5_detection/yolov5_detection.egg-info
writing ../../../build/yolov5_detection/yolov5_detection.egg-info/PKG-INFO
writing dependency_links to ../../../build/yolov5_detection/yolov5_detection.egg-info/dependency_links.txt
writing entry points to ../../../build/yolov5_detection/yolov5_detection.egg-info/entry_points.txt
writing requirements to ../../../build/yolov5_detection/yolov5_detection.egg-info/requires.txt
writing top-level names to ../../../build/yolov5_detection/yolov5_detection.egg-info/top_level.txt
writing manifest file '../../../build/yolov5_detection/yolov5_detection.egg-info/SOURCES.txt'
reading manifest file '../../../build/yolov5_detection/yolov5_detection.egg-info/SOURCES.txt'
writing manifest file '../../../build/yolov5_detection/yolov5_detection.egg-info/SOURCES.txt'
running build
running build_py
creating /home/andre/ros2_ws/build/yolov5_detection/build
creating /home/andre/ros2_ws/build/yolov5_detection/build/lib
creating /home/andre/ros2_ws/build/yolov5_detection/build/lib/yolov5_detection
copying yolov5_detection/yolo_detector.py -> /home/andre/ros2_ws/build/yolov5_detection/build/lib/yolov5_detection
copying yolov5_detection/__init__.py -> /home/andre/ros2_ws/build/yolov5_detection/build/lib/yolov5_detection
running install
running install_lib
creating /home/andre/ros2_ws/install/yolov5_detection/lib/python3.12/site-packages/yolov5_detection
copying /home/andre/ros2_ws/build/yolov5_detection/build/lib/yolov5_detection/yolo_detector.py -> /home/andre/ros2_ws/install/yolov5_detection/lib/python3.12/site-packages/yolov5_detection
copying /home/andre/ros2_ws/build/yolov5_detection/build/lib/yolov5_detection/__init__.py -> /home/andre/ros2_ws/install/yolov5_detection/lib/python3.12/site-packages/yolov5_detection
byte-compiling /home/andre/ros2_ws/install/yolov5_detection/lib/python3.12/site-packages/yolov5_detection/yolo_detector.py to yolo_detector.cpython-312.pyc
byte-compiling /home/andre/ros2_ws/install/yolov5_detection/lib/python3.12/site-packages/yolov5_detection/__init__.py to __init__.cpython-312.pyc
running install_data
creating /home/andre/ros2_ws/install/yolov5_detection/share/ament_index
creating /home/andre/ros2_ws/install/yolov5_detection/share/ament_index/resource_index
creating /home/andre/ros2_ws/install/yolov5_detection/share/ament_index/resource_index/packages
copying resource/yolov5_detection -> /home/andre/ros2_ws/install/yolov5_detection/share/ament_index/resource_index/packages
copying package.xml -> /home/andre/ros2_ws/install/yolov5_detection/share/yolov5_detection
creating /home/andre/ros2_ws/install/yolov5_detection/share/yolov5_detection/models
copying models/yolov5n.onnx -> /home/andre/ros2_ws/install/yolov5_detection/share/yolov5_detection/models
copying models/chess_yolov11.onnx -> /home/andre/ros2_ws/install/yolov5_detection/share/yolov5_detection/models
running install_egg_info
Copying ../../../build/yolov5_detection/yolov5_detection.egg-info to /home/andre/ros2_ws/install/yolov5_detection/lib/python3.12/site-packages/yolov5_detection-0.0.1-py3.12.egg-info
running install_scripts
Installing yolo_detector script to /home/andre/ros2_ws/install/yolov5_detection/lib/yolov5_detection
writing list of installed files to '/home/andre/ros2_ws/build/yolov5_detection/install.log'
