[0.018s] Invoking command in '/home/andre/ros2_ws/src/build/robotic_arm_model_urdf_screencast': DEBUGINFOD_URLS=https://debuginfod.ubuntu.com /usr/bin/cmake /home/andre/ros2_ws/src/robotic_arm_model_urdf_screencast -DCATKIN_INSTALL_INTO_PREFIX_ROOT=0 -DCMAKE_INSTALL_PREFIX=/home/andre/ros2_ws/src/install/robotic_arm_model_urdf_screencast
[0.058s] [0mCMake Deprecation Warning at CMakeLists.txt:1 (cmake_minimum_required):
[0.059s]   Compatibility with CMake < 3.5 will be removed from a future version of
[0.059s]   CMake.
[0.059s] 
[0.059s]   Update the VERSION argument <min> value or use a ...<max> suffix to tell
[0.059s]   CMake that the project does not need compatibility with older versions.
[0.059s] 
[0.059s] [0m
[0.184s] -- The C compiler identification is GNU 13.3.0
[0.306s] -- The CXX compiler identification is GNU 13.3.0
[0.330s] -- Detecting C compiler ABI info
[0.437s] -- Detecting C compiler ABI info - done
[0.451s] -- Check for working C compiler: /usr/bin/cc - skipped
[0.451s] -- Detecting C compile features
[0.452s] -- Detecting C compile features - done
[0.464s] -- Detecting CXX compiler ABI info
[0.581s] -- Detecting CXX compiler ABI info - done
[0.596s] -- Check for working CXX compiler: /usr/bin/c++ - skipped
[0.599s] -- Detecting CXX compile features
[0.599s] -- Detecting CXX compile features - done
[0.611s] [31mCMake Error at CMakeLists.txt:5 (find_package):
[0.611s]   By not providing "Findcatkin.cmake" in CMAKE_MODULE_PATH this project has
[0.611s]   asked CMake to find a package configuration file provided by "catkin", but
[0.611s]   CMake did not find one.
[0.611s] 
[0.611s]   Could not find a package configuration file provided by "catkin" with any
[0.611s]   of the following names:
[0.612s] 
[0.612s]     catkinConfig.cmake
[0.612s]     catkin-config.cmake
[0.612s] 
[0.612s]   Add the installation prefix of "catkin" to CMAKE_PREFIX_PATH or set
[0.612s]   "catkin_DIR" to a directory containing one of the above files.  If "catkin"
[0.612s]   provides a separate development package or SDK, be sure it has been
[0.612s]   installed.
[0.612s] 
[0.612s] [0m
[0.612s] -- Configuring incomplete, errors occurred!
[0.617s] Invoked command in '/home/andre/ros2_ws/src/build/robotic_arm_model_urdf_screencast' returned '1': DEBUGINFOD_URLS=https://debuginfod.ubuntu.com /usr/bin/cmake /home/andre/ros2_ws/src/robotic_arm_model_urdf_screencast -DCATKIN_INSTALL_INTO_PREFIX_ROOT=0 -DCMAKE_INSTALL_PREFIX=/home/andre/ros2_ws/src/install/robotic_arm_model_urdf_screencast
