[0.019s] Invoking command in '/home/andre/ros2_ws/src/build/moveit_common': CMAKE_PREFIX_PATH=${CMAKE_PREFIX_PATH}:/opt/ros/jazzy DEBUGINFOD_URLS=https://debuginfod.ubuntu.com /usr/bin/cmake /home/andre/ros2_ws/src/moveit2/moveit_common -DCMAKE_BUILD_TYPE=Release -DCMAKE_INSTALL_PREFIX=/home/andre/ros2_ws/src/install/moveit_common
[0.043s] -- Found ament_cmake: 2.5.4 (/opt/ros/jazzy/share/ament_cmake/cmake)
[0.293s] -- Found Python3: /usr/bin/python3 (found version "3.12.3") found components: Interpreter 
[0.583s] -- Configuring done (0.6s)
[0.586s] -- Generating done (0.0s)
[0.588s] -- Build files have been written to: /home/andre/ros2_ws/src/build/moveit_common
[0.594s] Invoked command in '/home/andre/ros2_ws/src/build/moveit_common' returned '0': CMAKE_PREFIX_PATH=${CMAKE_PREFIX_PATH}:/opt/ros/jazzy DEBUGINFOD_URLS=https://debuginfod.ubuntu.com /usr/bin/cmake /home/andre/ros2_ws/src/moveit2/moveit_common -DCMAKE_BUILD_TYPE=Release -DCMAKE_INSTALL_PREFIX=/home/andre/ros2_ws/src/install/moveit_common
[0.594s] Invoking command in '/home/andre/ros2_ws/src/build/moveit_common': CMAKE_PREFIX_PATH=${CMAKE_PREFIX_PATH}:/opt/ros/jazzy DEBUGINFOD_URLS=https://debuginfod.ubuntu.com /usr/bin/cmake --build /home/andre/ros2_ws/src/build/moveit_common -- -j4 -l4
[0.645s] Invoked command in '/home/andre/ros2_ws/src/build/moveit_common' returned '0': CMAKE_PREFIX_PATH=${CMAKE_PREFIX_PATH}:/opt/ros/jazzy DEBUGINFOD_URLS=https://debuginfod.ubuntu.com /usr/bin/cmake --build /home/andre/ros2_ws/src/build/moveit_common -- -j4 -l4
[0.657s] Invoking command in '/home/andre/ros2_ws/src/build/moveit_common': CMAKE_PREFIX_PATH=${CMAKE_PREFIX_PATH}:/opt/ros/jazzy DEBUGINFOD_URLS=https://debuginfod.ubuntu.com /usr/bin/cmake --install /home/andre/ros2_ws/src/build/moveit_common
[0.668s] -- Install configuration: "Release"
[0.669s] -- Installing: /home/andre/ros2_ws/src/install/moveit_common/share/ament_index/resource_index/package_run_dependencies/moveit_common
[0.669s] -- Installing: /home/andre/ros2_ws/src/install/moveit_common/share/ament_index/resource_index/parent_prefix_path/moveit_common
[0.669s] -- Installing: /home/andre/ros2_ws/src/install/moveit_common/share/moveit_common/environment/ament_prefix_path.sh
[0.670s] -- Installing: /home/andre/ros2_ws/src/install/moveit_common/share/moveit_common/environment/ament_prefix_path.dsv
[0.670s] -- Installing: /home/andre/ros2_ws/src/install/moveit_common/share/moveit_common/environment/path.sh
[0.670s] -- Installing: /home/andre/ros2_ws/src/install/moveit_common/share/moveit_common/environment/path.dsv
[0.671s] -- Installing: /home/andre/ros2_ws/src/install/moveit_common/share/moveit_common/local_setup.bash
[0.671s] -- Installing: /home/andre/ros2_ws/src/install/moveit_common/share/moveit_common/local_setup.sh
[0.671s] -- Installing: /home/andre/ros2_ws/src/install/moveit_common/share/moveit_common/local_setup.zsh
[0.671s] -- Installing: /home/andre/ros2_ws/src/install/moveit_common/share/moveit_common/local_setup.dsv
[0.671s] -- Installing: /home/andre/ros2_ws/src/install/moveit_common/share/moveit_common/package.dsv
[0.671s] -- Installing: /home/andre/ros2_ws/src/install/moveit_common/share/ament_index/resource_index/packages/moveit_common
[0.671s] -- Installing: /home/andre/ros2_ws/src/install/moveit_common/share/moveit_common/cmake/moveit_common-extras.cmake
[0.671s] -- Installing: /home/andre/ros2_ws/src/install/moveit_common/share/moveit_common/cmake/moveit_commonConfig.cmake
[0.672s] -- Installing: /home/andre/ros2_ws/src/install/moveit_common/share/moveit_common/cmake/moveit_commonConfig-version.cmake
[0.672s] -- Installing: /home/andre/ros2_ws/src/install/moveit_common/share/moveit_common/package.xml
[0.672s] -- Up-to-date: /home/andre/ros2_ws/src/install/moveit_common/share/moveit_common/cmake
[0.673s] -- Installing: /home/andre/ros2_ws/src/install/moveit_common/share/moveit_common/cmake/moveit_package.cmake
[0.674s] Invoked command in '/home/andre/ros2_ws/src/build/moveit_common' returned '0': CMAKE_PREFIX_PATH=${CMAKE_PREFIX_PATH}:/opt/ros/jazzy DEBUGINFOD_URLS=https://debuginfod.ubuntu.com /usr/bin/cmake --install /home/andre/ros2_ws/src/build/moveit_common
