[0.021s] Invoking command in '/home/andre/ros2_ws/build/cpp_pubsub': CMAKE_PREFIX_PATH=${CMAKE_PREFIX_PATH}:/home/andre/ws_moveit/install/moveit_configs_utils:/home/andre/ws_moveit/install/launch_param_builder:/opt/ros/jazzy DEBUGINFOD_URLS=https://debuginfod.ubuntu.com /usr/bin/cmake /home/andre/ros2_ws/src/cpp_pubsub -DCMAKE_INSTALL_PREFIX=/home/andre/ros2_ws/install/cpp_pubsub
[0.090s] -- The C compiler identification is GNU 13.3.0
[0.161s] -- The CXX compiler identification is GNU 13.3.0
[0.179s] -- Detecting C compiler ABI info
[0.298s] -- Detecting C compiler ABI info - done
[0.312s] -- Check for working C compiler: /usr/bin/cc - skipped
[0.312s] -- Detecting C compile features
[0.313s] -- Detecting C compile features - done
[0.323s] -- Detecting CXX compiler ABI info
[0.479s] -- Detecting CXX compiler ABI info - done
[0.492s] -- Check for working CXX compiler: /usr/bin/c++ - skipped
[0.493s] -- Detecting CXX compile features
[0.494s] -- Detecting CXX compile features - done
[0.499s] -- Found ament_cmake: 2.5.4 (/opt/ros/jazzy/share/ament_cmake/cmake)
[0.867s] -- Found Python3: /usr/bin/python3 (found version "3.12.3") found components: Interpreter 
[1.154s] -- Found rclcpp: 28.1.13 (/opt/ros/jazzy/share/rclcpp/cmake)
[1.259s] -- Found rosidl_generator_c: 4.6.6 (/opt/ros/jazzy/share/rosidl_generator_c/cmake)
[1.283s] -- Found rosidl_generator_cpp: 4.6.6 (/opt/ros/jazzy/share/rosidl_generator_cpp/cmake)
[1.318s] -- Using all available rosidl_typesupport_c: rosidl_typesupport_fastrtps_c;rosidl_typesupport_introspection_c
[1.355s] -- Using all available rosidl_typesupport_cpp: rosidl_typesupport_fastrtps_cpp;rosidl_typesupport_introspection_cpp
[1.508s] -- Found rmw_implementation_cmake: 7.3.2 (/opt/ros/jazzy/share/rmw_implementation_cmake/cmake)
[1.519s] -- Found rmw_fastrtps_cpp: 8.4.3 (/opt/ros/jazzy/share/rmw_fastrtps_cpp/cmake)
[1.670s] -- Found OpenSSL: /usr/lib/x86_64-linux-gnu/libcrypto.so (found version "3.0.13")  
[1.707s] -- Found FastRTPS: /opt/ros/jazzy/include (Required is at least version "2.13") 
[1.756s] -- Using RMW implementation 'rmw_fastrtps_cpp' as default
[1.926s] -- Found std_msgs: 5.3.6 (/opt/ros/jazzy/share/std_msgs/cmake)
[2.145s] -- Configuring done (2.1s)
[2.163s] -- Generating done (0.0s)
[2.171s] -- Build files have been written to: /home/andre/ros2_ws/build/cpp_pubsub
[2.184s] Invoked command in '/home/andre/ros2_ws/build/cpp_pubsub' returned '0': CMAKE_PREFIX_PATH=${CMAKE_PREFIX_PATH}:/home/andre/ws_moveit/install/moveit_configs_utils:/home/andre/ws_moveit/install/launch_param_builder:/opt/ros/jazzy DEBUGINFOD_URLS=https://debuginfod.ubuntu.com /usr/bin/cmake /home/andre/ros2_ws/src/cpp_pubsub -DCMAKE_INSTALL_PREFIX=/home/andre/ros2_ws/install/cpp_pubsub
[2.185s] Invoking command in '/home/andre/ros2_ws/build/cpp_pubsub': CMAKE_PREFIX_PATH=${CMAKE_PREFIX_PATH}:/home/andre/ws_moveit/install/moveit_configs_utils:/home/andre/ws_moveit/install/launch_param_builder:/opt/ros/jazzy DEBUGINFOD_URLS=https://debuginfod.ubuntu.com /usr/bin/cmake --build /home/andre/ros2_ws/build/cpp_pubsub -- -j4 -l4
[2.255s] [ 25%] [32mBuilding CXX object CMakeFiles/listener.dir/src/subscriber_lambda_function.cpp.o[0m
[2.279s] [ 50%] [32mBuilding CXX object CMakeFiles/talker.dir/src/publisher_lambda_function.cpp.o[0m
[7.677s] [ 75%] [32m[1mLinking CXX executable talker[0m
[7.864s] [ 75%] Built target talker
[10.581s] [100%] [32m[1mLinking CXX executable listener[0m
[10.847s] [100%] Built target listener
[10.858s] Invoked command in '/home/andre/ros2_ws/build/cpp_pubsub' returned '0': CMAKE_PREFIX_PATH=${CMAKE_PREFIX_PATH}:/home/andre/ws_moveit/install/moveit_configs_utils:/home/andre/ws_moveit/install/launch_param_builder:/opt/ros/jazzy DEBUGINFOD_URLS=https://debuginfod.ubuntu.com /usr/bin/cmake --build /home/andre/ros2_ws/build/cpp_pubsub -- -j4 -l4
[10.859s] Invoking command in '/home/andre/ros2_ws/build/cpp_pubsub': CMAKE_PREFIX_PATH=${CMAKE_PREFIX_PATH}:/home/andre/ws_moveit/install/moveit_configs_utils:/home/andre/ws_moveit/install/launch_param_builder:/opt/ros/jazzy DEBUGINFOD_URLS=https://debuginfod.ubuntu.com /usr/bin/cmake --install /home/andre/ros2_ws/build/cpp_pubsub
[10.870s] -- Install configuration: ""
[10.871s] -- Installing: /home/andre/ros2_ws/install/cpp_pubsub/lib/cpp_pubsub/talker
[10.872s] -- Set non-toolchain portion of runtime path of "/home/andre/ros2_ws/install/cpp_pubsub/lib/cpp_pubsub/talker" to ""
[10.872s] -- Installing: /home/andre/ros2_ws/install/cpp_pubsub/lib/cpp_pubsub/listener
[10.876s] -- Set non-toolchain portion of runtime path of "/home/andre/ros2_ws/install/cpp_pubsub/lib/cpp_pubsub/listener" to ""
[10.876s] -- Up-to-date: /home/andre/ros2_ws/install/cpp_pubsub/lib/cpp_pubsub/talker
[10.877s] -- Installing: /home/andre/ros2_ws/install/cpp_pubsub/share/ament_index/resource_index/package_run_dependencies/cpp_pubsub
[10.877s] -- Installing: /home/andre/ros2_ws/install/cpp_pubsub/share/ament_index/resource_index/parent_prefix_path/cpp_pubsub
[10.878s] -- Installing: /home/andre/ros2_ws/install/cpp_pubsub/share/cpp_pubsub/environment/ament_prefix_path.sh
[10.878s] -- Installing: /home/andre/ros2_ws/install/cpp_pubsub/share/cpp_pubsub/environment/ament_prefix_path.dsv
[10.878s] -- Installing: /home/andre/ros2_ws/install/cpp_pubsub/share/cpp_pubsub/environment/path.sh
[10.878s] -- Installing: /home/andre/ros2_ws/install/cpp_pubsub/share/cpp_pubsub/environment/path.dsv
[10.879s] -- Installing: /home/andre/ros2_ws/install/cpp_pubsub/share/cpp_pubsub/local_setup.bash
[10.879s] -- Installing: /home/andre/ros2_ws/install/cpp_pubsub/share/cpp_pubsub/local_setup.sh
[10.880s] -- Installing: /home/andre/ros2_ws/install/cpp_pubsub/share/cpp_pubsub/local_setup.zsh
[10.880s] -- Installing: /home/andre/ros2_ws/install/cpp_pubsub/share/cpp_pubsub/local_setup.dsv
[10.880s] -- Installing: /home/andre/ros2_ws/install/cpp_pubsub/share/cpp_pubsub/package.dsv
[10.880s] -- Installing: /home/andre/ros2_ws/install/cpp_pubsub/share/ament_index/resource_index/packages/cpp_pubsub
[10.881s] -- Installing: /home/andre/ros2_ws/install/cpp_pubsub/share/cpp_pubsub/cmake/cpp_pubsubConfig.cmake
[10.881s] -- Installing: /home/andre/ros2_ws/install/cpp_pubsub/share/cpp_pubsub/cmake/cpp_pubsubConfig-version.cmake
[10.881s] -- Installing: /home/andre/ros2_ws/install/cpp_pubsub/share/cpp_pubsub/package.xml
[10.883s] Invoked command in '/home/andre/ros2_ws/build/cpp_pubsub' returned '0': CMAKE_PREFIX_PATH=${CMAKE_PREFIX_PATH}:/home/andre/ws_moveit/install/moveit_configs_utils:/home/andre/ws_moveit/install/launch_param_builder:/opt/ros/jazzy DEBUGINFOD_URLS=https://debuginfod.ubuntu.com /usr/bin/cmake --install /home/andre/ros2_ws/build/cpp_pubsub
