[0.024s] Invoking command in '/home/andre/ros2_ws/src/build/robotic_arm_model': DEBUGINFOD_URLS=https://debuginfod.ubuntu.com /usr/bin/cmake /home/andre/ros2_ws/src/robotic_arm_model -DCATKIN_INSTALL_INTO_PREFIX_ROOT=0 -DCMAKE_INSTALL_PREFIX=/home/andre/ros2_ws/src/install/robotic_arm_model
[0.069s] [0mCMake Deprecation Warning at CMakeLists.txt:1 (cmake_minimum_required):
[0.069s]   Compatibility with CMake < 3.5 will be removed from a future version of
[0.070s]   CMake.
[0.070s] 
[0.070s]   Update the VERSION argument <min> value or use a ...<max> suffix to tell
[0.070s]   CMake that the project does not need compatibility with older versions.
[0.070s] 
[0.070s] [0m
[0.194s] -- The C compiler identification is GNU 13.3.0
[0.315s] -- The CXX compiler identification is GNU 13.3.0
[0.340s] -- Detecting C compiler ABI info
[0.449s] -- Detecting C compiler ABI info - done
[0.461s] -- Check for working C compiler: /usr/bin/cc - skipped
[0.461s] -- Detecting C compile features
[0.462s] -- Detecting C compile features - done
[0.473s] -- Detecting CXX compiler ABI info
[0.591s] -- Detecting CXX compiler ABI info - done
[0.610s] -- Check for working CXX compiler: /usr/bin/c++ - skipped
[0.611s] -- Detecting CXX compile features
[0.612s] -- Detecting CXX compile features - done
[0.630s] -- Configuring incomplete, errors occurred!
[0.631s] [31mCMake Error at CMakeLists.txt:5 (find_package):
[0.631s]   By not providing "Findcatkin.cmake" in CMAKE_MODULE_PATH this project has
[0.631s]   asked CMake to find a package configuration file provided by "catkin", but
[0.631s]   CMake did not find one.
[0.631s] 
[0.631s]   Could not find a package configuration file provided by "catkin" with any
[0.631s]   of the following names:
[0.631s] 
[0.631s]     catkinConfig.cmake
[0.632s]     catkin-config.cmake
[0.632s] 
[0.632s]   Add the installation prefix of "catkin" to CMAKE_PREFIX_PATH or set
[0.632s]   "catkin_DIR" to a directory containing one of the above files.  If "catkin"
[0.632s]   provides a separate development package or SDK, be sure it has been
[0.632s]   installed.
[0.632s] 
[0.632s] [0m
[0.635s] Invoked command in '/home/andre/ros2_ws/src/build/robotic_arm_model' returned '1': DEBUGINFOD_URLS=https://debuginfod.ubuntu.com /usr/bin/cmake /home/andre/ros2_ws/src/robotic_arm_model -DCATKIN_INSTALL_INTO_PREFIX_ROOT=0 -DCMAKE_INSTALL_PREFIX=/home/andre/ros2_ws/src/install/robotic_arm_model
