[0.012s] Invoking command in '/home/andre/ros2_ws/src/build/kortex_driver': AMENT_PREFIX_PATH=/home/andre/ros2_ws/src/install/kortex_api:${AMENT_PREFIX_PATH} CMAKE_PREFIX_PATH=/home/andre/ros2_ws/src/install/kortex_api:/home/andre/ros2_ws/install:/opt/ros/jazzy/opt/gz_sim_vendor:/opt/ros/jazzy/opt/gz_sensors_vendor:/opt/ros/jazzy/opt/gz_physics_vendor:/opt/ros/jazzy/opt/sdformat_vendor:/opt/ros/jazzy/opt/gz_gui_vendor:/opt/ros/jazzy/opt/gz_transport_vendor:/opt/ros/jazzy/opt/gz_rendering_vendor:/opt/ros/jazzy/opt/gz_plugin_vendor:/opt/ros/jazzy/opt/gz_fuel_tools_vendor:/opt/ros/jazzy/opt/gz_msgs_vendor:/opt/ros/jazzy/opt/gz_common_vendor:/opt/ros/jazzy/opt/gz_math_vendor:/opt/ros/jazzy/opt/gz_utils_vendor:/opt/ros/jazzy/opt/gz_tools_vendor:/opt/ros/jazzy/opt/gz_ogre_next_vendor:/opt/ros/jazzy/opt/gz_dartsim_vendor:/opt/ros/jazzy/opt/gz_cmake_vendor:/opt/ros/jazzy DEBUGINFOD_URLS=https://debuginfod.ubuntu.com /usr/bin/cmake /home/andre/ros2_ws/src/ros2_kortex/kortex_driver -DCMAKE_BUILD_TYPE=Release -DCMAKE_INSTALL_PREFIX=/home/andre/ros2_ws/src/install/kortex_driver
[0.029s] [33mCMake Warning (dev) at /usr/share/cmake-3.28/Modules/FetchContent.cmake:1331 (message):
[0.029s]   The DOWNLOAD_EXTRACT_TIMESTAMP option was not given and policy CMP0135 is
[0.030s]   not set.  The policy's OLD behavior will be used.  When using a URL
[0.030s]   download, the timestamps of extracted files should preferably be that of
[0.030s]   the time of extraction, otherwise code that depends on the extracted
[0.030s]   contents might not be rebuilt if the URL changes.  The OLD behavior
[0.030s]   preserves the timestamps from the archive instead, but this is usually not
[0.030s]   what you want.  Update your project to the NEW behavior or specify the
[0.031s]   DOWNLOAD_EXTRACT_TIMESTAMP option with a value of true to avoid this
[0.031s]   robustness issue.
[0.032s] Call Stack (most recent call first):
[0.032s]   CMakeLists.txt:3 (FetchContent_Declare)
[0.032s] This warning is for project developers.  Use -Wno-dev to suppress it.
[0.032s] [0m
[7.109s] -- The C compiler identification is GNU 13.3.0
[7.279s] -- The CXX compiler identification is GNU 13.3.0
[7.326s] -- Detecting C compiler ABI info
[7.618s] -- Detecting C compiler ABI info - done
[7.652s] -- Check for working C compiler: /usr/bin/cc - skipped
[7.652s] -- Detecting C compile features
[7.652s] -- Detecting C compile features - done
[7.683s] -- Detecting CXX compiler ABI info
[8.118s] -- Detecting CXX compiler ABI info - done
[8.171s] -- Check for working CXX compiler: /usr/bin/c++ - skipped
[8.171s] -- Detecting CXX compile features
[8.171s] -- Detecting CXX compile features - done
[8.189s] -- Found ament_cmake: 2.5.4 (/opt/ros/jazzy/share/ament_cmake/cmake)
[8.843s] -- Found Python3: /usr/bin/python3 (found version "3.12.3") found components: Interpreter 
[9.439s] -- Found hardware_interface: 4.39.2 (/opt/ros/jazzy/share/hardware_interface/cmake)
[9.731s] -- Found rosidl_generator_c: 4.6.6 (/opt/ros/jazzy/share/rosidl_generator_c/cmake)
[9.824s] -- Found rosidl_generator_cpp: 4.6.6 (/opt/ros/jazzy/share/rosidl_generator_cpp/cmake)
[9.926s] -- Using all available rosidl_typesupport_c: rosidl_typesupport_fastrtps_c;rosidl_typesupport_introspection_c
[10.048s] -- Using all available rosidl_typesupport_cpp: rosidl_typesupport_fastrtps_cpp;rosidl_typesupport_introspection_cpp
[11.496s] -- Found TinyXML2 via Config file: /usr/lib/x86_64-linux-gnu/cmake/tinyxml2
[11.794s] -- Found rmw_implementation_cmake: 7.3.2 (/opt/ros/jazzy/share/rmw_implementation_cmake/cmake)
[11.813s] -- Found rmw_fastrtps_cpp: 8.4.3 (/opt/ros/jazzy/share/rmw_fastrtps_cpp/cmake)
[11.970s] -- Found TinyXML2 via Config file: /usr/lib/x86_64-linux-gnu/cmake/tinyxml2
[12.223s] -- Found OpenSSL: /usr/lib/x86_64-linux-gnu/libcrypto.so (found version "3.0.13")  
[12.243s] -- Found TinyXML2 via Config file: /usr/lib/x86_64-linux-gnu/cmake/tinyxml2
[12.330s] -- Found FastRTPS: /opt/ros/jazzy/include (Required is at least version "2.13") 
[12.351s] -- Found TinyXML2 via Config file: /usr/lib/x86_64-linux-gnu/cmake/tinyxml2
[12.388s] -- Found TinyXML2 via Config file: /usr/lib/x86_64-linux-gnu/cmake/tinyxml2
[12.441s] -- Using RMW implementation 'rmw_fastrtps_cpp' as default
[13.523s] -- Found kortex_api: 0.2.5 (/home/andre/ros2_ws/src/install/kortex_api/share/kortex_api/cmake)
[13.935s] -- Configuring done (13.9s)
[14.043s] -- Generating done (0.1s)
[14.065s] -- Build files have been written to: /home/andre/ros2_ws/src/build/kortex_driver
[14.121s] Invoked command in '/home/andre/ros2_ws/src/build/kortex_driver' returned '0': AMENT_PREFIX_PATH=/home/andre/ros2_ws/src/install/kortex_api:${AMENT_PREFIX_PATH} CMAKE_PREFIX_PATH=/home/andre/ros2_ws/src/install/kortex_api:/home/andre/ros2_ws/install:/opt/ros/jazzy/opt/gz_sim_vendor:/opt/ros/jazzy/opt/gz_sensors_vendor:/opt/ros/jazzy/opt/gz_physics_vendor:/opt/ros/jazzy/opt/sdformat_vendor:/opt/ros/jazzy/opt/gz_gui_vendor:/opt/ros/jazzy/opt/gz_transport_vendor:/opt/ros/jazzy/opt/gz_rendering_vendor:/opt/ros/jazzy/opt/gz_plugin_vendor:/opt/ros/jazzy/opt/gz_fuel_tools_vendor:/opt/ros/jazzy/opt/gz_msgs_vendor:/opt/ros/jazzy/opt/gz_common_vendor:/opt/ros/jazzy/opt/gz_math_vendor:/opt/ros/jazzy/opt/gz_utils_vendor:/opt/ros/jazzy/opt/gz_tools_vendor:/opt/ros/jazzy/opt/gz_ogre_next_vendor:/opt/ros/jazzy/opt/gz_dartsim_vendor:/opt/ros/jazzy/opt/gz_cmake_vendor:/opt/ros/jazzy DEBUGINFOD_URLS=https://debuginfod.ubuntu.com /usr/bin/cmake /home/andre/ros2_ws/src/ros2_kortex/kortex_driver -DCMAKE_BUILD_TYPE=Release -DCMAKE_INSTALL_PREFIX=/home/andre/ros2_ws/src/install/kortex_driver
[14.124s] Invoking command in '/home/andre/ros2_ws/src/build/kortex_driver': AMENT_PREFIX_PATH=/home/andre/ros2_ws/src/install/kortex_api:${AMENT_PREFIX_PATH} CMAKE_PREFIX_PATH=/home/andre/ros2_ws/src/install/kortex_api:/home/andre/ros2_ws/install:/opt/ros/jazzy/opt/gz_sim_vendor:/opt/ros/jazzy/opt/gz_sensors_vendor:/opt/ros/jazzy/opt/gz_physics_vendor:/opt/ros/jazzy/opt/sdformat_vendor:/opt/ros/jazzy/opt/gz_gui_vendor:/opt/ros/jazzy/opt/gz_transport_vendor:/opt/ros/jazzy/opt/gz_rendering_vendor:/opt/ros/jazzy/opt/gz_plugin_vendor:/opt/ros/jazzy/opt/gz_fuel_tools_vendor:/opt/ros/jazzy/opt/gz_msgs_vendor:/opt/ros/jazzy/opt/gz_common_vendor:/opt/ros/jazzy/opt/gz_math_vendor:/opt/ros/jazzy/opt/gz_utils_vendor:/opt/ros/jazzy/opt/gz_tools_vendor:/opt/ros/jazzy/opt/gz_ogre_next_vendor:/opt/ros/jazzy/opt/gz_dartsim_vendor:/opt/ros/jazzy/opt/gz_cmake_vendor:/opt/ros/jazzy DEBUGINFOD_URLS=https://debuginfod.ubuntu.com /usr/bin/cmake --build /home/andre/ros2_ws/src/build/kortex_driver -- -j4 -l4
[14.315s] [ 33%] [32mBuilding CXX object CMakeFiles/kortex_driver.dir/src/hardware_interface.cpp.o[0m
[36.963s] [ 66%] [32mBuilding CXX object CMakeFiles/kortex_driver.dir/src/kortex_math_util.cpp.o[0m
[37.249s] [100%] [32m[1mLinking CXX shared library libkortex_driver.so[0m
[38.245s] [100%] Built target kortex_driver
[38.263s] Invoked command in '/home/andre/ros2_ws/src/build/kortex_driver' returned '0': AMENT_PREFIX_PATH=/home/andre/ros2_ws/src/install/kortex_api:${AMENT_PREFIX_PATH} CMAKE_PREFIX_PATH=/home/andre/ros2_ws/src/install/kortex_api:/home/andre/ros2_ws/install:/opt/ros/jazzy/opt/gz_sim_vendor:/opt/ros/jazzy/opt/gz_sensors_vendor:/opt/ros/jazzy/opt/gz_physics_vendor:/opt/ros/jazzy/opt/sdformat_vendor:/opt/ros/jazzy/opt/gz_gui_vendor:/opt/ros/jazzy/opt/gz_transport_vendor:/opt/ros/jazzy/opt/gz_rendering_vendor:/opt/ros/jazzy/opt/gz_plugin_vendor:/opt/ros/jazzy/opt/gz_fuel_tools_vendor:/opt/ros/jazzy/opt/gz_msgs_vendor:/opt/ros/jazzy/opt/gz_common_vendor:/opt/ros/jazzy/opt/gz_math_vendor:/opt/ros/jazzy/opt/gz_utils_vendor:/opt/ros/jazzy/opt/gz_tools_vendor:/opt/ros/jazzy/opt/gz_ogre_next_vendor:/opt/ros/jazzy/opt/gz_dartsim_vendor:/opt/ros/jazzy/opt/gz_cmake_vendor:/opt/ros/jazzy DEBUGINFOD_URLS=https://debuginfod.ubuntu.com /usr/bin/cmake --build /home/andre/ros2_ws/src/build/kortex_driver -- -j4 -l4
[38.263s] Invoking command in '/home/andre/ros2_ws/src/build/kortex_driver': AMENT_PREFIX_PATH=/home/andre/ros2_ws/src/install/kortex_api:${AMENT_PREFIX_PATH} CMAKE_PREFIX_PATH=/home/andre/ros2_ws/src/install/kortex_api:/home/andre/ros2_ws/install:/opt/ros/jazzy/opt/gz_sim_vendor:/opt/ros/jazzy/opt/gz_sensors_vendor:/opt/ros/jazzy/opt/gz_physics_vendor:/opt/ros/jazzy/opt/sdformat_vendor:/opt/ros/jazzy/opt/gz_gui_vendor:/opt/ros/jazzy/opt/gz_transport_vendor:/opt/ros/jazzy/opt/gz_rendering_vendor:/opt/ros/jazzy/opt/gz_plugin_vendor:/opt/ros/jazzy/opt/gz_fuel_tools_vendor:/opt/ros/jazzy/opt/gz_msgs_vendor:/opt/ros/jazzy/opt/gz_common_vendor:/opt/ros/jazzy/opt/gz_math_vendor:/opt/ros/jazzy/opt/gz_utils_vendor:/opt/ros/jazzy/opt/gz_tools_vendor:/opt/ros/jazzy/opt/gz_ogre_next_vendor:/opt/ros/jazzy/opt/gz_dartsim_vendor:/opt/ros/jazzy/opt/gz_cmake_vendor:/opt/ros/jazzy DEBUGINFOD_URLS=https://debuginfod.ubuntu.com /usr/bin/cmake --install /home/andre/ros2_ws/src/build/kortex_driver
[38.273s] -- Install configuration: "Release"
[38.274s] -- Installing: /home/andre/ros2_ws/src/install/kortex_driver/share/kortex_driver/hardware_interface_plugin.xml
[38.277s] -- Installing: /home/andre/ros2_ws/src/install/kortex_driver/lib/libkortex_driver.so
[38.285s] -- Set non-toolchain portion of runtime path of "/home/andre/ros2_ws/src/install/kortex_driver/lib/libkortex_driver.so" to ""
[38.285s] -- Installing: /home/andre/ros2_ws/src/install/kortex_driver/include
[38.285s] -- Installing: /home/andre/ros2_ws/src/install/kortex_driver/include/kortex_driver
[38.286s] -- Installing: /home/andre/ros2_ws/src/install/kortex_driver/include/kortex_driver/kortex_math_util.hpp
[38.286s] -- Installing: /home/andre/ros2_ws/src/install/kortex_driver/include/kortex_driver/hardware_interface.hpp
[38.287s] -- Installing: /home/andre/ros2_ws/src/install/kortex_driver/include/kortex_driver/visibility_control.h
[38.287s] -- Installing: /home/andre/ros2_ws/src/install/kortex_driver/share/kortex_driver/environment/library_path.sh
[38.288s] -- Installing: /home/andre/ros2_ws/src/install/kortex_driver/share/kortex_driver/environment/library_path.dsv
[38.288s] -- Installing: /home/andre/ros2_ws/src/install/kortex_driver/share/ament_index/resource_index/package_run_dependencies/kortex_driver
[38.289s] -- Installing: /home/andre/ros2_ws/src/install/kortex_driver/share/ament_index/resource_index/parent_prefix_path/kortex_driver
[38.290s] -- Installing: /home/andre/ros2_ws/src/install/kortex_driver/share/kortex_driver/environment/ament_prefix_path.sh
[38.290s] -- Installing: /home/andre/ros2_ws/src/install/kortex_driver/share/kortex_driver/environment/ament_prefix_path.dsv
[38.290s] -- Installing: /home/andre/ros2_ws/src/install/kortex_driver/share/kortex_driver/environment/path.sh
[38.291s] -- Installing: /home/andre/ros2_ws/src/install/kortex_driver/share/kortex_driver/environment/path.dsv
[38.292s] -- Installing: /home/andre/ros2_ws/src/install/kortex_driver/share/kortex_driver/local_setup.bash
[38.292s] -- Installing: /home/andre/ros2_ws/src/install/kortex_driver/share/kortex_driver/local_setup.sh
[38.292s] -- Installing: /home/andre/ros2_ws/src/install/kortex_driver/share/kortex_driver/local_setup.zsh
[38.293s] -- Installing: /home/andre/ros2_ws/src/install/kortex_driver/share/kortex_driver/local_setup.dsv
[38.293s] -- Installing: /home/andre/ros2_ws/src/install/kortex_driver/share/kortex_driver/package.dsv
[38.294s] -- Installing: /home/andre/ros2_ws/src/install/kortex_driver/share/ament_index/resource_index/packages/kortex_driver
[38.294s] -- Installing: /home/andre/ros2_ws/src/install/kortex_driver/share/ament_index/resource_index/hardware_interface__pluginlib__plugin/kortex_driver
[38.295s] -- Installing: /home/andre/ros2_ws/src/install/kortex_driver/share/kortex_driver/cmake/ament_cmake_export_include_directories-extras.cmake
[38.295s] -- Installing: /home/andre/ros2_ws/src/install/kortex_driver/share/kortex_driver/cmake/ament_cmake_export_libraries-extras.cmake
[38.296s] -- Installing: /home/andre/ros2_ws/src/install/kortex_driver/share/kortex_driver/cmake/ament_cmake_export_dependencies-extras.cmake
[38.296s] -- Installing: /home/andre/ros2_ws/src/install/kortex_driver/share/kortex_driver/cmake/kortex_driverConfig.cmake
[38.297s] -- Installing: /home/andre/ros2_ws/src/install/kortex_driver/share/kortex_driver/cmake/kortex_driverConfig-version.cmake
[38.297s] -- Installing: /home/andre/ros2_ws/src/install/kortex_driver/share/kortex_driver/package.xml
[38.302s] Invoked command in '/home/andre/ros2_ws/src/build/kortex_driver' returned '0': AMENT_PREFIX_PATH=/home/andre/ros2_ws/src/install/kortex_api:${AMENT_PREFIX_PATH} CMAKE_PREFIX_PATH=/home/andre/ros2_ws/src/install/kortex_api:/home/andre/ros2_ws/install:/opt/ros/jazzy/opt/gz_sim_vendor:/opt/ros/jazzy/opt/gz_sensors_vendor:/opt/ros/jazzy/opt/gz_physics_vendor:/opt/ros/jazzy/opt/sdformat_vendor:/opt/ros/jazzy/opt/gz_gui_vendor:/opt/ros/jazzy/opt/gz_transport_vendor:/opt/ros/jazzy/opt/gz_rendering_vendor:/opt/ros/jazzy/opt/gz_plugin_vendor:/opt/ros/jazzy/opt/gz_fuel_tools_vendor:/opt/ros/jazzy/opt/gz_msgs_vendor:/opt/ros/jazzy/opt/gz_common_vendor:/opt/ros/jazzy/opt/gz_math_vendor:/opt/ros/jazzy/opt/gz_utils_vendor:/opt/ros/jazzy/opt/gz_tools_vendor:/opt/ros/jazzy/opt/gz_ogre_next_vendor:/opt/ros/jazzy/opt/gz_dartsim_vendor:/opt/ros/jazzy/opt/gz_cmake_vendor:/opt/ros/jazzy DEBUGINFOD_URLS=https://debuginfod.ubuntu.com /usr/bin/cmake --install /home/andre/ros2_ws/src/build/kortex_driver
