[0.065s] Invoking command in '/home/bot/ros2_ws/build/esp32_controller': CMAKE_PREFIX_PATH=${CMAKE_PREFIX_PATH}:/home/bot/ros2_ws/install/pose_printer:/home/bot/ros2_ws/install/mqtt_imu:/home/bot/ros2_ws/install/moveit_controls:/opt/ros/jazzy DEBUGINFOD_URLS=https://debuginfod.ubuntu.com /usr/bin/cmake --build /home/bot/ros2_ws/build/esp32_controller -- -j4 -l4
[0.244s] -- Found ament_cmake: 2.5.4 (/opt/ros/jazzy/share/ament_cmake/cmake)
[1.389s] -- Found rclcpp: 28.1.13 (/opt/ros/jazzy/share/rclcpp/cmake)
[1.588s] -- Found rosidl_generator_c: 4.6.6 (/opt/ros/jazzy/share/rosidl_generator_c/cmake)
[1.631s] -- Found rosidl_generator_cpp: 4.6.6 (/opt/ros/jazzy/share/rosidl_generator_cpp/cmake)
[1.686s] -- Using all available rosidl_typesupport_c: rosidl_typesupport_fastrtps_c;rosidl_typesupport_introspection_c
[1.749s] -- Using all available rosidl_typesupport_cpp: rosidl_typesupport_fastrtps_cpp;rosidl_typesupport_introspection_cpp
[2.009s] -- Found rmw_implementation_cmake: 7.3.2 (/opt/ros/jazzy/share/rmw_implementation_cmake/cmake)
[2.018s] -- Found rmw_fastrtps_cpp: 8.4.3 (/opt/ros/jazzy/share/rmw_fastrtps_cpp/cmake)
[2.338s] -- Using RMW implementation 'rmw_fastrtps_cpp' as default
[2.589s] -- Found nav_msgs: 5.3.6 (/opt/ros/jazzy/share/nav_msgs/cmake)
[2.812s] -- Found sensor_msgs: 5.3.6 (/opt/ros/jazzy/share/sensor_msgs/cmake)
[2.903s] -- Found moveit_ros_planning_interface: 2.12.3 (/opt/ros/jazzy/share/moveit_ros_planning_interface/cmake)
[2.953s] -- Found Boost: /usr/lib/aarch64-linux-gnu/cmake/Boost-1.83.0/BoostConfig.cmake (found version "1.83.0") found components: date_time filesystem program_options system thread 
[3.762s] -- Found Boost: /usr/lib/aarch64-linux-gnu/cmake/Boost-1.83.0/BoostConfig.cmake (found version "1.83.0") found components: chrono date_time filesystem iostreams program_options regex serialization system thread 
[3.878s] -- Found parameter_traits: 0.5.0 (/opt/ros/jazzy/share/parameter_traits/cmake)
[3.905s] -- Found rclcpp_lifecycle: 28.1.13 (/opt/ros/jazzy/share/rclcpp_lifecycle/cmake)
[4.031s] -- Found Boost: /usr/lib/aarch64-linux-gnu/cmake/Boost-1.83.0/BoostConfig.cmake (found version "1.83.0") found components: filesystem 
[4.198s] -- Ensuring Eigen3 include directory is part of orocos-kdl CMake target
[4.694s] -- Found Boost: /usr/lib/aarch64-linux-gnu/cmake/Boost-1.83.0/BoostConfig.cmake (found version "1.83.0") found components: system filesystem date_time program_options thread chrono 
[4.854s] -- Found Boost: /usr/lib/aarch64-linux-gnu/cmake/Boost-1.83.0/BoostConfig.cmake (found version "1.83.0") found components: thread system filesystem regex date_time program_options 
[4.940s] -- Found Boost: /usr/lib/aarch64-linux-gnu/cmake/Boost-1.83.0/BoostConfig.cmake (found version "1.83.0") found components: system filesystem date_time program_options thread 
[5.528s] -- Configuring done (5.3s)
[5.713s] -- Generating done (0.1s)
[5.751s] -- Build files have been written to: /home/bot/ros2_ws/build/esp32_controller
[6.095s] [ 50%] [32mBuilding CXX object CMakeFiles/esp32_controller.dir/src/esp32_controller.cpp.o[0m
[73.300s] [100%] [32m[1mLinking CXX executable esp32_controller[0m
[77.913s] [100%] Built target esp32_controller
[78.004s] Invoked command in '/home/bot/ros2_ws/build/esp32_controller' returned '0': CMAKE_PREFIX_PATH=${CMAKE_PREFIX_PATH}:/home/bot/ros2_ws/install/pose_printer:/home/bot/ros2_ws/install/mqtt_imu:/home/bot/ros2_ws/install/moveit_controls:/opt/ros/jazzy DEBUGINFOD_URLS=https://debuginfod.ubuntu.com /usr/bin/cmake --build /home/bot/ros2_ws/build/esp32_controller -- -j4 -l4
[78.068s] Invoking command in '/home/bot/ros2_ws/build/esp32_controller': CMAKE_PREFIX_PATH=${CMAKE_PREFIX_PATH}:/home/bot/ros2_ws/install/pose_printer:/home/bot/ros2_ws/install/mqtt_imu:/home/bot/ros2_ws/install/moveit_controls:/opt/ros/jazzy DEBUGINFOD_URLS=https://debuginfod.ubuntu.com /usr/bin/cmake --install /home/bot/ros2_ws/build/esp32_controller
[78.114s] -- Install configuration: ""
[78.116s] -- Installing: /home/bot/ros2_ws/install/esp32_controller/lib/esp32_controller/esp32_controller
[78.185s] -- Set non-toolchain portion of runtime path of "/home/bot/ros2_ws/install/esp32_controller/lib/esp32_controller/esp32_controller" to ""
[78.187s] -- Installing: /home/bot/ros2_ws/install/esp32_controller/share/ament_index/resource_index/package_run_dependencies/esp32_controller
[78.189s] -- Installing: /home/bot/ros2_ws/install/esp32_controller/share/ament_index/resource_index/parent_prefix_path/esp32_controller
[78.191s] -- Up-to-date: /home/bot/ros2_ws/install/esp32_controller/share/esp32_controller/environment/ament_prefix_path.sh
[78.193s] -- Up-to-date: /home/bot/ros2_ws/install/esp32_controller/share/esp32_controller/environment/ament_prefix_path.dsv
[78.194s] -- Up-to-date: /home/bot/ros2_ws/install/esp32_controller/share/esp32_controller/environment/path.sh
[78.195s] -- Up-to-date: /home/bot/ros2_ws/install/esp32_controller/share/esp32_controller/environment/path.dsv
[78.195s] -- Up-to-date: /home/bot/ros2_ws/install/esp32_controller/share/esp32_controller/local_setup.bash
[78.196s] -- Up-to-date: /home/bot/ros2_ws/install/esp32_controller/share/esp32_controller/local_setup.sh
[78.196s] -- Up-to-date: /home/bot/ros2_ws/install/esp32_controller/share/esp32_controller/local_setup.zsh
[78.197s] -- Up-to-date: /home/bot/ros2_ws/install/esp32_controller/share/esp32_controller/local_setup.dsv
[78.198s] -- Installing: /home/bot/ros2_ws/install/esp32_controller/share/esp32_controller/package.dsv
[78.198s] -- Up-to-date: /home/bot/ros2_ws/install/esp32_controller/share/ament_index/resource_index/packages/esp32_controller
[78.199s] -- Up-to-date: /home/bot/ros2_ws/install/esp32_controller/share/esp32_controller/cmake/esp32_controllerConfig.cmake
[78.199s] -- Up-to-date: /home/bot/ros2_ws/install/esp32_controller/share/esp32_controller/cmake/esp32_controllerConfig-version.cmake
[78.200s] -- Installing: /home/bot/ros2_ws/install/esp32_controller/share/esp32_controller/package.xml
[78.207s] Invoked command in '/home/bot/ros2_ws/build/esp32_controller' returned '0': CMAKE_PREFIX_PATH=${CMAKE_PREFIX_PATH}:/home/bot/ros2_ws/install/pose_printer:/home/bot/ros2_ws/install/mqtt_imu:/home/bot/ros2_ws/install/moveit_controls:/opt/ros/jazzy DEBUGINFOD_URLS=https://debuginfod.ubuntu.com /usr/bin/cmake --install /home/bot/ros2_ws/build/esp32_controller
