-- The C compiler identification is GNU 13.3.0
-- The CXX compiler identification is GNU 13.3.0
-- Detecting C compiler ABI info
-- Detecting C compiler ABI info - done
-- Check for working C compiler: /usr/bin/cc - skipped
-- Detecting C compile features
-- Detecting C compile features - done
-- Detecting CXX compiler ABI info
-- Detecting CXX compiler ABI info - done
-- Check for working CXX compiler: /usr/bin/c++ - skipped
-- Detecting CXX compile features
-- Detecting CXX compile features - done
-- Found ament_cmake: 2.5.4 (/opt/ros/jazzy/share/ament_cmake/cmake)
-- Found Python3: /usr/bin/python3 (found version "3.12.3") found components: Interpreter 
-- Found rclcpp: 28.1.13 (/opt/ros/jazzy/share/rclcpp/cmake)
-- Found rosidl_generator_c: 4.6.6 (/opt/ros/jazzy/share/rosidl_generator_c/cmake)
-- Found rosidl_generator_cpp: 4.6.6 (/opt/ros/jazzy/share/rosidl_generator_cpp/cmake)
-- Using all available rosidl_typesupport_c: rosidl_typesupport_fastrtps_c;rosidl_typesupport_introspection_c
-- Using all available rosidl_typesupport_cpp: rosidl_typesupport_fastrtps_cpp;rosidl_typesupport_introspection_cpp
-- Found rmw_implementation_cmake: 7.3.2 (/opt/ros/jazzy/share/rmw_implementation_cmake/cmake)
-- Found rmw_fastrtps_cpp: 8.4.3 (/opt/ros/jazzy/share/rmw_fastrtps_cpp/cmake)
-- Found OpenSSL: /usr/lib/aarch64-linux-gnu/libcrypto.so (found version "3.0.13")  
-- Found FastRTPS: /opt/ros/jazzy/include (Required is at least version "2.13") 
-- Using RMW implementation 'rmw_fastrtps_cpp' as default
-- Found sensor_msgs: 5.3.6 (/opt/ros/jazzy/share/sensor_msgs/cmake)
-- Found moveit_ros_planning_interface: 2.12.3 (/opt/ros/jazzy/share/moveit_ros_planning_interface/cmake)
-- Found Boost: /usr/lib/aarch64-linux-gnu/cmake/Boost-1.83.0/BoostConfig.cmake (found version "1.83.0") found components: date_time filesystem program_options system thread 
-- Found Boost: /usr/lib/aarch64-linux-gnu/cmake/Boost-1.83.0/BoostConfig.cmake (found version "1.83.0") found components: chrono date_time filesystem iostreams program_options regex serialization system thread 
-- Found parameter_traits: 0.5.0 (/opt/ros/jazzy/share/parameter_traits/cmake)
-- Found rclcpp_lifecycle: 28.1.13 (/opt/ros/jazzy/share/rclcpp_lifecycle/cmake)
-- Found Boost: /usr/lib/aarch64-linux-gnu/cmake/Boost-1.83.0/BoostConfig.cmake (found version "1.83.0") found components: filesystem 
-- Found Eigen3: TRUE (found version "3.4.0") 
-- Ensuring Eigen3 include directory is part of orocos-kdl CMake target
-- Found Boost: /usr/lib/aarch64-linux-gnu/cmake/Boost-1.83.0/BoostConfig.cmake (found version "1.83.0") found components: system filesystem date_time program_options thread chrono 
-- Found Boost: /usr/lib/aarch64-linux-gnu/cmake/Boost-1.83.0/BoostConfig.cmake (found version "1.83.0") found components: thread system filesystem regex date_time program_options 
-- Found Boost: /usr/lib/aarch64-linux-gnu/cmake/Boost-1.83.0/BoostConfig.cmake (found version "1.83.0") found components: system filesystem date_time program_options thread 
-- Found ament_lint_auto: 0.17.3 (/opt/ros/jazzy/share/ament_lint_auto/cmake)
-- Added test 'cppcheck' to perform static code analysis on C / C++ code
-- Configured cppcheck include dirs: 
-- Configured cppcheck exclude dirs and/or files: 
-- Added test 'lint_cmake' to check CMake code style
-- Added test 'uncrustify' to check C / C++ code style
-- Configured uncrustify additional arguments: 
-- Added test 'xmllint' to check XML markup files
-- Configuring done (15.0s)
-- Generating done (0.1s)
-- Build files have been written to: /home/bot/ros2_ws/build/imu_controller
[ 50%] [32mBuilding CXX object CMakeFiles/imu_controller.dir/src/imu_controller.cpp.o[0m
[100%] [32m[1mLinking CXX executable imu_controller[0m
[100%] Built target imu_controller
-- Install configuration: ""
-- Installing: /home/bot/ros2_ws/install/imu_controller/lib/imu_controller/imu_controller
-- Set non-toolchain portion of runtime path of "/home/bot/ros2_ws/install/imu_controller/lib/imu_controller/imu_controller" to ""
-- Installing: /home/bot/ros2_ws/install/imu_controller/share/ament_index/resource_index/package_run_dependencies/imu_controller
-- Installing: /home/bot/ros2_ws/install/imu_controller/share/ament_index/resource_index/parent_prefix_path/imu_controller
-- Installing: /home/bot/ros2_ws/install/imu_controller/share/imu_controller/environment/ament_prefix_path.sh
-- Installing: /home/bot/ros2_ws/install/imu_controller/share/imu_controller/environment/ament_prefix_path.dsv
-- Installing: /home/bot/ros2_ws/install/imu_controller/share/imu_controller/environment/path.sh
-- Installing: /home/bot/ros2_ws/install/imu_controller/share/imu_controller/environment/path.dsv
-- Installing: /home/bot/ros2_ws/install/imu_controller/share/imu_controller/local_setup.bash
-- Installing: /home/bot/ros2_ws/install/imu_controller/share/imu_controller/local_setup.sh
-- Installing: /home/bot/ros2_ws/install/imu_controller/share/imu_controller/local_setup.zsh
-- Installing: /home/bot/ros2_ws/install/imu_controller/share/imu_controller/local_setup.dsv
-- Installing: /home/bot/ros2_ws/install/imu_controller/share/imu_controller/package.dsv
-- Installing: /home/bot/ros2_ws/install/imu_controller/share/ament_index/resource_index/packages/imu_controller
-- Installing: /home/bot/ros2_ws/install/imu_controller/share/imu_controller/cmake/imu_controllerConfig.cmake
-- Installing: /home/bot/ros2_ws/install/imu_controller/share/imu_controller/cmake/imu_controllerConfig-version.cmake
-- Installing: /home/bot/ros2_ws/install/imu_controller/share/imu_controller/package.xml
