[0.137s] Invoking command in '/home/bot/ros2_ws/build/imu_controller': CMAKE_PREFIX_PATH=${CMAKE_PREFIX_PATH}:/home/bot/ros2_ws/install/mqtt_imu:/home/bot/ros2_ws/install/pose_printer:/home/bot/ros2_ws/install/moveit_controls:/opt/ros/jazzy DEBUGINFOD_URLS=https://debuginfod.ubuntu.com /usr/bin/cmake /home/bot/ros2_ws/src/imu_controller -DCMAKE_INSTALL_PREFIX=/home/bot/ros2_ws/install/imu_controller
[0.751s] -- The C compiler identification is GNU 13.3.0
[1.137s] -- The CXX compiler identification is GNU 13.3.0
[1.306s] -- Detecting C compiler ABI info
[1.825s] -- Detecting C compiler ABI info - done
[1.861s] -- Check for working C compiler: /usr/bin/cc - skipped
[1.863s] -- Detecting C compile features
[1.865s] -- Detecting C compile features - done
[1.918s] -- Detecting CXX compiler ABI info
[2.536s] -- Detecting CXX compiler ABI info - done
[2.574s] -- Check for working CXX compiler: /usr/bin/c++ - skipped
[2.575s] -- Detecting CXX compile features
[2.579s] -- Detecting CXX compile features - done
[2.634s] -- Found ament_cmake: 2.5.4 (/opt/ros/jazzy/share/ament_cmake/cmake)
[3.671s] -- Found Python3: /usr/bin/python3 (found version "3.12.3") found components: Interpreter 
[4.770s] -- Found rclcpp: 28.1.13 (/opt/ros/jazzy/share/rclcpp/cmake)
[5.442s] -- Found rosidl_generator_c: 4.6.6 (/opt/ros/jazzy/share/rosidl_generator_c/cmake)
[5.622s] -- Found rosidl_generator_cpp: 4.6.6 (/opt/ros/jazzy/share/rosidl_generator_cpp/cmake)
[5.831s] -- Using all available rosidl_typesupport_c: rosidl_typesupport_fastrtps_c;rosidl_typesupport_introspection_c
[6.042s] -- Using all available rosidl_typesupport_cpp: rosidl_typesupport_fastrtps_cpp;rosidl_typesupport_introspection_cpp
[6.724s] -- Found rmw_implementation_cmake: 7.3.2 (/opt/ros/jazzy/share/rmw_implementation_cmake/cmake)
[6.769s] -- Found rmw_fastrtps_cpp: 8.4.3 (/opt/ros/jazzy/share/rmw_fastrtps_cpp/cmake)
[7.432s] -- Found OpenSSL: /usr/lib/aarch64-linux-gnu/libcrypto.so (found version "3.0.13")  
[7.541s] -- Found FastRTPS: /opt/ros/jazzy/include (Required is at least version "2.13") 
[7.646s] -- Using RMW implementation 'rmw_fastrtps_cpp' as default
[8.174s] -- Found sensor_msgs: 5.3.6 (/opt/ros/jazzy/share/sensor_msgs/cmake)
[8.558s] -- Found moveit_ros_planning_interface: 2.12.3 (/opt/ros/jazzy/share/moveit_ros_planning_interface/cmake)
[9.519s] -- Found Boost: /usr/lib/aarch64-linux-gnu/cmake/Boost-1.83.0/BoostConfig.cmake (found version "1.83.0") found components: date_time filesystem program_options system thread 
[10.863s] -- Found Boost: /usr/lib/aarch64-linux-gnu/cmake/Boost-1.83.0/BoostConfig.cmake (found version "1.83.0") found components: chrono date_time filesystem iostreams program_options regex serialization system thread 
[11.583s] -- Found parameter_traits: 0.5.0 (/opt/ros/jazzy/share/parameter_traits/cmake)
[11.762s] -- Found rclcpp_lifecycle: 28.1.13 (/opt/ros/jazzy/share/rclcpp_lifecycle/cmake)
[11.997s] -- Found Boost: /usr/lib/aarch64-linux-gnu/cmake/Boost-1.83.0/BoostConfig.cmake (found version "1.83.0") found components: filesystem 
[12.546s] -- Found Eigen3: TRUE (found version "3.4.0") 
[12.546s] -- Ensuring Eigen3 include directory is part of orocos-kdl CMake target
[13.835s] -- Found Boost: /usr/lib/aarch64-linux-gnu/cmake/Boost-1.83.0/BoostConfig.cmake (found version "1.83.0") found components: system filesystem date_time program_options thread chrono 
[14.076s] -- Found Boost: /usr/lib/aarch64-linux-gnu/cmake/Boost-1.83.0/BoostConfig.cmake (found version "1.83.0") found components: thread system filesystem regex date_time program_options 
[14.248s] -- Found Boost: /usr/lib/aarch64-linux-gnu/cmake/Boost-1.83.0/BoostConfig.cmake (found version "1.83.0") found components: system filesystem date_time program_options thread 
[14.473s] -- Found ament_lint_auto: 0.17.3 (/opt/ros/jazzy/share/ament_lint_auto/cmake)
[15.258s] -- Added test 'cppcheck' to perform static code analysis on C / C++ code
[15.258s] -- Configured cppcheck include dirs: 
[15.258s] -- Configured cppcheck exclude dirs and/or files: 
[15.264s] -- Added test 'lint_cmake' to check CMake code style
[15.273s] -- Added test 'uncrustify' to check C / C++ code style
[15.274s] -- Configured uncrustify additional arguments: 
[15.278s] -- Added test 'xmllint' to check XML markup files
[15.290s] -- Configuring done (15.0s)
[15.468s] -- Generating done (0.1s)
[15.495s] -- Build files have been written to: /home/bot/ros2_ws/build/imu_controller
[15.566s] Invoked command in '/home/bot/ros2_ws/build/imu_controller' returned '0': CMAKE_PREFIX_PATH=${CMAKE_PREFIX_PATH}:/home/bot/ros2_ws/install/mqtt_imu:/home/bot/ros2_ws/install/pose_printer:/home/bot/ros2_ws/install/moveit_controls:/opt/ros/jazzy DEBUGINFOD_URLS=https://debuginfod.ubuntu.com /usr/bin/cmake /home/bot/ros2_ws/src/imu_controller -DCMAKE_INSTALL_PREFIX=/home/bot/ros2_ws/install/imu_controller
[15.573s] Invoking command in '/home/bot/ros2_ws/build/imu_controller': CMAKE_PREFIX_PATH=${CMAKE_PREFIX_PATH}:/home/bot/ros2_ws/install/mqtt_imu:/home/bot/ros2_ws/install/pose_printer:/home/bot/ros2_ws/install/moveit_controls:/opt/ros/jazzy DEBUGINFOD_URLS=https://debuginfod.ubuntu.com /usr/bin/cmake --build /home/bot/ros2_ws/build/imu_controller -- -j4 -l4
[15.900s] [ 50%] [32mBuilding CXX object CMakeFiles/imu_controller.dir/src/imu_controller.cpp.o[0m
[75.058s] [100%] [32m[1mLinking CXX executable imu_controller[0m
[79.069s] [100%] Built target imu_controller
[79.139s] Invoked command in '/home/bot/ros2_ws/build/imu_controller' returned '0': CMAKE_PREFIX_PATH=${CMAKE_PREFIX_PATH}:/home/bot/ros2_ws/install/mqtt_imu:/home/bot/ros2_ws/install/pose_printer:/home/bot/ros2_ws/install/moveit_controls:/opt/ros/jazzy DEBUGINFOD_URLS=https://debuginfod.ubuntu.com /usr/bin/cmake --build /home/bot/ros2_ws/build/imu_controller -- -j4 -l4
[79.202s] Invoking command in '/home/bot/ros2_ws/build/imu_controller': CMAKE_PREFIX_PATH=${CMAKE_PREFIX_PATH}:/home/bot/ros2_ws/install/mqtt_imu:/home/bot/ros2_ws/install/pose_printer:/home/bot/ros2_ws/install/moveit_controls:/opt/ros/jazzy DEBUGINFOD_URLS=https://debuginfod.ubuntu.com /usr/bin/cmake --install /home/bot/ros2_ws/build/imu_controller
[79.255s] -- Install configuration: ""
[79.265s] -- Installing: /home/bot/ros2_ws/install/imu_controller/lib/imu_controller/imu_controller
[79.302s] -- Set non-toolchain portion of runtime path of "/home/bot/ros2_ws/install/imu_controller/lib/imu_controller/imu_controller" to ""
[79.303s] -- Installing: /home/bot/ros2_ws/install/imu_controller/share/ament_index/resource_index/package_run_dependencies/imu_controller
[79.305s] -- Installing: /home/bot/ros2_ws/install/imu_controller/share/ament_index/resource_index/parent_prefix_path/imu_controller
[79.306s] -- Installing: /home/bot/ros2_ws/install/imu_controller/share/imu_controller/environment/ament_prefix_path.sh
[79.307s] -- Installing: /home/bot/ros2_ws/install/imu_controller/share/imu_controller/environment/ament_prefix_path.dsv
[79.309s] -- Installing: /home/bot/ros2_ws/install/imu_controller/share/imu_controller/environment/path.sh
[79.311s] -- Installing: /home/bot/ros2_ws/install/imu_controller/share/imu_controller/environment/path.dsv
[79.312s] -- Installing: /home/bot/ros2_ws/install/imu_controller/share/imu_controller/local_setup.bash
[79.313s] -- Installing: /home/bot/ros2_ws/install/imu_controller/share/imu_controller/local_setup.sh
[79.314s] -- Installing: /home/bot/ros2_ws/install/imu_controller/share/imu_controller/local_setup.zsh
[79.315s] -- Installing: /home/bot/ros2_ws/install/imu_controller/share/imu_controller/local_setup.dsv
[79.317s] -- Installing: /home/bot/ros2_ws/install/imu_controller/share/imu_controller/package.dsv
[79.319s] -- Installing: /home/bot/ros2_ws/install/imu_controller/share/ament_index/resource_index/packages/imu_controller
[79.320s] -- Installing: /home/bot/ros2_ws/install/imu_controller/share/imu_controller/cmake/imu_controllerConfig.cmake
[79.322s] -- Installing: /home/bot/ros2_ws/install/imu_controller/share/imu_controller/cmake/imu_controllerConfig-version.cmake
[79.323s] -- Installing: /home/bot/ros2_ws/install/imu_controller/share/imu_controller/package.xml
[79.333s] Invoked command in '/home/bot/ros2_ws/build/imu_controller' returned '0': CMAKE_PREFIX_PATH=${CMAKE_PREFIX_PATH}:/home/bot/ros2_ws/install/mqtt_imu:/home/bot/ros2_ws/install/pose_printer:/home/bot/ros2_ws/install/moveit_controls:/opt/ros/jazzy DEBUGINFOD_URLS=https://debuginfod.ubuntu.com /usr/bin/cmake --install /home/bot/ros2_ws/build/imu_controller
