[0.000000] (-) TimerEvent: {}
[0.000593] (-) JobUnselected: {'identifier': 'cpp_pubsub'}
[0.000630] (-) JobUnselected: {'identifier': 'gazebo'}
[0.000652] (-) JobUnselected: {'identifier': 'hello_moveit'}
[0.000669] (-) JobUnselected: {'identifier': 'move_program'}
[0.000686] (-) JobUnselected: {'identifier': 'moveit_controls'}
[0.000702] (-) JobUnselected: {'identifier': 'pose_printer'}
[0.000717] (-) JobUnselected: {'identifier': 'robotic_arm'}
[0.000731] (-) JobUnselected: {'identifier': 'robotic_arm_config'}
[0.000745] (-) JobUnselected: {'identifier': 'robotic_arm_model_v3'}
[0.000759] (-) JobUnselected: {'identifier': 'robotic_arm_moveit'}
[0.000773] (-) JobUnselected: {'identifier': 'robotic_arm_v3_config'}
[0.000787] (-) JobUnselected: {'identifier': 'ros_gz'}
[0.000801] (-) JobUnselected: {'identifier': 'ros_gz_bridge'}
[0.000814] (-) JobUnselected: {'identifier': 'ros_gz_image'}
[0.000828] (-) JobUnselected: {'identifier': 'ros_gz_interfaces'}
[0.000841] (-) JobUnselected: {'identifier': 'ros_gz_sim'}
[0.000855] (-) JobUnselected: {'identifier': 'ros_gz_sim_demos'}
[0.000874] (-) JobUnselected: {'identifier': 'test_ros_gz_bridge'}
[0.000899] (-) EventReactorShutdown: {}
