-- Found ament_cmake: 2.5.4 (/opt/ros/jazzy/share/ament_cmake/cmake)
-- Found rclcpp: 28.1.13 (/opt/ros/jazzy/share/rclcpp/cmake)
-- Found rosidl_generator_c: 4.6.6 (/opt/ros/jazzy/share/rosidl_generator_c/cmake)
-- Found rosidl_generator_cpp: 4.6.6 (/opt/ros/jazzy/share/rosidl_generator_cpp/cmake)
-- Using all available rosidl_typesupport_c: rosidl_typesupport_fastrtps_c;rosidl_typesupport_introspection_c
-- Using all available rosidl_typesupport_cpp: rosidl_typesupport_fastrtps_cpp;rosidl_typesupport_introspection_cpp
-- Found rmw_implementation_cmake: 7.3.2 (/opt/ros/jazzy/share/rmw_implementation_cmake/cmake)
-- Found rmw_fastrtps_cpp: 8.4.3 (/opt/ros/jazzy/share/rmw_fastrtps_cpp/cmake)
-- Using RMW implementation 'rmw_fastrtps_cpp' as default
-- Found std_msgs: 5.3.6 (/opt/ros/jazzy/share/std_msgs/cmake)
-- Found moveit_ros_planning_interface: 2.12.3 (/opt/ros/jazzy/share/moveit_ros_planning_interface/cmake)
-- Found Boost: /usr/lib/x86_64-linux-gnu/cmake/Boost-1.83.0/BoostConfig.cmake (found version "1.83.0") found components: date_time filesystem program_options system thread 
-- Found Boost: /usr/lib/x86_64-linux-gnu/cmake/Boost-1.83.0/BoostConfig.cmake (found version "1.83.0") found components: chrono date_time filesystem iostreams program_options regex serialization system thread 
-- Found parameter_traits: 0.5.0 (/opt/ros/jazzy/share/parameter_traits/cmake)
-- Found rclcpp_lifecycle: 28.1.13 (/opt/ros/jazzy/share/rclcpp_lifecycle/cmake)
-- Found Boost: /usr/lib/x86_64-linux-gnu/cmake/Boost-1.83.0/BoostConfig.cmake (found version "1.83.0") found components: filesystem 
-- Ensuring Eigen3 include directory is part of orocos-kdl CMake target
-- Found Boost: /usr/lib/x86_64-linux-gnu/cmake/Boost-1.83.0/BoostConfig.cmake (found version "1.83.0") found components: system filesystem date_time program_options thread chrono 
-- Found Boost: /usr/lib/x86_64-linux-gnu/cmake/Boost-1.83.0/BoostConfig.cmake (found version "1.83.0") found components: thread system filesystem regex date_time program_options 
-- Found Boost: /usr/lib/x86_64-linux-gnu/cmake/Boost-1.83.0/BoostConfig.cmake (found version "1.83.0") found components: system filesystem date_time program_options thread 
-- Configuring done (1.5s)
CMake Warning at CMakeLists.txt:16 (add_executable):
  Cannot generate a safe runtime search path for target move_program because
  files in some directories may conflict with libraries in implicit
  directories:

    runtime library [libcrypto.so.3] in /usr/lib/x86_64-linux-gnu may be hidden by files in:
      /home/andre/miniconda3/lib

  Some of these libraries may not be found correctly.


-- Generating done (0.0s)
-- Build files have been written to: /home/andre/ros2_ws/build/move_program
[ 50%] Building CXX object CMakeFiles/move_program.dir/src/move_program.cpp.o
[100%] Linking CXX executable move_program
/usr/bin/ld: /opt/ros/jazzy/lib/libresource_retriever.so: undefined reference to `curl_global_init@CURL_OPENSSL_4'
/usr/bin/ld: /opt/ros/jazzy/lib/libresource_retriever.so: undefined reference to `curl_easy_perform@CURL_OPENSSL_4'
/usr/bin/ld: /opt/ros/jazzy/lib/libresource_retriever.so: undefined reference to `curl_easy_setopt@CURL_OPENSSL_4'
/usr/bin/ld: /opt/ros/jazzy/lib/libresource_retriever.so: undefined reference to `curl_easy_init@CURL_OPENSSL_4'
/usr/bin/ld: /opt/ros/jazzy/lib/libresource_retriever.so: undefined reference to `curl_easy_cleanup@CURL_OPENSSL_4'
/usr/bin/ld: /opt/ros/jazzy/lib/libresource_retriever.so: undefined reference to `curl_global_cleanup@CURL_OPENSSL_4'
collect2: error: ld returned 1 exit status
gmake[2]: *** [CMakeFiles/move_program.dir/build.make:367: move_program] Error 1
gmake[1]: *** [CMakeFiles/Makefile2:137: CMakeFiles/move_program.dir/all] Error 2
gmake: *** [Makefile:146: all] Error 2
