[0.015s] Invoking command in '/home/andre/ros2_ws/build/robotic_arm': AMENT_PREFIX_PATH=/home/andre/ros2_ws/install/gazebo:${AMENT_PREFIX_PATH} CMAKE_PREFIX_PATH=/home/andre/ros2_ws/install/gazebo:/opt/ros/jazzy/opt/gz_sim_vendor:/opt/ros/jazzy/opt/gz_sensors_vendor:/opt/ros/jazzy/opt/gz_physics_vendor:/opt/ros/jazzy/opt/sdformat_vendor:/opt/ros/jazzy/opt/gz_gui_vendor:/opt/ros/jazzy/opt/gz_transport_vendor:/opt/ros/jazzy/opt/gz_rendering_vendor:/opt/ros/jazzy/opt/gz_plugin_vendor:/opt/ros/jazzy/opt/gz_fuel_tools_vendor:/opt/ros/jazzy/opt/gz_msgs_vendor:/opt/ros/jazzy/opt/gz_common_vendor:/opt/ros/jazzy/opt/gz_math_vendor:/opt/ros/jazzy/opt/gz_utils_vendor:/opt/ros/jazzy/opt/gz_tools_vendor:/opt/ros/jazzy/opt/gz_ogre_next_vendor:/opt/ros/jazzy/opt/gz_dartsim_vendor:/opt/ros/jazzy/opt/gz_cmake_vendor:/home/andre/ros2_ws/install/pose_printer:/opt/ros/jazzy DEBUGINFOD_URLS=https://debuginfod.ubuntu.com /usr/bin/cmake /home/andre/ros2_ws/src/robotic_arm -DCMAKE_INSTALL_PREFIX=/home/andre/ros2_ws/install/robotic_arm
[0.152s] -- The C compiler identification is GNU 13.3.0
[0.228s] -- The CXX compiler identification is GNU 13.3.0
[0.264s] -- Detecting C compiler ABI info
[0.434s] -- Detecting C compiler ABI info - done
[0.452s] -- Check for working C compiler: /usr/bin/cc - skipped
[0.453s] -- Detecting C compile features
[0.454s] -- Detecting C compile features - done
[0.469s] -- Detecting CXX compiler ABI info
[0.627s] -- Detecting CXX compiler ABI info - done
[0.641s] -- Check for working CXX compiler: /usr/bin/c++ - skipped
[0.646s] -- Detecting CXX compile features
[0.647s] -- Detecting CXX compile features - done
[0.653s] -- Found ament_cmake: 2.5.4 (/opt/ros/jazzy/share/ament_cmake/cmake)
[0.870s] -- Found Python3: /usr/bin/python3 (found version "3.12.3") found components: Interpreter 
[1.101s] -- Found ament_lint_auto: 0.17.3 (/opt/ros/jazzy/share/ament_lint_auto/cmake)
[1.296s] -- Added test 'flake8' to check Python code syntax and style conventions
[1.296s] -- Configured 'flake8' exclude dirs and/or files: 
[1.300s] -- Added test 'lint_cmake' to check CMake code style
[1.304s] -- Added test 'pep257' to check Python code against some of the docstring style conventions in PEP 257
[1.311s] -- Added test 'xmllint' to check XML markup files
[1.313s] -- Configuring done (1.3s)
[1.326s] -- Generating done (0.0s)
[1.330s] -- Build files have been written to: /home/andre/ros2_ws/build/robotic_arm
[1.344s] Invoked command in '/home/andre/ros2_ws/build/robotic_arm' returned '0': AMENT_PREFIX_PATH=/home/andre/ros2_ws/install/gazebo:${AMENT_PREFIX_PATH} CMAKE_PREFIX_PATH=/home/andre/ros2_ws/install/gazebo:/opt/ros/jazzy/opt/gz_sim_vendor:/opt/ros/jazzy/opt/gz_sensors_vendor:/opt/ros/jazzy/opt/gz_physics_vendor:/opt/ros/jazzy/opt/sdformat_vendor:/opt/ros/jazzy/opt/gz_gui_vendor:/opt/ros/jazzy/opt/gz_transport_vendor:/opt/ros/jazzy/opt/gz_rendering_vendor:/opt/ros/jazzy/opt/gz_plugin_vendor:/opt/ros/jazzy/opt/gz_fuel_tools_vendor:/opt/ros/jazzy/opt/gz_msgs_vendor:/opt/ros/jazzy/opt/gz_common_vendor:/opt/ros/jazzy/opt/gz_math_vendor:/opt/ros/jazzy/opt/gz_utils_vendor:/opt/ros/jazzy/opt/gz_tools_vendor:/opt/ros/jazzy/opt/gz_ogre_next_vendor:/opt/ros/jazzy/opt/gz_dartsim_vendor:/opt/ros/jazzy/opt/gz_cmake_vendor:/home/andre/ros2_ws/install/pose_printer:/opt/ros/jazzy DEBUGINFOD_URLS=https://debuginfod.ubuntu.com /usr/bin/cmake /home/andre/ros2_ws/src/robotic_arm -DCMAKE_INSTALL_PREFIX=/home/andre/ros2_ws/install/robotic_arm
[1.347s] Invoking command in '/home/andre/ros2_ws/build/robotic_arm': AMENT_PREFIX_PATH=/home/andre/ros2_ws/install/gazebo:${AMENT_PREFIX_PATH} CMAKE_PREFIX_PATH=/home/andre/ros2_ws/install/gazebo:/opt/ros/jazzy/opt/gz_sim_vendor:/opt/ros/jazzy/opt/gz_sensors_vendor:/opt/ros/jazzy/opt/gz_physics_vendor:/opt/ros/jazzy/opt/sdformat_vendor:/opt/ros/jazzy/opt/gz_gui_vendor:/opt/ros/jazzy/opt/gz_transport_vendor:/opt/ros/jazzy/opt/gz_rendering_vendor:/opt/ros/jazzy/opt/gz_plugin_vendor:/opt/ros/jazzy/opt/gz_fuel_tools_vendor:/opt/ros/jazzy/opt/gz_msgs_vendor:/opt/ros/jazzy/opt/gz_common_vendor:/opt/ros/jazzy/opt/gz_math_vendor:/opt/ros/jazzy/opt/gz_utils_vendor:/opt/ros/jazzy/opt/gz_tools_vendor:/opt/ros/jazzy/opt/gz_ogre_next_vendor:/opt/ros/jazzy/opt/gz_dartsim_vendor:/opt/ros/jazzy/opt/gz_cmake_vendor:/home/andre/ros2_ws/install/pose_printer:/opt/ros/jazzy DEBUGINFOD_URLS=https://debuginfod.ubuntu.com /usr/bin/cmake --build /home/andre/ros2_ws/build/robotic_arm -- -j4 -l4
[1.420s] Invoked command in '/home/andre/ros2_ws/build/robotic_arm' returned '0': AMENT_PREFIX_PATH=/home/andre/ros2_ws/install/gazebo:${AMENT_PREFIX_PATH} CMAKE_PREFIX_PATH=/home/andre/ros2_ws/install/gazebo:/opt/ros/jazzy/opt/gz_sim_vendor:/opt/ros/jazzy/opt/gz_sensors_vendor:/opt/ros/jazzy/opt/gz_physics_vendor:/opt/ros/jazzy/opt/sdformat_vendor:/opt/ros/jazzy/opt/gz_gui_vendor:/opt/ros/jazzy/opt/gz_transport_vendor:/opt/ros/jazzy/opt/gz_rendering_vendor:/opt/ros/jazzy/opt/gz_plugin_vendor:/opt/ros/jazzy/opt/gz_fuel_tools_vendor:/opt/ros/jazzy/opt/gz_msgs_vendor:/opt/ros/jazzy/opt/gz_common_vendor:/opt/ros/jazzy/opt/gz_math_vendor:/opt/ros/jazzy/opt/gz_utils_vendor:/opt/ros/jazzy/opt/gz_tools_vendor:/opt/ros/jazzy/opt/gz_ogre_next_vendor:/opt/ros/jazzy/opt/gz_dartsim_vendor:/opt/ros/jazzy/opt/gz_cmake_vendor:/home/andre/ros2_ws/install/pose_printer:/opt/ros/jazzy DEBUGINFOD_URLS=https://debuginfod.ubuntu.com /usr/bin/cmake --build /home/andre/ros2_ws/build/robotic_arm -- -j4 -l4
[1.420s] Invoking command in '/home/andre/ros2_ws/build/robotic_arm': AMENT_PREFIX_PATH=/home/andre/ros2_ws/install/gazebo:${AMENT_PREFIX_PATH} CMAKE_PREFIX_PATH=/home/andre/ros2_ws/install/gazebo:/opt/ros/jazzy/opt/gz_sim_vendor:/opt/ros/jazzy/opt/gz_sensors_vendor:/opt/ros/jazzy/opt/gz_physics_vendor:/opt/ros/jazzy/opt/sdformat_vendor:/opt/ros/jazzy/opt/gz_gui_vendor:/opt/ros/jazzy/opt/gz_transport_vendor:/opt/ros/jazzy/opt/gz_rendering_vendor:/opt/ros/jazzy/opt/gz_plugin_vendor:/opt/ros/jazzy/opt/gz_fuel_tools_vendor:/opt/ros/jazzy/opt/gz_msgs_vendor:/opt/ros/jazzy/opt/gz_common_vendor:/opt/ros/jazzy/opt/gz_math_vendor:/opt/ros/jazzy/opt/gz_utils_vendor:/opt/ros/jazzy/opt/gz_tools_vendor:/opt/ros/jazzy/opt/gz_ogre_next_vendor:/opt/ros/jazzy/opt/gz_dartsim_vendor:/opt/ros/jazzy/opt/gz_cmake_vendor:/home/andre/ros2_ws/install/pose_printer:/opt/ros/jazzy DEBUGINFOD_URLS=https://debuginfod.ubuntu.com /usr/bin/cmake --install /home/andre/ros2_ws/build/robotic_arm
[1.440s] -- Install configuration: ""
[1.441s] -- Installing: /home/andre/ros2_ws/install/robotic_arm/share/robotic_arm/config
[1.441s] -- Installing: /home/andre/ros2_ws/install/robotic_arm/share/robotic_arm/launch
[1.441s] -- Installing: /home/andre/ros2_ws/install/robotic_arm/share/robotic_arm/launch/robotic_arm.launch.py
[1.448s] -- Installing: /home/andre/ros2_ws/install/robotic_arm/share/robotic_arm/maps
[1.448s] -- Installing: /home/andre/ros2_ws/install/robotic_arm/share/robotic_arm/meshes
[1.449s] -- Installing: /home/andre/ros2_ws/install/robotic_arm/share/robotic_arm/meshes/Link_5.STL
[1.450s] -- Installing: /home/andre/ros2_ws/install/robotic_arm/share/robotic_arm/meshes/Link_2.STL
[1.450s] -- Installing: /home/andre/ros2_ws/install/robotic_arm/share/robotic_arm/meshes/end_effector_bottom_claw.STL
[1.452s] -- Installing: /home/andre/ros2_ws/install/robotic_arm/share/robotic_arm/meshes/base_link.STL
[1.453s] -- Installing: /home/andre/ros2_ws/install/robotic_arm/share/robotic_arm/meshes/Link_1.STL
[1.455s] -- Installing: /home/andre/ros2_ws/install/robotic_arm/share/robotic_arm/meshes/end_effector.STL
[1.456s] -- Installing: /home/andre/ros2_ws/install/robotic_arm/share/robotic_arm/meshes/Link_6.STL
[1.462s] -- Installing: /home/andre/ros2_ws/install/robotic_arm/share/robotic_arm/meshes/link_2.STL
[1.462s] -- Installing: /home/andre/ros2_ws/install/robotic_arm/share/robotic_arm/meshes/Link_4.STL
[1.462s] -- Installing: /home/andre/ros2_ws/install/robotic_arm/share/robotic_arm/meshes/Link_3.STL
[1.464s] -- Installing: /home/andre/ros2_ws/install/robotic_arm/share/robotic_arm/meshes/link_3.STL
[1.465s] -- Installing: /home/andre/ros2_ws/install/robotic_arm/share/robotic_arm/meshes/link_1.STL
[1.468s] -- Installing: /home/andre/ros2_ws/install/robotic_arm/share/robotic_arm/meshes/link_4.STL
[1.469s] -- Installing: /home/andre/ros2_ws/install/robotic_arm/share/robotic_arm/meshes/end_effector_top_claw.STL
[1.470s] -- Installing: /home/andre/ros2_ws/install/robotic_arm/share/robotic_arm/models
[1.470s] -- Installing: /home/andre/ros2_ws/install/robotic_arm/share/robotic_arm/params
[1.470s] -- Installing: /home/andre/ros2_ws/install/robotic_arm/share/robotic_arm/rviz
[1.470s] -- Installing: /home/andre/ros2_ws/install/robotic_arm/share/robotic_arm/rviz/rviz_basic_settings.rviz
[1.471s] -- Installing: /home/andre/ros2_ws/install/robotic_arm/share/robotic_arm/src
[1.471s] -- Installing: /home/andre/ros2_ws/install/robotic_arm/share/robotic_arm/urdf
[1.471s] -- Installing: /home/andre/ros2_ws/install/robotic_arm/share/robotic_arm/urdf/robotic_arm.urdf
[1.473s] -- Installing: /home/andre/ros2_ws/install/robotic_arm/share/robotic_arm/urdf/robotic_arm_model.csv
[1.473s] -- Installing: /home/andre/ros2_ws/install/robotic_arm/share/robotic_arm/urdf/temp.urdf
[1.473s] -- Installing: /home/andre/ros2_ws/install/robotic_arm/share/robotic_arm/worlds
[1.474s] -- Installing: /home/andre/ros2_ws/install/robotic_arm/share/ament_index/resource_index/package_run_dependencies/robotic_arm
[1.474s] -- Installing: /home/andre/ros2_ws/install/robotic_arm/share/ament_index/resource_index/parent_prefix_path/robotic_arm
[1.474s] -- Installing: /home/andre/ros2_ws/install/robotic_arm/share/robotic_arm/environment/ament_prefix_path.sh
[1.474s] -- Installing: /home/andre/ros2_ws/install/robotic_arm/share/robotic_arm/environment/ament_prefix_path.dsv
[1.476s] -- Installing: /home/andre/ros2_ws/install/robotic_arm/share/robotic_arm/environment/path.sh
[1.476s] -- Installing: /home/andre/ros2_ws/install/robotic_arm/share/robotic_arm/environment/path.dsv
[1.476s] -- Installing: /home/andre/ros2_ws/install/robotic_arm/share/robotic_arm/local_setup.bash
[1.477s] -- Installing: /home/andre/ros2_ws/install/robotic_arm/share/robotic_arm/local_setup.sh
[1.477s] -- Installing: /home/andre/ros2_ws/install/robotic_arm/share/robotic_arm/local_setup.zsh
[1.478s] -- Installing: /home/andre/ros2_ws/install/robotic_arm/share/robotic_arm/local_setup.dsv
[1.478s] -- Installing: /home/andre/ros2_ws/install/robotic_arm/share/robotic_arm/package.dsv
[1.478s] -- Installing: /home/andre/ros2_ws/install/robotic_arm/share/ament_index/resource_index/packages/robotic_arm
[1.478s] -- Installing: /home/andre/ros2_ws/install/robotic_arm/share/robotic_arm/cmake/robotic_armConfig.cmake
[1.478s] -- Installing: /home/andre/ros2_ws/install/robotic_arm/share/robotic_arm/cmake/robotic_armConfig-version.cmake
[1.478s] -- Installing: /home/andre/ros2_ws/install/robotic_arm/share/robotic_arm/package.xml
[1.484s] Invoked command in '/home/andre/ros2_ws/build/robotic_arm' returned '0': AMENT_PREFIX_PATH=/home/andre/ros2_ws/install/gazebo:${AMENT_PREFIX_PATH} CMAKE_PREFIX_PATH=/home/andre/ros2_ws/install/gazebo:/opt/ros/jazzy/opt/gz_sim_vendor:/opt/ros/jazzy/opt/gz_sensors_vendor:/opt/ros/jazzy/opt/gz_physics_vendor:/opt/ros/jazzy/opt/sdformat_vendor:/opt/ros/jazzy/opt/gz_gui_vendor:/opt/ros/jazzy/opt/gz_transport_vendor:/opt/ros/jazzy/opt/gz_rendering_vendor:/opt/ros/jazzy/opt/gz_plugin_vendor:/opt/ros/jazzy/opt/gz_fuel_tools_vendor:/opt/ros/jazzy/opt/gz_msgs_vendor:/opt/ros/jazzy/opt/gz_common_vendor:/opt/ros/jazzy/opt/gz_math_vendor:/opt/ros/jazzy/opt/gz_utils_vendor:/opt/ros/jazzy/opt/gz_tools_vendor:/opt/ros/jazzy/opt/gz_ogre_next_vendor:/opt/ros/jazzy/opt/gz_dartsim_vendor:/opt/ros/jazzy/opt/gz_cmake_vendor:/home/andre/ros2_ws/install/pose_printer:/opt/ros/jazzy DEBUGINFOD_URLS=https://debuginfod.ubuntu.com /usr/bin/cmake --install /home/andre/ros2_ws/build/robotic_arm
