[ 50%] [32mBuilding CXX object CMakeFiles/imu_controller.dir/src/imu_controller.cpp.o[0m
[100%] [32m[1mLinking CXX executable imu_controller[0m
[100%] Built target imu_controller
-- Install configuration: ""
-- Installing: /home/bot/ros2_ws/install/imu_controller/lib/imu_controller/imu_controller
-- Set non-toolchain portion of runtime path of "/home/bot/ros2_ws/install/imu_controller/lib/imu_controller/imu_controller" to ""
-- Up-to-date: /home/bot/ros2_ws/install/imu_controller/share/ament_index/resource_index/package_run_dependencies/imu_controller
-- Up-to-date: /home/bot/ros2_ws/install/imu_controller/share/ament_index/resource_index/parent_prefix_path/imu_controller
-- Up-to-date: /home/bot/ros2_ws/install/imu_controller/share/imu_controller/environment/ament_prefix_path.sh
-- Up-to-date: /home/bot/ros2_ws/install/imu_controller/share/imu_controller/environment/ament_prefix_path.dsv
-- Up-to-date: /home/bot/ros2_ws/install/imu_controller/share/imu_controller/environment/path.sh
-- Up-to-date: /home/bot/ros2_ws/install/imu_controller/share/imu_controller/environment/path.dsv
-- Up-to-date: /home/bot/ros2_ws/install/imu_controller/share/imu_controller/local_setup.bash
-- Up-to-date: /home/bot/ros2_ws/install/imu_controller/share/imu_controller/local_setup.sh
-- Up-to-date: /home/bot/ros2_ws/install/imu_controller/share/imu_controller/local_setup.zsh
-- Up-to-date: /home/bot/ros2_ws/install/imu_controller/share/imu_controller/local_setup.dsv
-- Installing: /home/bot/ros2_ws/install/imu_controller/share/imu_controller/package.dsv
-- Up-to-date: /home/bot/ros2_ws/install/imu_controller/share/ament_index/resource_index/packages/imu_controller
-- Up-to-date: /home/bot/ros2_ws/install/imu_controller/share/imu_controller/cmake/imu_controllerConfig.cmake
-- Up-to-date: /home/bot/ros2_ws/install/imu_controller/share/imu_controller/cmake/imu_controllerConfig-version.cmake
-- Up-to-date: /home/bot/ros2_ws/install/imu_controller/share/imu_controller/package.xml
