[0.076s] Invoking command in '/home/bot/ros2_ws/build/robotic_arm_moveit': CMAKE_PREFIX_PATH=${CMAKE_PREFIX_PATH}:/home/bot/ros2_ws/install/mqtt_imu:/home/bot/ros2_ws/install/pose_printer:/home/bot/ros2_ws/install/moveit_controls:/opt/ros/jazzy DEBUGINFOD_URLS=https://debuginfod.ubuntu.com /usr/bin/cmake /home/bot/ros2_ws/src/robotic_arm_moveit -DCMAKE_INSTALL_PREFIX=/home/bot/ros2_ws/install/robotic_arm_moveit
[1.287s] -- The C compiler identification is GNU 13.3.0
[1.857s] -- The CXX compiler identification is GNU 13.3.0
[2.097s] -- Detecting C compiler ABI info
[3.333s] -- Detecting C compiler ABI info - done
[3.413s] -- Check for working C compiler: /usr/bin/cc - skipped
[3.416s] -- Detecting C compile features
[3.420s] -- Detecting C compile features - done
[3.540s] -- Detecting CXX compiler ABI info
[4.852s] -- Detecting CXX compiler ABI info - done
[4.925s] -- Check for working CXX compiler: /usr/bin/c++ - skipped
[4.931s] -- Detecting CXX compile features
[4.934s] -- Detecting CXX compile features - done
[4.981s] -- Found ament_cmake: 2.5.4 (/opt/ros/jazzy/share/ament_cmake/cmake)
[6.938s] -- Found Python3: /usr/bin/python3 (found version "3.12.3") found components: Interpreter 
[9.126s] -- Found moveit_ros_planning_interface: 2.12.3 (/opt/ros/jazzy/share/moveit_ros_planning_interface/cmake)
[10.811s] -- Found Boost: /usr/lib/aarch64-linux-gnu/cmake/Boost-1.83.0/BoostConfig.cmake (found version "1.83.0") found components: date_time filesystem program_options system thread 
[12.613s] -- Found rosidl_generator_c: 4.6.6 (/opt/ros/jazzy/share/rosidl_generator_c/cmake)
[13.158s] -- Found rosidl_generator_cpp: 4.6.6 (/opt/ros/jazzy/share/rosidl_generator_cpp/cmake)
[13.880s] -- Using all available rosidl_typesupport_c: rosidl_typesupport_fastrtps_c;rosidl_typesupport_introspection_c
[14.441s] -- Using all available rosidl_typesupport_cpp: rosidl_typesupport_fastrtps_cpp;rosidl_typesupport_introspection_cpp
[25.941s] -- Found Boost: /usr/lib/aarch64-linux-gnu/cmake/Boost-1.83.0/BoostConfig.cmake (found version "1.83.0") found components: chrono date_time filesystem iostreams program_options regex serialization system thread 
[27.218s] -- Found parameter_traits: 0.5.0 (/opt/ros/jazzy/share/parameter_traits/cmake)
[28.266s] -- Found rmw_implementation_cmake: 7.3.2 (/opt/ros/jazzy/share/rmw_implementation_cmake/cmake)
[28.339s] -- Found rmw_fastrtps_cpp: 8.4.3 (/opt/ros/jazzy/share/rmw_fastrtps_cpp/cmake)
[29.523s] -- Found OpenSSL: /usr/lib/aarch64-linux-gnu/libcrypto.so (found version "3.0.13")  
[29.715s] -- Found FastRTPS: /opt/ros/jazzy/include (Required is at least version "2.13") 
[29.907s] -- Using RMW implementation 'rmw_fastrtps_cpp' as default
[32.254s] -- Found rclcpp_lifecycle: 28.1.13 (/opt/ros/jazzy/share/rclcpp_lifecycle/cmake)
[32.852s] -- Found Boost: /usr/lib/aarch64-linux-gnu/cmake/Boost-1.83.0/BoostConfig.cmake (found version "1.83.0") found components: filesystem 
[33.807s] -- Found Eigen3: TRUE (found version "3.4.0") 
[33.810s] -- Ensuring Eigen3 include directory is part of orocos-kdl CMake target
[35.608s] -- Found Boost: /usr/lib/aarch64-linux-gnu/cmake/Boost-1.83.0/BoostConfig.cmake (found version "1.83.0") found components: system filesystem date_time program_options thread chrono 
[35.898s] -- Found Boost: /usr/lib/aarch64-linux-gnu/cmake/Boost-1.83.0/BoostConfig.cmake (found version "1.83.0") found components: thread system filesystem regex date_time program_options 
[36.105s] -- Found Boost: /usr/lib/aarch64-linux-gnu/cmake/Boost-1.83.0/BoostConfig.cmake (found version "1.83.0") found components: system filesystem date_time program_options thread 
[36.388s] -- Found ament_lint_auto: 0.17.3 (/opt/ros/jazzy/share/ament_lint_auto/cmake)
[37.454s] -- Added test 'cppcheck' to perform static code analysis on C / C++ code
[37.456s] -- Configured cppcheck include dirs: $<BUILD_INTERFACE:/home/bot/ros2_ws/src/robotic_arm_moveit/include>
[37.456s] -- Configured cppcheck exclude dirs and/or files: 
[37.464s] -- Added test 'lint_cmake' to check CMake code style
[37.474s] -- Added test 'uncrustify' to check C / C++ code style
[37.475s] -- Configured uncrustify additional arguments: 
[37.489s] -- Added test 'xmllint' to check XML markup files
[37.508s] -- Configuring done (37.4s)
[37.752s] -- Generating done (0.1s)
[37.786s] -- Build files have been written to: /home/bot/ros2_ws/build/robotic_arm_moveit
[37.881s] Invoked command in '/home/bot/ros2_ws/build/robotic_arm_moveit' returned '0': CMAKE_PREFIX_PATH=${CMAKE_PREFIX_PATH}:/home/bot/ros2_ws/install/mqtt_imu:/home/bot/ros2_ws/install/pose_printer:/home/bot/ros2_ws/install/moveit_controls:/opt/ros/jazzy DEBUGINFOD_URLS=https://debuginfod.ubuntu.com /usr/bin/cmake /home/bot/ros2_ws/src/robotic_arm_moveit -DCMAKE_INSTALL_PREFIX=/home/bot/ros2_ws/install/robotic_arm_moveit
[37.884s] Invoking command in '/home/bot/ros2_ws/build/robotic_arm_moveit': CMAKE_PREFIX_PATH=${CMAKE_PREFIX_PATH}:/home/bot/ros2_ws/install/mqtt_imu:/home/bot/ros2_ws/install/pose_printer:/home/bot/ros2_ws/install/moveit_controls:/opt/ros/jazzy DEBUGINFOD_URLS=https://debuginfod.ubuntu.com /usr/bin/cmake --build /home/bot/ros2_ws/build/robotic_arm_moveit -- -j4 -l4
[38.302s] [ 50%] [32mBuilding CXX object CMakeFiles/robotic_arm_moveit.dir/src/robotic_arm_moveit.cpp.o[0m
[63.035s] In file included from [01m[K/home/bot/ros2_ws/src/robotic_arm_moveit/src/robotic_arm_moveit.cpp:4[m[K:
[63.037s] [01m[K/opt/ros/jazzy/include/moveit_ros_planning_interface/moveit/move_group_interface/move_group_interface.h:51:77:[m[K [01;36m[Knote: [m[K‘[01m[K#pragma message: .h header is obsolete. Please use the .hpp header instead.[m[K’
[63.038s]    51 | #pragma message(".h header is obsolete. Please use the .hpp header instead."[01;36m[K)[m[K
[63.038s]       |                                                                             [01;36m[K^[m[K
[87.183s] [100%] [32m[1mLinking CXX executable robotic_arm_moveit[0m
[92.403s] [100%] Built target robotic_arm_moveit
[92.464s] Invoked command in '/home/bot/ros2_ws/build/robotic_arm_moveit' returned '0': CMAKE_PREFIX_PATH=${CMAKE_PREFIX_PATH}:/home/bot/ros2_ws/install/mqtt_imu:/home/bot/ros2_ws/install/pose_printer:/home/bot/ros2_ws/install/moveit_controls:/opt/ros/jazzy DEBUGINFOD_URLS=https://debuginfod.ubuntu.com /usr/bin/cmake --build /home/bot/ros2_ws/build/robotic_arm_moveit -- -j4 -l4
[92.473s] Invoking command in '/home/bot/ros2_ws/build/robotic_arm_moveit': CMAKE_PREFIX_PATH=${CMAKE_PREFIX_PATH}:/home/bot/ros2_ws/install/mqtt_imu:/home/bot/ros2_ws/install/pose_printer:/home/bot/ros2_ws/install/moveit_controls:/opt/ros/jazzy DEBUGINFOD_URLS=https://debuginfod.ubuntu.com /usr/bin/cmake --install /home/bot/ros2_ws/build/robotic_arm_moveit
[92.515s] -- Install configuration: ""
[92.516s] -- Installing: /home/bot/ros2_ws/install/robotic_arm_moveit/lib/robotic_arm_moveit/robotic_arm_moveit
[92.522s] -- Set non-toolchain portion of runtime path of "/home/bot/ros2_ws/install/robotic_arm_moveit/lib/robotic_arm_moveit/robotic_arm_moveit" to ""
[92.524s] -- Installing: /home/bot/ros2_ws/install/robotic_arm_moveit/share/ament_index/resource_index/package_run_dependencies/robotic_arm_moveit
[92.527s] -- Installing: /home/bot/ros2_ws/install/robotic_arm_moveit/share/ament_index/resource_index/parent_prefix_path/robotic_arm_moveit
[92.528s] -- Installing: /home/bot/ros2_ws/install/robotic_arm_moveit/share/robotic_arm_moveit/environment/ament_prefix_path.sh
[92.530s] -- Installing: /home/bot/ros2_ws/install/robotic_arm_moveit/share/robotic_arm_moveit/environment/ament_prefix_path.dsv
[92.531s] -- Installing: /home/bot/ros2_ws/install/robotic_arm_moveit/share/robotic_arm_moveit/environment/path.sh
[92.532s] -- Installing: /home/bot/ros2_ws/install/robotic_arm_moveit/share/robotic_arm_moveit/environment/path.dsv
[92.533s] -- Installing: /home/bot/ros2_ws/install/robotic_arm_moveit/share/robotic_arm_moveit/local_setup.bash
[92.534s] -- Installing: /home/bot/ros2_ws/install/robotic_arm_moveit/share/robotic_arm_moveit/local_setup.sh
[92.535s] -- Installing: /home/bot/ros2_ws/install/robotic_arm_moveit/share/robotic_arm_moveit/local_setup.zsh
[92.537s] -- Installing: /home/bot/ros2_ws/install/robotic_arm_moveit/share/robotic_arm_moveit/local_setup.dsv
[92.538s] -- Installing: /home/bot/ros2_ws/install/robotic_arm_moveit/share/robotic_arm_moveit/package.dsv
[92.539s] -- Installing: /home/bot/ros2_ws/install/robotic_arm_moveit/share/ament_index/resource_index/packages/robotic_arm_moveit
[92.541s] -- Installing: /home/bot/ros2_ws/install/robotic_arm_moveit/share/robotic_arm_moveit/cmake/robotic_arm_moveitConfig.cmake
[92.542s] -- Installing: /home/bot/ros2_ws/install/robotic_arm_moveit/share/robotic_arm_moveit/cmake/robotic_arm_moveitConfig-version.cmake
[92.543s] -- Installing: /home/bot/ros2_ws/install/robotic_arm_moveit/share/robotic_arm_moveit/package.xml
[92.551s] Invoked command in '/home/bot/ros2_ws/build/robotic_arm_moveit' returned '0': CMAKE_PREFIX_PATH=${CMAKE_PREFIX_PATH}:/home/bot/ros2_ws/install/mqtt_imu:/home/bot/ros2_ws/install/pose_printer:/home/bot/ros2_ws/install/moveit_controls:/opt/ros/jazzy DEBUGINFOD_URLS=https://debuginfod.ubuntu.com /usr/bin/cmake --install /home/bot/ros2_ws/build/robotic_arm_moveit
