CMake Warning at CMakeLists.txt:86 (add_library):
  Cannot generate a safe runtime search path for target ros_gz_bridge because
  files in some directories may conflict with libraries in implicit
  directories:

    runtime library [libuuid.so.1] in /usr/lib/x86_64-linux-gnu may be hidden by files in:
      /home/andre/miniconda3/lib

  Some of these libraries may not be found correctly.


CMake Warning at CMakeLists.txt:151 (add_executable):
  Cannot generate a safe runtime search path for target parameter_bridge
  because files in some directories may conflict with libraries in implicit
  directories:

    runtime library [libuuid.so.1] in /usr/lib/x86_64-linux-gnu may be hidden by files in:
      /home/andre/miniconda3/lib

  Some of these libraries may not be found correctly.


CMake Warning at CMakeLists.txt:151 (add_executable):
  Cannot generate a safe runtime search path for target static_bridge because
  files in some directories may conflict with libraries in implicit
  directories:

    runtime library [libuuid.so.1] in /usr/lib/x86_64-linux-gnu may be hidden by files in:
      /home/andre/miniconda3/lib

  Some of these libraries may not be found correctly.


CMake Warning at CMakeLists.txt:151 (add_executable):
  Cannot generate a safe runtime search path for target bridge_types because
  files in some directories may conflict with libraries in implicit
  directories:

    runtime library [libuuid.so.1] in /usr/lib/x86_64-linux-gnu may be hidden by files in:
      /home/andre/miniconda3/lib

  Some of these libraries may not be found correctly.


CMake Warning at /opt/ros/jazzy/share/ament_cmake_gtest/cmake/ament_add_gtest_executable.cmake:50 (add_executable):
  Cannot generate a safe runtime search path for target
  test_ros_gz_interfaces because files in some directories may conflict with
  libraries in implicit directories:

    runtime library [libuuid.so.1] in /usr/lib/x86_64-linux-gnu may be hidden by files in:
      /home/andre/miniconda3/lib

  Some of these libraries may not be found correctly.
Call Stack (most recent call first):
  /opt/ros/jazzy/share/ament_cmake_gtest/cmake/ament_add_gtest_executable.cmake:37 (_ament_add_gtest_executable)
  /opt/ros/jazzy/share/ament_cmake_gtest/cmake/ament_add_gtest.cmake:68 (ament_add_gtest_executable)
  CMakeLists.txt:189 (ament_add_gtest)


CMake Warning at /opt/ros/jazzy/share/ament_cmake_gtest/cmake/ament_add_gtest_executable.cmake:50 (add_executable):
  Cannot generate a safe runtime search path for target
  ros_gz_bridge_bridge_config because files in some directories may conflict
  with libraries in implicit directories:

    runtime library [libuuid.so.1] in /usr/lib/x86_64-linux-gnu may be hidden by files in:
      /home/andre/miniconda3/lib

  Some of these libraries may not be found correctly.
Call Stack (most recent call first):
  /opt/ros/jazzy/share/ament_cmake_gtest/cmake/ament_add_gtest_executable.cmake:37 (_ament_add_gtest_executable)
  /opt/ros/jazzy/share/ament_cmake_gtest/cmake/ament_add_gtest.cmake:68 (ament_add_gtest_executable)
  CMakeLists.txt:323 (ament_add_gtest)


Traceback (most recent call last):
  File "/home/andre/ros2_ws/src/external/ros_gz/ros_gz_bridge/bin/ros_gz_bridge_generate_factories", line 25, in <module>
    from ros_gz_bridge import generate_cpp
  File "/home/andre/ros2_ws/src/external/ros_gz/ros_gz_bridge/ros_gz_bridge/__init__.py", line 23, in <module>
    from . import actions
  File "/home/andre/ros2_ws/src/external/ros_gz/ros_gz_bridge/ros_gz_bridge/actions/__init__.py", line 17, in <module>
    from .ros_gz_bridge import RosGzBridge
  File "/home/andre/ros2_ws/src/external/ros_gz/ros_gz_bridge/ros_gz_bridge/actions/ros_gz_bridge.py", line 25, in <module>
    from launch_ros.actions import ComposableNodeContainer, LoadComposableNodes, Node
  File "/opt/ros/jazzy/lib/python3.12/site-packages/launch_ros/__init__.py", line 17, in <module>
    from . import actions
  File "/opt/ros/jazzy/lib/python3.12/site-packages/launch_ros/actions/__init__.py", line 17, in <module>
    from .composable_node_container import ComposableNodeContainer
  File "/opt/ros/jazzy/lib/python3.12/site-packages/launch_ros/actions/composable_node_container.py", line 27, in <module>
    from .node import Node
  File "/opt/ros/jazzy/lib/python3.12/site-packages/launch_ros/actions/node.py", line 51, in <module>
    from launch_ros.utilities import add_node_name
  File "/opt/ros/jazzy/lib/python3.12/site-packages/launch_ros/utilities/__init__.py", line 22, in <module>
    from .lifecycle_event_manager import LifecycleEventManager
  File "/opt/ros/jazzy/lib/python3.12/site-packages/launch_ros/utilities/lifecycle_event_manager.py", line 30, in <module>
    from ..ros_adapters import get_ros_node
  File "/opt/ros/jazzy/lib/python3.12/site-packages/launch_ros/ros_adapters.py", line 25, in <module>
    import rclpy
  File "/opt/ros/jazzy/lib/python3.12/site-packages/rclpy/__init__.py", line 49, in <module>
    from rclpy.signals import install_signal_handlers
  File "/opt/ros/jazzy/lib/python3.12/site-packages/rclpy/signals.py", line 15, in <module>
    from rclpy.exceptions import InvalidHandle
  File "/opt/ros/jazzy/lib/python3.12/site-packages/rclpy/exceptions.py", line 16, in <module>
    from rclpy.impl.implementation_singleton import rclpy_implementation as _rclpy
  File "/opt/ros/jazzy/lib/python3.12/site-packages/rclpy/impl/implementation_singleton.py", line 32, in <module>
    rclpy_implementation = import_c_library('._rclpy_pybind11', package)
  File "/opt/ros/jazzy/lib/python3.12/site-packages/rpyutils/import_c_library.py", line 39, in import_c_library
    return importlib.import_module(name, package=package)
           ~~~~~~~~~~~~~~~~~~~~~~~^^^^^^^^^^^^^^^^^^^^^^^
  File "/home/andre/miniconda3/lib/python3.13/importlib/__init__.py", line 88, in import_module
    return _bootstrap._gcd_import(name[level:], package, level)
           ~~~~~~~~~~~~~~~~~~~~~~^^^^^^^^^^^^^^^^^^^^^^^^^^^^^^
ModuleNotFoundError: No module named 'rclpy._rclpy_pybind11'
The C extension '/opt/ros/jazzy/lib/python3.12/site-packages/_rclpy_pybind11.cpython-313-x86_64-linux-gnu.so' isn't present on the system. Please refer to 'https://docs.ros.org/en/jazzy/How-To-Guides/Installation-Troubleshooting.html#import-failing-without-library-present-on-the-system' for possible solutions
gmake[2]: *** [CMakeFiles/ros_gz_bridge.dir/build.make:80: generated/get_factory.cpp] Error 1
gmake[1]: *** [CMakeFiles/Makefile2:267: CMakeFiles/ros_gz_bridge.dir/all] Error 2
gmake[1]: *** Waiting for unfinished jobs....
gmake: *** [Makefile:146: all] Error 2
