[0.020s] Invoking command in '/home/andre/ros2_ws/src/build/moveit_simple_controller_manager': AMENT_PREFIX_PATH=/home/andre/ros2_ws/src/install/moveit_core:/home/andre/ros2_ws/src/install/moveit_resources_panda_moveit_config:/home/andre/ros2_ws/src/install/moveit_resources_pr2_description:/home/andre/ros2_ws/src/install/moveit_resources_panda_description:/home/andre/ros2_ws/src/install/moveit_msgs:/home/andre/ros2_ws/src/install/moveit_common:${AMENT_PREFIX_PATH} CMAKE_PREFIX_PATH=/home/andre/ros2_ws/src/install/moveit_core:/home/andre/ros2_ws/src/install/moveit_resources_panda_moveit_config:/home/andre/ros2_ws/src/install/moveit_resources_pr2_description:/home/andre/ros2_ws/src/install/moveit_resources_panda_description:/home/andre/ros2_ws/src/install/moveit_msgs:/home/andre/ros2_ws/src/install/moveit_common:/home/andre/ros2_ws/install:/opt/ros/jazzy/opt/gz_sim_vendor:/opt/ros/jazzy/opt/gz_sensors_vendor:/opt/ros/jazzy/opt/gz_physics_vendor:/opt/ros/jazzy/opt/sdformat_vendor:/opt/ros/jazzy/opt/gz_gui_vendor:/opt/ros/jazzy/opt/gz_transport_vendor:/opt/ros/jazzy/opt/gz_rendering_vendor:/opt/ros/jazzy/opt/gz_plugin_vendor:/opt/ros/jazzy/opt/gz_fuel_tools_vendor:/opt/ros/jazzy/opt/gz_msgs_vendor:/opt/ros/jazzy/opt/gz_common_vendor:/opt/ros/jazzy/opt/gz_math_vendor:/opt/ros/jazzy/opt/gz_utils_vendor:/opt/ros/jazzy/opt/gz_tools_vendor:/opt/ros/jazzy/opt/gz_ogre_next_vendor:/opt/ros/jazzy/opt/gz_dartsim_vendor:/opt/ros/jazzy/opt/gz_cmake_vendor:/opt/ros/jazzy DEBUGINFOD_URLS=https://debuginfod.ubuntu.com LD_LIBRARY_PATH=/home/andre/ros2_ws/src/install/moveit_core/lib:/home/andre/ros2_ws/src/install/moveit_msgs/lib:${LD_LIBRARY_PATH} PATH=/home/andre/ros2_ws/src/install/moveit_core/bin:${PATH} PYTHONPATH=/home/andre/ros2_ws/src/install/moveit_msgs/lib/python3.12/site-packages:${PYTHONPATH} /usr/bin/cmake /home/andre/ros2_ws/src/moveit2/moveit_plugins/moveit_simple_controller_manager -DCMAKE_BUILD_TYPE=Release -DCMAKE_INSTALL_PREFIX=/home/andre/ros2_ws/src/install/moveit_simple_controller_manager
[0.103s] -- The CXX compiler identification is GNU 13.3.0
[0.120s] -- Detecting CXX compiler ABI info
[0.247s] -- Detecting CXX compiler ABI info - done
[0.259s] -- Check for working CXX compiler: /usr/bin/c++ - skipped
[0.259s] -- Detecting CXX compile features
[0.260s] -- Detecting CXX compile features - done
[0.262s] -- Found moveit_common: 2.14.1 (/home/andre/ros2_ws/src/install/moveit_common/share/moveit_common/cmake)
[0.266s] -- Found ament_cmake: 2.5.4 (/opt/ros/jazzy/share/ament_cmake/cmake)
[0.562s] -- Found Python3: /usr/bin/python3 (found version "3.12.3") found components: Interpreter 
[0.885s] -- Found moveit_core: 2.14.1 (/home/andre/ros2_ws/src/install/moveit_core/share/moveit_core/cmake)
[1.137s] -- Found Boost: /usr/lib/x86_64-linux-gnu/cmake/Boost-1.83.0/BoostConfig.cmake (found version "1.83.0") found components: chrono date_time filesystem iostreams program_options regex serialization system thread 
[1.357s] -- Found parameter_traits: 0.5.0 (/opt/ros/jazzy/share/parameter_traits/cmake)
[1.436s] -- Found rosidl_generator_c: 4.6.6 (/opt/ros/jazzy/share/rosidl_generator_c/cmake)
[1.463s] -- Found rosidl_generator_cpp: 4.6.6 (/opt/ros/jazzy/share/rosidl_generator_cpp/cmake)
[1.489s] -- Using all available rosidl_typesupport_c: rosidl_typesupport_fastrtps_c;rosidl_typesupport_introspection_c
[1.519s] -- Using all available rosidl_typesupport_cpp: rosidl_typesupport_fastrtps_cpp;rosidl_typesupport_introspection_cpp
[1.673s] -- Found rmw_implementation_cmake: 7.3.2 (/opt/ros/jazzy/share/rmw_implementation_cmake/cmake)
[1.682s] -- Found rmw_fastrtps_cpp: 8.4.3 (/opt/ros/jazzy/share/rmw_fastrtps_cpp/cmake)
[1.800s] -- Found OpenSSL: /usr/lib/x86_64-linux-gnu/libcrypto.so (found version "3.0.13")  
[1.824s] -- Found FastRTPS: /opt/ros/jazzy/include (Required is at least version "2.13") 
[1.857s] -- Using RMW implementation 'rmw_fastrtps_cpp' as default
[2.002s] -- Found rclcpp_lifecycle: 28.1.13 (/opt/ros/jazzy/share/rclcpp_lifecycle/cmake)
[2.062s] -- Found Boost: /usr/lib/x86_64-linux-gnu/cmake/Boost-1.83.0/BoostConfig.cmake (found version "1.83.0") found components: filesystem 
[2.298s] -- Found Eigen3: TRUE (found version "3.4.0") 
[2.298s] -- Ensuring Eigen3 include directory is part of orocos-kdl CMake target
[2.897s] -- Found control_msgs: 5.5.0 (/opt/ros/jazzy/share/control_msgs/cmake)
[2.995s] -- Found Boost: /usr/lib/x86_64-linux-gnu/cmake/Boost-1.83.0/BoostConfig.cmake (found version "1.83.0") found components: thread 
[3.026s] -- Configuring done (3.0s)
[3.105s] -- Generating done (0.1s)
[3.132s] -- Build files have been written to: /home/andre/ros2_ws/src/build/moveit_simple_controller_manager
[3.189s] Invoked command in '/home/andre/ros2_ws/src/build/moveit_simple_controller_manager' returned '0': AMENT_PREFIX_PATH=/home/andre/ros2_ws/src/install/moveit_core:/home/andre/ros2_ws/src/install/moveit_resources_panda_moveit_config:/home/andre/ros2_ws/src/install/moveit_resources_pr2_description:/home/andre/ros2_ws/src/install/moveit_resources_panda_description:/home/andre/ros2_ws/src/install/moveit_msgs:/home/andre/ros2_ws/src/install/moveit_common:${AMENT_PREFIX_PATH} CMAKE_PREFIX_PATH=/home/andre/ros2_ws/src/install/moveit_core:/home/andre/ros2_ws/src/install/moveit_resources_panda_moveit_config:/home/andre/ros2_ws/src/install/moveit_resources_pr2_description:/home/andre/ros2_ws/src/install/moveit_resources_panda_description:/home/andre/ros2_ws/src/install/moveit_msgs:/home/andre/ros2_ws/src/install/moveit_common:/home/andre/ros2_ws/install:/opt/ros/jazzy/opt/gz_sim_vendor:/opt/ros/jazzy/opt/gz_sensors_vendor:/opt/ros/jazzy/opt/gz_physics_vendor:/opt/ros/jazzy/opt/sdformat_vendor:/opt/ros/jazzy/opt/gz_gui_vendor:/opt/ros/jazzy/opt/gz_transport_vendor:/opt/ros/jazzy/opt/gz_rendering_vendor:/opt/ros/jazzy/opt/gz_plugin_vendor:/opt/ros/jazzy/opt/gz_fuel_tools_vendor:/opt/ros/jazzy/opt/gz_msgs_vendor:/opt/ros/jazzy/opt/gz_common_vendor:/opt/ros/jazzy/opt/gz_math_vendor:/opt/ros/jazzy/opt/gz_utils_vendor:/opt/ros/jazzy/opt/gz_tools_vendor:/opt/ros/jazzy/opt/gz_ogre_next_vendor:/opt/ros/jazzy/opt/gz_dartsim_vendor:/opt/ros/jazzy/opt/gz_cmake_vendor:/opt/ros/jazzy DEBUGINFOD_URLS=https://debuginfod.ubuntu.com LD_LIBRARY_PATH=/home/andre/ros2_ws/src/install/moveit_core/lib:/home/andre/ros2_ws/src/install/moveit_msgs/lib:${LD_LIBRARY_PATH} PATH=/home/andre/ros2_ws/src/install/moveit_core/bin:${PATH} PYTHONPATH=/home/andre/ros2_ws/src/install/moveit_msgs/lib/python3.12/site-packages:${PYTHONPATH} /usr/bin/cmake /home/andre/ros2_ws/src/moveit2/moveit_plugins/moveit_simple_controller_manager -DCMAKE_BUILD_TYPE=Release -DCMAKE_INSTALL_PREFIX=/home/andre/ros2_ws/src/install/moveit_simple_controller_manager
[3.190s] Invoking command in '/home/andre/ros2_ws/src/build/moveit_simple_controller_manager': AMENT_PREFIX_PATH=/home/andre/ros2_ws/src/install/moveit_core:/home/andre/ros2_ws/src/install/moveit_resources_panda_moveit_config:/home/andre/ros2_ws/src/install/moveit_resources_pr2_description:/home/andre/ros2_ws/src/install/moveit_resources_panda_description:/home/andre/ros2_ws/src/install/moveit_msgs:/home/andre/ros2_ws/src/install/moveit_common:${AMENT_PREFIX_PATH} CMAKE_PREFIX_PATH=/home/andre/ros2_ws/src/install/moveit_core:/home/andre/ros2_ws/src/install/moveit_resources_panda_moveit_config:/home/andre/ros2_ws/src/install/moveit_resources_pr2_description:/home/andre/ros2_ws/src/install/moveit_resources_panda_description:/home/andre/ros2_ws/src/install/moveit_msgs:/home/andre/ros2_ws/src/install/moveit_common:/home/andre/ros2_ws/install:/opt/ros/jazzy/opt/gz_sim_vendor:/opt/ros/jazzy/opt/gz_sensors_vendor:/opt/ros/jazzy/opt/gz_physics_vendor:/opt/ros/jazzy/opt/sdformat_vendor:/opt/ros/jazzy/opt/gz_gui_vendor:/opt/ros/jazzy/opt/gz_transport_vendor:/opt/ros/jazzy/opt/gz_rendering_vendor:/opt/ros/jazzy/opt/gz_plugin_vendor:/opt/ros/jazzy/opt/gz_fuel_tools_vendor:/opt/ros/jazzy/opt/gz_msgs_vendor:/opt/ros/jazzy/opt/gz_common_vendor:/opt/ros/jazzy/opt/gz_math_vendor:/opt/ros/jazzy/opt/gz_utils_vendor:/opt/ros/jazzy/opt/gz_tools_vendor:/opt/ros/jazzy/opt/gz_ogre_next_vendor:/opt/ros/jazzy/opt/gz_dartsim_vendor:/opt/ros/jazzy/opt/gz_cmake_vendor:/opt/ros/jazzy DEBUGINFOD_URLS=https://debuginfod.ubuntu.com LD_LIBRARY_PATH=/home/andre/ros2_ws/src/install/moveit_core/lib:/home/andre/ros2_ws/src/install/moveit_msgs/lib:${LD_LIBRARY_PATH} PATH=/home/andre/ros2_ws/src/install/moveit_core/bin:${PATH} PYTHONPATH=/home/andre/ros2_ws/src/install/moveit_msgs/lib/python3.12/site-packages:${PYTHONPATH} /usr/bin/cmake --build /home/andre/ros2_ws/src/build/moveit_simple_controller_manager -- -j4 -l4
[3.326s] [ 33%] [32mBuilding CXX object CMakeFiles/moveit_simple_controller_manager.dir/src/follow_joint_trajectory_controller_handle.cpp.o[0m
[3.327s] [ 66%] [32mBuilding CXX object CMakeFiles/moveit_simple_controller_manager.dir/src/moveit_simple_controller_manager.cpp.o[0m
[42.237s] [100%] [32m[1mLinking CXX shared library libmoveit_simple_controller_manager.so[0m
[42.894s] [100%] Built target moveit_simple_controller_manager
[42.930s] Invoked command in '/home/andre/ros2_ws/src/build/moveit_simple_controller_manager' returned '0': AMENT_PREFIX_PATH=/home/andre/ros2_ws/src/install/moveit_core:/home/andre/ros2_ws/src/install/moveit_resources_panda_moveit_config:/home/andre/ros2_ws/src/install/moveit_resources_pr2_description:/home/andre/ros2_ws/src/install/moveit_resources_panda_description:/home/andre/ros2_ws/src/install/moveit_msgs:/home/andre/ros2_ws/src/install/moveit_common:${AMENT_PREFIX_PATH} CMAKE_PREFIX_PATH=/home/andre/ros2_ws/src/install/moveit_core:/home/andre/ros2_ws/src/install/moveit_resources_panda_moveit_config:/home/andre/ros2_ws/src/install/moveit_resources_pr2_description:/home/andre/ros2_ws/src/install/moveit_resources_panda_description:/home/andre/ros2_ws/src/install/moveit_msgs:/home/andre/ros2_ws/src/install/moveit_common:/home/andre/ros2_ws/install:/opt/ros/jazzy/opt/gz_sim_vendor:/opt/ros/jazzy/opt/gz_sensors_vendor:/opt/ros/jazzy/opt/gz_physics_vendor:/opt/ros/jazzy/opt/sdformat_vendor:/opt/ros/jazzy/opt/gz_gui_vendor:/opt/ros/jazzy/opt/gz_transport_vendor:/opt/ros/jazzy/opt/gz_rendering_vendor:/opt/ros/jazzy/opt/gz_plugin_vendor:/opt/ros/jazzy/opt/gz_fuel_tools_vendor:/opt/ros/jazzy/opt/gz_msgs_vendor:/opt/ros/jazzy/opt/gz_common_vendor:/opt/ros/jazzy/opt/gz_math_vendor:/opt/ros/jazzy/opt/gz_utils_vendor:/opt/ros/jazzy/opt/gz_tools_vendor:/opt/ros/jazzy/opt/gz_ogre_next_vendor:/opt/ros/jazzy/opt/gz_dartsim_vendor:/opt/ros/jazzy/opt/gz_cmake_vendor:/opt/ros/jazzy DEBUGINFOD_URLS=https://debuginfod.ubuntu.com LD_LIBRARY_PATH=/home/andre/ros2_ws/src/install/moveit_core/lib:/home/andre/ros2_ws/src/install/moveit_msgs/lib:${LD_LIBRARY_PATH} PATH=/home/andre/ros2_ws/src/install/moveit_core/bin:${PATH} PYTHONPATH=/home/andre/ros2_ws/src/install/moveit_msgs/lib/python3.12/site-packages:${PYTHONPATH} /usr/bin/cmake --build /home/andre/ros2_ws/src/build/moveit_simple_controller_manager -- -j4 -l4
[42.930s] Invoking command in '/home/andre/ros2_ws/src/build/moveit_simple_controller_manager': AMENT_PREFIX_PATH=/home/andre/ros2_ws/src/install/moveit_core:/home/andre/ros2_ws/src/install/moveit_resources_panda_moveit_config:/home/andre/ros2_ws/src/install/moveit_resources_pr2_description:/home/andre/ros2_ws/src/install/moveit_resources_panda_description:/home/andre/ros2_ws/src/install/moveit_msgs:/home/andre/ros2_ws/src/install/moveit_common:${AMENT_PREFIX_PATH} CMAKE_PREFIX_PATH=/home/andre/ros2_ws/src/install/moveit_core:/home/andre/ros2_ws/src/install/moveit_resources_panda_moveit_config:/home/andre/ros2_ws/src/install/moveit_resources_pr2_description:/home/andre/ros2_ws/src/install/moveit_resources_panda_description:/home/andre/ros2_ws/src/install/moveit_msgs:/home/andre/ros2_ws/src/install/moveit_common:/home/andre/ros2_ws/install:/opt/ros/jazzy/opt/gz_sim_vendor:/opt/ros/jazzy/opt/gz_sensors_vendor:/opt/ros/jazzy/opt/gz_physics_vendor:/opt/ros/jazzy/opt/sdformat_vendor:/opt/ros/jazzy/opt/gz_gui_vendor:/opt/ros/jazzy/opt/gz_transport_vendor:/opt/ros/jazzy/opt/gz_rendering_vendor:/opt/ros/jazzy/opt/gz_plugin_vendor:/opt/ros/jazzy/opt/gz_fuel_tools_vendor:/opt/ros/jazzy/opt/gz_msgs_vendor:/opt/ros/jazzy/opt/gz_common_vendor:/opt/ros/jazzy/opt/gz_math_vendor:/opt/ros/jazzy/opt/gz_utils_vendor:/opt/ros/jazzy/opt/gz_tools_vendor:/opt/ros/jazzy/opt/gz_ogre_next_vendor:/opt/ros/jazzy/opt/gz_dartsim_vendor:/opt/ros/jazzy/opt/gz_cmake_vendor:/opt/ros/jazzy DEBUGINFOD_URLS=https://debuginfod.ubuntu.com LD_LIBRARY_PATH=/home/andre/ros2_ws/src/install/moveit_core/lib:/home/andre/ros2_ws/src/install/moveit_msgs/lib:${LD_LIBRARY_PATH} PATH=/home/andre/ros2_ws/src/install/moveit_core/bin:${PATH} PYTHONPATH=/home/andre/ros2_ws/src/install/moveit_msgs/lib/python3.12/site-packages:${PYTHONPATH} /usr/bin/cmake --install /home/andre/ros2_ws/src/build/moveit_simple_controller_manager
[42.956s] -- Install configuration: "Release"
[42.956s] -- Installing: /home/andre/ros2_ws/src/install/moveit_simple_controller_manager/lib/libmoveit_simple_controller_manager.so.2.14.1
[42.958s] -- Set non-toolchain portion of runtime path of "/home/andre/ros2_ws/src/install/moveit_simple_controller_manager/lib/libmoveit_simple_controller_manager.so.2.14.1" to ""
[42.958s] -- Installing: /home/andre/ros2_ws/src/install/moveit_simple_controller_manager/lib/libmoveit_simple_controller_manager.so
[42.958s] -- Installing: /home/andre/ros2_ws/src/install/moveit_simple_controller_manager/include/moveit_simple_controller_manager
[42.958s] -- Installing: /home/andre/ros2_ws/src/install/moveit_simple_controller_manager/include/moveit_simple_controller_manager/moveit_simple_controller_manager
[42.958s] -- Installing: /home/andre/ros2_ws/src/install/moveit_simple_controller_manager/include/moveit_simple_controller_manager/moveit_simple_controller_manager/action_based_controller_handle.h
[42.959s] -- Installing: /home/andre/ros2_ws/src/install/moveit_simple_controller_manager/include/moveit_simple_controller_manager/moveit_simple_controller_manager/parallel_gripper_command_controller_handle.hpp
[42.959s] -- Installing: /home/andre/ros2_ws/src/install/moveit_simple_controller_manager/include/moveit_simple_controller_manager/moveit_simple_controller_manager/follow_joint_trajectory_controller_handle.hpp
[42.962s] -- Installing: /home/andre/ros2_ws/src/install/moveit_simple_controller_manager/include/moveit_simple_controller_manager/moveit_simple_controller_manager/empty_controller_handle.h
[42.962s] -- Installing: /home/andre/ros2_ws/src/install/moveit_simple_controller_manager/include/moveit_simple_controller_manager/moveit_simple_controller_manager/follow_joint_trajectory_controller_handle.h
[42.962s] -- Installing: /home/andre/ros2_ws/src/install/moveit_simple_controller_manager/include/moveit_simple_controller_manager/moveit_simple_controller_manager/gripper_controller_handle.h
[42.963s] -- Installing: /home/andre/ros2_ws/src/install/moveit_simple_controller_manager/include/moveit_simple_controller_manager/moveit_simple_controller_manager/gripper_command_controller_handle.hpp
[42.963s] -- Installing: /home/andre/ros2_ws/src/install/moveit_simple_controller_manager/include/moveit_simple_controller_manager/moveit_simple_controller_manager/action_based_controller_handle.hpp
[42.963s] -- Installing: /home/andre/ros2_ws/src/install/moveit_simple_controller_manager/include/moveit_simple_controller_manager/moveit_simple_controller_manager/empty_controller_handle.hpp
[42.963s] -- Installing: /home/andre/ros2_ws/src/install/moveit_simple_controller_manager/share/moveit_simple_controller_manager/environment/library_path.sh
[42.964s] -- Installing: /home/andre/ros2_ws/src/install/moveit_simple_controller_manager/share/moveit_simple_controller_manager/environment/library_path.dsv
[42.964s] -- Installing: /home/andre/ros2_ws/src/install/moveit_simple_controller_manager/share/moveit_simple_controller_manager/moveit_simple_controller_manager_plugin_description.xml
[42.964s] -- Installing: /home/andre/ros2_ws/src/install/moveit_simple_controller_manager/share/ament_index/resource_index/package_run_dependencies/moveit_simple_controller_manager
[42.965s] -- Installing: /home/andre/ros2_ws/src/install/moveit_simple_controller_manager/share/ament_index/resource_index/parent_prefix_path/moveit_simple_controller_manager
[42.965s] -- Installing: /home/andre/ros2_ws/src/install/moveit_simple_controller_manager/share/moveit_simple_controller_manager/environment/ament_prefix_path.sh
[42.968s] -- Installing: /home/andre/ros2_ws/src/install/moveit_simple_controller_manager/share/moveit_simple_controller_manager/environment/ament_prefix_path.dsv
[42.968s] -- Installing: /home/andre/ros2_ws/src/install/moveit_simple_controller_manager/share/moveit_simple_controller_manager/environment/path.sh
[42.968s] -- Installing: /home/andre/ros2_ws/src/install/moveit_simple_controller_manager/share/moveit_simple_controller_manager/environment/path.dsv
[42.968s] -- Installing: /home/andre/ros2_ws/src/install/moveit_simple_controller_manager/share/moveit_simple_controller_manager/local_setup.bash
[42.968s] -- Installing: /home/andre/ros2_ws/src/install/moveit_simple_controller_manager/share/moveit_simple_controller_manager/local_setup.sh
[42.968s] -- Installing: /home/andre/ros2_ws/src/install/moveit_simple_controller_manager/share/moveit_simple_controller_manager/local_setup.zsh
[42.968s] -- Installing: /home/andre/ros2_ws/src/install/moveit_simple_controller_manager/share/moveit_simple_controller_manager/local_setup.dsv
[42.969s] -- Installing: /home/andre/ros2_ws/src/install/moveit_simple_controller_manager/share/moveit_simple_controller_manager/package.dsv
[42.972s] -- Installing: /home/andre/ros2_ws/src/install/moveit_simple_controller_manager/share/ament_index/resource_index/packages/moveit_simple_controller_manager
[42.972s] -- Installing: /home/andre/ros2_ws/src/install/moveit_simple_controller_manager/share/ament_index/resource_index/moveit_core__pluginlib__plugin/moveit_simple_controller_manager
[42.972s] -- Installing: /home/andre/ros2_ws/src/install/moveit_simple_controller_manager/share/moveit_simple_controller_manager/cmake/moveit_simple_controller_managerTargetsExport.cmake
[42.972s] -- Installing: /home/andre/ros2_ws/src/install/moveit_simple_controller_manager/share/moveit_simple_controller_manager/cmake/moveit_simple_controller_managerTargetsExport-release.cmake
[42.972s] -- Installing: /home/andre/ros2_ws/src/install/moveit_simple_controller_manager/share/moveit_simple_controller_manager/cmake/ConfigExtras.cmake
[42.973s] -- Installing: /home/andre/ros2_ws/src/install/moveit_simple_controller_manager/share/moveit_simple_controller_manager/cmake/ament_cmake_export_targets-extras.cmake
[42.973s] -- Installing: /home/andre/ros2_ws/src/install/moveit_simple_controller_manager/share/moveit_simple_controller_manager/cmake/ament_cmake_export_dependencies-extras.cmake
[42.973s] -- Installing: /home/andre/ros2_ws/src/install/moveit_simple_controller_manager/share/moveit_simple_controller_manager/cmake/moveit_simple_controller_managerConfig.cmake
[42.973s] -- Installing: /home/andre/ros2_ws/src/install/moveit_simple_controller_manager/share/moveit_simple_controller_manager/cmake/moveit_simple_controller_managerConfig-version.cmake
[42.973s] -- Installing: /home/andre/ros2_ws/src/install/moveit_simple_controller_manager/share/moveit_simple_controller_manager/package.xml
[42.986s] Invoked command in '/home/andre/ros2_ws/src/build/moveit_simple_controller_manager' returned '0': AMENT_PREFIX_PATH=/home/andre/ros2_ws/src/install/moveit_core:/home/andre/ros2_ws/src/install/moveit_resources_panda_moveit_config:/home/andre/ros2_ws/src/install/moveit_resources_pr2_description:/home/andre/ros2_ws/src/install/moveit_resources_panda_description:/home/andre/ros2_ws/src/install/moveit_msgs:/home/andre/ros2_ws/src/install/moveit_common:${AMENT_PREFIX_PATH} CMAKE_PREFIX_PATH=/home/andre/ros2_ws/src/install/moveit_core:/home/andre/ros2_ws/src/install/moveit_resources_panda_moveit_config:/home/andre/ros2_ws/src/install/moveit_resources_pr2_description:/home/andre/ros2_ws/src/install/moveit_resources_panda_description:/home/andre/ros2_ws/src/install/moveit_msgs:/home/andre/ros2_ws/src/install/moveit_common:/home/andre/ros2_ws/install:/opt/ros/jazzy/opt/gz_sim_vendor:/opt/ros/jazzy/opt/gz_sensors_vendor:/opt/ros/jazzy/opt/gz_physics_vendor:/opt/ros/jazzy/opt/sdformat_vendor:/opt/ros/jazzy/opt/gz_gui_vendor:/opt/ros/jazzy/opt/gz_transport_vendor:/opt/ros/jazzy/opt/gz_rendering_vendor:/opt/ros/jazzy/opt/gz_plugin_vendor:/opt/ros/jazzy/opt/gz_fuel_tools_vendor:/opt/ros/jazzy/opt/gz_msgs_vendor:/opt/ros/jazzy/opt/gz_common_vendor:/opt/ros/jazzy/opt/gz_math_vendor:/opt/ros/jazzy/opt/gz_utils_vendor:/opt/ros/jazzy/opt/gz_tools_vendor:/opt/ros/jazzy/opt/gz_ogre_next_vendor:/opt/ros/jazzy/opt/gz_dartsim_vendor:/opt/ros/jazzy/opt/gz_cmake_vendor:/opt/ros/jazzy DEBUGINFOD_URLS=https://debuginfod.ubuntu.com LD_LIBRARY_PATH=/home/andre/ros2_ws/src/install/moveit_core/lib:/home/andre/ros2_ws/src/install/moveit_msgs/lib:${LD_LIBRARY_PATH} PATH=/home/andre/ros2_ws/src/install/moveit_core/bin:${PATH} PYTHONPATH=/home/andre/ros2_ws/src/install/moveit_msgs/lib/python3.12/site-packages:${PYTHONPATH} /usr/bin/cmake --install /home/andre/ros2_ws/src/build/moveit_simple_controller_manager
