[2.011s] Invoking command in '/home/andre/ros2_ws/src/hardware/pose_printer': CONDA_PROMPT_MODIFIER=(base) DEBUGINFOD_URLS=https://debuginfod.ubuntu.com PYTHONPATH=/home/andre/ros2_ws/build/pose_printer/prefix_override:/usr/lib/python3/dist-packages/colcon_core/task/python/colcon_distutils_commands:/home/andre/ros2_ws/install/pose_printer/lib/python3.12/site-packages:${PYTHONPATH} /usr/bin/python3 -W ignore:setup.py install is deprecated -W ignore:easy_install command is deprecated setup.py egg_info --egg-base ../../../build/pose_printer build --build-base /home/andre/ros2_ws/build/pose_printer/build install --record /home/andre/ros2_ws/build/pose_printer/install.log --single-version-externally-managed install_data
[2.597s] running egg_info
[2.597s] creating ../../../build/pose_printer/pose_printer.egg-info
[2.637s] writing ../../../build/pose_printer/pose_printer.egg-info/PKG-INFO
[2.640s] writing dependency_links to ../../../build/pose_printer/pose_printer.egg-info/dependency_links.txt
[2.640s] writing entry points to ../../../build/pose_printer/pose_printer.egg-info/entry_points.txt
[2.640s] writing requirements to ../../../build/pose_printer/pose_printer.egg-info/requires.txt
[2.640s] writing top-level names to ../../../build/pose_printer/pose_printer.egg-info/top_level.txt
[2.898s] writing manifest file '../../../build/pose_printer/pose_printer.egg-info/SOURCES.txt'
[3.008s] reading manifest file '../../../build/pose_printer/pose_printer.egg-info/SOURCES.txt'
[3.008s] writing manifest file '../../../build/pose_printer/pose_printer.egg-info/SOURCES.txt'
[3.008s] running build
[3.009s] running build_py
[3.009s] creating /home/andre/ros2_ws/build/pose_printer/build
[3.009s] creating /home/andre/ros2_ws/build/pose_printer/build/lib
[3.009s] creating /home/andre/ros2_ws/build/pose_printer/build/lib/pose_printer
[3.009s] copying pose_printer/pose_printer_node.py -> /home/andre/ros2_ws/build/pose_printer/build/lib/pose_printer
[3.009s] copying pose_printer/__init__.py -> /home/andre/ros2_ws/build/pose_printer/build/lib/pose_printer
[3.009s] running install
[3.017s] running install_lib
[3.064s] creating /home/andre/ros2_ws/install/pose_printer/lib/python3.12/site-packages/pose_printer
[3.065s] copying /home/andre/ros2_ws/build/pose_printer/build/lib/pose_printer/pose_printer_node.py -> /home/andre/ros2_ws/install/pose_printer/lib/python3.12/site-packages/pose_printer
[3.065s] copying /home/andre/ros2_ws/build/pose_printer/build/lib/pose_printer/__init__.py -> /home/andre/ros2_ws/install/pose_printer/lib/python3.12/site-packages/pose_printer
[3.066s] byte-compiling /home/andre/ros2_ws/install/pose_printer/lib/python3.12/site-packages/pose_printer/pose_printer_node.py to pose_printer_node.cpython-312.pyc
[3.067s] byte-compiling /home/andre/ros2_ws/install/pose_printer/lib/python3.12/site-packages/pose_printer/__init__.py to __init__.cpython-312.pyc
[3.068s] running install_data
[3.069s] creating /home/andre/ros2_ws/install/pose_printer/share/ament_index
[3.070s] creating /home/andre/ros2_ws/install/pose_printer/share/ament_index/resource_index
[3.071s] creating /home/andre/ros2_ws/install/pose_printer/share/ament_index/resource_index/packages
[3.073s] copying resource/pose_printer -> /home/andre/ros2_ws/install/pose_printer/share/ament_index/resource_index/packages
[3.074s] copying package.xml -> /home/andre/ros2_ws/install/pose_printer/share/pose_printer
[3.074s] running install_egg_info
[3.129s] Copying ../../../build/pose_printer/pose_printer.egg-info to /home/andre/ros2_ws/install/pose_printer/lib/python3.12/site-packages/pose_printer-0.0.0-py3.12.egg-info
[3.133s] running install_scripts
[3.258s] Installing pose_printer script to /home/andre/ros2_ws/install/pose_printer/lib/pose_printer
[3.258s] writing list of installed files to '/home/andre/ros2_ws/build/pose_printer/install.log'
[3.315s] Invoked command in '/home/andre/ros2_ws/src/hardware/pose_printer' returned '0': CONDA_PROMPT_MODIFIER=(base) DEBUGINFOD_URLS=https://debuginfod.ubuntu.com PYTHONPATH=/home/andre/ros2_ws/build/pose_printer/prefix_override:/usr/lib/python3/dist-packages/colcon_core/task/python/colcon_distutils_commands:/home/andre/ros2_ws/install/pose_printer/lib/python3.12/site-packages:${PYTHONPATH} /usr/bin/python3 -W ignore:setup.py install is deprecated -W ignore:easy_install command is deprecated setup.py egg_info --egg-base ../../../build/pose_printer build --build-base /home/andre/ros2_ws/build/pose_printer/build install --record /home/andre/ros2_ws/build/pose_printer/install.log --single-version-externally-managed install_data
