[0.014s] Invoking command in '/home/andre/ros2_ws/src/build/kortex_bringup': AMENT_PREFIX_PATH=/home/andre/ros2_ws/src/install/kortex_driver:/home/andre/ros2_ws/src/install/kortex_description:/home/andre/ros2_ws/src/install/robotiq_description:/home/andre/ros2_ws/src/install/kortex_api:${AMENT_PREFIX_PATH} CMAKE_PREFIX_PATH=/home/andre/ros2_ws/src/install/kortex_driver:/home/andre/ros2_ws/src/install/kortex_description:/home/andre/ros2_ws/src/install/robotiq_description:/home/andre/ros2_ws/src/install/kortex_api:/home/andre/ros2_ws/install:/opt/ros/jazzy/opt/gz_sim_vendor:/opt/ros/jazzy/opt/gz_sensors_vendor:/opt/ros/jazzy/opt/gz_physics_vendor:/opt/ros/jazzy/opt/sdformat_vendor:/opt/ros/jazzy/opt/gz_gui_vendor:/opt/ros/jazzy/opt/gz_transport_vendor:/opt/ros/jazzy/opt/gz_rendering_vendor:/opt/ros/jazzy/opt/gz_plugin_vendor:/opt/ros/jazzy/opt/gz_fuel_tools_vendor:/opt/ros/jazzy/opt/gz_msgs_vendor:/opt/ros/jazzy/opt/gz_common_vendor:/opt/ros/jazzy/opt/gz_math_vendor:/opt/ros/jazzy/opt/gz_utils_vendor:/opt/ros/jazzy/opt/gz_tools_vendor:/opt/ros/jazzy/opt/gz_ogre_next_vendor:/opt/ros/jazzy/opt/gz_dartsim_vendor:/opt/ros/jazzy/opt/gz_cmake_vendor:/opt/ros/jazzy DEBUGINFOD_URLS=https://debuginfod.ubuntu.com LD_LIBRARY_PATH=/home/andre/ros2_ws/src/install/kortex_driver/lib:${LD_LIBRARY_PATH} /usr/bin/cmake /home/andre/ros2_ws/src/ros2_kortex/kortex_bringup -DCMAKE_BUILD_TYPE=Release -DCMAKE_INSTALL_PREFIX=/home/andre/ros2_ws/src/install/kortex_bringup
[0.089s] -- The C compiler identification is GNU 13.3.0
[0.163s] -- The CXX compiler identification is GNU 13.3.0
[0.186s] -- Detecting C compiler ABI info
[0.304s] -- Detecting C compiler ABI info - done
[0.318s] -- Check for working C compiler: /usr/bin/cc - skipped
[0.319s] -- Detecting C compile features
[0.320s] -- Detecting C compile features - done
[0.331s] -- Detecting CXX compiler ABI info
[0.463s] -- Detecting CXX compiler ABI info - done
[0.477s] -- Check for working CXX compiler: /usr/bin/c++ - skipped
[0.477s] -- Detecting CXX compile features
[0.478s] -- Detecting CXX compile features - done
[0.484s] -- Found ament_cmake: 2.5.4 (/opt/ros/jazzy/share/ament_cmake/cmake)
[0.722s] -- Found Python3: /usr/bin/python3 (found version "3.12.3") found components: Interpreter 
[1.039s] -- Configuring done (1.0s)
[1.042s] -- Generating done (0.0s)
[1.046s] -- Build files have been written to: /home/andre/ros2_ws/src/build/kortex_bringup
[1.055s] Invoked command in '/home/andre/ros2_ws/src/build/kortex_bringup' returned '0': AMENT_PREFIX_PATH=/home/andre/ros2_ws/src/install/kortex_driver:/home/andre/ros2_ws/src/install/kortex_description:/home/andre/ros2_ws/src/install/robotiq_description:/home/andre/ros2_ws/src/install/kortex_api:${AMENT_PREFIX_PATH} CMAKE_PREFIX_PATH=/home/andre/ros2_ws/src/install/kortex_driver:/home/andre/ros2_ws/src/install/kortex_description:/home/andre/ros2_ws/src/install/robotiq_description:/home/andre/ros2_ws/src/install/kortex_api:/home/andre/ros2_ws/install:/opt/ros/jazzy/opt/gz_sim_vendor:/opt/ros/jazzy/opt/gz_sensors_vendor:/opt/ros/jazzy/opt/gz_physics_vendor:/opt/ros/jazzy/opt/sdformat_vendor:/opt/ros/jazzy/opt/gz_gui_vendor:/opt/ros/jazzy/opt/gz_transport_vendor:/opt/ros/jazzy/opt/gz_rendering_vendor:/opt/ros/jazzy/opt/gz_plugin_vendor:/opt/ros/jazzy/opt/gz_fuel_tools_vendor:/opt/ros/jazzy/opt/gz_msgs_vendor:/opt/ros/jazzy/opt/gz_common_vendor:/opt/ros/jazzy/opt/gz_math_vendor:/opt/ros/jazzy/opt/gz_utils_vendor:/opt/ros/jazzy/opt/gz_tools_vendor:/opt/ros/jazzy/opt/gz_ogre_next_vendor:/opt/ros/jazzy/opt/gz_dartsim_vendor:/opt/ros/jazzy/opt/gz_cmake_vendor:/opt/ros/jazzy DEBUGINFOD_URLS=https://debuginfod.ubuntu.com LD_LIBRARY_PATH=/home/andre/ros2_ws/src/install/kortex_driver/lib:${LD_LIBRARY_PATH} /usr/bin/cmake /home/andre/ros2_ws/src/ros2_kortex/kortex_bringup -DCMAKE_BUILD_TYPE=Release -DCMAKE_INSTALL_PREFIX=/home/andre/ros2_ws/src/install/kortex_bringup
[1.056s] Invoking command in '/home/andre/ros2_ws/src/build/kortex_bringup': AMENT_PREFIX_PATH=/home/andre/ros2_ws/src/install/kortex_driver:/home/andre/ros2_ws/src/install/kortex_description:/home/andre/ros2_ws/src/install/robotiq_description:/home/andre/ros2_ws/src/install/kortex_api:${AMENT_PREFIX_PATH} CMAKE_PREFIX_PATH=/home/andre/ros2_ws/src/install/kortex_driver:/home/andre/ros2_ws/src/install/kortex_description:/home/andre/ros2_ws/src/install/robotiq_description:/home/andre/ros2_ws/src/install/kortex_api:/home/andre/ros2_ws/install:/opt/ros/jazzy/opt/gz_sim_vendor:/opt/ros/jazzy/opt/gz_sensors_vendor:/opt/ros/jazzy/opt/gz_physics_vendor:/opt/ros/jazzy/opt/sdformat_vendor:/opt/ros/jazzy/opt/gz_gui_vendor:/opt/ros/jazzy/opt/gz_transport_vendor:/opt/ros/jazzy/opt/gz_rendering_vendor:/opt/ros/jazzy/opt/gz_plugin_vendor:/opt/ros/jazzy/opt/gz_fuel_tools_vendor:/opt/ros/jazzy/opt/gz_msgs_vendor:/opt/ros/jazzy/opt/gz_common_vendor:/opt/ros/jazzy/opt/gz_math_vendor:/opt/ros/jazzy/opt/gz_utils_vendor:/opt/ros/jazzy/opt/gz_tools_vendor:/opt/ros/jazzy/opt/gz_ogre_next_vendor:/opt/ros/jazzy/opt/gz_dartsim_vendor:/opt/ros/jazzy/opt/gz_cmake_vendor:/opt/ros/jazzy DEBUGINFOD_URLS=https://debuginfod.ubuntu.com LD_LIBRARY_PATH=/home/andre/ros2_ws/src/install/kortex_driver/lib:${LD_LIBRARY_PATH} /usr/bin/cmake --build /home/andre/ros2_ws/src/build/kortex_bringup -- -j4 -l4
[1.110s] Invoked command in '/home/andre/ros2_ws/src/build/kortex_bringup' returned '0': AMENT_PREFIX_PATH=/home/andre/ros2_ws/src/install/kortex_driver:/home/andre/ros2_ws/src/install/kortex_description:/home/andre/ros2_ws/src/install/robotiq_description:/home/andre/ros2_ws/src/install/kortex_api:${AMENT_PREFIX_PATH} CMAKE_PREFIX_PATH=/home/andre/ros2_ws/src/install/kortex_driver:/home/andre/ros2_ws/src/install/kortex_description:/home/andre/ros2_ws/src/install/robotiq_description:/home/andre/ros2_ws/src/install/kortex_api:/home/andre/ros2_ws/install:/opt/ros/jazzy/opt/gz_sim_vendor:/opt/ros/jazzy/opt/gz_sensors_vendor:/opt/ros/jazzy/opt/gz_physics_vendor:/opt/ros/jazzy/opt/sdformat_vendor:/opt/ros/jazzy/opt/gz_gui_vendor:/opt/ros/jazzy/opt/gz_transport_vendor:/opt/ros/jazzy/opt/gz_rendering_vendor:/opt/ros/jazzy/opt/gz_plugin_vendor:/opt/ros/jazzy/opt/gz_fuel_tools_vendor:/opt/ros/jazzy/opt/gz_msgs_vendor:/opt/ros/jazzy/opt/gz_common_vendor:/opt/ros/jazzy/opt/gz_math_vendor:/opt/ros/jazzy/opt/gz_utils_vendor:/opt/ros/jazzy/opt/gz_tools_vendor:/opt/ros/jazzy/opt/gz_ogre_next_vendor:/opt/ros/jazzy/opt/gz_dartsim_vendor:/opt/ros/jazzy/opt/gz_cmake_vendor:/opt/ros/jazzy DEBUGINFOD_URLS=https://debuginfod.ubuntu.com LD_LIBRARY_PATH=/home/andre/ros2_ws/src/install/kortex_driver/lib:${LD_LIBRARY_PATH} /usr/bin/cmake --build /home/andre/ros2_ws/src/build/kortex_bringup -- -j4 -l4
[1.111s] Invoking command in '/home/andre/ros2_ws/src/build/kortex_bringup': AMENT_PREFIX_PATH=/home/andre/ros2_ws/src/install/kortex_driver:/home/andre/ros2_ws/src/install/kortex_description:/home/andre/ros2_ws/src/install/robotiq_description:/home/andre/ros2_ws/src/install/kortex_api:${AMENT_PREFIX_PATH} CMAKE_PREFIX_PATH=/home/andre/ros2_ws/src/install/kortex_driver:/home/andre/ros2_ws/src/install/kortex_description:/home/andre/ros2_ws/src/install/robotiq_description:/home/andre/ros2_ws/src/install/kortex_api:/home/andre/ros2_ws/install:/opt/ros/jazzy/opt/gz_sim_vendor:/opt/ros/jazzy/opt/gz_sensors_vendor:/opt/ros/jazzy/opt/gz_physics_vendor:/opt/ros/jazzy/opt/sdformat_vendor:/opt/ros/jazzy/opt/gz_gui_vendor:/opt/ros/jazzy/opt/gz_transport_vendor:/opt/ros/jazzy/opt/gz_rendering_vendor:/opt/ros/jazzy/opt/gz_plugin_vendor:/opt/ros/jazzy/opt/gz_fuel_tools_vendor:/opt/ros/jazzy/opt/gz_msgs_vendor:/opt/ros/jazzy/opt/gz_common_vendor:/opt/ros/jazzy/opt/gz_math_vendor:/opt/ros/jazzy/opt/gz_utils_vendor:/opt/ros/jazzy/opt/gz_tools_vendor:/opt/ros/jazzy/opt/gz_ogre_next_vendor:/opt/ros/jazzy/opt/gz_dartsim_vendor:/opt/ros/jazzy/opt/gz_cmake_vendor:/opt/ros/jazzy DEBUGINFOD_URLS=https://debuginfod.ubuntu.com LD_LIBRARY_PATH=/home/andre/ros2_ws/src/install/kortex_driver/lib:${LD_LIBRARY_PATH} /usr/bin/cmake --install /home/andre/ros2_ws/src/build/kortex_bringup
[1.124s] -- Install configuration: "Release"
[1.124s] -- Installing: /home/andre/ros2_ws/src/install/kortex_bringup/lib/kortex_bringup/test_huge_joint_space_jump.py
[1.125s] -- Installing: /home/andre/ros2_ws/src/install/kortex_bringup/share/kortex_bringup/config
[1.125s] -- Installing: /home/andre/ros2_ws/src/install/kortex_bringup/share/kortex_bringup/config/servo.yaml
[1.125s] -- Installing: /home/andre/ros2_ws/src/install/kortex_bringup/share/kortex_bringup/config/test_huge_joint_space_jump_config.yaml
[1.126s] -- Installing: /home/andre/ros2_ws/src/install/kortex_bringup/share/kortex_bringup/config/test_trajectory_goal_publishers_config.yaml
[1.126s] -- Installing: /home/andre/ros2_ws/src/install/kortex_bringup/share/kortex_bringup/launch
[1.128s] -- Installing: /home/andre/ros2_ws/src/install/kortex_bringup/share/kortex_bringup/launch/kortex_control.launch.py
[1.128s] -- Installing: /home/andre/ros2_ws/src/install/kortex_bringup/share/kortex_bringup/launch/gen3.launch.py
[1.128s] -- Installing: /home/andre/ros2_ws/src/install/kortex_bringup/share/kortex_bringup/launch/kortex_sim_control.launch.py
[1.128s] -- Installing: /home/andre/ros2_ws/src/install/kortex_bringup/share/kortex_bringup/launch/test_joint_trajectory_controller.launch.py
[1.128s] -- Installing: /home/andre/ros2_ws/src/install/kortex_bringup/share/kortex_bringup/launch/test_huge_joint_space_jump.launch.py
[1.128s] -- Installing: /home/andre/ros2_ws/src/install/kortex_bringup/share/kortex_bringup/launch/gen3_lite.launch.py
[1.128s] -- Installing: /home/andre/ros2_ws/src/install/kortex_bringup/share/ament_index/resource_index/package_run_dependencies/kortex_bringup
[1.128s] -- Installing: /home/andre/ros2_ws/src/install/kortex_bringup/share/ament_index/resource_index/parent_prefix_path/kortex_bringup
[1.128s] -- Installing: /home/andre/ros2_ws/src/install/kortex_bringup/share/kortex_bringup/environment/ament_prefix_path.sh
[1.129s] -- Installing: /home/andre/ros2_ws/src/install/kortex_bringup/share/kortex_bringup/environment/ament_prefix_path.dsv
[1.129s] -- Installing: /home/andre/ros2_ws/src/install/kortex_bringup/share/kortex_bringup/environment/path.sh
[1.132s] -- Installing: /home/andre/ros2_ws/src/install/kortex_bringup/share/kortex_bringup/environment/path.dsv
[1.132s] -- Installing: /home/andre/ros2_ws/src/install/kortex_bringup/share/kortex_bringup/local_setup.bash
[1.132s] -- Installing: /home/andre/ros2_ws/src/install/kortex_bringup/share/kortex_bringup/local_setup.sh
[1.132s] -- Installing: /home/andre/ros2_ws/src/install/kortex_bringup/share/kortex_bringup/local_setup.zsh
[1.132s] -- Installing: /home/andre/ros2_ws/src/install/kortex_bringup/share/kortex_bringup/local_setup.dsv
[1.132s] -- Installing: /home/andre/ros2_ws/src/install/kortex_bringup/share/kortex_bringup/package.dsv
[1.132s] -- Installing: /home/andre/ros2_ws/src/install/kortex_bringup/share/ament_index/resource_index/packages/kortex_bringup
[1.132s] -- Installing: /home/andre/ros2_ws/src/install/kortex_bringup/share/kortex_bringup/cmake/kortex_bringupConfig.cmake
[1.132s] -- Installing: /home/andre/ros2_ws/src/install/kortex_bringup/share/kortex_bringup/cmake/kortex_bringupConfig-version.cmake
[1.133s] -- Installing: /home/andre/ros2_ws/src/install/kortex_bringup/share/kortex_bringup/package.xml
[1.134s] Invoked command in '/home/andre/ros2_ws/src/build/kortex_bringup' returned '0': AMENT_PREFIX_PATH=/home/andre/ros2_ws/src/install/kortex_driver:/home/andre/ros2_ws/src/install/kortex_description:/home/andre/ros2_ws/src/install/robotiq_description:/home/andre/ros2_ws/src/install/kortex_api:${AMENT_PREFIX_PATH} CMAKE_PREFIX_PATH=/home/andre/ros2_ws/src/install/kortex_driver:/home/andre/ros2_ws/src/install/kortex_description:/home/andre/ros2_ws/src/install/robotiq_description:/home/andre/ros2_ws/src/install/kortex_api:/home/andre/ros2_ws/install:/opt/ros/jazzy/opt/gz_sim_vendor:/opt/ros/jazzy/opt/gz_sensors_vendor:/opt/ros/jazzy/opt/gz_physics_vendor:/opt/ros/jazzy/opt/sdformat_vendor:/opt/ros/jazzy/opt/gz_gui_vendor:/opt/ros/jazzy/opt/gz_transport_vendor:/opt/ros/jazzy/opt/gz_rendering_vendor:/opt/ros/jazzy/opt/gz_plugin_vendor:/opt/ros/jazzy/opt/gz_fuel_tools_vendor:/opt/ros/jazzy/opt/gz_msgs_vendor:/opt/ros/jazzy/opt/gz_common_vendor:/opt/ros/jazzy/opt/gz_math_vendor:/opt/ros/jazzy/opt/gz_utils_vendor:/opt/ros/jazzy/opt/gz_tools_vendor:/opt/ros/jazzy/opt/gz_ogre_next_vendor:/opt/ros/jazzy/opt/gz_dartsim_vendor:/opt/ros/jazzy/opt/gz_cmake_vendor:/opt/ros/jazzy DEBUGINFOD_URLS=https://debuginfod.ubuntu.com LD_LIBRARY_PATH=/home/andre/ros2_ws/src/install/kortex_driver/lib:${LD_LIBRARY_PATH} /usr/bin/cmake --install /home/andre/ros2_ws/src/build/kortex_bringup
