[0.031s] Invoking command in '/home/andre/ros2_ws/src/build/moveit_ros_perception': AMENT_PREFIX_PATH=/home/andre/ros2_ws/src/install/moveit_ros_planning:/home/andre/ros2_ws/src/install/moveit_ros_occupancy_map_monitor:/home/andre/ros2_ws/src/install/moveit_core:/home/andre/ros2_ws/src/install/moveit_resources_panda_moveit_config:/home/andre/ros2_ws/src/install/moveit_resources_pr2_description:/home/andre/ros2_ws/src/install/moveit_resources_panda_description:/home/andre/ros2_ws/src/install/moveit_msgs:/home/andre/ros2_ws/src/install/moveit_configs_utils:/home/andre/ros2_ws/src/install/moveit_common:${AMENT_PREFIX_PATH} CMAKE_PREFIX_PATH=/home/andre/ros2_ws/src/install/moveit_ros_planning:/home/andre/ros2_ws/src/install/moveit_ros_occupancy_map_monitor:/home/andre/ros2_ws/src/install/moveit_core:/home/andre/ros2_ws/src/install/moveit_resources_panda_moveit_config:/home/andre/ros2_ws/src/install/moveit_resources_pr2_description:/home/andre/ros2_ws/src/install/moveit_resources_panda_description:/home/andre/ros2_ws/src/install/moveit_msgs:/home/andre/ros2_ws/src/install/moveit_common:/home/andre/ros2_ws/install:/opt/ros/jazzy/opt/gz_sim_vendor:/opt/ros/jazzy/opt/gz_sensors_vendor:/opt/ros/jazzy/opt/gz_physics_vendor:/opt/ros/jazzy/opt/sdformat_vendor:/opt/ros/jazzy/opt/gz_gui_vendor:/opt/ros/jazzy/opt/gz_transport_vendor:/opt/ros/jazzy/opt/gz_rendering_vendor:/opt/ros/jazzy/opt/gz_plugin_vendor:/opt/ros/jazzy/opt/gz_fuel_tools_vendor:/opt/ros/jazzy/opt/gz_msgs_vendor:/opt/ros/jazzy/opt/gz_common_vendor:/opt/ros/jazzy/opt/gz_math_vendor:/opt/ros/jazzy/opt/gz_utils_vendor:/opt/ros/jazzy/opt/gz_tools_vendor:/opt/ros/jazzy/opt/gz_ogre_next_vendor:/opt/ros/jazzy/opt/gz_dartsim_vendor:/opt/ros/jazzy/opt/gz_cmake_vendor:/opt/ros/jazzy DEBUGINFOD_URLS=https://debuginfod.ubuntu.com LD_LIBRARY_PATH=/home/andre/ros2_ws/src/install/moveit_ros_planning/lib:/home/andre/ros2_ws/src/install/moveit_ros_occupancy_map_monitor/lib:/home/andre/ros2_ws/src/install/moveit_core/lib:/home/andre/ros2_ws/src/install/moveit_msgs/lib:${LD_LIBRARY_PATH} PATH=/home/andre/ros2_ws/src/install/moveit_core/bin:${PATH} PYTHONPATH=/home/andre/ros2_ws/src/install/moveit_msgs/lib/python3.12/site-packages:/home/andre/ros2_ws/src/install/moveit_configs_utils/lib/python3.12/site-packages:${PYTHONPATH} /usr/bin/cmake /home/andre/ros2_ws/src/moveit2/moveit_ros/perception -DCMAKE_BUILD_TYPE=Release -DCMAKE_INSTALL_PREFIX=/home/andre/ros2_ws/src/install/moveit_ros_perception
[0.125s] -- The CXX compiler identification is GNU 13.3.0
[0.149s] -- Detecting CXX compiler ABI info
[0.290s] -- Detecting CXX compiler ABI info - done
[0.306s] -- Check for working CXX compiler: /usr/bin/c++ - skipped
[0.307s] -- Detecting CXX compile features
[0.308s] -- Detecting CXX compile features - done
[0.311s] -- Found moveit_common: 2.14.1 (/home/andre/ros2_ws/src/install/moveit_common/share/moveit_common/cmake)
[0.319s] -- Found ament_cmake: 2.5.4 (/opt/ros/jazzy/share/ament_cmake/cmake)
[0.566s] -- Found Python3: /usr/bin/python3 (found version "3.12.3") found components: Interpreter 
[1.033s] -- Found OpenGL: /usr/lib/x86_64-linux-gnu/libOpenGL.so   
[1.184s] -- Found GLEW: /usr/include (found version "2.2.0") 
[1.296s] -- Found GLUT: /usr/lib/x86_64-linux-gnu/libglut.so  
[1.307s] -- Found cv_bridge: 4.1.0 (/opt/ros/jazzy/share/cv_bridge/cmake)
[1.526s] -- Found rosidl_generator_c: 4.6.6 (/opt/ros/jazzy/share/rosidl_generator_c/cmake)
[1.557s] -- Found rosidl_generator_cpp: 4.6.6 (/opt/ros/jazzy/share/rosidl_generator_cpp/cmake)
[1.590s] -- Using all available rosidl_typesupport_c: rosidl_typesupport_fastrtps_c;rosidl_typesupport_introspection_c
[1.627s] -- Using all available rosidl_typesupport_cpp: rosidl_typesupport_fastrtps_cpp;rosidl_typesupport_introspection_cpp
[1.891s] -- Found rmw_implementation_cmake: 7.3.2 (/opt/ros/jazzy/share/rmw_implementation_cmake/cmake)
[1.899s] -- Found rmw_fastrtps_cpp: 8.4.3 (/opt/ros/jazzy/share/rmw_fastrtps_cpp/cmake)
[2.043s] -- Found OpenSSL: /usr/lib/x86_64-linux-gnu/libcrypto.so (found version "3.0.13")  
[2.075s] -- Found FastRTPS: /opt/ros/jazzy/include (Required is at least version "2.13") 
[2.116s] -- Using RMW implementation 'rmw_fastrtps_cpp' as default
[2.309s] -- Found moveit_core: 2.14.1 (/home/andre/ros2_ws/src/install/moveit_core/share/moveit_core/cmake)
[2.593s] -- Found Boost: /usr/lib/x86_64-linux-gnu/cmake/Boost-1.83.0/BoostConfig.cmake (found version "1.83.0") found components: chrono date_time filesystem iostreams program_options regex serialization system thread 
[2.737s] -- Found parameter_traits: 0.5.0 (/opt/ros/jazzy/share/parameter_traits/cmake)
[2.769s] -- Found rclcpp_lifecycle: 28.1.13 (/opt/ros/jazzy/share/rclcpp_lifecycle/cmake)
[2.843s] -- Found Boost: /usr/lib/x86_64-linux-gnu/cmake/Boost-1.83.0/BoostConfig.cmake (found version "1.83.0") found components: filesystem 
[3.022s] -- Found Eigen3: TRUE (found version "3.4.0") 
[3.022s] -- Ensuring Eigen3 include directory is part of orocos-kdl CMake target
[3.736s] -- Found image_transport: 5.1.7 (/opt/ros/jazzy/share/image_transport/cmake)
[3.745s] -- Found moveit_ros_occupancy_map_monitor: 2.14.1 (/home/andre/ros2_ws/src/install/moveit_ros_occupancy_map_monitor/share/moveit_ros_occupancy_map_monitor/cmake)
[4.177s] -- Found OpenMP_CXX: -fopenmp (found version "4.5") 
[4.177s] -- Found OpenMP: TRUE (found version "4.5")  
[4.185s] -- Found OpenCV: /usr (found version "4.6.0") 
[4.198s] -- Found Boost: /usr/lib/x86_64-linux-gnu/cmake/Boost-1.83.0/BoostConfig.cmake (found version "1.83.0") found components: thread 
[4.237s] -- Performing Test COMPILER_HAS_HIDDEN_VISIBILITY
[4.510s] -- Performing Test COMPILER_HAS_HIDDEN_VISIBILITY - Success
[4.511s] -- Performing Test COMPILER_HAS_HIDDEN_INLINE_VISIBILITY
[4.702s] -- Performing Test COMPILER_HAS_HIDDEN_INLINE_VISIBILITY - Success
[4.702s] -- Performing Test COMPILER_HAS_DEPRECATED_ATTR
[4.998s] -- Performing Test COMPILER_HAS_DEPRECATED_ATTR - Success
[5.052s] -- Configuring done (5.0s)
[5.288s] -- Generating done (0.2s)
[5.331s] -- Build files have been written to: /home/andre/ros2_ws/src/build/moveit_ros_perception
[5.365s] Invoked command in '/home/andre/ros2_ws/src/build/moveit_ros_perception' returned '0': AMENT_PREFIX_PATH=/home/andre/ros2_ws/src/install/moveit_ros_planning:/home/andre/ros2_ws/src/install/moveit_ros_occupancy_map_monitor:/home/andre/ros2_ws/src/install/moveit_core:/home/andre/ros2_ws/src/install/moveit_resources_panda_moveit_config:/home/andre/ros2_ws/src/install/moveit_resources_pr2_description:/home/andre/ros2_ws/src/install/moveit_resources_panda_description:/home/andre/ros2_ws/src/install/moveit_msgs:/home/andre/ros2_ws/src/install/moveit_configs_utils:/home/andre/ros2_ws/src/install/moveit_common:${AMENT_PREFIX_PATH} CMAKE_PREFIX_PATH=/home/andre/ros2_ws/src/install/moveit_ros_planning:/home/andre/ros2_ws/src/install/moveit_ros_occupancy_map_monitor:/home/andre/ros2_ws/src/install/moveit_core:/home/andre/ros2_ws/src/install/moveit_resources_panda_moveit_config:/home/andre/ros2_ws/src/install/moveit_resources_pr2_description:/home/andre/ros2_ws/src/install/moveit_resources_panda_description:/home/andre/ros2_ws/src/install/moveit_msgs:/home/andre/ros2_ws/src/install/moveit_common:/home/andre/ros2_ws/install:/opt/ros/jazzy/opt/gz_sim_vendor:/opt/ros/jazzy/opt/gz_sensors_vendor:/opt/ros/jazzy/opt/gz_physics_vendor:/opt/ros/jazzy/opt/sdformat_vendor:/opt/ros/jazzy/opt/gz_gui_vendor:/opt/ros/jazzy/opt/gz_transport_vendor:/opt/ros/jazzy/opt/gz_rendering_vendor:/opt/ros/jazzy/opt/gz_plugin_vendor:/opt/ros/jazzy/opt/gz_fuel_tools_vendor:/opt/ros/jazzy/opt/gz_msgs_vendor:/opt/ros/jazzy/opt/gz_common_vendor:/opt/ros/jazzy/opt/gz_math_vendor:/opt/ros/jazzy/opt/gz_utils_vendor:/opt/ros/jazzy/opt/gz_tools_vendor:/opt/ros/jazzy/opt/gz_ogre_next_vendor:/opt/ros/jazzy/opt/gz_dartsim_vendor:/opt/ros/jazzy/opt/gz_cmake_vendor:/opt/ros/jazzy DEBUGINFOD_URLS=https://debuginfod.ubuntu.com LD_LIBRARY_PATH=/home/andre/ros2_ws/src/install/moveit_ros_planning/lib:/home/andre/ros2_ws/src/install/moveit_ros_occupancy_map_monitor/lib:/home/andre/ros2_ws/src/install/moveit_core/lib:/home/andre/ros2_ws/src/install/moveit_msgs/lib:${LD_LIBRARY_PATH} PATH=/home/andre/ros2_ws/src/install/moveit_core/bin:${PATH} PYTHONPATH=/home/andre/ros2_ws/src/install/moveit_msgs/lib/python3.12/site-packages:/home/andre/ros2_ws/src/install/moveit_configs_utils/lib/python3.12/site-packages:${PYTHONPATH} /usr/bin/cmake /home/andre/ros2_ws/src/moveit2/moveit_ros/perception -DCMAKE_BUILD_TYPE=Release -DCMAKE_INSTALL_PREFIX=/home/andre/ros2_ws/src/install/moveit_ros_perception
[5.365s] Invoking command in '/home/andre/ros2_ws/src/build/moveit_ros_perception': AMENT_PREFIX_PATH=/home/andre/ros2_ws/src/install/moveit_ros_planning:/home/andre/ros2_ws/src/install/moveit_ros_occupancy_map_monitor:/home/andre/ros2_ws/src/install/moveit_core:/home/andre/ros2_ws/src/install/moveit_resources_panda_moveit_config:/home/andre/ros2_ws/src/install/moveit_resources_pr2_description:/home/andre/ros2_ws/src/install/moveit_resources_panda_description:/home/andre/ros2_ws/src/install/moveit_msgs:/home/andre/ros2_ws/src/install/moveit_configs_utils:/home/andre/ros2_ws/src/install/moveit_common:${AMENT_PREFIX_PATH} CMAKE_PREFIX_PATH=/home/andre/ros2_ws/src/install/moveit_ros_planning:/home/andre/ros2_ws/src/install/moveit_ros_occupancy_map_monitor:/home/andre/ros2_ws/src/install/moveit_core:/home/andre/ros2_ws/src/install/moveit_resources_panda_moveit_config:/home/andre/ros2_ws/src/install/moveit_resources_pr2_description:/home/andre/ros2_ws/src/install/moveit_resources_panda_description:/home/andre/ros2_ws/src/install/moveit_msgs:/home/andre/ros2_ws/src/install/moveit_common:/home/andre/ros2_ws/install:/opt/ros/jazzy/opt/gz_sim_vendor:/opt/ros/jazzy/opt/gz_sensors_vendor:/opt/ros/jazzy/opt/gz_physics_vendor:/opt/ros/jazzy/opt/sdformat_vendor:/opt/ros/jazzy/opt/gz_gui_vendor:/opt/ros/jazzy/opt/gz_transport_vendor:/opt/ros/jazzy/opt/gz_rendering_vendor:/opt/ros/jazzy/opt/gz_plugin_vendor:/opt/ros/jazzy/opt/gz_fuel_tools_vendor:/opt/ros/jazzy/opt/gz_msgs_vendor:/opt/ros/jazzy/opt/gz_common_vendor:/opt/ros/jazzy/opt/gz_math_vendor:/opt/ros/jazzy/opt/gz_utils_vendor:/opt/ros/jazzy/opt/gz_tools_vendor:/opt/ros/jazzy/opt/gz_ogre_next_vendor:/opt/ros/jazzy/opt/gz_dartsim_vendor:/opt/ros/jazzy/opt/gz_cmake_vendor:/opt/ros/jazzy DEBUGINFOD_URLS=https://debuginfod.ubuntu.com LD_LIBRARY_PATH=/home/andre/ros2_ws/src/install/moveit_ros_planning/lib:/home/andre/ros2_ws/src/install/moveit_ros_occupancy_map_monitor/lib:/home/andre/ros2_ws/src/install/moveit_core/lib:/home/andre/ros2_ws/src/install/moveit_msgs/lib:${LD_LIBRARY_PATH} PATH=/home/andre/ros2_ws/src/install/moveit_core/bin:${PATH} PYTHONPATH=/home/andre/ros2_ws/src/install/moveit_msgs/lib/python3.12/site-packages:/home/andre/ros2_ws/src/install/moveit_configs_utils/lib/python3.12/site-packages:${PYTHONPATH} /usr/bin/cmake --build /home/andre/ros2_ws/src/build/moveit_ros_perception -- -j4 -l4
[5.445s] [  5%] [32mBuilding CXX object lazy_free_space_updater/CMakeFiles/moveit_lazy_free_space_updater.dir/src/lazy_free_space_updater.cpp.o[0m
[8.642s] [ 10%] [32m[1mLinking CXX shared library libmoveit_lazy_free_space_updater.so[0m
[8.945s] [ 10%] Built target moveit_lazy_free_space_updater
[8.978s] [ 15%] [32mBuilding CXX object semantic_world/CMakeFiles/moveit_semantic_world.dir/src/semantic_world.cpp.o[0m
[40.976s] [ 20%] [32m[1mLinking CXX shared library libmoveit_semantic_world.so[0m
[41.579s] [ 20%] Built target moveit_semantic_world
[41.609s] [ 25%] [32mBuilding CXX object mesh_filter/CMakeFiles/moveit_mesh_filter.dir/src/mesh_filter_base.cpp.o[0m
[46.555s] [ 30%] [32mBuilding CXX object mesh_filter/CMakeFiles/moveit_mesh_filter.dir/src/stereo_camera_model.cpp.o[0m
[48.276s] [ 35%] [32mBuilding CXX object mesh_filter/CMakeFiles/moveit_mesh_filter.dir/src/gl_renderer.cpp.o[0m
[49.989s] [ 40%] [32mBuilding CXX object mesh_filter/CMakeFiles/moveit_mesh_filter.dir/src/gl_mesh.cpp.o[0m
[52.145s] [ 45%] [32mBuilding CXX object mesh_filter/CMakeFiles/moveit_mesh_filter.dir/src/sensor_model.cpp.o[0m
[53.613s] [ 50%] [32m[1mLinking CXX shared library libmoveit_mesh_filter.so[0m
[53.982s] [ 50%] Built target moveit_mesh_filter
[54.013s] [ 55%] [32mBuilding CXX object point_containment_filter/CMakeFiles/moveit_point_containment_filter.dir/src/shape_mask.cpp.o[0m
[58.578s] [ 60%] [32m[1mLinking CXX shared library libmoveit_point_containment_filter.so[0m
[58.806s] [ 60%] Built target moveit_point_containment_filter
[58.834s] [ 65%] [32mBuilding CXX object depth_image_octomap_updater/CMakeFiles/moveit_depth_image_octomap_updater_core.dir/src/depth_image_octomap_updater.cpp.o[0m
[72.904s] [ 70%] [32m[1mLinking CXX shared library libmoveit_depth_image_octomap_updater_core.so[0m
[73.231s] [ 70%] Built target moveit_depth_image_octomap_updater_core
[73.263s] [ 75%] [32mBuilding CXX object pointcloud_octomap_updater/CMakeFiles/moveit_pointcloud_octomap_updater_core.dir/src/pointcloud_octomap_updater.cpp.o[0m
[97.519s] [ 80%] [32m[1mLinking CXX shared library libmoveit_pointcloud_octomap_updater_core.so[0m
[97.913s] [ 80%] Built target moveit_pointcloud_octomap_updater_core
[97.943s] [ 85%] [32mBuilding CXX object depth_image_octomap_updater/CMakeFiles/moveit_depth_image_octomap_updater.dir/src/updater_plugin.cpp.o[0m
[104.937s] [ 90%] [32m[1mLinking CXX shared library libmoveit_depth_image_octomap_updater.so[0m
[105.170s] [ 90%] Built target moveit_depth_image_octomap_updater
[105.202s] [ 95%] [32mBuilding CXX object pointcloud_octomap_updater/CMakeFiles/moveit_pointcloud_octomap_updater.dir/src/plugin_init.cpp.o[0m
[112.329s] [100%] [32m[1mLinking CXX shared library libmoveit_pointcloud_octomap_updater.so[0m
[112.592s] [100%] Built target moveit_pointcloud_octomap_updater
[112.611s] Invoked command in '/home/andre/ros2_ws/src/build/moveit_ros_perception' returned '0': AMENT_PREFIX_PATH=/home/andre/ros2_ws/src/install/moveit_ros_planning:/home/andre/ros2_ws/src/install/moveit_ros_occupancy_map_monitor:/home/andre/ros2_ws/src/install/moveit_core:/home/andre/ros2_ws/src/install/moveit_resources_panda_moveit_config:/home/andre/ros2_ws/src/install/moveit_resources_pr2_description:/home/andre/ros2_ws/src/install/moveit_resources_panda_description:/home/andre/ros2_ws/src/install/moveit_msgs:/home/andre/ros2_ws/src/install/moveit_configs_utils:/home/andre/ros2_ws/src/install/moveit_common:${AMENT_PREFIX_PATH} CMAKE_PREFIX_PATH=/home/andre/ros2_ws/src/install/moveit_ros_planning:/home/andre/ros2_ws/src/install/moveit_ros_occupancy_map_monitor:/home/andre/ros2_ws/src/install/moveit_core:/home/andre/ros2_ws/src/install/moveit_resources_panda_moveit_config:/home/andre/ros2_ws/src/install/moveit_resources_pr2_description:/home/andre/ros2_ws/src/install/moveit_resources_panda_description:/home/andre/ros2_ws/src/install/moveit_msgs:/home/andre/ros2_ws/src/install/moveit_common:/home/andre/ros2_ws/install:/opt/ros/jazzy/opt/gz_sim_vendor:/opt/ros/jazzy/opt/gz_sensors_vendor:/opt/ros/jazzy/opt/gz_physics_vendor:/opt/ros/jazzy/opt/sdformat_vendor:/opt/ros/jazzy/opt/gz_gui_vendor:/opt/ros/jazzy/opt/gz_transport_vendor:/opt/ros/jazzy/opt/gz_rendering_vendor:/opt/ros/jazzy/opt/gz_plugin_vendor:/opt/ros/jazzy/opt/gz_fuel_tools_vendor:/opt/ros/jazzy/opt/gz_msgs_vendor:/opt/ros/jazzy/opt/gz_common_vendor:/opt/ros/jazzy/opt/gz_math_vendor:/opt/ros/jazzy/opt/gz_utils_vendor:/opt/ros/jazzy/opt/gz_tools_vendor:/opt/ros/jazzy/opt/gz_ogre_next_vendor:/opt/ros/jazzy/opt/gz_dartsim_vendor:/opt/ros/jazzy/opt/gz_cmake_vendor:/opt/ros/jazzy DEBUGINFOD_URLS=https://debuginfod.ubuntu.com LD_LIBRARY_PATH=/home/andre/ros2_ws/src/install/moveit_ros_planning/lib:/home/andre/ros2_ws/src/install/moveit_ros_occupancy_map_monitor/lib:/home/andre/ros2_ws/src/install/moveit_core/lib:/home/andre/ros2_ws/src/install/moveit_msgs/lib:${LD_LIBRARY_PATH} PATH=/home/andre/ros2_ws/src/install/moveit_core/bin:${PATH} PYTHONPATH=/home/andre/ros2_ws/src/install/moveit_msgs/lib/python3.12/site-packages:/home/andre/ros2_ws/src/install/moveit_configs_utils/lib/python3.12/site-packages:${PYTHONPATH} /usr/bin/cmake --build /home/andre/ros2_ws/src/build/moveit_ros_perception -- -j4 -l4
[112.612s] Invoking command in '/home/andre/ros2_ws/src/build/moveit_ros_perception': AMENT_PREFIX_PATH=/home/andre/ros2_ws/src/install/moveit_ros_planning:/home/andre/ros2_ws/src/install/moveit_ros_occupancy_map_monitor:/home/andre/ros2_ws/src/install/moveit_core:/home/andre/ros2_ws/src/install/moveit_resources_panda_moveit_config:/home/andre/ros2_ws/src/install/moveit_resources_pr2_description:/home/andre/ros2_ws/src/install/moveit_resources_panda_description:/home/andre/ros2_ws/src/install/moveit_msgs:/home/andre/ros2_ws/src/install/moveit_configs_utils:/home/andre/ros2_ws/src/install/moveit_common:${AMENT_PREFIX_PATH} CMAKE_PREFIX_PATH=/home/andre/ros2_ws/src/install/moveit_ros_planning:/home/andre/ros2_ws/src/install/moveit_ros_occupancy_map_monitor:/home/andre/ros2_ws/src/install/moveit_core:/home/andre/ros2_ws/src/install/moveit_resources_panda_moveit_config:/home/andre/ros2_ws/src/install/moveit_resources_pr2_description:/home/andre/ros2_ws/src/install/moveit_resources_panda_description:/home/andre/ros2_ws/src/install/moveit_msgs:/home/andre/ros2_ws/src/install/moveit_common:/home/andre/ros2_ws/install:/opt/ros/jazzy/opt/gz_sim_vendor:/opt/ros/jazzy/opt/gz_sensors_vendor:/opt/ros/jazzy/opt/gz_physics_vendor:/opt/ros/jazzy/opt/sdformat_vendor:/opt/ros/jazzy/opt/gz_gui_vendor:/opt/ros/jazzy/opt/gz_transport_vendor:/opt/ros/jazzy/opt/gz_rendering_vendor:/opt/ros/jazzy/opt/gz_plugin_vendor:/opt/ros/jazzy/opt/gz_fuel_tools_vendor:/opt/ros/jazzy/opt/gz_msgs_vendor:/opt/ros/jazzy/opt/gz_common_vendor:/opt/ros/jazzy/opt/gz_math_vendor:/opt/ros/jazzy/opt/gz_utils_vendor:/opt/ros/jazzy/opt/gz_tools_vendor:/opt/ros/jazzy/opt/gz_ogre_next_vendor:/opt/ros/jazzy/opt/gz_dartsim_vendor:/opt/ros/jazzy/opt/gz_cmake_vendor:/opt/ros/jazzy DEBUGINFOD_URLS=https://debuginfod.ubuntu.com LD_LIBRARY_PATH=/home/andre/ros2_ws/src/install/moveit_ros_planning/lib:/home/andre/ros2_ws/src/install/moveit_ros_occupancy_map_monitor/lib:/home/andre/ros2_ws/src/install/moveit_core/lib:/home/andre/ros2_ws/src/install/moveit_msgs/lib:${LD_LIBRARY_PATH} PATH=/home/andre/ros2_ws/src/install/moveit_core/bin:${PATH} PYTHONPATH=/home/andre/ros2_ws/src/install/moveit_msgs/lib/python3.12/site-packages:/home/andre/ros2_ws/src/install/moveit_configs_utils/lib/python3.12/site-packages:${PYTHONPATH} /usr/bin/cmake --install /home/andre/ros2_ws/src/build/moveit_ros_perception
[112.622s] -- Install configuration: "Release"
[112.622s] -- Installing: /home/andre/ros2_ws/src/install/moveit_ros_perception/include/moveit_ros_perception
[112.623s] -- Installing: /home/andre/ros2_ws/src/install/moveit_ros_perception/include/moveit_ros_perception/moveit
[112.623s] -- Installing: /home/andre/ros2_ws/src/install/moveit_ros_perception/include/moveit_ros_perception/moveit/lazy_free_space_updater
[112.624s] -- Installing: /home/andre/ros2_ws/src/install/moveit_ros_perception/include/moveit_ros_perception/moveit/lazy_free_space_updater/lazy_free_space_updater.h
[112.624s] -- Installing: /home/andre/ros2_ws/src/install/moveit_ros_perception/include/moveit_ros_perception/moveit/lazy_free_space_updater/lazy_free_space_updater.hpp
[112.625s] -- Up-to-date: /home/andre/ros2_ws/src/install/moveit_ros_perception/include/moveit_ros_perception
[112.625s] -- Up-to-date: /home/andre/ros2_ws/src/install/moveit_ros_perception/include/moveit_ros_perception/moveit
[112.625s] -- Installing: /home/andre/ros2_ws/src/install/moveit_ros_perception/include/moveit_ros_perception/moveit/point_containment_filter
[112.626s] -- Installing: /home/andre/ros2_ws/src/install/moveit_ros_perception/include/moveit_ros_perception/moveit/point_containment_filter/shape_mask.hpp
[112.626s] -- Installing: /home/andre/ros2_ws/src/install/moveit_ros_perception/include/moveit_ros_perception/moveit/point_containment_filter/shape_mask.h
[112.627s] -- Up-to-date: /home/andre/ros2_ws/src/install/moveit_ros_perception/include/moveit_ros_perception
[112.627s] -- Up-to-date: /home/andre/ros2_ws/src/install/moveit_ros_perception/include/moveit_ros_perception/moveit
[112.627s] -- Installing: /home/andre/ros2_ws/src/install/moveit_ros_perception/include/moveit_ros_perception/moveit/pointcloud_octomap_updater
[112.628s] -- Installing: /home/andre/ros2_ws/src/install/moveit_ros_perception/include/moveit_ros_perception/moveit/pointcloud_octomap_updater/pointcloud_octomap_updater.h
[112.628s] -- Installing: /home/andre/ros2_ws/src/install/moveit_ros_perception/include/moveit_ros_perception/moveit/pointcloud_octomap_updater/pointcloud_octomap_updater.hpp
[112.629s] -- Up-to-date: /home/andre/ros2_ws/src/install/moveit_ros_perception/include/moveit_ros_perception
[112.629s] -- Up-to-date: /home/andre/ros2_ws/src/install/moveit_ros_perception/include/moveit_ros_perception/moveit
[112.629s] -- Installing: /home/andre/ros2_ws/src/install/moveit_ros_perception/include/moveit_ros_perception/moveit/mesh_filter
[112.630s] -- Installing: /home/andre/ros2_ws/src/install/moveit_ros_perception/include/moveit_ros_perception/moveit/mesh_filter/filter_job.h
[112.630s] -- Installing: /home/andre/ros2_ws/src/install/moveit_ros_perception/include/moveit_ros_perception/moveit/mesh_filter/gl_mesh.hpp
[112.631s] -- Installing: /home/andre/ros2_ws/src/install/moveit_ros_perception/include/moveit_ros_perception/moveit/mesh_filter/sensor_model.hpp
[112.631s] -- Installing: /home/andre/ros2_ws/src/install/moveit_ros_perception/include/moveit_ros_perception/moveit/mesh_filter/gl_renderer.h
[112.631s] -- Installing: /home/andre/ros2_ws/src/install/moveit_ros_perception/include/moveit_ros_perception/moveit/mesh_filter/transform_provider.hpp
[112.633s] -- Installing: /home/andre/ros2_ws/src/install/moveit_ros_perception/include/moveit_ros_perception/moveit/mesh_filter/mesh_filter.h
[112.633s] -- Installing: /home/andre/ros2_ws/src/install/moveit_ros_perception/include/moveit_ros_perception/moveit/mesh_filter/mesh_filter.hpp
[112.633s] -- Installing: /home/andre/ros2_ws/src/install/moveit_ros_perception/include/moveit_ros_perception/moveit/mesh_filter/gl_renderer.hpp
[112.633s] -- Installing: /home/andre/ros2_ws/src/install/moveit_ros_perception/include/moveit_ros_perception/moveit/mesh_filter/mesh_filter_base.h
[112.634s] -- Installing: /home/andre/ros2_ws/src/install/moveit_ros_perception/include/moveit_ros_perception/moveit/mesh_filter/gl_mesh.h
[112.634s] -- Installing: /home/andre/ros2_ws/src/install/moveit_ros_perception/include/moveit_ros_perception/moveit/mesh_filter/stereo_camera_model.hpp
[112.634s] -- Installing: /home/andre/ros2_ws/src/install/moveit_ros_perception/include/moveit_ros_perception/moveit/mesh_filter/sensor_model.h
[112.635s] -- Installing: /home/andre/ros2_ws/src/install/moveit_ros_perception/include/moveit_ros_perception/moveit/mesh_filter/transform_provider.h
[112.635s] -- Installing: /home/andre/ros2_ws/src/install/moveit_ros_perception/include/moveit_ros_perception/moveit/mesh_filter/filter_job.hpp
[112.636s] -- Installing: /home/andre/ros2_ws/src/install/moveit_ros_perception/include/moveit_ros_perception/moveit/mesh_filter/mesh_filter_base.hpp
[112.636s] -- Installing: /home/andre/ros2_ws/src/install/moveit_ros_perception/include/moveit_ros_perception/moveit/mesh_filter/depth_self_filter_nodelet.h
[112.636s] -- Installing: /home/andre/ros2_ws/src/install/moveit_ros_perception/include/moveit_ros_perception/moveit/mesh_filter/depth_self_filter_nodelet.hpp
[112.637s] -- Installing: /home/andre/ros2_ws/src/install/moveit_ros_perception/include/moveit_ros_perception/moveit/mesh_filter/stereo_camera_model.h
[112.638s] -- Installing: /home/andre/ros2_ws/src/install/moveit_ros_perception/include/moveit_ros_perception/moveit_mesh_filter_export.h
[112.638s] -- Up-to-date: /home/andre/ros2_ws/src/install/moveit_ros_perception/include/moveit_ros_perception
[112.639s] -- Up-to-date: /home/andre/ros2_ws/src/install/moveit_ros_perception/include/moveit_ros_perception/moveit
[112.639s] -- Installing: /home/andre/ros2_ws/src/install/moveit_ros_perception/include/moveit_ros_perception/moveit/depth_image_octomap_updater
[112.639s] -- Installing: /home/andre/ros2_ws/src/install/moveit_ros_perception/include/moveit_ros_perception/moveit/depth_image_octomap_updater/depth_image_octomap_updater.hpp
[112.640s] -- Installing: /home/andre/ros2_ws/src/install/moveit_ros_perception/include/moveit_ros_perception/moveit/depth_image_octomap_updater/depth_image_octomap_updater.h
[112.640s] -- Up-to-date: /home/andre/ros2_ws/src/install/moveit_ros_perception/include/moveit_ros_perception
[112.640s] -- Up-to-date: /home/andre/ros2_ws/src/install/moveit_ros_perception/include/moveit_ros_perception/moveit
[112.641s] -- Installing: /home/andre/ros2_ws/src/install/moveit_ros_perception/include/moveit_ros_perception/moveit/semantic_world
[112.641s] -- Installing: /home/andre/ros2_ws/src/install/moveit_ros_perception/include/moveit_ros_perception/moveit/semantic_world/semantic_world.h
[112.642s] -- Installing: /home/andre/ros2_ws/src/install/moveit_ros_perception/include/moveit_ros_perception/moveit/semantic_world/semantic_world.hpp
[112.642s] -- Installing: /home/andre/ros2_ws/src/install/moveit_ros_perception/lib/libmoveit_depth_image_octomap_updater.so.2.14.1
[112.643s] -- Set non-toolchain portion of runtime path of "/home/andre/ros2_ws/src/install/moveit_ros_perception/lib/libmoveit_depth_image_octomap_updater.so.2.14.1" to ""
[112.643s] -- Installing: /home/andre/ros2_ws/src/install/moveit_ros_perception/lib/libmoveit_depth_image_octomap_updater.so
[112.644s] -- Installing: /home/andre/ros2_ws/src/install/moveit_ros_perception/lib/libmoveit_depth_image_octomap_updater_core.so.2.14.1
[112.645s] -- Set non-toolchain portion of runtime path of "/home/andre/ros2_ws/src/install/moveit_ros_perception/lib/libmoveit_depth_image_octomap_updater_core.so.2.14.1" to ""
[112.645s] -- Installing: /home/andre/ros2_ws/src/install/moveit_ros_perception/lib/libmoveit_depth_image_octomap_updater_core.so
[112.645s] -- Installing: /home/andre/ros2_ws/src/install/moveit_ros_perception/lib/libmoveit_lazy_free_space_updater.so.2.14.1
[112.646s] -- Set non-toolchain portion of runtime path of "/home/andre/ros2_ws/src/install/moveit_ros_perception/lib/libmoveit_lazy_free_space_updater.so.2.14.1" to ""
[112.647s] -- Installing: /home/andre/ros2_ws/src/install/moveit_ros_perception/lib/libmoveit_lazy_free_space_updater.so
[112.647s] -- Installing: /home/andre/ros2_ws/src/install/moveit_ros_perception/lib/libmoveit_mesh_filter.so.2.14.1
[112.648s] -- Set non-toolchain portion of runtime path of "/home/andre/ros2_ws/src/install/moveit_ros_perception/lib/libmoveit_mesh_filter.so.2.14.1" to ""
[112.648s] -- Installing: /home/andre/ros2_ws/src/install/moveit_ros_perception/lib/libmoveit_mesh_filter.so
[112.648s] -- Installing: /home/andre/ros2_ws/src/install/moveit_ros_perception/lib/libmoveit_point_containment_filter.so.2.14.1
[112.649s] -- Set non-toolchain portion of runtime path of "/home/andre/ros2_ws/src/install/moveit_ros_perception/lib/libmoveit_point_containment_filter.so.2.14.1" to ""
[112.649s] -- Installing: /home/andre/ros2_ws/src/install/moveit_ros_perception/lib/libmoveit_point_containment_filter.so
[112.650s] -- Installing: /home/andre/ros2_ws/src/install/moveit_ros_perception/lib/libmoveit_pointcloud_octomap_updater.so.2.14.1
[112.650s] -- Set non-toolchain portion of runtime path of "/home/andre/ros2_ws/src/install/moveit_ros_perception/lib/libmoveit_pointcloud_octomap_updater.so.2.14.1" to ""
[112.650s] -- Installing: /home/andre/ros2_ws/src/install/moveit_ros_perception/lib/libmoveit_pointcloud_octomap_updater.so
[112.651s] -- Installing: /home/andre/ros2_ws/src/install/moveit_ros_perception/lib/libmoveit_pointcloud_octomap_updater_core.so.2.14.1
[112.653s] -- Set non-toolchain portion of runtime path of "/home/andre/ros2_ws/src/install/moveit_ros_perception/lib/libmoveit_pointcloud_octomap_updater_core.so.2.14.1" to ""
[112.653s] -- Installing: /home/andre/ros2_ws/src/install/moveit_ros_perception/lib/libmoveit_pointcloud_octomap_updater_core.so
[112.655s] -- Installing: /home/andre/ros2_ws/src/install/moveit_ros_perception/lib/libmoveit_semantic_world.so.2.14.1
[112.656s] -- Set non-toolchain portion of runtime path of "/home/andre/ros2_ws/src/install/moveit_ros_perception/lib/libmoveit_semantic_world.so.2.14.1" to ""
[112.656s] -- Installing: /home/andre/ros2_ws/src/install/moveit_ros_perception/lib/libmoveit_semantic_world.so
[112.657s] -- Installing: /home/andre/ros2_ws/src/install/moveit_ros_perception/share/moveit_ros_perception/environment/library_path.sh
[112.657s] -- Installing: /home/andre/ros2_ws/src/install/moveit_ros_perception/share/moveit_ros_perception/environment/library_path.dsv
[112.657s] -- Installing: /home/andre/ros2_ws/src/install/moveit_ros_perception/share/moveit_ros_perception/pointcloud_octomap_updater_plugin_description.xml
[112.658s] -- Installing: /home/andre/ros2_ws/src/install/moveit_ros_perception/share/moveit_ros_perception/depth_image_octomap_updater_plugin_description.xml
[112.658s] -- Installing: /home/andre/ros2_ws/src/install/moveit_ros_perception/share/ament_index/resource_index/package_run_dependencies/moveit_ros_perception
[112.659s] -- Installing: /home/andre/ros2_ws/src/install/moveit_ros_perception/share/ament_index/resource_index/parent_prefix_path/moveit_ros_perception
[112.659s] -- Installing: /home/andre/ros2_ws/src/install/moveit_ros_perception/share/moveit_ros_perception/environment/ament_prefix_path.sh
[112.659s] -- Installing: /home/andre/ros2_ws/src/install/moveit_ros_perception/share/moveit_ros_perception/environment/ament_prefix_path.dsv
[112.660s] -- Installing: /home/andre/ros2_ws/src/install/moveit_ros_perception/share/moveit_ros_perception/environment/path.sh
[112.660s] -- Installing: /home/andre/ros2_ws/src/install/moveit_ros_perception/share/moveit_ros_perception/environment/path.dsv
[112.661s] -- Installing: /home/andre/ros2_ws/src/install/moveit_ros_perception/share/moveit_ros_perception/local_setup.bash
[112.661s] -- Installing: /home/andre/ros2_ws/src/install/moveit_ros_perception/share/moveit_ros_perception/local_setup.sh
[112.662s] -- Installing: /home/andre/ros2_ws/src/install/moveit_ros_perception/share/moveit_ros_perception/local_setup.zsh
[112.662s] -- Installing: /home/andre/ros2_ws/src/install/moveit_ros_perception/share/moveit_ros_perception/local_setup.dsv
[112.662s] -- Installing: /home/andre/ros2_ws/src/install/moveit_ros_perception/share/moveit_ros_perception/package.dsv
[112.663s] -- Installing: /home/andre/ros2_ws/src/install/moveit_ros_perception/share/ament_index/resource_index/packages/moveit_ros_perception
[112.663s] -- Installing: /home/andre/ros2_ws/src/install/moveit_ros_perception/share/ament_index/resource_index/moveit_ros_occupancy_map_monitor__pluginlib__plugin/moveit_ros_perception
[112.664s] -- Installing: /home/andre/ros2_ws/src/install/moveit_ros_perception/share/moveit_ros_perception/cmake/moveit_ros_perceptionTargetsExport.cmake
[112.664s] -- Installing: /home/andre/ros2_ws/src/install/moveit_ros_perception/share/moveit_ros_perception/cmake/moveit_ros_perceptionTargetsExport-release.cmake
[112.665s] -- Installing: /home/andre/ros2_ws/src/install/moveit_ros_perception/share/moveit_ros_perception/cmake/ConfigExtras.cmake
[112.665s] -- Installing: /home/andre/ros2_ws/src/install/moveit_ros_perception/share/moveit_ros_perception/cmake/ament_cmake_export_targets-extras.cmake
[112.665s] -- Installing: /home/andre/ros2_ws/src/install/moveit_ros_perception/share/moveit_ros_perception/cmake/ament_cmake_export_dependencies-extras.cmake
[112.666s] -- Installing: /home/andre/ros2_ws/src/install/moveit_ros_perception/share/moveit_ros_perception/cmake/moveit_ros_perceptionConfig.cmake
[112.666s] -- Installing: /home/andre/ros2_ws/src/install/moveit_ros_perception/share/moveit_ros_perception/cmake/moveit_ros_perceptionConfig-version.cmake
[112.668s] -- Installing: /home/andre/ros2_ws/src/install/moveit_ros_perception/share/moveit_ros_perception/package.xml
[112.669s] Invoked command in '/home/andre/ros2_ws/src/build/moveit_ros_perception' returned '0': AMENT_PREFIX_PATH=/home/andre/ros2_ws/src/install/moveit_ros_planning:/home/andre/ros2_ws/src/install/moveit_ros_occupancy_map_monitor:/home/andre/ros2_ws/src/install/moveit_core:/home/andre/ros2_ws/src/install/moveit_resources_panda_moveit_config:/home/andre/ros2_ws/src/install/moveit_resources_pr2_description:/home/andre/ros2_ws/src/install/moveit_resources_panda_description:/home/andre/ros2_ws/src/install/moveit_msgs:/home/andre/ros2_ws/src/install/moveit_configs_utils:/home/andre/ros2_ws/src/install/moveit_common:${AMENT_PREFIX_PATH} CMAKE_PREFIX_PATH=/home/andre/ros2_ws/src/install/moveit_ros_planning:/home/andre/ros2_ws/src/install/moveit_ros_occupancy_map_monitor:/home/andre/ros2_ws/src/install/moveit_core:/home/andre/ros2_ws/src/install/moveit_resources_panda_moveit_config:/home/andre/ros2_ws/src/install/moveit_resources_pr2_description:/home/andre/ros2_ws/src/install/moveit_resources_panda_description:/home/andre/ros2_ws/src/install/moveit_msgs:/home/andre/ros2_ws/src/install/moveit_common:/home/andre/ros2_ws/install:/opt/ros/jazzy/opt/gz_sim_vendor:/opt/ros/jazzy/opt/gz_sensors_vendor:/opt/ros/jazzy/opt/gz_physics_vendor:/opt/ros/jazzy/opt/sdformat_vendor:/opt/ros/jazzy/opt/gz_gui_vendor:/opt/ros/jazzy/opt/gz_transport_vendor:/opt/ros/jazzy/opt/gz_rendering_vendor:/opt/ros/jazzy/opt/gz_plugin_vendor:/opt/ros/jazzy/opt/gz_fuel_tools_vendor:/opt/ros/jazzy/opt/gz_msgs_vendor:/opt/ros/jazzy/opt/gz_common_vendor:/opt/ros/jazzy/opt/gz_math_vendor:/opt/ros/jazzy/opt/gz_utils_vendor:/opt/ros/jazzy/opt/gz_tools_vendor:/opt/ros/jazzy/opt/gz_ogre_next_vendor:/opt/ros/jazzy/opt/gz_dartsim_vendor:/opt/ros/jazzy/opt/gz_cmake_vendor:/opt/ros/jazzy DEBUGINFOD_URLS=https://debuginfod.ubuntu.com LD_LIBRARY_PATH=/home/andre/ros2_ws/src/install/moveit_ros_planning/lib:/home/andre/ros2_ws/src/install/moveit_ros_occupancy_map_monitor/lib:/home/andre/ros2_ws/src/install/moveit_core/lib:/home/andre/ros2_ws/src/install/moveit_msgs/lib:${LD_LIBRARY_PATH} PATH=/home/andre/ros2_ws/src/install/moveit_core/bin:${PATH} PYTHONPATH=/home/andre/ros2_ws/src/install/moveit_msgs/lib/python3.12/site-packages:/home/andre/ros2_ws/src/install/moveit_configs_utils/lib/python3.12/site-packages:${PYTHONPATH} /usr/bin/cmake --install /home/andre/ros2_ws/src/build/moveit_ros_perception
