[1.154s] DEBUG:colcon:Command line arguments: ['/usr/bin/colcon', 'build']
[1.155s] DEBUG:colcon:Parsed command line arguments: Namespace(log_base=None, log_level=None, verb_name='build', build_base='build', install_base='install', merge_install=False, symlink_install=False, test_result_base=None, continue_on_error=False, executor='parallel', parallel_workers=4, event_handlers=None, ignore_user_meta=False, metas=['./colcon.meta'], base_paths=['.'], packages_ignore=None, packages_ignore_regex=None, paths=None, packages_up_to=None, packages_up_to_regex=None, packages_above=None, packages_above_and_dependencies=None, packages_above_depth=None, packages_select_by_dep=None, packages_skip_by_dep=None, packages_skip_up_to=None, packages_select_build_failed=False, packages_skip_build_finished=False, packages_select_test_failures=False, packages_skip_test_passed=False, packages_select=None, packages_skip=None, packages_select_regex=None, packages_skip_regex=None, packages_start=None, packages_end=None, allow_overriding=[], cmake_args=None, cmake_target=None, cmake_target_skip_unavailable=False, cmake_clean_cache=False, cmake_clean_first=False, cmake_force_configure=False, ament_cmake_args=None, catkin_cmake_args=None, catkin_skip_building_tests=False, mixin_files=None, mixin=None, verb_parser=<colcon_mixin.mixin.mixin_argument.MixinArgumentDecorator object at 0xffffb0d9c1d0>, verb_extension=<colcon_core.verb.build.BuildVerb object at 0xffffb0f58920>, main=<bound method BuildVerb.main of <colcon_core.verb.build.BuildVerb object at 0xffffb0f58920>>, mixin_verb=('build',))
[1.443s] Level 1:colcon.colcon_core.package_discovery:discover_packages(colcon_meta) check parameters
[1.444s] Level 1:colcon.colcon_core.package_discovery:discover_packages(recursive) check parameters
[1.444s] Level 1:colcon.colcon_core.package_discovery:discover_packages(ignore) check parameters
[1.444s] Level 1:colcon.colcon_core.package_discovery:discover_packages(path) check parameters
[1.444s] Level 1:colcon.colcon_core.package_discovery:discover_packages(colcon_meta) discover
[1.444s] Level 1:colcon.colcon_core.package_discovery:discover_packages(recursive) discover
[1.445s] INFO:colcon.colcon_core.package_discovery:Crawling recursively for packages in '/home/bot/ros2_ws'
[1.445s] Level 1:colcon.colcon_core.package_identification:_identify(.) by extensions ['ignore', 'ignore_ament_install']
[1.445s] Level 1:colcon.colcon_core.package_identification:_identify(.) by extension 'ignore'
[1.446s] Level 1:colcon.colcon_core.package_identification:_identify(.) by extension 'ignore_ament_install'
[1.446s] Level 1:colcon.colcon_core.package_identification:_identify(.) by extensions ['colcon_pkg']
[1.446s] Level 1:colcon.colcon_core.package_identification:_identify(.) by extension 'colcon_pkg'
[1.446s] Level 1:colcon.colcon_core.package_identification:_identify(.) by extensions ['colcon_meta']
[1.447s] Level 1:colcon.colcon_core.package_identification:_identify(.) by extension 'colcon_meta'
[1.447s] Level 1:colcon.colcon_core.package_identification:_identify(.) by extensions ['ros']
[1.447s] Level 1:colcon.colcon_core.package_identification:_identify(.) by extension 'ros'
[1.606s] Level 1:colcon.colcon_core.package_identification:_identify(.) by extensions ['cmake', 'python']
[1.606s] Level 1:colcon.colcon_core.package_identification:_identify(.) by extension 'cmake'
[1.606s] Level 1:colcon.colcon_core.package_identification:_identify(.) by extension 'python'
[1.606s] Level 1:colcon.colcon_core.package_identification:_identify(.) by extensions ['python_setup_py']
[1.606s] Level 1:colcon.colcon_core.package_identification:_identify(.) by extension 'python_setup_py'
[1.607s] Level 1:colcon.colcon_core.package_identification:_identify(build) by extensions ['ignore', 'ignore_ament_install']
[1.608s] Level 1:colcon.colcon_core.package_identification:_identify(build) by extension 'ignore'
[1.608s] Level 1:colcon.colcon_core.package_identification:_identify(build) ignored
[1.608s] Level 1:colcon.colcon_core.package_identification:_identify(install) by extensions ['ignore', 'ignore_ament_install']
[1.609s] Level 1:colcon.colcon_core.package_identification:_identify(install) by extension 'ignore'
[1.609s] Level 1:colcon.colcon_core.package_identification:_identify(install) ignored
[1.609s] Level 1:colcon.colcon_core.package_identification:_identify(log) by extensions ['ignore', 'ignore_ament_install']
[1.610s] Level 1:colcon.colcon_core.package_identification:_identify(log) by extension 'ignore'
[1.610s] Level 1:colcon.colcon_core.package_identification:_identify(log) ignored
[1.612s] Level 1:colcon.colcon_core.package_identification:_identify(src) by extensions ['ignore', 'ignore_ament_install']
[1.612s] Level 1:colcon.colcon_core.package_identification:_identify(src) by extension 'ignore'
[1.612s] Level 1:colcon.colcon_core.package_identification:_identify(src) by extension 'ignore_ament_install'
[1.613s] Level 1:colcon.colcon_core.package_identification:_identify(src) by extensions ['colcon_pkg']
[1.613s] Level 1:colcon.colcon_core.package_identification:_identify(src) by extension 'colcon_pkg'
[1.613s] Level 1:colcon.colcon_core.package_identification:_identify(src) by extensions ['colcon_meta']
[1.613s] Level 1:colcon.colcon_core.package_identification:_identify(src) by extension 'colcon_meta'
[1.613s] Level 1:colcon.colcon_core.package_identification:_identify(src) by extensions ['ros']
[1.613s] Level 1:colcon.colcon_core.package_identification:_identify(src) by extension 'ros'
[1.614s] Level 1:colcon.colcon_core.package_identification:_identify(src) by extensions ['cmake', 'python']
[1.614s] Level 1:colcon.colcon_core.package_identification:_identify(src) by extension 'cmake'
[1.614s] Level 1:colcon.colcon_core.package_identification:_identify(src) by extension 'python'
[1.614s] Level 1:colcon.colcon_core.package_identification:_identify(src) by extensions ['python_setup_py']
[1.615s] Level 1:colcon.colcon_core.package_identification:_identify(src) by extension 'python_setup_py'
[1.616s] Level 1:colcon.colcon_core.package_identification:_identify(src/build) by extensions ['ignore', 'ignore_ament_install']
[1.616s] Level 1:colcon.colcon_core.package_identification:_identify(src/build) by extension 'ignore'
[1.616s] Level 1:colcon.colcon_core.package_identification:_identify(src/build) ignored
[1.617s] Level 1:colcon.colcon_core.package_identification:_identify(src/cpp_pubsub) by extensions ['ignore', 'ignore_ament_install']
[1.617s] Level 1:colcon.colcon_core.package_identification:_identify(src/cpp_pubsub) by extension 'ignore'
[1.618s] Level 1:colcon.colcon_core.package_identification:_identify(src/cpp_pubsub) by extension 'ignore_ament_install'
[1.618s] Level 1:colcon.colcon_core.package_identification:_identify(src/cpp_pubsub) by extensions ['colcon_pkg']
[1.618s] Level 1:colcon.colcon_core.package_identification:_identify(src/cpp_pubsub) by extension 'colcon_pkg'
[1.618s] Level 1:colcon.colcon_core.package_identification:_identify(src/cpp_pubsub) by extensions ['colcon_meta']
[1.618s] Level 1:colcon.colcon_core.package_identification:_identify(src/cpp_pubsub) by extension 'colcon_meta'
[1.619s] Level 1:colcon.colcon_core.package_identification:_identify(src/cpp_pubsub) by extensions ['ros']
[1.619s] Level 1:colcon.colcon_core.package_identification:_identify(src/cpp_pubsub) by extension 'ros'
[1.631s] DEBUG:colcon.colcon_core.package_identification:Package 'src/cpp_pubsub' with type 'ros.ament_cmake' and name 'cpp_pubsub'
[1.632s] Level 1:colcon.colcon_core.package_identification:_identify(src/install) by extensions ['ignore', 'ignore_ament_install']
[1.633s] Level 1:colcon.colcon_core.package_identification:_identify(src/install) by extension 'ignore'
[1.633s] Level 1:colcon.colcon_core.package_identification:_identify(src/install) ignored
[1.638s] Level 1:colcon.colcon_core.package_identification:_identify(src/log) by extensions ['ignore', 'ignore_ament_install']
[1.639s] Level 1:colcon.colcon_core.package_identification:_identify(src/log) by extension 'ignore'
[1.639s] Level 1:colcon.colcon_core.package_identification:_identify(src/log) ignored
[1.640s] Level 1:colcon.colcon_core.package_identification:_identify(src/move_program) by extensions ['ignore', 'ignore_ament_install']
[1.640s] Level 1:colcon.colcon_core.package_identification:_identify(src/move_program) by extension 'ignore'
[1.640s] Level 1:colcon.colcon_core.package_identification:_identify(src/move_program) by extension 'ignore_ament_install'
[1.641s] Level 1:colcon.colcon_core.package_identification:_identify(src/move_program) by extensions ['colcon_pkg']
[1.641s] Level 1:colcon.colcon_core.package_identification:_identify(src/move_program) by extension 'colcon_pkg'
[1.641s] Level 1:colcon.colcon_core.package_identification:_identify(src/move_program) by extensions ['colcon_meta']
[1.641s] Level 1:colcon.colcon_core.package_identification:_identify(src/move_program) by extension 'colcon_meta'
[1.641s] Level 1:colcon.colcon_core.package_identification:_identify(src/move_program) by extensions ['ros']
[1.641s] Level 1:colcon.colcon_core.package_identification:_identify(src/move_program) by extension 'ros'
[1.644s] DEBUG:colcon.colcon_core.package_identification:Package 'src/move_program' with type 'ros.ament_cmake' and name 'move_program'
[1.645s] Level 1:colcon.colcon_core.package_identification:_identify(src/moveit_controls) by extensions ['ignore', 'ignore_ament_install']
[1.646s] Level 1:colcon.colcon_core.package_identification:_identify(src/moveit_controls) by extension 'ignore'
[1.646s] Level 1:colcon.colcon_core.package_identification:_identify(src/moveit_controls) by extension 'ignore_ament_install'
[1.647s] Level 1:colcon.colcon_core.package_identification:_identify(src/moveit_controls) by extensions ['colcon_pkg']
[1.647s] Level 1:colcon.colcon_core.package_identification:_identify(src/moveit_controls) by extension 'colcon_pkg'
[1.647s] Level 1:colcon.colcon_core.package_identification:_identify(src/moveit_controls) by extensions ['colcon_meta']
[1.647s] Level 1:colcon.colcon_core.package_identification:_identify(src/moveit_controls) by extension 'colcon_meta'
[1.648s] Level 1:colcon.colcon_core.package_identification:_identify(src/moveit_controls) by extensions ['ros']
[1.648s] Level 1:colcon.colcon_core.package_identification:_identify(src/moveit_controls) by extension 'ros'
[1.651s] DEBUG:colcon.colcon_core.package_identification:Package 'src/moveit_controls' with type 'ros.ament_python' and name 'moveit_controls'
[1.652s] Level 1:colcon.colcon_core.package_identification:_identify(src/pose_printer) by extensions ['ignore', 'ignore_ament_install']
[1.653s] Level 1:colcon.colcon_core.package_identification:_identify(src/pose_printer) by extension 'ignore'
[1.653s] Level 1:colcon.colcon_core.package_identification:_identify(src/pose_printer) by extension 'ignore_ament_install'
[1.654s] Level 1:colcon.colcon_core.package_identification:_identify(src/pose_printer) by extensions ['colcon_pkg']
[1.654s] Level 1:colcon.colcon_core.package_identification:_identify(src/pose_printer) by extension 'colcon_pkg'
[1.654s] Level 1:colcon.colcon_core.package_identification:_identify(src/pose_printer) by extensions ['colcon_meta']
[1.654s] Level 1:colcon.colcon_core.package_identification:_identify(src/pose_printer) by extension 'colcon_meta'
[1.654s] Level 1:colcon.colcon_core.package_identification:_identify(src/pose_printer) by extensions ['ros']
[1.655s] Level 1:colcon.colcon_core.package_identification:_identify(src/pose_printer) by extension 'ros'
[1.659s] DEBUG:colcon.colcon_core.package_identification:Package 'src/pose_printer' with type 'ros.ament_python' and name 'pose_printer'
[1.660s] Level 1:colcon.colcon_core.package_identification:_identify(src/robotic_arm_config) by extensions ['ignore', 'ignore_ament_install']
[1.660s] Level 1:colcon.colcon_core.package_identification:_identify(src/robotic_arm_config) by extension 'ignore'
[1.661s] Level 1:colcon.colcon_core.package_identification:_identify(src/robotic_arm_config) by extension 'ignore_ament_install'
[1.661s] Level 1:colcon.colcon_core.package_identification:_identify(src/robotic_arm_config) by extensions ['colcon_pkg']
[1.661s] Level 1:colcon.colcon_core.package_identification:_identify(src/robotic_arm_config) by extension 'colcon_pkg'
[1.661s] Level 1:colcon.colcon_core.package_identification:_identify(src/robotic_arm_config) by extensions ['colcon_meta']
[1.662s] Level 1:colcon.colcon_core.package_identification:_identify(src/robotic_arm_config) by extension 'colcon_meta'
[1.662s] Level 1:colcon.colcon_core.package_identification:_identify(src/robotic_arm_config) by extensions ['ros']
[1.662s] Level 1:colcon.colcon_core.package_identification:_identify(src/robotic_arm_config) by extension 'ros'
[1.665s] DEBUG:colcon.colcon_core.package_identification:Package 'src/robotic_arm_config' with type 'ros.ament_cmake' and name 'robotic_arm_config'
[1.666s] Level 1:colcon.colcon_core.package_identification:_identify(src/robotic_arm_model_v3) by extensions ['ignore', 'ignore_ament_install']
[1.667s] Level 1:colcon.colcon_core.package_identification:_identify(src/robotic_arm_model_v3) by extension 'ignore'
[1.667s] Level 1:colcon.colcon_core.package_identification:_identify(src/robotic_arm_model_v3) by extension 'ignore_ament_install'
[1.667s] Level 1:colcon.colcon_core.package_identification:_identify(src/robotic_arm_model_v3) by extensions ['colcon_pkg']
[1.667s] Level 1:colcon.colcon_core.package_identification:_identify(src/robotic_arm_model_v3) by extension 'colcon_pkg'
[1.668s] Level 1:colcon.colcon_core.package_identification:_identify(src/robotic_arm_model_v3) by extensions ['colcon_meta']
[1.668s] Level 1:colcon.colcon_core.package_identification:_identify(src/robotic_arm_model_v3) by extension 'colcon_meta'
[1.668s] Level 1:colcon.colcon_core.package_identification:_identify(src/robotic_arm_model_v3) by extensions ['ros']
[1.668s] Level 1:colcon.colcon_core.package_identification:_identify(src/robotic_arm_model_v3) by extension 'ros'
[1.671s] DEBUG:colcon.colcon_core.package_identification:Package 'src/robotic_arm_model_v3' with type 'ros.ament_cmake' and name 'robotic_arm_model_v3'
[1.672s] Level 1:colcon.colcon_core.package_identification:_identify(src/robotic_arm_moveit) by extensions ['ignore', 'ignore_ament_install']
[1.673s] Level 1:colcon.colcon_core.package_identification:_identify(src/robotic_arm_moveit) by extension 'ignore'
[1.673s] Level 1:colcon.colcon_core.package_identification:_identify(src/robotic_arm_moveit) by extension 'ignore_ament_install'
[1.673s] Level 1:colcon.colcon_core.package_identification:_identify(src/robotic_arm_moveit) by extensions ['colcon_pkg']
[1.674s] Level 1:colcon.colcon_core.package_identification:_identify(src/robotic_arm_moveit) by extension 'colcon_pkg'
[1.674s] Level 1:colcon.colcon_core.package_identification:_identify(src/robotic_arm_moveit) by extensions ['colcon_meta']
[1.674s] Level 1:colcon.colcon_core.package_identification:_identify(src/robotic_arm_moveit) by extension 'colcon_meta'
[1.674s] Level 1:colcon.colcon_core.package_identification:_identify(src/robotic_arm_moveit) by extensions ['ros']
[1.674s] Level 1:colcon.colcon_core.package_identification:_identify(src/robotic_arm_moveit) by extension 'ros'
[1.678s] DEBUG:colcon.colcon_core.package_identification:Package 'src/robotic_arm_moveit' with type 'ros.ament_cmake' and name 'robotic_arm_moveit'
[1.679s] Level 1:colcon.colcon_core.package_identification:_identify(src/robotic_arm_v3_config) by extensions ['ignore', 'ignore_ament_install']
[1.680s] Level 1:colcon.colcon_core.package_identification:_identify(src/robotic_arm_v3_config) by extension 'ignore'
[1.680s] Level 1:colcon.colcon_core.package_identification:_identify(src/robotic_arm_v3_config) by extension 'ignore_ament_install'
[1.680s] Level 1:colcon.colcon_core.package_identification:_identify(src/robotic_arm_v3_config) by extensions ['colcon_pkg']
[1.680s] Level 1:colcon.colcon_core.package_identification:_identify(src/robotic_arm_v3_config) by extension 'colcon_pkg'
[1.680s] Level 1:colcon.colcon_core.package_identification:_identify(src/robotic_arm_v3_config) by extensions ['colcon_meta']
[1.681s] Level 1:colcon.colcon_core.package_identification:_identify(src/robotic_arm_v3_config) by extension 'colcon_meta'
[1.681s] Level 1:colcon.colcon_core.package_identification:_identify(src/robotic_arm_v3_config) by extensions ['ros']
[1.681s] Level 1:colcon.colcon_core.package_identification:_identify(src/robotic_arm_v3_config) by extension 'ros'
[1.684s] DEBUG:colcon.colcon_core.package_identification:Package 'src/robotic_arm_v3_config' with type 'ros.ament_cmake' and name 'robotic_arm_v3_config'
[1.685s] Level 1:colcon.colcon_core.package_identification:_identify(src/ros_gz) by extensions ['ignore', 'ignore_ament_install']
[1.686s] Level 1:colcon.colcon_core.package_identification:_identify(src/ros_gz) by extension 'ignore'
[1.686s] Level 1:colcon.colcon_core.package_identification:_identify(src/ros_gz) by extension 'ignore_ament_install'
[1.686s] Level 1:colcon.colcon_core.package_identification:_identify(src/ros_gz) by extensions ['colcon_pkg']
[1.686s] Level 1:colcon.colcon_core.package_identification:_identify(src/ros_gz) by extension 'colcon_pkg'
[1.687s] Level 1:colcon.colcon_core.package_identification:_identify(src/ros_gz) by extensions ['colcon_meta']
[1.687s] Level 1:colcon.colcon_core.package_identification:_identify(src/ros_gz) by extension 'colcon_meta'
[1.687s] Level 1:colcon.colcon_core.package_identification:_identify(src/ros_gz) by extensions ['ros']
[1.687s] Level 1:colcon.colcon_core.package_identification:_identify(src/ros_gz) by extension 'ros'
[1.687s] Level 1:colcon.colcon_core.package_identification:_identify(src/ros_gz) by extensions ['cmake', 'python']
[1.688s] Level 1:colcon.colcon_core.package_identification:_identify(src/ros_gz) by extension 'cmake'
[1.688s] Level 1:colcon.colcon_core.package_identification:_identify(src/ros_gz) by extension 'python'
[1.688s] Level 1:colcon.colcon_core.package_identification:_identify(src/ros_gz) by extensions ['python_setup_py']
[1.688s] Level 1:colcon.colcon_core.package_identification:_identify(src/ros_gz) by extension 'python_setup_py'
[1.688s] Level 1:colcon.colcon_core.package_discovery:discover_packages(recursive) using defaults
[1.689s] Level 1:colcon.colcon_core.package_discovery:discover_packages(ignore) discover
[1.689s] Level 1:colcon.colcon_core.package_discovery:discover_packages(ignore) using defaults
[1.689s] Level 1:colcon.colcon_core.package_discovery:discover_packages(path) discover
[1.689s] Level 1:colcon.colcon_core.package_discovery:discover_packages(path) using defaults
[1.813s] Level 1:colcon.colcon_core.package_discovery:discover_packages(prefix_path) check parameters
[1.814s] Level 1:colcon.colcon_core.package_discovery:discover_packages(prefix_path) discover
[1.821s] WARNING:colcon.colcon_ros.prefix_path.ament:The path '/home/bot/ros2_ws/install/robotic_arm_v3_config' in the environment variable AMENT_PREFIX_PATH doesn't exist
[1.822s] WARNING:colcon.colcon_ros.prefix_path.ament:The path '/home/bot/ros2_ws/install/robotic_arm_model_v3' in the environment variable AMENT_PREFIX_PATH doesn't exist
[1.822s] WARNING:colcon.colcon_ros.prefix_path.ament:The path '/home/bot/ros2_ws/install/pose_printer' in the environment variable AMENT_PREFIX_PATH doesn't exist
[1.822s] WARNING:colcon.colcon_ros.prefix_path.ament:The path '/home/bot/ros2_ws/install/moveit_controls' in the environment variable AMENT_PREFIX_PATH doesn't exist
[1.822s] WARNING:colcon.colcon_ros.prefix_path.ament:The path '/home/bot/ros2_ws/install/move_program' in the environment variable AMENT_PREFIX_PATH doesn't exist
[1.822s] WARNING:colcon.colcon_ros.prefix_path.ament:The path '/home/bot/ros2_ws/install/cpp_pubsub' in the environment variable AMENT_PREFIX_PATH doesn't exist
[1.823s] WARNING:colcon.colcon_ros.prefix_path.catkin:The path '/home/bot/ros2_ws/install/robotic_arm_v3_config' in the environment variable CMAKE_PREFIX_PATH doesn't exist
[1.823s] WARNING:colcon.colcon_ros.prefix_path.catkin:The path '/home/bot/ros2_ws/install/robotic_arm_model_v3' in the environment variable CMAKE_PREFIX_PATH doesn't exist
[1.824s] WARNING:colcon.colcon_ros.prefix_path.catkin:The path '/home/bot/ros2_ws/install/move_program' in the environment variable CMAKE_PREFIX_PATH doesn't exist
[1.824s] WARNING:colcon.colcon_ros.prefix_path.catkin:The path '/home/bot/ros2_ws/install/cpp_pubsub' in the environment variable CMAKE_PREFIX_PATH doesn't exist
[1.829s] DEBUG:colcon.colcon_installed_package_information.package_discovery:Found 0 installed packages in /home/bot/ros2_ws/install
[1.844s] DEBUG:colcon.colcon_installed_package_information.package_discovery:Found 333 installed packages in /opt/ros/jazzy
[1.856s] Level 1:colcon.colcon_core.package_discovery:discover_packages(prefix_path) using defaults
[2.103s] Level 5:colcon.colcon_core.verb:set package 'cpp_pubsub' build argument 'cmake_args' from command line to 'None'
[2.103s] Level 5:colcon.colcon_core.verb:set package 'cpp_pubsub' build argument 'cmake_target' from command line to 'None'
[2.103s] Level 5:colcon.colcon_core.verb:set package 'cpp_pubsub' build argument 'cmake_target_skip_unavailable' from command line to 'False'
[2.103s] Level 5:colcon.colcon_core.verb:set package 'cpp_pubsub' build argument 'cmake_clean_cache' from command line to 'False'
[2.104s] Level 5:colcon.colcon_core.verb:set package 'cpp_pubsub' build argument 'cmake_clean_first' from command line to 'False'
[2.104s] Level 5:colcon.colcon_core.verb:set package 'cpp_pubsub' build argument 'cmake_force_configure' from command line to 'False'
[2.104s] Level 5:colcon.colcon_core.verb:set package 'cpp_pubsub' build argument 'ament_cmake_args' from command line to 'None'
[2.104s] Level 5:colcon.colcon_core.verb:set package 'cpp_pubsub' build argument 'catkin_cmake_args' from command line to 'None'
[2.104s] Level 5:colcon.colcon_core.verb:set package 'cpp_pubsub' build argument 'catkin_skip_building_tests' from command line to 'False'
[2.104s] DEBUG:colcon.colcon_core.verb:Building package 'cpp_pubsub' with the following arguments: {'ament_cmake_args': None, 'build_base': '/home/bot/ros2_ws/build/cpp_pubsub', 'catkin_cmake_args': None, 'catkin_skip_building_tests': False, 'cmake_args': None, 'cmake_clean_cache': False, 'cmake_clean_first': False, 'cmake_force_configure': False, 'cmake_target': None, 'cmake_target_skip_unavailable': False, 'install_base': '/home/bot/ros2_ws/install/cpp_pubsub', 'merge_install': False, 'path': '/home/bot/ros2_ws/src/cpp_pubsub', 'symlink_install': False, 'test_result_base': None}
[2.105s] Level 5:colcon.colcon_core.verb:set package 'move_program' build argument 'cmake_args' from command line to 'None'
[2.105s] Level 5:colcon.colcon_core.verb:set package 'move_program' build argument 'cmake_target' from command line to 'None'
[2.106s] Level 5:colcon.colcon_core.verb:set package 'move_program' build argument 'cmake_target_skip_unavailable' from command line to 'False'
[2.106s] Level 5:colcon.colcon_core.verb:set package 'move_program' build argument 'cmake_clean_cache' from command line to 'False'
[2.106s] Level 5:colcon.colcon_core.verb:set package 'move_program' build argument 'cmake_clean_first' from command line to 'False'
[2.106s] Level 5:colcon.colcon_core.verb:set package 'move_program' build argument 'cmake_force_configure' from command line to 'False'
[2.106s] Level 5:colcon.colcon_core.verb:set package 'move_program' build argument 'ament_cmake_args' from command line to 'None'
[2.106s] Level 5:colcon.colcon_core.verb:set package 'move_program' build argument 'catkin_cmake_args' from command line to 'None'
[2.106s] Level 5:colcon.colcon_core.verb:set package 'move_program' build argument 'catkin_skip_building_tests' from command line to 'False'
[2.106s] DEBUG:colcon.colcon_core.verb:Building package 'move_program' with the following arguments: {'ament_cmake_args': None, 'build_base': '/home/bot/ros2_ws/build/move_program', 'catkin_cmake_args': None, 'catkin_skip_building_tests': False, 'cmake_args': None, 'cmake_clean_cache': False, 'cmake_clean_first': False, 'cmake_force_configure': False, 'cmake_target': None, 'cmake_target_skip_unavailable': False, 'install_base': '/home/bot/ros2_ws/install/move_program', 'merge_install': False, 'path': '/home/bot/ros2_ws/src/move_program', 'symlink_install': False, 'test_result_base': None}
[2.107s] Level 5:colcon.colcon_core.verb:set package 'moveit_controls' build argument 'cmake_args' from command line to 'None'
[2.108s] Level 5:colcon.colcon_core.verb:set package 'moveit_controls' build argument 'cmake_target' from command line to 'None'
[2.108s] Level 5:colcon.colcon_core.verb:set package 'moveit_controls' build argument 'cmake_target_skip_unavailable' from command line to 'False'
[2.108s] Level 5:colcon.colcon_core.verb:set package 'moveit_controls' build argument 'cmake_clean_cache' from command line to 'False'
[2.108s] Level 5:colcon.colcon_core.verb:set package 'moveit_controls' build argument 'cmake_clean_first' from command line to 'False'
[2.108s] Level 5:colcon.colcon_core.verb:set package 'moveit_controls' build argument 'cmake_force_configure' from command line to 'False'
[2.108s] Level 5:colcon.colcon_core.verb:set package 'moveit_controls' build argument 'ament_cmake_args' from command line to 'None'
[2.108s] Level 5:colcon.colcon_core.verb:set package 'moveit_controls' build argument 'catkin_cmake_args' from command line to 'None'
[2.108s] Level 5:colcon.colcon_core.verb:set package 'moveit_controls' build argument 'catkin_skip_building_tests' from command line to 'False'
[2.108s] DEBUG:colcon.colcon_core.verb:Building package 'moveit_controls' with the following arguments: {'ament_cmake_args': None, 'build_base': '/home/bot/ros2_ws/build/moveit_controls', 'catkin_cmake_args': None, 'catkin_skip_building_tests': False, 'cmake_args': None, 'cmake_clean_cache': False, 'cmake_clean_first': False, 'cmake_force_configure': False, 'cmake_target': None, 'cmake_target_skip_unavailable': False, 'install_base': '/home/bot/ros2_ws/install/moveit_controls', 'merge_install': False, 'path': '/home/bot/ros2_ws/src/moveit_controls', 'symlink_install': False, 'test_result_base': None}
[2.109s] Level 5:colcon.colcon_core.verb:set package 'pose_printer' build argument 'cmake_args' from command line to 'None'
[2.110s] Level 5:colcon.colcon_core.verb:set package 'pose_printer' build argument 'cmake_target' from command line to 'None'
[2.110s] Level 5:colcon.colcon_core.verb:set package 'pose_printer' build argument 'cmake_target_skip_unavailable' from command line to 'False'
[2.110s] Level 5:colcon.colcon_core.verb:set package 'pose_printer' build argument 'cmake_clean_cache' from command line to 'False'
[2.110s] Level 5:colcon.colcon_core.verb:set package 'pose_printer' build argument 'cmake_clean_first' from command line to 'False'
[2.110s] Level 5:colcon.colcon_core.verb:set package 'pose_printer' build argument 'cmake_force_configure' from command line to 'False'
[2.110s] Level 5:colcon.colcon_core.verb:set package 'pose_printer' build argument 'ament_cmake_args' from command line to 'None'
[2.110s] Level 5:colcon.colcon_core.verb:set package 'pose_printer' build argument 'catkin_cmake_args' from command line to 'None'
[2.110s] Level 5:colcon.colcon_core.verb:set package 'pose_printer' build argument 'catkin_skip_building_tests' from command line to 'False'
[2.110s] DEBUG:colcon.colcon_core.verb:Building package 'pose_printer' with the following arguments: {'ament_cmake_args': None, 'build_base': '/home/bot/ros2_ws/build/pose_printer', 'catkin_cmake_args': None, 'catkin_skip_building_tests': False, 'cmake_args': None, 'cmake_clean_cache': False, 'cmake_clean_first': False, 'cmake_force_configure': False, 'cmake_target': None, 'cmake_target_skip_unavailable': False, 'install_base': '/home/bot/ros2_ws/install/pose_printer', 'merge_install': False, 'path': '/home/bot/ros2_ws/src/pose_printer', 'symlink_install': False, 'test_result_base': None}
[2.111s] Level 5:colcon.colcon_core.verb:set package 'robotic_arm_config' build argument 'cmake_args' from command line to 'None'
[2.112s] Level 5:colcon.colcon_core.verb:set package 'robotic_arm_config' build argument 'cmake_target' from command line to 'None'
[2.112s] Level 5:colcon.colcon_core.verb:set package 'robotic_arm_config' build argument 'cmake_target_skip_unavailable' from command line to 'False'
[2.112s] Level 5:colcon.colcon_core.verb:set package 'robotic_arm_config' build argument 'cmake_clean_cache' from command line to 'False'
[2.112s] Level 5:colcon.colcon_core.verb:set package 'robotic_arm_config' build argument 'cmake_clean_first' from command line to 'False'
[2.112s] Level 5:colcon.colcon_core.verb:set package 'robotic_arm_config' build argument 'cmake_force_configure' from command line to 'False'
[2.112s] Level 5:colcon.colcon_core.verb:set package 'robotic_arm_config' build argument 'ament_cmake_args' from command line to 'None'
[2.112s] Level 5:colcon.colcon_core.verb:set package 'robotic_arm_config' build argument 'catkin_cmake_args' from command line to 'None'
[2.112s] Level 5:colcon.colcon_core.verb:set package 'robotic_arm_config' build argument 'catkin_skip_building_tests' from command line to 'False'
[2.112s] DEBUG:colcon.colcon_core.verb:Building package 'robotic_arm_config' with the following arguments: {'ament_cmake_args': None, 'build_base': '/home/bot/ros2_ws/build/robotic_arm_config', 'catkin_cmake_args': None, 'catkin_skip_building_tests': False, 'cmake_args': None, 'cmake_clean_cache': False, 'cmake_clean_first': False, 'cmake_force_configure': False, 'cmake_target': None, 'cmake_target_skip_unavailable': False, 'install_base': '/home/bot/ros2_ws/install/robotic_arm_config', 'merge_install': False, 'path': '/home/bot/ros2_ws/src/robotic_arm_config', 'symlink_install': False, 'test_result_base': None}
[2.113s] Level 5:colcon.colcon_core.verb:set package 'robotic_arm_model_v3' build argument 'cmake_args' from command line to 'None'
[2.114s] Level 5:colcon.colcon_core.verb:set package 'robotic_arm_model_v3' build argument 'cmake_target' from command line to 'None'
[2.114s] Level 5:colcon.colcon_core.verb:set package 'robotic_arm_model_v3' build argument 'cmake_target_skip_unavailable' from command line to 'False'
[2.114s] Level 5:colcon.colcon_core.verb:set package 'robotic_arm_model_v3' build argument 'cmake_clean_cache' from command line to 'False'
[2.114s] Level 5:colcon.colcon_core.verb:set package 'robotic_arm_model_v3' build argument 'cmake_clean_first' from command line to 'False'
[2.114s] Level 5:colcon.colcon_core.verb:set package 'robotic_arm_model_v3' build argument 'cmake_force_configure' from command line to 'False'
[2.114s] Level 5:colcon.colcon_core.verb:set package 'robotic_arm_model_v3' build argument 'ament_cmake_args' from command line to 'None'
[2.114s] Level 5:colcon.colcon_core.verb:set package 'robotic_arm_model_v3' build argument 'catkin_cmake_args' from command line to 'None'
[2.114s] Level 5:colcon.colcon_core.verb:set package 'robotic_arm_model_v3' build argument 'catkin_skip_building_tests' from command line to 'False'
[2.114s] DEBUG:colcon.colcon_core.verb:Building package 'robotic_arm_model_v3' with the following arguments: {'ament_cmake_args': None, 'build_base': '/home/bot/ros2_ws/build/robotic_arm_model_v3', 'catkin_cmake_args': None, 'catkin_skip_building_tests': False, 'cmake_args': None, 'cmake_clean_cache': False, 'cmake_clean_first': False, 'cmake_force_configure': False, 'cmake_target': None, 'cmake_target_skip_unavailable': False, 'install_base': '/home/bot/ros2_ws/install/robotic_arm_model_v3', 'merge_install': False, 'path': '/home/bot/ros2_ws/src/robotic_arm_model_v3', 'symlink_install': False, 'test_result_base': None}
[2.115s] Level 5:colcon.colcon_core.verb:set package 'robotic_arm_moveit' build argument 'cmake_args' from command line to 'None'
[2.116s] Level 5:colcon.colcon_core.verb:set package 'robotic_arm_moveit' build argument 'cmake_target' from command line to 'None'
[2.116s] Level 5:colcon.colcon_core.verb:set package 'robotic_arm_moveit' build argument 'cmake_target_skip_unavailable' from command line to 'False'
[2.116s] Level 5:colcon.colcon_core.verb:set package 'robotic_arm_moveit' build argument 'cmake_clean_cache' from command line to 'False'
[2.116s] Level 5:colcon.colcon_core.verb:set package 'robotic_arm_moveit' build argument 'cmake_clean_first' from command line to 'False'
[2.116s] Level 5:colcon.colcon_core.verb:set package 'robotic_arm_moveit' build argument 'cmake_force_configure' from command line to 'False'
[2.116s] Level 5:colcon.colcon_core.verb:set package 'robotic_arm_moveit' build argument 'ament_cmake_args' from command line to 'None'
[2.116s] Level 5:colcon.colcon_core.verb:set package 'robotic_arm_moveit' build argument 'catkin_cmake_args' from command line to 'None'
[2.116s] Level 5:colcon.colcon_core.verb:set package 'robotic_arm_moveit' build argument 'catkin_skip_building_tests' from command line to 'False'
[2.116s] DEBUG:colcon.colcon_core.verb:Building package 'robotic_arm_moveit' with the following arguments: {'ament_cmake_args': None, 'build_base': '/home/bot/ros2_ws/build/robotic_arm_moveit', 'catkin_cmake_args': None, 'catkin_skip_building_tests': False, 'cmake_args': None, 'cmake_clean_cache': False, 'cmake_clean_first': False, 'cmake_force_configure': False, 'cmake_target': None, 'cmake_target_skip_unavailable': False, 'install_base': '/home/bot/ros2_ws/install/robotic_arm_moveit', 'merge_install': False, 'path': '/home/bot/ros2_ws/src/robotic_arm_moveit', 'symlink_install': False, 'test_result_base': None}
[2.118s] Level 5:colcon.colcon_core.verb:set package 'robotic_arm_v3_config' build argument 'cmake_args' from command line to 'None'
[2.118s] Level 5:colcon.colcon_core.verb:set package 'robotic_arm_v3_config' build argument 'cmake_target' from command line to 'None'
[2.118s] Level 5:colcon.colcon_core.verb:set package 'robotic_arm_v3_config' build argument 'cmake_target_skip_unavailable' from command line to 'False'
[2.118s] Level 5:colcon.colcon_core.verb:set package 'robotic_arm_v3_config' build argument 'cmake_clean_cache' from command line to 'False'
[2.118s] Level 5:colcon.colcon_core.verb:set package 'robotic_arm_v3_config' build argument 'cmake_clean_first' from command line to 'False'
[2.118s] Level 5:colcon.colcon_core.verb:set package 'robotic_arm_v3_config' build argument 'cmake_force_configure' from command line to 'False'
[2.118s] Level 5:colcon.colcon_core.verb:set package 'robotic_arm_v3_config' build argument 'ament_cmake_args' from command line to 'None'
[2.118s] Level 5:colcon.colcon_core.verb:set package 'robotic_arm_v3_config' build argument 'catkin_cmake_args' from command line to 'None'
[2.118s] Level 5:colcon.colcon_core.verb:set package 'robotic_arm_v3_config' build argument 'catkin_skip_building_tests' from command line to 'False'
[2.118s] DEBUG:colcon.colcon_core.verb:Building package 'robotic_arm_v3_config' with the following arguments: {'ament_cmake_args': None, 'build_base': '/home/bot/ros2_ws/build/robotic_arm_v3_config', 'catkin_cmake_args': None, 'catkin_skip_building_tests': False, 'cmake_args': None, 'cmake_clean_cache': False, 'cmake_clean_first': False, 'cmake_force_configure': False, 'cmake_target': None, 'cmake_target_skip_unavailable': False, 'install_base': '/home/bot/ros2_ws/install/robotic_arm_v3_config', 'merge_install': False, 'path': '/home/bot/ros2_ws/src/robotic_arm_v3_config', 'symlink_install': False, 'test_result_base': None}
[2.119s] INFO:colcon.colcon_core.executor:Executing jobs using 'parallel' executor
[2.122s] DEBUG:colcon.colcon_parallel_executor.executor.parallel:run_until_complete
[2.123s] INFO:colcon.colcon_ros.task.ament_cmake.build:Building ROS package in '/home/bot/ros2_ws/src/robotic_arm_model_v3' with build type 'ament_cmake'
[2.124s] INFO:colcon.colcon_cmake.task.cmake.build:Building CMake package in '/home/bot/ros2_ws/src/robotic_arm_model_v3'
[2.153s] INFO:colcon.colcon_core.plugin_system:Skipping extension 'colcon_core.shell.bat': Not used on non-Windows systems
[2.154s] INFO:colcon.colcon_core.shell:Skip shell extension 'powershell' for command environment: Not usable outside of PowerShell
[2.154s] DEBUG:colcon.colcon_core.shell:Skip shell extension 'dsv' for command environment
[2.179s] INFO:colcon.colcon_ros.task.ament_cmake.build:Building ROS package in '/home/bot/ros2_ws/src/cpp_pubsub' with build type 'ament_cmake'
[2.179s] INFO:colcon.colcon_cmake.task.cmake.build:Building CMake package in '/home/bot/ros2_ws/src/cpp_pubsub'
[2.180s] INFO:colcon.colcon_core.shell:Skip shell extension 'powershell' for command environment: Not usable outside of PowerShell
[2.181s] DEBUG:colcon.colcon_core.shell:Skip shell extension 'dsv' for command environment
[2.203s] INFO:colcon.colcon_ros.task.ament_cmake.build:Building ROS package in '/home/bot/ros2_ws/src/move_program' with build type 'ament_cmake'
[2.204s] INFO:colcon.colcon_cmake.task.cmake.build:Building CMake package in '/home/bot/ros2_ws/src/move_program'
[2.205s] INFO:colcon.colcon_core.shell:Skip shell extension 'powershell' for command environment: Not usable outside of PowerShell
[2.206s] DEBUG:colcon.colcon_core.shell:Skip shell extension 'dsv' for command environment
[2.230s] INFO:colcon.colcon_ros.task.ament_python.build:Building ROS package in '/home/bot/ros2_ws/src/moveit_controls' with build type 'ament_python'
[2.231s] Level 1:colcon.colcon_core.shell:create_environment_hook('moveit_controls', 'ament_prefix_path')
[2.232s] INFO:colcon.colcon_core.shell:Creating environment hook '/home/bot/ros2_ws/install/moveit_controls/share/moveit_controls/hook/ament_prefix_path.ps1'
[2.241s] INFO:colcon.colcon_core.shell:Creating environment descriptor '/home/bot/ros2_ws/install/moveit_controls/share/moveit_controls/hook/ament_prefix_path.dsv'
[2.243s] INFO:colcon.colcon_core.shell:Creating environment hook '/home/bot/ros2_ws/install/moveit_controls/share/moveit_controls/hook/ament_prefix_path.sh'
[2.246s] INFO:colcon.colcon_core.shell:Skip shell extension 'powershell' for command environment: Not usable outside of PowerShell
[2.246s] DEBUG:colcon.colcon_core.shell:Skip shell extension 'dsv' for command environment
[2.288s] DEBUG:colcon.colcon_core.event_handler.log_command:Invoking command in '/home/bot/ros2_ws/build/robotic_arm_model_v3': CMAKE_PREFIX_PATH=${CMAKE_PREFIX_PATH}:/home/bot/ros2_ws/install/pose_printer:/home/bot/ros2_ws/install/moveit_controls:/opt/ros/jazzy DEBUGINFOD_URLS=https://debuginfod.ubuntu.com /usr/bin/cmake /home/bot/ros2_ws/src/robotic_arm_model_v3 -DCMAKE_INSTALL_PREFIX=/home/bot/ros2_ws/install/robotic_arm_model_v3
[2.310s] DEBUG:colcon.colcon_core.event_handler.log_command:Invoking command in '/home/bot/ros2_ws/build/cpp_pubsub': CMAKE_PREFIX_PATH=${CMAKE_PREFIX_PATH}:/home/bot/ros2_ws/install/pose_printer:/home/bot/ros2_ws/install/moveit_controls:/opt/ros/jazzy DEBUGINFOD_URLS=https://debuginfod.ubuntu.com /usr/bin/cmake /home/bot/ros2_ws/src/cpp_pubsub -DCMAKE_INSTALL_PREFIX=/home/bot/ros2_ws/install/cpp_pubsub
[2.324s] DEBUG:colcon.colcon_core.event_handler.log_command:Invoking command in '/home/bot/ros2_ws/build/move_program': CMAKE_PREFIX_PATH=${CMAKE_PREFIX_PATH}:/home/bot/ros2_ws/install/pose_printer:/home/bot/ros2_ws/install/moveit_controls:/opt/ros/jazzy DEBUGINFOD_URLS=https://debuginfod.ubuntu.com /usr/bin/cmake /home/bot/ros2_ws/src/move_program -DCMAKE_INSTALL_PREFIX=/home/bot/ros2_ws/install/move_program
[4.092s] INFO:colcon.colcon_core.task.python.build:Building Python package in '/home/bot/ros2_ws/src/moveit_controls'
[4.098s] INFO:colcon.colcon_core.shell:Skip shell extension 'powershell' for command environment: Not usable outside of PowerShell
[4.099s] DEBUG:colcon.colcon_core.shell:Skip shell extension 'dsv' for command environment
[11.550s] DEBUG:colcon.colcon_core.event_handler.log_command:Invoked command in '/home/bot/ros2_ws/build/robotic_arm_model_v3' returned '0': CMAKE_PREFIX_PATH=${CMAKE_PREFIX_PATH}:/home/bot/ros2_ws/install/pose_printer:/home/bot/ros2_ws/install/moveit_controls:/opt/ros/jazzy DEBUGINFOD_URLS=https://debuginfod.ubuntu.com /usr/bin/cmake /home/bot/ros2_ws/src/robotic_arm_model_v3 -DCMAKE_INSTALL_PREFIX=/home/bot/ros2_ws/install/robotic_arm_model_v3
[11.563s] DEBUG:colcon.colcon_core.event_handler.log_command:Invoking command in '/home/bot/ros2_ws/build/robotic_arm_model_v3': CMAKE_PREFIX_PATH=${CMAKE_PREFIX_PATH}:/home/bot/ros2_ws/install/pose_printer:/home/bot/ros2_ws/install/moveit_controls:/opt/ros/jazzy DEBUGINFOD_URLS=https://debuginfod.ubuntu.com /usr/bin/cmake --build /home/bot/ros2_ws/build/robotic_arm_model_v3 -- -j4 -l4
[12.009s] DEBUG:colcon.colcon_core.event_handler.log_command:Invoked command in '/home/bot/ros2_ws/build/robotic_arm_model_v3' returned '0': CMAKE_PREFIX_PATH=${CMAKE_PREFIX_PATH}:/home/bot/ros2_ws/install/pose_printer:/home/bot/ros2_ws/install/moveit_controls:/opt/ros/jazzy DEBUGINFOD_URLS=https://debuginfod.ubuntu.com /usr/bin/cmake --build /home/bot/ros2_ws/build/robotic_arm_model_v3 -- -j4 -l4
[12.114s] DEBUG:colcon.colcon_core.event_handler.log_command:Invoking command in '/home/bot/ros2_ws/build/robotic_arm_model_v3': CMAKE_PREFIX_PATH=${CMAKE_PREFIX_PATH}:/home/bot/ros2_ws/install/pose_printer:/home/bot/ros2_ws/install/moveit_controls:/opt/ros/jazzy DEBUGINFOD_URLS=https://debuginfod.ubuntu.com /usr/bin/cmake --install /home/bot/ros2_ws/build/robotic_arm_model_v3
[12.306s] DEBUG:colcon.colcon_core.event_handler.log_command:Invoking command in '/home/bot/ros2_ws/src/moveit_controls': DEBUGINFOD_URLS=https://debuginfod.ubuntu.com PYTHONPATH=/home/bot/ros2_ws/build/moveit_controls/prefix_override:/usr/lib/python3/dist-packages/colcon_core/task/python/colcon_distutils_commands:/home/bot/ros2_ws/install/moveit_controls/lib/python3.12/site-packages:${PYTHONPATH} /usr/bin/python3 -W ignore:setup.py install is deprecated -W ignore:easy_install command is deprecated setup.py egg_info --egg-base ../../build/moveit_controls build --build-base /home/bot/ros2_ws/build/moveit_controls/build install --record /home/bot/ros2_ws/build/moveit_controls/install.log --single-version-externally-managed install_data
[12.460s] Level 1:colcon.colcon_core.environment:create_environment_scripts_only(robotic_arm_model_v3)
[12.466s] DEBUG:colcon.colcon_core.event_handler.log_command:Invoked command in '/home/bot/ros2_ws/build/robotic_arm_model_v3' returned '0': CMAKE_PREFIX_PATH=${CMAKE_PREFIX_PATH}:/home/bot/ros2_ws/install/pose_printer:/home/bot/ros2_ws/install/moveit_controls:/opt/ros/jazzy DEBUGINFOD_URLS=https://debuginfod.ubuntu.com /usr/bin/cmake --install /home/bot/ros2_ws/build/robotic_arm_model_v3
[12.541s] Level 1:colcon.colcon_core.environment:checking '/home/bot/ros2_ws/install/robotic_arm_model_v3' for CMake module files
[12.551s] Level 1:colcon.colcon_core.environment:checking '/home/bot/ros2_ws/install/robotic_arm_model_v3' for CMake config files
[12.584s] Level 1:colcon.colcon_core.shell:create_environment_hook('robotic_arm_model_v3', 'cmake_prefix_path')
[12.585s] INFO:colcon.colcon_core.shell:Creating environment hook '/home/bot/ros2_ws/install/robotic_arm_model_v3/share/robotic_arm_model_v3/hook/cmake_prefix_path.ps1'
[12.596s] INFO:colcon.colcon_core.shell:Creating environment descriptor '/home/bot/ros2_ws/install/robotic_arm_model_v3/share/robotic_arm_model_v3/hook/cmake_prefix_path.dsv'
[12.607s] INFO:colcon.colcon_core.shell:Creating environment hook '/home/bot/ros2_ws/install/robotic_arm_model_v3/share/robotic_arm_model_v3/hook/cmake_prefix_path.sh'
[12.613s] Level 1:colcon.colcon_core.environment:checking '/home/bot/ros2_ws/install/robotic_arm_model_v3/bin'
[12.613s] Level 1:colcon.colcon_core.environment:checking '/home/bot/ros2_ws/install/robotic_arm_model_v3/lib/pkgconfig/robotic_arm_model_v3.pc'
[12.615s] Level 1:colcon.colcon_core.environment:checking '/home/bot/ros2_ws/install/robotic_arm_model_v3/lib/python3.12/site-packages'
[12.618s] Level 1:colcon.colcon_core.environment:checking '/home/bot/ros2_ws/install/robotic_arm_model_v3/bin'
[12.619s] INFO:colcon.colcon_core.shell:Creating package script '/home/bot/ros2_ws/install/robotic_arm_model_v3/share/robotic_arm_model_v3/package.ps1'
[12.628s] INFO:colcon.colcon_core.shell:Creating package descriptor '/home/bot/ros2_ws/install/robotic_arm_model_v3/share/robotic_arm_model_v3/package.dsv'
[12.633s] INFO:colcon.colcon_core.shell:Creating package script '/home/bot/ros2_ws/install/robotic_arm_model_v3/share/robotic_arm_model_v3/package.sh'
[12.643s] INFO:colcon.colcon_core.shell:Creating package script '/home/bot/ros2_ws/install/robotic_arm_model_v3/share/robotic_arm_model_v3/package.bash'
[12.649s] INFO:colcon.colcon_core.shell:Creating package script '/home/bot/ros2_ws/install/robotic_arm_model_v3/share/robotic_arm_model_v3/package.zsh'
[12.660s] Level 1:colcon.colcon_core.environment:create_file_with_runtime_dependencies(/home/bot/ros2_ws/install/robotic_arm_model_v3/share/colcon-core/packages/robotic_arm_model_v3)
[12.663s] Level 1:colcon.colcon_core.environment:create_environment_scripts_only(robotic_arm_model_v3)
[12.664s] Level 1:colcon.colcon_core.environment:checking '/home/bot/ros2_ws/install/robotic_arm_model_v3' for CMake module files
[12.668s] Level 1:colcon.colcon_core.environment:checking '/home/bot/ros2_ws/install/robotic_arm_model_v3' for CMake config files
[12.670s] Level 1:colcon.colcon_core.shell:create_environment_hook('robotic_arm_model_v3', 'cmake_prefix_path')
[12.671s] INFO:colcon.colcon_core.shell:Creating environment hook '/home/bot/ros2_ws/install/robotic_arm_model_v3/share/robotic_arm_model_v3/hook/cmake_prefix_path.ps1'
[12.674s] INFO:colcon.colcon_core.shell:Creating environment descriptor '/home/bot/ros2_ws/install/robotic_arm_model_v3/share/robotic_arm_model_v3/hook/cmake_prefix_path.dsv'
[12.676s] INFO:colcon.colcon_core.shell:Creating environment hook '/home/bot/ros2_ws/install/robotic_arm_model_v3/share/robotic_arm_model_v3/hook/cmake_prefix_path.sh'
[12.680s] Level 1:colcon.colcon_core.environment:checking '/home/bot/ros2_ws/install/robotic_arm_model_v3/bin'
[12.684s] Level 1:colcon.colcon_core.environment:checking '/home/bot/ros2_ws/install/robotic_arm_model_v3/lib/pkgconfig/robotic_arm_model_v3.pc'
[12.685s] Level 1:colcon.colcon_core.environment:checking '/home/bot/ros2_ws/install/robotic_arm_model_v3/lib/python3.12/site-packages'
[12.687s] Level 1:colcon.colcon_core.environment:checking '/home/bot/ros2_ws/install/robotic_arm_model_v3/bin'
[12.692s] INFO:colcon.colcon_core.shell:Creating package script '/home/bot/ros2_ws/install/robotic_arm_model_v3/share/robotic_arm_model_v3/package.ps1'
[12.699s] INFO:colcon.colcon_core.shell:Creating package descriptor '/home/bot/ros2_ws/install/robotic_arm_model_v3/share/robotic_arm_model_v3/package.dsv'
[12.705s] INFO:colcon.colcon_core.shell:Creating package script '/home/bot/ros2_ws/install/robotic_arm_model_v3/share/robotic_arm_model_v3/package.sh'
[12.718s] INFO:colcon.colcon_core.shell:Creating package script '/home/bot/ros2_ws/install/robotic_arm_model_v3/share/robotic_arm_model_v3/package.bash'
[12.725s] INFO:colcon.colcon_core.shell:Creating package script '/home/bot/ros2_ws/install/robotic_arm_model_v3/share/robotic_arm_model_v3/package.zsh'
[12.740s] Level 1:colcon.colcon_core.environment:create_file_with_runtime_dependencies(/home/bot/ros2_ws/install/robotic_arm_model_v3/share/colcon-core/packages/robotic_arm_model_v3)
[12.747s] INFO:colcon.colcon_ros.task.ament_python.build:Building ROS package in '/home/bot/ros2_ws/src/pose_printer' with build type 'ament_python'
[12.749s] Level 1:colcon.colcon_core.shell:create_environment_hook('pose_printer', 'ament_prefix_path')
[12.751s] INFO:colcon.colcon_core.shell:Creating environment hook '/home/bot/ros2_ws/install/pose_printer/share/pose_printer/hook/ament_prefix_path.ps1'
[12.760s] INFO:colcon.colcon_core.shell:Creating environment descriptor '/home/bot/ros2_ws/install/pose_printer/share/pose_printer/hook/ament_prefix_path.dsv'
[12.763s] INFO:colcon.colcon_core.shell:Creating environment hook '/home/bot/ros2_ws/install/pose_printer/share/pose_printer/hook/ament_prefix_path.sh'
[12.766s] INFO:colcon.colcon_core.shell:Skip shell extension 'powershell' for command environment: Not usable outside of PowerShell
[12.766s] DEBUG:colcon.colcon_core.shell:Skip shell extension 'dsv' for command environment
[14.576s] INFO:colcon.colcon_core.task.python.build:Building Python package in '/home/bot/ros2_ws/src/pose_printer'
[14.577s] INFO:colcon.colcon_core.shell:Skip shell extension 'powershell' for command environment: Not usable outside of PowerShell
[14.577s] DEBUG:colcon.colcon_core.shell:Skip shell extension 'dsv' for command environment
[16.303s] DEBUG:colcon.colcon_core.event_handler.log_command:Invoked command in '/home/bot/ros2_ws/build/cpp_pubsub' returned '0': CMAKE_PREFIX_PATH=${CMAKE_PREFIX_PATH}:/home/bot/ros2_ws/install/pose_printer:/home/bot/ros2_ws/install/moveit_controls:/opt/ros/jazzy DEBUGINFOD_URLS=https://debuginfod.ubuntu.com /usr/bin/cmake /home/bot/ros2_ws/src/cpp_pubsub -DCMAKE_INSTALL_PREFIX=/home/bot/ros2_ws/install/cpp_pubsub
[16.306s] DEBUG:colcon.colcon_core.event_handler.log_command:Invoking command in '/home/bot/ros2_ws/build/cpp_pubsub': CMAKE_PREFIX_PATH=${CMAKE_PREFIX_PATH}:/home/bot/ros2_ws/install/pose_printer:/home/bot/ros2_ws/install/moveit_controls:/opt/ros/jazzy DEBUGINFOD_URLS=https://debuginfod.ubuntu.com /usr/bin/cmake --build /home/bot/ros2_ws/build/cpp_pubsub -- -j4 -l4
[17.385s] Level 1:colcon.colcon_core.environment:checking '/home/bot/ros2_ws/install/moveit_controls' for CMake module files
[17.386s] DEBUG:colcon.colcon_core.event_handler.log_command:Invoked command in '/home/bot/ros2_ws/src/moveit_controls' returned '0': DEBUGINFOD_URLS=https://debuginfod.ubuntu.com PYTHONPATH=/home/bot/ros2_ws/build/moveit_controls/prefix_override:/usr/lib/python3/dist-packages/colcon_core/task/python/colcon_distutils_commands:/home/bot/ros2_ws/install/moveit_controls/lib/python3.12/site-packages:${PYTHONPATH} /usr/bin/python3 -W ignore:setup.py install is deprecated -W ignore:easy_install command is deprecated setup.py egg_info --egg-base ../../build/moveit_controls build --build-base /home/bot/ros2_ws/build/moveit_controls/build install --record /home/bot/ros2_ws/build/moveit_controls/install.log --single-version-externally-managed install_data
[17.390s] Level 1:colcon.colcon_core.environment:checking '/home/bot/ros2_ws/install/moveit_controls' for CMake config files
[17.393s] Level 1:colcon.colcon_core.environment:checking '/home/bot/ros2_ws/install/moveit_controls/lib'
[17.394s] Level 1:colcon.colcon_core.environment:checking '/home/bot/ros2_ws/install/moveit_controls/bin'
[17.394s] Level 1:colcon.colcon_core.environment:checking '/home/bot/ros2_ws/install/moveit_controls/lib/pkgconfig/moveit_controls.pc'
[17.396s] Level 1:colcon.colcon_core.environment:checking '/home/bot/ros2_ws/install/moveit_controls/lib/python3.12/site-packages'
[17.396s] Level 1:colcon.colcon_core.shell:create_environment_hook('moveit_controls', 'pythonpath')
[17.397s] INFO:colcon.colcon_core.shell:Creating environment hook '/home/bot/ros2_ws/install/moveit_controls/share/moveit_controls/hook/pythonpath.ps1'
[17.399s] INFO:colcon.colcon_core.shell:Creating environment descriptor '/home/bot/ros2_ws/install/moveit_controls/share/moveit_controls/hook/pythonpath.dsv'
[17.400s] INFO:colcon.colcon_core.shell:Creating environment hook '/home/bot/ros2_ws/install/moveit_controls/share/moveit_controls/hook/pythonpath.sh'
[17.404s] Level 1:colcon.colcon_core.environment:checking '/home/bot/ros2_ws/install/moveit_controls/bin'
[17.404s] Level 1:colcon.colcon_core.environment:create_environment_scripts_only(moveit_controls)
[17.405s] INFO:colcon.colcon_core.shell:Creating package script '/home/bot/ros2_ws/install/moveit_controls/share/moveit_controls/package.ps1'
[17.407s] INFO:colcon.colcon_core.shell:Creating package descriptor '/home/bot/ros2_ws/install/moveit_controls/share/moveit_controls/package.dsv'
[17.410s] INFO:colcon.colcon_core.shell:Creating package script '/home/bot/ros2_ws/install/moveit_controls/share/moveit_controls/package.sh'
[17.412s] INFO:colcon.colcon_core.shell:Creating package script '/home/bot/ros2_ws/install/moveit_controls/share/moveit_controls/package.bash'
[17.414s] INFO:colcon.colcon_core.shell:Creating package script '/home/bot/ros2_ws/install/moveit_controls/share/moveit_controls/package.zsh'
[17.415s] Level 1:colcon.colcon_core.environment:create_file_with_runtime_dependencies(/home/bot/ros2_ws/install/moveit_controls/share/colcon-core/packages/moveit_controls)
[17.417s] INFO:colcon.colcon_ros.task.ament_cmake.build:Building ROS package in '/home/bot/ros2_ws/src/robotic_arm_config' with build type 'ament_cmake'
[17.418s] INFO:colcon.colcon_cmake.task.cmake.build:Building CMake package in '/home/bot/ros2_ws/src/robotic_arm_config'
[17.419s] INFO:colcon.colcon_core.shell:Skip shell extension 'powershell' for command environment: Not usable outside of PowerShell
[17.421s] DEBUG:colcon.colcon_core.shell:Skip shell extension 'dsv' for command environment
[17.502s] DEBUG:colcon.colcon_core.event_handler.log_command:Invoking command in '/home/bot/ros2_ws/build/robotic_arm_config': CMAKE_PREFIX_PATH=${CMAKE_PREFIX_PATH}:/home/bot/ros2_ws/install/pose_printer:/home/bot/ros2_ws/install/moveit_controls:/opt/ros/jazzy DEBUGINFOD_URLS=https://debuginfod.ubuntu.com /usr/bin/cmake /home/bot/ros2_ws/src/robotic_arm_config -DCMAKE_INSTALL_PREFIX=/home/bot/ros2_ws/install/robotic_arm_config
[19.347s] DEBUG:colcon.colcon_core.event_handler.log_command:Invoking command in '/home/bot/ros2_ws/src/pose_printer': DEBUGINFOD_URLS=https://debuginfod.ubuntu.com PYTHONPATH=/home/bot/ros2_ws/build/pose_printer/prefix_override:/usr/lib/python3/dist-packages/colcon_core/task/python/colcon_distutils_commands:/home/bot/ros2_ws/install/pose_printer/lib/python3.12/site-packages:${PYTHONPATH} /usr/bin/python3 -W ignore:setup.py install is deprecated -W ignore:easy_install command is deprecated setup.py egg_info --egg-base ../../build/pose_printer build --build-base /home/bot/ros2_ws/build/pose_printer/build install --record /home/bot/ros2_ws/build/pose_printer/install.log --single-version-externally-managed install_data
[24.125s] DEBUG:colcon.colcon_core.event_handler.log_command:Invoked command in '/home/bot/ros2_ws/build/robotic_arm_config' returned '0': CMAKE_PREFIX_PATH=${CMAKE_PREFIX_PATH}:/home/bot/ros2_ws/install/pose_printer:/home/bot/ros2_ws/install/moveit_controls:/opt/ros/jazzy DEBUGINFOD_URLS=https://debuginfod.ubuntu.com /usr/bin/cmake /home/bot/ros2_ws/src/robotic_arm_config -DCMAKE_INSTALL_PREFIX=/home/bot/ros2_ws/install/robotic_arm_config
[24.139s] DEBUG:colcon.colcon_core.event_handler.log_command:Invoking command in '/home/bot/ros2_ws/build/robotic_arm_config': CMAKE_PREFIX_PATH=${CMAKE_PREFIX_PATH}:/home/bot/ros2_ws/install/pose_printer:/home/bot/ros2_ws/install/moveit_controls:/opt/ros/jazzy DEBUGINFOD_URLS=https://debuginfod.ubuntu.com /usr/bin/cmake --build /home/bot/ros2_ws/build/robotic_arm_config -- -j4 -l4
[24.574s] DEBUG:colcon.colcon_core.event_handler.log_command:Invoked command in '/home/bot/ros2_ws/build/robotic_arm_config' returned '0': CMAKE_PREFIX_PATH=${CMAKE_PREFIX_PATH}:/home/bot/ros2_ws/install/pose_printer:/home/bot/ros2_ws/install/moveit_controls:/opt/ros/jazzy DEBUGINFOD_URLS=https://debuginfod.ubuntu.com /usr/bin/cmake --build /home/bot/ros2_ws/build/robotic_arm_config -- -j4 -l4
[24.587s] DEBUG:colcon.colcon_core.event_handler.log_command:Invoking command in '/home/bot/ros2_ws/build/robotic_arm_config': CMAKE_PREFIX_PATH=${CMAKE_PREFIX_PATH}:/home/bot/ros2_ws/install/pose_printer:/home/bot/ros2_ws/install/moveit_controls:/opt/ros/jazzy DEBUGINFOD_URLS=https://debuginfod.ubuntu.com /usr/bin/cmake --install /home/bot/ros2_ws/build/robotic_arm_config
[24.998s] Level 1:colcon.colcon_core.environment:create_environment_scripts_only(robotic_arm_config)
[25.000s] Level 1:colcon.colcon_core.environment:checking '/home/bot/ros2_ws/install/robotic_arm_config' for CMake module files
[25.011s] DEBUG:colcon.colcon_core.event_handler.log_command:Invoked command in '/home/bot/ros2_ws/build/robotic_arm_config' returned '0': CMAKE_PREFIX_PATH=${CMAKE_PREFIX_PATH}:/home/bot/ros2_ws/install/pose_printer:/home/bot/ros2_ws/install/moveit_controls:/opt/ros/jazzy DEBUGINFOD_URLS=https://debuginfod.ubuntu.com /usr/bin/cmake --install /home/bot/ros2_ws/build/robotic_arm_config
[25.046s] Level 1:colcon.colcon_core.environment:checking '/home/bot/ros2_ws/install/robotic_arm_config' for CMake config files
[25.049s] Level 1:colcon.colcon_core.shell:create_environment_hook('robotic_arm_config', 'cmake_prefix_path')
[25.054s] INFO:colcon.colcon_core.shell:Creating environment hook '/home/bot/ros2_ws/install/robotic_arm_config/share/robotic_arm_config/hook/cmake_prefix_path.ps1'
[25.061s] INFO:colcon.colcon_core.shell:Creating environment descriptor '/home/bot/ros2_ws/install/robotic_arm_config/share/robotic_arm_config/hook/cmake_prefix_path.dsv'
[25.063s] INFO:colcon.colcon_core.shell:Creating environment hook '/home/bot/ros2_ws/install/robotic_arm_config/share/robotic_arm_config/hook/cmake_prefix_path.sh'
[25.084s] Level 1:colcon.colcon_core.environment:checking '/home/bot/ros2_ws/install/robotic_arm_config/bin'
[25.085s] Level 1:colcon.colcon_core.environment:checking '/home/bot/ros2_ws/install/robotic_arm_config/lib/pkgconfig/robotic_arm_config.pc'
[25.087s] Level 1:colcon.colcon_core.environment:checking '/home/bot/ros2_ws/install/robotic_arm_config/lib/python3.12/site-packages'
[25.089s] Level 1:colcon.colcon_core.environment:checking '/home/bot/ros2_ws/install/robotic_arm_config/bin'
[25.091s] INFO:colcon.colcon_core.shell:Creating package script '/home/bot/ros2_ws/install/robotic_arm_config/share/robotic_arm_config/package.ps1'
[25.101s] INFO:colcon.colcon_core.shell:Creating package descriptor '/home/bot/ros2_ws/install/robotic_arm_config/share/robotic_arm_config/package.dsv'
[25.108s] INFO:colcon.colcon_core.shell:Creating package script '/home/bot/ros2_ws/install/robotic_arm_config/share/robotic_arm_config/package.sh'
[25.119s] INFO:colcon.colcon_core.shell:Creating package script '/home/bot/ros2_ws/install/robotic_arm_config/share/robotic_arm_config/package.bash'
[25.130s] INFO:colcon.colcon_core.shell:Creating package script '/home/bot/ros2_ws/install/robotic_arm_config/share/robotic_arm_config/package.zsh'
[25.135s] Level 1:colcon.colcon_core.environment:create_file_with_runtime_dependencies(/home/bot/ros2_ws/install/robotic_arm_config/share/colcon-core/packages/robotic_arm_config)
[25.139s] Level 1:colcon.colcon_core.environment:create_environment_scripts_only(robotic_arm_config)
[25.140s] Level 1:colcon.colcon_core.environment:checking '/home/bot/ros2_ws/install/robotic_arm_config' for CMake module files
[25.145s] Level 1:colcon.colcon_core.environment:checking '/home/bot/ros2_ws/install/robotic_arm_config' for CMake config files
[25.148s] Level 1:colcon.colcon_core.shell:create_environment_hook('robotic_arm_config', 'cmake_prefix_path')
[25.150s] INFO:colcon.colcon_core.shell:Creating environment hook '/home/bot/ros2_ws/install/robotic_arm_config/share/robotic_arm_config/hook/cmake_prefix_path.ps1'
[25.152s] INFO:colcon.colcon_core.shell:Creating environment descriptor '/home/bot/ros2_ws/install/robotic_arm_config/share/robotic_arm_config/hook/cmake_prefix_path.dsv'
[25.155s] INFO:colcon.colcon_core.shell:Creating environment hook '/home/bot/ros2_ws/install/robotic_arm_config/share/robotic_arm_config/hook/cmake_prefix_path.sh'
[25.159s] Level 1:colcon.colcon_core.environment:checking '/home/bot/ros2_ws/install/robotic_arm_config/bin'
[25.160s] Level 1:colcon.colcon_core.environment:checking '/home/bot/ros2_ws/install/robotic_arm_config/lib/pkgconfig/robotic_arm_config.pc'
[25.161s] Level 1:colcon.colcon_core.environment:checking '/home/bot/ros2_ws/install/robotic_arm_config/lib/python3.12/site-packages'
[25.163s] Level 1:colcon.colcon_core.environment:checking '/home/bot/ros2_ws/install/robotic_arm_config/bin'
[25.165s] INFO:colcon.colcon_core.shell:Creating package script '/home/bot/ros2_ws/install/robotic_arm_config/share/robotic_arm_config/package.ps1'
[25.168s] INFO:colcon.colcon_core.shell:Creating package descriptor '/home/bot/ros2_ws/install/robotic_arm_config/share/robotic_arm_config/package.dsv'
[25.172s] INFO:colcon.colcon_core.shell:Creating package script '/home/bot/ros2_ws/install/robotic_arm_config/share/robotic_arm_config/package.sh'
[25.176s] INFO:colcon.colcon_core.shell:Creating package script '/home/bot/ros2_ws/install/robotic_arm_config/share/robotic_arm_config/package.bash'
[25.180s] INFO:colcon.colcon_core.shell:Creating package script '/home/bot/ros2_ws/install/robotic_arm_config/share/robotic_arm_config/package.zsh'
[25.184s] Level 1:colcon.colcon_core.environment:create_file_with_runtime_dependencies(/home/bot/ros2_ws/install/robotic_arm_config/share/colcon-core/packages/robotic_arm_config)
[25.191s] INFO:colcon.colcon_ros.task.ament_cmake.build:Building ROS package in '/home/bot/ros2_ws/src/robotic_arm_moveit' with build type 'ament_cmake'
[25.192s] INFO:colcon.colcon_cmake.task.cmake.build:Building CMake package in '/home/bot/ros2_ws/src/robotic_arm_moveit'
[25.193s] INFO:colcon.colcon_core.shell:Skip shell extension 'powershell' for command environment: Not usable outside of PowerShell
[25.197s] DEBUG:colcon.colcon_core.shell:Skip shell extension 'dsv' for command environment
[25.305s] DEBUG:colcon.colcon_core.event_handler.log_command:Invoking command in '/home/bot/ros2_ws/build/robotic_arm_moveit': CMAKE_PREFIX_PATH=${CMAKE_PREFIX_PATH}:/home/bot/ros2_ws/install/pose_printer:/home/bot/ros2_ws/install/moveit_controls:/opt/ros/jazzy DEBUGINFOD_URLS=https://debuginfod.ubuntu.com /usr/bin/cmake /home/bot/ros2_ws/src/robotic_arm_moveit -DCMAKE_INSTALL_PREFIX=/home/bot/ros2_ws/install/robotic_arm_moveit
[27.026s] Level 1:colcon.colcon_core.environment:checking '/home/bot/ros2_ws/install/pose_printer' for CMake module files
[27.030s] DEBUG:colcon.colcon_core.event_handler.log_command:Invoked command in '/home/bot/ros2_ws/src/pose_printer' returned '0': DEBUGINFOD_URLS=https://debuginfod.ubuntu.com PYTHONPATH=/home/bot/ros2_ws/build/pose_printer/prefix_override:/usr/lib/python3/dist-packages/colcon_core/task/python/colcon_distutils_commands:/home/bot/ros2_ws/install/pose_printer/lib/python3.12/site-packages:${PYTHONPATH} /usr/bin/python3 -W ignore:setup.py install is deprecated -W ignore:easy_install command is deprecated setup.py egg_info --egg-base ../../build/pose_printer build --build-base /home/bot/ros2_ws/build/pose_printer/build install --record /home/bot/ros2_ws/build/pose_printer/install.log --single-version-externally-managed install_data
[27.033s] Level 1:colcon.colcon_core.environment:checking '/home/bot/ros2_ws/install/pose_printer' for CMake config files
[27.040s] Level 1:colcon.colcon_core.environment:checking '/home/bot/ros2_ws/install/pose_printer/lib'
[27.040s] Level 1:colcon.colcon_core.environment:checking '/home/bot/ros2_ws/install/pose_printer/bin'
[27.041s] Level 1:colcon.colcon_core.environment:checking '/home/bot/ros2_ws/install/pose_printer/lib/pkgconfig/pose_printer.pc'
[27.042s] Level 1:colcon.colcon_core.environment:checking '/home/bot/ros2_ws/install/pose_printer/lib/python3.12/site-packages'
[27.043s] Level 1:colcon.colcon_core.shell:create_environment_hook('pose_printer', 'pythonpath')
[27.044s] INFO:colcon.colcon_core.shell:Creating environment hook '/home/bot/ros2_ws/install/pose_printer/share/pose_printer/hook/pythonpath.ps1'
[27.050s] INFO:colcon.colcon_core.shell:Creating environment descriptor '/home/bot/ros2_ws/install/pose_printer/share/pose_printer/hook/pythonpath.dsv'
[27.055s] INFO:colcon.colcon_core.shell:Creating environment hook '/home/bot/ros2_ws/install/pose_printer/share/pose_printer/hook/pythonpath.sh'
[27.067s] Level 1:colcon.colcon_core.environment:checking '/home/bot/ros2_ws/install/pose_printer/bin'
[27.068s] Level 1:colcon.colcon_core.environment:create_environment_scripts_only(pose_printer)
[27.070s] INFO:colcon.colcon_core.shell:Creating package script '/home/bot/ros2_ws/install/pose_printer/share/pose_printer/package.ps1'
[27.083s] INFO:colcon.colcon_core.shell:Creating package descriptor '/home/bot/ros2_ws/install/pose_printer/share/pose_printer/package.dsv'
[27.093s] INFO:colcon.colcon_core.shell:Creating package script '/home/bot/ros2_ws/install/pose_printer/share/pose_printer/package.sh'
[27.101s] INFO:colcon.colcon_core.shell:Creating package script '/home/bot/ros2_ws/install/pose_printer/share/pose_printer/package.bash'
[27.112s] INFO:colcon.colcon_core.shell:Creating package script '/home/bot/ros2_ws/install/pose_printer/share/pose_printer/package.zsh'
[27.119s] Level 1:colcon.colcon_core.environment:create_file_with_runtime_dependencies(/home/bot/ros2_ws/install/pose_printer/share/colcon-core/packages/pose_printer)
[27.131s] INFO:colcon.colcon_ros.task.ament_cmake.build:Building ROS package in '/home/bot/ros2_ws/src/robotic_arm_v3_config' with build type 'ament_cmake'
[27.135s] INFO:colcon.colcon_cmake.task.cmake.build:Building CMake package in '/home/bot/ros2_ws/src/robotic_arm_v3_config'
[27.138s] INFO:colcon.colcon_core.shell:Skip shell extension 'powershell' for command environment: Not usable outside of PowerShell
[27.141s] DEBUG:colcon.colcon_core.shell:Skip shell extension 'dsv' for command environment
[27.250s] DEBUG:colcon.colcon_core.event_handler.log_command:Invoking command in '/home/bot/ros2_ws/build/robotic_arm_v3_config': CMAKE_PREFIX_PATH=/home/bot/ros2_ws/install/robotic_arm_model_v3:/home/bot/ros2_ws/install/robotic_arm_v3_config:/home/bot/ros2_ws/install/move_program:/home/bot/ros2_ws/install/cpp_pubsub:/opt/ros/jazzy/opt/gz_math_vendor:/opt/ros/jazzy/opt/gz_utils_vendor:/opt/ros/jazzy/opt/gz_cmake_vendor:/home/bot/ros2_ws/install/pose_printer:/home/bot/ros2_ws/install/moveit_controls:/opt/ros/jazzy DEBUGINFOD_URLS=https://debuginfod.ubuntu.com /usr/bin/cmake /home/bot/ros2_ws/src/robotic_arm_v3_config -DCMAKE_INSTALL_PREFIX=/home/bot/ros2_ws/install/robotic_arm_v3_config
[29.810s] DEBUG:colcon.colcon_core.event_handler.log_command:Invoked command in '/home/bot/ros2_ws/build/move_program' returned '0': CMAKE_PREFIX_PATH=${CMAKE_PREFIX_PATH}:/home/bot/ros2_ws/install/pose_printer:/home/bot/ros2_ws/install/moveit_controls:/opt/ros/jazzy DEBUGINFOD_URLS=https://debuginfod.ubuntu.com /usr/bin/cmake /home/bot/ros2_ws/src/move_program -DCMAKE_INSTALL_PREFIX=/home/bot/ros2_ws/install/move_program
[29.823s] DEBUG:colcon.colcon_core.event_handler.log_command:Invoking command in '/home/bot/ros2_ws/build/move_program': CMAKE_PREFIX_PATH=${CMAKE_PREFIX_PATH}:/home/bot/ros2_ws/install/pose_printer:/home/bot/ros2_ws/install/moveit_controls:/opt/ros/jazzy DEBUGINFOD_URLS=https://debuginfod.ubuntu.com /usr/bin/cmake --build /home/bot/ros2_ws/build/move_program -- -j4 -l4
[36.735s] DEBUG:colcon.colcon_core.event_handler.log_command:Invoked command in '/home/bot/ros2_ws/build/robotic_arm_v3_config' returned '0': CMAKE_PREFIX_PATH=/home/bot/ros2_ws/install/robotic_arm_model_v3:/home/bot/ros2_ws/install/robotic_arm_v3_config:/home/bot/ros2_ws/install/move_program:/home/bot/ros2_ws/install/cpp_pubsub:/opt/ros/jazzy/opt/gz_math_vendor:/opt/ros/jazzy/opt/gz_utils_vendor:/opt/ros/jazzy/opt/gz_cmake_vendor:/home/bot/ros2_ws/install/pose_printer:/home/bot/ros2_ws/install/moveit_controls:/opt/ros/jazzy DEBUGINFOD_URLS=https://debuginfod.ubuntu.com /usr/bin/cmake /home/bot/ros2_ws/src/robotic_arm_v3_config -DCMAKE_INSTALL_PREFIX=/home/bot/ros2_ws/install/robotic_arm_v3_config
[36.741s] DEBUG:colcon.colcon_core.event_handler.log_command:Invoking command in '/home/bot/ros2_ws/build/robotic_arm_v3_config': CMAKE_PREFIX_PATH=/home/bot/ros2_ws/install/robotic_arm_model_v3:/home/bot/ros2_ws/install/robotic_arm_v3_config:/home/bot/ros2_ws/install/move_program:/home/bot/ros2_ws/install/cpp_pubsub:/opt/ros/jazzy/opt/gz_math_vendor:/opt/ros/jazzy/opt/gz_utils_vendor:/opt/ros/jazzy/opt/gz_cmake_vendor:/home/bot/ros2_ws/install/pose_printer:/home/bot/ros2_ws/install/moveit_controls:/opt/ros/jazzy DEBUGINFOD_URLS=https://debuginfod.ubuntu.com /usr/bin/cmake --build /home/bot/ros2_ws/build/robotic_arm_v3_config -- -j4 -l4
[37.105s] DEBUG:colcon.colcon_core.event_handler.log_command:Invoked command in '/home/bot/ros2_ws/build/robotic_arm_v3_config' returned '0': CMAKE_PREFIX_PATH=/home/bot/ros2_ws/install/robotic_arm_model_v3:/home/bot/ros2_ws/install/robotic_arm_v3_config:/home/bot/ros2_ws/install/move_program:/home/bot/ros2_ws/install/cpp_pubsub:/opt/ros/jazzy/opt/gz_math_vendor:/opt/ros/jazzy/opt/gz_utils_vendor:/opt/ros/jazzy/opt/gz_cmake_vendor:/home/bot/ros2_ws/install/pose_printer:/home/bot/ros2_ws/install/moveit_controls:/opt/ros/jazzy DEBUGINFOD_URLS=https://debuginfod.ubuntu.com /usr/bin/cmake --build /home/bot/ros2_ws/build/robotic_arm_v3_config -- -j4 -l4
[37.111s] DEBUG:colcon.colcon_core.event_handler.log_command:Invoking command in '/home/bot/ros2_ws/build/robotic_arm_v3_config': CMAKE_PREFIX_PATH=/home/bot/ros2_ws/install/robotic_arm_model_v3:/home/bot/ros2_ws/install/robotic_arm_v3_config:/home/bot/ros2_ws/install/move_program:/home/bot/ros2_ws/install/cpp_pubsub:/opt/ros/jazzy/opt/gz_math_vendor:/opt/ros/jazzy/opt/gz_utils_vendor:/opt/ros/jazzy/opt/gz_cmake_vendor:/home/bot/ros2_ws/install/pose_printer:/home/bot/ros2_ws/install/moveit_controls:/opt/ros/jazzy DEBUGINFOD_URLS=https://debuginfod.ubuntu.com /usr/bin/cmake --install /home/bot/ros2_ws/build/robotic_arm_v3_config
[37.396s] Level 1:colcon.colcon_core.environment:create_environment_scripts_only(robotic_arm_v3_config)
[37.397s] Level 1:colcon.colcon_core.environment:checking '/home/bot/ros2_ws/install/robotic_arm_v3_config' for CMake module files
[37.404s] DEBUG:colcon.colcon_core.event_handler.log_command:Invoked command in '/home/bot/ros2_ws/build/robotic_arm_v3_config' returned '0': CMAKE_PREFIX_PATH=/home/bot/ros2_ws/install/robotic_arm_model_v3:/home/bot/ros2_ws/install/robotic_arm_v3_config:/home/bot/ros2_ws/install/move_program:/home/bot/ros2_ws/install/cpp_pubsub:/opt/ros/jazzy/opt/gz_math_vendor:/opt/ros/jazzy/opt/gz_utils_vendor:/opt/ros/jazzy/opt/gz_cmake_vendor:/home/bot/ros2_ws/install/pose_printer:/home/bot/ros2_ws/install/moveit_controls:/opt/ros/jazzy DEBUGINFOD_URLS=https://debuginfod.ubuntu.com /usr/bin/cmake --install /home/bot/ros2_ws/build/robotic_arm_v3_config
[37.410s] Level 1:colcon.colcon_core.environment:checking '/home/bot/ros2_ws/install/robotic_arm_v3_config' for CMake config files
[37.416s] Level 1:colcon.colcon_core.shell:create_environment_hook('robotic_arm_v3_config', 'cmake_prefix_path')
[37.417s] INFO:colcon.colcon_core.shell:Creating environment hook '/home/bot/ros2_ws/install/robotic_arm_v3_config/share/robotic_arm_v3_config/hook/cmake_prefix_path.ps1'
[37.424s] INFO:colcon.colcon_core.shell:Creating environment descriptor '/home/bot/ros2_ws/install/robotic_arm_v3_config/share/robotic_arm_v3_config/hook/cmake_prefix_path.dsv'
[37.430s] INFO:colcon.colcon_core.shell:Creating environment hook '/home/bot/ros2_ws/install/robotic_arm_v3_config/share/robotic_arm_v3_config/hook/cmake_prefix_path.sh'
[37.437s] Level 1:colcon.colcon_core.environment:checking '/home/bot/ros2_ws/install/robotic_arm_v3_config/bin'
[37.438s] Level 1:colcon.colcon_core.environment:checking '/home/bot/ros2_ws/install/robotic_arm_v3_config/lib/pkgconfig/robotic_arm_v3_config.pc'
[37.443s] Level 1:colcon.colcon_core.environment:checking '/home/bot/ros2_ws/install/robotic_arm_v3_config/lib/python3.12/site-packages'
[37.452s] Level 1:colcon.colcon_core.environment:checking '/home/bot/ros2_ws/install/robotic_arm_v3_config/bin'
[37.458s] INFO:colcon.colcon_core.shell:Creating package script '/home/bot/ros2_ws/install/robotic_arm_v3_config/share/robotic_arm_v3_config/package.ps1'
[37.465s] INFO:colcon.colcon_core.shell:Creating package descriptor '/home/bot/ros2_ws/install/robotic_arm_v3_config/share/robotic_arm_v3_config/package.dsv'
[37.476s] INFO:colcon.colcon_core.shell:Creating package script '/home/bot/ros2_ws/install/robotic_arm_v3_config/share/robotic_arm_v3_config/package.sh'
[37.483s] INFO:colcon.colcon_core.shell:Creating package script '/home/bot/ros2_ws/install/robotic_arm_v3_config/share/robotic_arm_v3_config/package.bash'
[37.487s] INFO:colcon.colcon_core.shell:Creating package script '/home/bot/ros2_ws/install/robotic_arm_v3_config/share/robotic_arm_v3_config/package.zsh'
[37.492s] Level 1:colcon.colcon_core.environment:create_file_with_runtime_dependencies(/home/bot/ros2_ws/install/robotic_arm_v3_config/share/colcon-core/packages/robotic_arm_v3_config)
[37.506s] Level 1:colcon.colcon_core.environment:create_environment_scripts_only(robotic_arm_v3_config)
[37.507s] Level 1:colcon.colcon_core.environment:checking '/home/bot/ros2_ws/install/robotic_arm_v3_config' for CMake module files
[37.514s] Level 1:colcon.colcon_core.environment:checking '/home/bot/ros2_ws/install/robotic_arm_v3_config' for CMake config files
[37.524s] Level 1:colcon.colcon_core.shell:create_environment_hook('robotic_arm_v3_config', 'cmake_prefix_path')
[37.525s] INFO:colcon.colcon_core.shell:Creating environment hook '/home/bot/ros2_ws/install/robotic_arm_v3_config/share/robotic_arm_v3_config/hook/cmake_prefix_path.ps1'
[37.534s] INFO:colcon.colcon_core.shell:Creating environment descriptor '/home/bot/ros2_ws/install/robotic_arm_v3_config/share/robotic_arm_v3_config/hook/cmake_prefix_path.dsv'
[37.557s] INFO:colcon.colcon_core.shell:Creating environment hook '/home/bot/ros2_ws/install/robotic_arm_v3_config/share/robotic_arm_v3_config/hook/cmake_prefix_path.sh'
[37.569s] Level 1:colcon.colcon_core.environment:checking '/home/bot/ros2_ws/install/robotic_arm_v3_config/bin'
[37.570s] Level 1:colcon.colcon_core.environment:checking '/home/bot/ros2_ws/install/robotic_arm_v3_config/lib/pkgconfig/robotic_arm_v3_config.pc'
[37.574s] Level 1:colcon.colcon_core.environment:checking '/home/bot/ros2_ws/install/robotic_arm_v3_config/lib/python3.12/site-packages'
[37.576s] Level 1:colcon.colcon_core.environment:checking '/home/bot/ros2_ws/install/robotic_arm_v3_config/bin'
[37.578s] INFO:colcon.colcon_core.shell:Creating package script '/home/bot/ros2_ws/install/robotic_arm_v3_config/share/robotic_arm_v3_config/package.ps1'
[37.583s] INFO:colcon.colcon_core.shell:Creating package descriptor '/home/bot/ros2_ws/install/robotic_arm_v3_config/share/robotic_arm_v3_config/package.dsv'
[37.590s] INFO:colcon.colcon_core.shell:Creating package script '/home/bot/ros2_ws/install/robotic_arm_v3_config/share/robotic_arm_v3_config/package.sh'
[37.593s] INFO:colcon.colcon_core.shell:Creating package script '/home/bot/ros2_ws/install/robotic_arm_v3_config/share/robotic_arm_v3_config/package.bash'
[37.597s] INFO:colcon.colcon_core.shell:Creating package script '/home/bot/ros2_ws/install/robotic_arm_v3_config/share/robotic_arm_v3_config/package.zsh'
[37.601s] Level 1:colcon.colcon_core.environment:create_file_with_runtime_dependencies(/home/bot/ros2_ws/install/robotic_arm_v3_config/share/colcon-core/packages/robotic_arm_v3_config)
[71.651s] DEBUG:colcon.colcon_core.event_handler.log_command:Invoked command in '/home/bot/ros2_ws/build/robotic_arm_moveit' returned '0': CMAKE_PREFIX_PATH=${CMAKE_PREFIX_PATH}:/home/bot/ros2_ws/install/pose_printer:/home/bot/ros2_ws/install/moveit_controls:/opt/ros/jazzy DEBUGINFOD_URLS=https://debuginfod.ubuntu.com /usr/bin/cmake /home/bot/ros2_ws/src/robotic_arm_moveit -DCMAKE_INSTALL_PREFIX=/home/bot/ros2_ws/install/robotic_arm_moveit
[71.660s] DEBUG:colcon.colcon_core.event_handler.log_command:Invoking command in '/home/bot/ros2_ws/build/robotic_arm_moveit': CMAKE_PREFIX_PATH=${CMAKE_PREFIX_PATH}:/home/bot/ros2_ws/install/pose_printer:/home/bot/ros2_ws/install/moveit_controls:/opt/ros/jazzy DEBUGINFOD_URLS=https://debuginfod.ubuntu.com /usr/bin/cmake --build /home/bot/ros2_ws/build/robotic_arm_moveit -- -j4 -l4
[84.609s] DEBUG:colcon.colcon_core.event_handler.log_command:Invoked command in '/home/bot/ros2_ws/build/cpp_pubsub' returned '0': CMAKE_PREFIX_PATH=${CMAKE_PREFIX_PATH}:/home/bot/ros2_ws/install/pose_printer:/home/bot/ros2_ws/install/moveit_controls:/opt/ros/jazzy DEBUGINFOD_URLS=https://debuginfod.ubuntu.com /usr/bin/cmake --build /home/bot/ros2_ws/build/cpp_pubsub -- -j4 -l4
[84.622s] DEBUG:colcon.colcon_core.event_handler.log_command:Invoking command in '/home/bot/ros2_ws/build/cpp_pubsub': CMAKE_PREFIX_PATH=${CMAKE_PREFIX_PATH}:/home/bot/ros2_ws/install/pose_printer:/home/bot/ros2_ws/install/moveit_controls:/opt/ros/jazzy DEBUGINFOD_URLS=https://debuginfod.ubuntu.com /usr/bin/cmake --install /home/bot/ros2_ws/build/cpp_pubsub
[84.790s] Level 1:colcon.colcon_core.environment:create_environment_scripts_only(cpp_pubsub)
[84.793s] Level 1:colcon.colcon_core.environment:checking '/home/bot/ros2_ws/install/cpp_pubsub' for CMake module files
[84.794s] DEBUG:colcon.colcon_core.event_handler.log_command:Invoked command in '/home/bot/ros2_ws/build/cpp_pubsub' returned '0': CMAKE_PREFIX_PATH=${CMAKE_PREFIX_PATH}:/home/bot/ros2_ws/install/pose_printer:/home/bot/ros2_ws/install/moveit_controls:/opt/ros/jazzy DEBUGINFOD_URLS=https://debuginfod.ubuntu.com /usr/bin/cmake --install /home/bot/ros2_ws/build/cpp_pubsub
[84.801s] Level 1:colcon.colcon_core.environment:checking '/home/bot/ros2_ws/install/cpp_pubsub' for CMake config files
[84.803s] Level 1:colcon.colcon_core.shell:create_environment_hook('cpp_pubsub', 'cmake_prefix_path')
[84.804s] INFO:colcon.colcon_core.shell:Creating environment hook '/home/bot/ros2_ws/install/cpp_pubsub/share/cpp_pubsub/hook/cmake_prefix_path.ps1'
[84.826s] INFO:colcon.colcon_core.shell:Creating environment descriptor '/home/bot/ros2_ws/install/cpp_pubsub/share/cpp_pubsub/hook/cmake_prefix_path.dsv'
[84.837s] INFO:colcon.colcon_core.shell:Creating environment hook '/home/bot/ros2_ws/install/cpp_pubsub/share/cpp_pubsub/hook/cmake_prefix_path.sh'
[84.842s] Level 1:colcon.colcon_core.environment:checking '/home/bot/ros2_ws/install/cpp_pubsub/lib'
[84.843s] Level 1:colcon.colcon_core.environment:checking '/home/bot/ros2_ws/install/cpp_pubsub/bin'
[84.843s] Level 1:colcon.colcon_core.environment:checking '/home/bot/ros2_ws/install/cpp_pubsub/lib/pkgconfig/cpp_pubsub.pc'
[84.845s] Level 1:colcon.colcon_core.environment:checking '/home/bot/ros2_ws/install/cpp_pubsub/lib/python3.12/site-packages'
[84.847s] Level 1:colcon.colcon_core.environment:checking '/home/bot/ros2_ws/install/cpp_pubsub/bin'
[84.848s] INFO:colcon.colcon_core.shell:Creating package script '/home/bot/ros2_ws/install/cpp_pubsub/share/cpp_pubsub/package.ps1'
[84.852s] INFO:colcon.colcon_core.shell:Creating package descriptor '/home/bot/ros2_ws/install/cpp_pubsub/share/cpp_pubsub/package.dsv'
[84.856s] INFO:colcon.colcon_core.shell:Creating package script '/home/bot/ros2_ws/install/cpp_pubsub/share/cpp_pubsub/package.sh'
[84.860s] INFO:colcon.colcon_core.shell:Creating package script '/home/bot/ros2_ws/install/cpp_pubsub/share/cpp_pubsub/package.bash'
[84.865s] INFO:colcon.colcon_core.shell:Creating package script '/home/bot/ros2_ws/install/cpp_pubsub/share/cpp_pubsub/package.zsh'
[84.870s] Level 1:colcon.colcon_core.environment:create_file_with_runtime_dependencies(/home/bot/ros2_ws/install/cpp_pubsub/share/colcon-core/packages/cpp_pubsub)
[84.873s] Level 1:colcon.colcon_core.environment:create_environment_scripts_only(cpp_pubsub)
[84.874s] Level 1:colcon.colcon_core.environment:checking '/home/bot/ros2_ws/install/cpp_pubsub' for CMake module files
[84.879s] Level 1:colcon.colcon_core.environment:checking '/home/bot/ros2_ws/install/cpp_pubsub' for CMake config files
[84.880s] Level 1:colcon.colcon_core.shell:create_environment_hook('cpp_pubsub', 'cmake_prefix_path')
[84.882s] INFO:colcon.colcon_core.shell:Creating environment hook '/home/bot/ros2_ws/install/cpp_pubsub/share/cpp_pubsub/hook/cmake_prefix_path.ps1'
[84.884s] INFO:colcon.colcon_core.shell:Creating environment descriptor '/home/bot/ros2_ws/install/cpp_pubsub/share/cpp_pubsub/hook/cmake_prefix_path.dsv'
[84.887s] INFO:colcon.colcon_core.shell:Creating environment hook '/home/bot/ros2_ws/install/cpp_pubsub/share/cpp_pubsub/hook/cmake_prefix_path.sh'
[84.891s] Level 1:colcon.colcon_core.environment:checking '/home/bot/ros2_ws/install/cpp_pubsub/lib'
[84.892s] Level 1:colcon.colcon_core.environment:checking '/home/bot/ros2_ws/install/cpp_pubsub/bin'
[84.892s] Level 1:colcon.colcon_core.environment:checking '/home/bot/ros2_ws/install/cpp_pubsub/lib/pkgconfig/cpp_pubsub.pc'
[84.894s] Level 1:colcon.colcon_core.environment:checking '/home/bot/ros2_ws/install/cpp_pubsub/lib/python3.12/site-packages'
[84.896s] Level 1:colcon.colcon_core.environment:checking '/home/bot/ros2_ws/install/cpp_pubsub/bin'
[84.897s] INFO:colcon.colcon_core.shell:Creating package script '/home/bot/ros2_ws/install/cpp_pubsub/share/cpp_pubsub/package.ps1'
[84.901s] INFO:colcon.colcon_core.shell:Creating package descriptor '/home/bot/ros2_ws/install/cpp_pubsub/share/cpp_pubsub/package.dsv'
[84.905s] INFO:colcon.colcon_core.shell:Creating package script '/home/bot/ros2_ws/install/cpp_pubsub/share/cpp_pubsub/package.sh'
[84.909s] INFO:colcon.colcon_core.shell:Creating package script '/home/bot/ros2_ws/install/cpp_pubsub/share/cpp_pubsub/package.bash'
[84.916s] INFO:colcon.colcon_core.shell:Creating package script '/home/bot/ros2_ws/install/cpp_pubsub/share/cpp_pubsub/package.zsh'
[84.921s] Level 1:colcon.colcon_core.environment:create_file_with_runtime_dependencies(/home/bot/ros2_ws/install/cpp_pubsub/share/colcon-core/packages/cpp_pubsub)
[102.453s] DEBUG:colcon.colcon_core.event_handler.log_command:Invoked command in '/home/bot/ros2_ws/build/move_program' returned '0': CMAKE_PREFIX_PATH=${CMAKE_PREFIX_PATH}:/home/bot/ros2_ws/install/pose_printer:/home/bot/ros2_ws/install/moveit_controls:/opt/ros/jazzy DEBUGINFOD_URLS=https://debuginfod.ubuntu.com /usr/bin/cmake --build /home/bot/ros2_ws/build/move_program -- -j4 -l4
[102.463s] DEBUG:colcon.colcon_core.event_handler.log_command:Invoking command in '/home/bot/ros2_ws/build/move_program': CMAKE_PREFIX_PATH=${CMAKE_PREFIX_PATH}:/home/bot/ros2_ws/install/pose_printer:/home/bot/ros2_ws/install/moveit_controls:/opt/ros/jazzy DEBUGINFOD_URLS=https://debuginfod.ubuntu.com /usr/bin/cmake --install /home/bot/ros2_ws/build/move_program
[102.560s] Level 1:colcon.colcon_core.environment:create_environment_scripts_only(move_program)
[102.561s] Level 1:colcon.colcon_core.environment:checking '/home/bot/ros2_ws/install/move_program' for CMake module files
[102.563s] DEBUG:colcon.colcon_core.event_handler.log_command:Invoked command in '/home/bot/ros2_ws/build/move_program' returned '0': CMAKE_PREFIX_PATH=${CMAKE_PREFIX_PATH}:/home/bot/ros2_ws/install/pose_printer:/home/bot/ros2_ws/install/moveit_controls:/opt/ros/jazzy DEBUGINFOD_URLS=https://debuginfod.ubuntu.com /usr/bin/cmake --install /home/bot/ros2_ws/build/move_program
[102.566s] Level 1:colcon.colcon_core.environment:checking '/home/bot/ros2_ws/install/move_program' for CMake config files
[102.568s] Level 1:colcon.colcon_core.shell:create_environment_hook('move_program', 'cmake_prefix_path')
[102.569s] INFO:colcon.colcon_core.shell:Creating environment hook '/home/bot/ros2_ws/install/move_program/share/move_program/hook/cmake_prefix_path.ps1'
[102.572s] INFO:colcon.colcon_core.shell:Creating environment descriptor '/home/bot/ros2_ws/install/move_program/share/move_program/hook/cmake_prefix_path.dsv'
[102.574s] INFO:colcon.colcon_core.shell:Creating environment hook '/home/bot/ros2_ws/install/move_program/share/move_program/hook/cmake_prefix_path.sh'
[102.577s] Level 1:colcon.colcon_core.environment:checking '/home/bot/ros2_ws/install/move_program/lib'
[102.578s] Level 1:colcon.colcon_core.environment:checking '/home/bot/ros2_ws/install/move_program/bin'
[102.578s] Level 1:colcon.colcon_core.environment:checking '/home/bot/ros2_ws/install/move_program/lib/pkgconfig/move_program.pc'
[102.579s] Level 1:colcon.colcon_core.environment:checking '/home/bot/ros2_ws/install/move_program/lib/python3.12/site-packages'
[102.581s] Level 1:colcon.colcon_core.environment:checking '/home/bot/ros2_ws/install/move_program/bin'
[102.583s] INFO:colcon.colcon_core.shell:Creating package script '/home/bot/ros2_ws/install/move_program/share/move_program/package.ps1'
[102.585s] INFO:colcon.colcon_core.shell:Creating package descriptor '/home/bot/ros2_ws/install/move_program/share/move_program/package.dsv'
[102.587s] INFO:colcon.colcon_core.shell:Creating package script '/home/bot/ros2_ws/install/move_program/share/move_program/package.sh'
[102.590s] INFO:colcon.colcon_core.shell:Creating package script '/home/bot/ros2_ws/install/move_program/share/move_program/package.bash'
[102.592s] INFO:colcon.colcon_core.shell:Creating package script '/home/bot/ros2_ws/install/move_program/share/move_program/package.zsh'
[102.594s] Level 1:colcon.colcon_core.environment:create_file_with_runtime_dependencies(/home/bot/ros2_ws/install/move_program/share/colcon-core/packages/move_program)
[102.597s] Level 1:colcon.colcon_core.environment:create_environment_scripts_only(move_program)
[102.598s] Level 1:colcon.colcon_core.environment:checking '/home/bot/ros2_ws/install/move_program' for CMake module files
[102.602s] Level 1:colcon.colcon_core.environment:checking '/home/bot/ros2_ws/install/move_program' for CMake config files
[102.605s] Level 1:colcon.colcon_core.shell:create_environment_hook('move_program', 'cmake_prefix_path')
[102.606s] INFO:colcon.colcon_core.shell:Creating environment hook '/home/bot/ros2_ws/install/move_program/share/move_program/hook/cmake_prefix_path.ps1'
[102.609s] INFO:colcon.colcon_core.shell:Creating environment descriptor '/home/bot/ros2_ws/install/move_program/share/move_program/hook/cmake_prefix_path.dsv'
[102.618s] INFO:colcon.colcon_core.shell:Creating environment hook '/home/bot/ros2_ws/install/move_program/share/move_program/hook/cmake_prefix_path.sh'
[102.624s] Level 1:colcon.colcon_core.environment:checking '/home/bot/ros2_ws/install/move_program/lib'
[102.625s] Level 1:colcon.colcon_core.environment:checking '/home/bot/ros2_ws/install/move_program/bin'
[102.626s] Level 1:colcon.colcon_core.environment:checking '/home/bot/ros2_ws/install/move_program/lib/pkgconfig/move_program.pc'
[102.627s] Level 1:colcon.colcon_core.environment:checking '/home/bot/ros2_ws/install/move_program/lib/python3.12/site-packages'
[102.629s] Level 1:colcon.colcon_core.environment:checking '/home/bot/ros2_ws/install/move_program/bin'
[102.633s] INFO:colcon.colcon_core.shell:Creating package script '/home/bot/ros2_ws/install/move_program/share/move_program/package.ps1'
[102.641s] INFO:colcon.colcon_core.shell:Creating package descriptor '/home/bot/ros2_ws/install/move_program/share/move_program/package.dsv'
[102.645s] INFO:colcon.colcon_core.shell:Creating package script '/home/bot/ros2_ws/install/move_program/share/move_program/package.sh'
[102.648s] INFO:colcon.colcon_core.shell:Creating package script '/home/bot/ros2_ws/install/move_program/share/move_program/package.bash'
[102.651s] INFO:colcon.colcon_core.shell:Creating package script '/home/bot/ros2_ws/install/move_program/share/move_program/package.zsh'
[102.653s] Level 1:colcon.colcon_core.environment:create_file_with_runtime_dependencies(/home/bot/ros2_ws/install/move_program/share/colcon-core/packages/move_program)
[120.254s] DEBUG:colcon.colcon_core.event_handler.log_command:Invoked command in '/home/bot/ros2_ws/build/robotic_arm_moveit' returned '0': CMAKE_PREFIX_PATH=${CMAKE_PREFIX_PATH}:/home/bot/ros2_ws/install/pose_printer:/home/bot/ros2_ws/install/moveit_controls:/opt/ros/jazzy DEBUGINFOD_URLS=https://debuginfod.ubuntu.com /usr/bin/cmake --build /home/bot/ros2_ws/build/robotic_arm_moveit -- -j4 -l4
[120.262s] DEBUG:colcon.colcon_core.event_handler.log_command:Invoking command in '/home/bot/ros2_ws/build/robotic_arm_moveit': CMAKE_PREFIX_PATH=${CMAKE_PREFIX_PATH}:/home/bot/ros2_ws/install/pose_printer:/home/bot/ros2_ws/install/moveit_controls:/opt/ros/jazzy DEBUGINFOD_URLS=https://debuginfod.ubuntu.com /usr/bin/cmake --install /home/bot/ros2_ws/build/robotic_arm_moveit
[120.331s] Level 1:colcon.colcon_core.environment:create_environment_scripts_only(robotic_arm_moveit)
[120.333s] Level 1:colcon.colcon_core.environment:checking '/home/bot/ros2_ws/install/robotic_arm_moveit' for CMake module files
[120.333s] DEBUG:colcon.colcon_core.event_handler.log_command:Invoked command in '/home/bot/ros2_ws/build/robotic_arm_moveit' returned '0': CMAKE_PREFIX_PATH=${CMAKE_PREFIX_PATH}:/home/bot/ros2_ws/install/pose_printer:/home/bot/ros2_ws/install/moveit_controls:/opt/ros/jazzy DEBUGINFOD_URLS=https://debuginfod.ubuntu.com /usr/bin/cmake --install /home/bot/ros2_ws/build/robotic_arm_moveit
[120.336s] Level 1:colcon.colcon_core.environment:checking '/home/bot/ros2_ws/install/robotic_arm_moveit' for CMake config files
[120.338s] Level 1:colcon.colcon_core.shell:create_environment_hook('robotic_arm_moveit', 'cmake_prefix_path')
[120.339s] INFO:colcon.colcon_core.shell:Creating environment hook '/home/bot/ros2_ws/install/robotic_arm_moveit/share/robotic_arm_moveit/hook/cmake_prefix_path.ps1'
[120.341s] INFO:colcon.colcon_core.shell:Creating environment descriptor '/home/bot/ros2_ws/install/robotic_arm_moveit/share/robotic_arm_moveit/hook/cmake_prefix_path.dsv'
[120.343s] INFO:colcon.colcon_core.shell:Creating environment hook '/home/bot/ros2_ws/install/robotic_arm_moveit/share/robotic_arm_moveit/hook/cmake_prefix_path.sh'
[120.346s] Level 1:colcon.colcon_core.environment:checking '/home/bot/ros2_ws/install/robotic_arm_moveit/lib'
[120.347s] Level 1:colcon.colcon_core.environment:checking '/home/bot/ros2_ws/install/robotic_arm_moveit/bin'
[120.347s] Level 1:colcon.colcon_core.environment:checking '/home/bot/ros2_ws/install/robotic_arm_moveit/lib/pkgconfig/robotic_arm_moveit.pc'
[120.349s] Level 1:colcon.colcon_core.environment:checking '/home/bot/ros2_ws/install/robotic_arm_moveit/lib/python3.12/site-packages'
[120.353s] Level 1:colcon.colcon_core.environment:checking '/home/bot/ros2_ws/install/robotic_arm_moveit/bin'
[120.355s] INFO:colcon.colcon_core.shell:Creating package script '/home/bot/ros2_ws/install/robotic_arm_moveit/share/robotic_arm_moveit/package.ps1'
[120.357s] INFO:colcon.colcon_core.shell:Creating package descriptor '/home/bot/ros2_ws/install/robotic_arm_moveit/share/robotic_arm_moveit/package.dsv'
[120.359s] INFO:colcon.colcon_core.shell:Creating package script '/home/bot/ros2_ws/install/robotic_arm_moveit/share/robotic_arm_moveit/package.sh'
[120.361s] INFO:colcon.colcon_core.shell:Creating package script '/home/bot/ros2_ws/install/robotic_arm_moveit/share/robotic_arm_moveit/package.bash'
[120.362s] INFO:colcon.colcon_core.shell:Creating package script '/home/bot/ros2_ws/install/robotic_arm_moveit/share/robotic_arm_moveit/package.zsh'
[120.364s] Level 1:colcon.colcon_core.environment:create_file_with_runtime_dependencies(/home/bot/ros2_ws/install/robotic_arm_moveit/share/colcon-core/packages/robotic_arm_moveit)
[120.366s] Level 1:colcon.colcon_core.environment:create_environment_scripts_only(robotic_arm_moveit)
[120.366s] Level 1:colcon.colcon_core.environment:checking '/home/bot/ros2_ws/install/robotic_arm_moveit' for CMake module files
[120.370s] Level 1:colcon.colcon_core.environment:checking '/home/bot/ros2_ws/install/robotic_arm_moveit' for CMake config files
[120.371s] Level 1:colcon.colcon_core.shell:create_environment_hook('robotic_arm_moveit', 'cmake_prefix_path')
[120.371s] INFO:colcon.colcon_core.shell:Creating environment hook '/home/bot/ros2_ws/install/robotic_arm_moveit/share/robotic_arm_moveit/hook/cmake_prefix_path.ps1'
[120.373s] INFO:colcon.colcon_core.shell:Creating environment descriptor '/home/bot/ros2_ws/install/robotic_arm_moveit/share/robotic_arm_moveit/hook/cmake_prefix_path.dsv'
[120.375s] INFO:colcon.colcon_core.shell:Creating environment hook '/home/bot/ros2_ws/install/robotic_arm_moveit/share/robotic_arm_moveit/hook/cmake_prefix_path.sh'
[120.377s] Level 1:colcon.colcon_core.environment:checking '/home/bot/ros2_ws/install/robotic_arm_moveit/lib'
[120.378s] Level 1:colcon.colcon_core.environment:checking '/home/bot/ros2_ws/install/robotic_arm_moveit/bin'
[120.378s] Level 1:colcon.colcon_core.environment:checking '/home/bot/ros2_ws/install/robotic_arm_moveit/lib/pkgconfig/robotic_arm_moveit.pc'
[120.379s] Level 1:colcon.colcon_core.environment:checking '/home/bot/ros2_ws/install/robotic_arm_moveit/lib/python3.12/site-packages'
[120.380s] Level 1:colcon.colcon_core.environment:checking '/home/bot/ros2_ws/install/robotic_arm_moveit/bin'
[120.381s] INFO:colcon.colcon_core.shell:Creating package script '/home/bot/ros2_ws/install/robotic_arm_moveit/share/robotic_arm_moveit/package.ps1'
[120.383s] INFO:colcon.colcon_core.shell:Creating package descriptor '/home/bot/ros2_ws/install/robotic_arm_moveit/share/robotic_arm_moveit/package.dsv'
[120.385s] INFO:colcon.colcon_core.shell:Creating package script '/home/bot/ros2_ws/install/robotic_arm_moveit/share/robotic_arm_moveit/package.sh'
[120.387s] INFO:colcon.colcon_core.shell:Creating package script '/home/bot/ros2_ws/install/robotic_arm_moveit/share/robotic_arm_moveit/package.bash'
[120.389s] INFO:colcon.colcon_core.shell:Creating package script '/home/bot/ros2_ws/install/robotic_arm_moveit/share/robotic_arm_moveit/package.zsh'
[120.391s] Level 1:colcon.colcon_core.environment:create_file_with_runtime_dependencies(/home/bot/ros2_ws/install/robotic_arm_moveit/share/colcon-core/packages/robotic_arm_moveit)
[120.393s] DEBUG:colcon.colcon_parallel_executor.executor.parallel:closing loop
[120.394s] DEBUG:colcon.colcon_parallel_executor.executor.parallel:loop closed
[120.395s] DEBUG:colcon.colcon_parallel_executor.executor.parallel:run_until_complete finished with '0'
[120.395s] DEBUG:colcon.colcon_core.event_reactor:joining thread
[120.471s] INFO:colcon.colcon_core.plugin_system:Skipping extension 'colcon_notification.desktop_notification.terminal_notifier': Not used on non-Darwin systems
[120.471s] INFO:colcon.colcon_core.plugin_system:Skipping extension 'colcon_notification.desktop_notification.win32': Not used on non-Windows systems
[120.471s] INFO:colcon.colcon_notification.desktop_notification:Sending desktop notification using 'notify2'
[120.795s] DEBUG:colcon.colcon_core.event_reactor:joined thread
[120.796s] INFO:colcon.colcon_core.shell:Creating prefix script '/home/bot/ros2_ws/install/local_setup.ps1'
[120.801s] INFO:colcon.colcon_core.shell:Creating prefix util module '/home/bot/ros2_ws/install/_local_setup_util_ps1.py'
[120.808s] INFO:colcon.colcon_core.shell:Creating prefix chain script '/home/bot/ros2_ws/install/setup.ps1'
[120.816s] INFO:colcon.colcon_core.shell:Creating prefix script '/home/bot/ros2_ws/install/local_setup.sh'
[120.819s] INFO:colcon.colcon_core.shell:Creating prefix util module '/home/bot/ros2_ws/install/_local_setup_util_sh.py'
[120.823s] INFO:colcon.colcon_core.shell:Creating prefix chain script '/home/bot/ros2_ws/install/setup.sh'
[120.829s] INFO:colcon.colcon_core.shell:Creating prefix script '/home/bot/ros2_ws/install/local_setup.bash'
[120.832s] INFO:colcon.colcon_core.shell:Creating prefix chain script '/home/bot/ros2_ws/install/setup.bash'
[120.839s] INFO:colcon.colcon_core.shell:Creating prefix script '/home/bot/ros2_ws/install/local_setup.zsh'
[120.842s] INFO:colcon.colcon_core.shell:Creating prefix chain script '/home/bot/ros2_ws/install/setup.zsh'
