[ 50%] [32mBuilding CXX object CMakeFiles/move_program.dir/src/move_program.cpp.o[0m
In file included from [01m[K/home/andre/ros2_ws/src/move_program/src/move_program.cpp:4[m[K:
[01m[K/opt/ros/jazzy/include/moveit_core/moveit/robot_state/robot_state.h:51:77:[m[K [01;36m[Knote: [m[K‘[01m[K#pragma message: .h header is obsolete. Please use the .hpp header instead.[m[K’
   51 | #pragma message(".h header is obsolete. Please use the .hpp header instead."[01;36m[K)[m[K
      |                                                                             [01;36m[K^[m[K
In file included from [01m[K/home/andre/ros2_ws/src/move_program/src/move_program.cpp:5[m[K:
[01m[K/opt/ros/jazzy/include/moveit_ros_planning/moveit/robot_model_loader/robot_model_loader.h:50:77:[m[K [01;36m[Knote: [m[K‘[01m[K#pragma message: .h header is obsolete. Please use the .hpp header instead.[m[K’
   50 | #pragma message(".h header is obsolete. Please use the .hpp header instead."[01;36m[K)[m[K
      |                                                                             [01;36m[K^[m[K
[100%] [32m[1mLinking CXX executable move_program[0m
[100%] Built target move_program
-- Install configuration: ""
-- Installing: /home/andre/ros2_ws/install/move_program/lib/move_program/move_program
-- Set non-toolchain portion of runtime path of "/home/andre/ros2_ws/install/move_program/lib/move_program/move_program" to ""
-- Up-to-date: /home/andre/ros2_ws/install/move_program/share/ament_index/resource_index/package_run_dependencies/move_program
-- Up-to-date: /home/andre/ros2_ws/install/move_program/share/ament_index/resource_index/parent_prefix_path/move_program
-- Up-to-date: /home/andre/ros2_ws/install/move_program/share/move_program/environment/ament_prefix_path.sh
-- Up-to-date: /home/andre/ros2_ws/install/move_program/share/move_program/environment/ament_prefix_path.dsv
-- Up-to-date: /home/andre/ros2_ws/install/move_program/share/move_program/environment/path.sh
-- Up-to-date: /home/andre/ros2_ws/install/move_program/share/move_program/environment/path.dsv
-- Up-to-date: /home/andre/ros2_ws/install/move_program/share/move_program/local_setup.bash
-- Up-to-date: /home/andre/ros2_ws/install/move_program/share/move_program/local_setup.sh
-- Up-to-date: /home/andre/ros2_ws/install/move_program/share/move_program/local_setup.zsh
-- Up-to-date: /home/andre/ros2_ws/install/move_program/share/move_program/local_setup.dsv
-- Installing: /home/andre/ros2_ws/install/move_program/share/move_program/package.dsv
-- Up-to-date: /home/andre/ros2_ws/install/move_program/share/ament_index/resource_index/packages/move_program
-- Up-to-date: /home/andre/ros2_ws/install/move_program/share/move_program/cmake/move_programConfig.cmake
-- Up-to-date: /home/andre/ros2_ws/install/move_program/share/move_program/cmake/move_programConfig-version.cmake
-- Up-to-date: /home/andre/ros2_ws/install/move_program/share/move_program/package.xml
