running egg_info
writing ../../../build/moveit_controls/moveit_controls.egg-info/PKG-INFO
writing dependency_links to ../../../build/moveit_controls/moveit_controls.egg-info/dependency_links.txt
writing entry points to ../../../build/moveit_controls/moveit_controls.egg-info/entry_points.txt
writing requirements to ../../../build/moveit_controls/moveit_controls.egg-info/requires.txt
writing top-level names to ../../../build/moveit_controls/moveit_controls.egg-info/top_level.txt
reading manifest file '../../../build/moveit_controls/moveit_controls.egg-info/SOURCES.txt'
writing manifest file '../../../build/moveit_controls/moveit_controls.egg-info/SOURCES.txt'
running build
running build_py
running install
running install_lib
running install_data
running install_egg_info
removing '/home/andre/ros2_ws/install/moveit_controls/lib/python3.12/site-packages/moveit_controls-0.0.0-py3.12.egg-info' (and everything under it)
Copying ../../../build/moveit_controls/moveit_controls.egg-info to /home/andre/ros2_ws/install/moveit_controls/lib/python3.12/site-packages/moveit_controls-0.0.0-py3.12.egg-info
running install_scripts
Installing move_to_xyz script to /home/andre/ros2_ws/install/moveit_controls/lib/moveit_controls
Installing target_listener script to /home/andre/ros2_ws/install/moveit_controls/lib/moveit_controls
writing list of installed files to '/home/andre/ros2_ws/build/moveit_controls/install.log'
