[0.019s] Invoking command in '/home/andre/ros2_ws/build/robotic_arm_model_v3': CMAKE_PREFIX_PATH=${CMAKE_PREFIX_PATH}:/home/andre/ws_moveit/install/moveit_configs_utils:/home/andre/ws_moveit/install/launch_param_builder:/opt/ros/jazzy DEBUGINFOD_URLS=https://debuginfod.ubuntu.com /usr/bin/cmake /home/andre/ros2_ws/src/robotic_arm_model_v3 -DCMAKE_INSTALL_PREFIX=/home/andre/ros2_ws/install/robotic_arm_model_v3
[0.089s] -- The C compiler identification is GNU 13.3.0
[0.157s] -- The CXX compiler identification is GNU 13.3.0
[0.177s] -- Detecting C compiler ABI info
[0.312s] -- Detecting C compiler ABI info - done
[0.328s] -- Check for working C compiler: /usr/bin/cc - skipped
[0.328s] -- Detecting C compile features
[0.328s] -- Detecting C compile features - done
[0.337s] -- Detecting CXX compiler ABI info
[0.468s] -- Detecting CXX compiler ABI info - done
[0.484s] -- Check for working CXX compiler: /usr/bin/c++ - skipped
[0.485s] -- Detecting CXX compile features
[0.486s] -- Detecting CXX compile features - done
[0.491s] -- Found ament_cmake: 2.5.4 (/opt/ros/jazzy/share/ament_cmake/cmake)
[0.749s] -- Found Python3: /usr/bin/python3 (found version "3.12.3") found components: Interpreter 
[0.999s] -- Found ament_lint_auto: 0.17.3 (/opt/ros/jazzy/share/ament_lint_auto/cmake)
[1.323s] -- Added test 'lint_cmake' to check CMake code style
[1.330s] -- Added test 'xmllint' to check XML markup files
[1.338s] -- Configuring done (1.3s)
[1.347s] -- Generating done (0.0s)
[1.348s] -- Build files have been written to: /home/andre/ros2_ws/build/robotic_arm_model_v3
[1.355s] Invoked command in '/home/andre/ros2_ws/build/robotic_arm_model_v3' returned '0': CMAKE_PREFIX_PATH=${CMAKE_PREFIX_PATH}:/home/andre/ws_moveit/install/moveit_configs_utils:/home/andre/ws_moveit/install/launch_param_builder:/opt/ros/jazzy DEBUGINFOD_URLS=https://debuginfod.ubuntu.com /usr/bin/cmake /home/andre/ros2_ws/src/robotic_arm_model_v3 -DCMAKE_INSTALL_PREFIX=/home/andre/ros2_ws/install/robotic_arm_model_v3
[1.358s] Invoking command in '/home/andre/ros2_ws/build/robotic_arm_model_v3': CMAKE_PREFIX_PATH=${CMAKE_PREFIX_PATH}:/home/andre/ws_moveit/install/moveit_configs_utils:/home/andre/ws_moveit/install/launch_param_builder:/opt/ros/jazzy DEBUGINFOD_URLS=https://debuginfod.ubuntu.com /usr/bin/cmake --build /home/andre/ros2_ws/build/robotic_arm_model_v3 -- -j4 -l4
[1.463s] Invoked command in '/home/andre/ros2_ws/build/robotic_arm_model_v3' returned '0': CMAKE_PREFIX_PATH=${CMAKE_PREFIX_PATH}:/home/andre/ws_moveit/install/moveit_configs_utils:/home/andre/ws_moveit/install/launch_param_builder:/opt/ros/jazzy DEBUGINFOD_URLS=https://debuginfod.ubuntu.com /usr/bin/cmake --build /home/andre/ros2_ws/build/robotic_arm_model_v3 -- -j4 -l4
[1.464s] Invoking command in '/home/andre/ros2_ws/build/robotic_arm_model_v3': CMAKE_PREFIX_PATH=${CMAKE_PREFIX_PATH}:/home/andre/ws_moveit/install/moveit_configs_utils:/home/andre/ws_moveit/install/launch_param_builder:/opt/ros/jazzy DEBUGINFOD_URLS=https://debuginfod.ubuntu.com /usr/bin/cmake --install /home/andre/ros2_ws/build/robotic_arm_model_v3
[1.481s] -- Install configuration: ""
[1.485s] -- Installing: /home/andre/ros2_ws/install/robotic_arm_model_v3/share/robotic_arm_model_v3/urdf
[1.485s] -- Installing: /home/andre/ros2_ws/install/robotic_arm_model_v3/share/robotic_arm_model_v3/urdf/robotic_arm_model_v3.urdf
[1.485s] -- Installing: /home/andre/ros2_ws/install/robotic_arm_model_v3/share/robotic_arm_model_v3/urdf/robotic_arm_model_v3.csv
[1.485s] -- Installing: /home/andre/ros2_ws/install/robotic_arm_model_v3/share/robotic_arm_model_v3/meshes
[1.485s] -- Installing: /home/andre/ros2_ws/install/robotic_arm_model_v3/share/robotic_arm_model_v3/meshes/end_effector_top.STL
[1.485s] -- Installing: /home/andre/ros2_ws/install/robotic_arm_model_v3/share/robotic_arm_model_v3/meshes/base_link.STL
[1.486s] -- Installing: /home/andre/ros2_ws/install/robotic_arm_model_v3/share/robotic_arm_model_v3/meshes/link_2.STL
[1.491s] -- Installing: /home/andre/ros2_ws/install/robotic_arm_model_v3/share/robotic_arm_model_v3/meshes/end_effector_link.STL
[1.491s] -- Installing: /home/andre/ros2_ws/install/robotic_arm_model_v3/share/robotic_arm_model_v3/meshes/link_3.STL
[1.491s] -- Installing: /home/andre/ros2_ws/install/robotic_arm_model_v3/share/robotic_arm_model_v3/meshes/end_effector_bottom.STL
[1.491s] -- Installing: /home/andre/ros2_ws/install/robotic_arm_model_v3/share/robotic_arm_model_v3/meshes/link_1.STL
[1.491s] -- Installing: /home/andre/ros2_ws/install/robotic_arm_model_v3/share/robotic_arm_model_v3/meshes/link_4.STL
[1.492s] -- Installing: /home/andre/ros2_ws/install/robotic_arm_model_v3/share/ament_index/resource_index/package_run_dependencies/robotic_arm_model_v3
[1.493s] -- Installing: /home/andre/ros2_ws/install/robotic_arm_model_v3/share/ament_index/resource_index/parent_prefix_path/robotic_arm_model_v3
[1.494s] -- Installing: /home/andre/ros2_ws/install/robotic_arm_model_v3/share/robotic_arm_model_v3/environment/ament_prefix_path.sh
[1.494s] -- Installing: /home/andre/ros2_ws/install/robotic_arm_model_v3/share/robotic_arm_model_v3/environment/ament_prefix_path.dsv
[1.494s] -- Installing: /home/andre/ros2_ws/install/robotic_arm_model_v3/share/robotic_arm_model_v3/environment/path.sh
[1.494s] -- Installing: /home/andre/ros2_ws/install/robotic_arm_model_v3/share/robotic_arm_model_v3/environment/path.dsv
[1.494s] -- Installing: /home/andre/ros2_ws/install/robotic_arm_model_v3/share/robotic_arm_model_v3/local_setup.bash
[1.495s] -- Installing: /home/andre/ros2_ws/install/robotic_arm_model_v3/share/robotic_arm_model_v3/local_setup.sh
[1.495s] -- Installing: /home/andre/ros2_ws/install/robotic_arm_model_v3/share/robotic_arm_model_v3/local_setup.zsh
[1.495s] -- Installing: /home/andre/ros2_ws/install/robotic_arm_model_v3/share/robotic_arm_model_v3/local_setup.dsv
[1.495s] -- Installing: /home/andre/ros2_ws/install/robotic_arm_model_v3/share/robotic_arm_model_v3/package.dsv
[1.495s] -- Installing: /home/andre/ros2_ws/install/robotic_arm_model_v3/share/ament_index/resource_index/packages/robotic_arm_model_v3
[1.497s] -- Installing: /home/andre/ros2_ws/install/robotic_arm_model_v3/share/robotic_arm_model_v3/cmake/robotic_arm_model_v3Config.cmake
[1.497s] -- Installing: /home/andre/ros2_ws/install/robotic_arm_model_v3/share/robotic_arm_model_v3/cmake/robotic_arm_model_v3Config-version.cmake
[1.497s] -- Installing: /home/andre/ros2_ws/install/robotic_arm_model_v3/share/robotic_arm_model_v3/package.xml
[1.502s] Invoked command in '/home/andre/ros2_ws/build/robotic_arm_model_v3' returned '0': CMAKE_PREFIX_PATH=${CMAKE_PREFIX_PATH}:/home/andre/ws_moveit/install/moveit_configs_utils:/home/andre/ws_moveit/install/launch_param_builder:/opt/ros/jazzy DEBUGINFOD_URLS=https://debuginfod.ubuntu.com /usr/bin/cmake --install /home/andre/ros2_ws/build/robotic_arm_model_v3
