[7.596s] Invoking command in '/home/bot/ros2_ws/build/chess_data_collector': DEBUGINFOD_URLS=https://debuginfod.ubuntu.com PYTHONPATH=/home/bot/ros2_ws/build/chess_data_collector/prefix_override:/usr/lib/python3/dist-packages/colcon_core/task/python/colcon_distutils_commands:/home/bot/ros2_ws/install/chess_data_collector/lib/python3.12/site-packages:${PYTHONPATH} /usr/bin/python3 -W ignore:setup.py install is deprecated -W ignore:easy_install command is deprecated setup.py develop --editable --build-directory /home/bot/ros2_ws/build/chess_data_collector/build --no-deps symlink_data
[9.753s] running develop
[11.264s] running egg_info
[11.265s] creating chess_data_collector.egg-info
[11.386s] writing chess_data_collector.egg-info/PKG-INFO
[11.387s] writing dependency_links to chess_data_collector.egg-info/dependency_links.txt
[11.387s] writing entry points to chess_data_collector.egg-info/entry_points.txt
[11.388s] writing requirements to chess_data_collector.egg-info/requires.txt
[11.389s] writing top-level names to chess_data_collector.egg-info/top_level.txt
[11.389s] writing manifest file 'chess_data_collector.egg-info/SOURCES.txt'
[11.655s] reading manifest file 'chess_data_collector.egg-info/SOURCES.txt'
[11.658s] writing manifest file 'chess_data_collector.egg-info/SOURCES.txt'
[11.785s] running build_ext
[11.786s] Creating /home/bot/ros2_ws/install/chess_data_collector/lib/python3.12/site-packages/chess-data-collector.egg-link (link to .)
[11.788s] Installing collect script to /home/bot/ros2_ws/install/chess_data_collector/lib/chess_data_collector
[11.790s] 
[11.790s] Installed /home/bot/ros2_ws/build/chess_data_collector
[11.791s] running symlink_data
[11.791s] creating /home/bot/ros2_ws/install/chess_data_collector/share/ament_index
[11.792s] creating /home/bot/ros2_ws/install/chess_data_collector/share/ament_index/resource_index
[11.792s] creating /home/bot/ros2_ws/install/chess_data_collector/share/ament_index/resource_index/packages
[11.793s] symbolically linking /home/bot/ros2_ws/build/chess_data_collector/resource/chess_data_collector -> /home/bot/ros2_ws/install/chess_data_collector/share/ament_index/resource_index/packages
[11.794s] symbolically linking /home/bot/ros2_ws/build/chess_data_collector/package.xml -> /home/bot/ros2_ws/install/chess_data_collector/share/chess_data_collector
[12.012s] Invoked command in '/home/bot/ros2_ws/build/chess_data_collector' returned '0': DEBUGINFOD_URLS=https://debuginfod.ubuntu.com PYTHONPATH=/home/bot/ros2_ws/build/chess_data_collector/prefix_override:/usr/lib/python3/dist-packages/colcon_core/task/python/colcon_distutils_commands:/home/bot/ros2_ws/install/chess_data_collector/lib/python3.12/site-packages:${PYTHONPATH} /usr/bin/python3 -W ignore:setup.py install is deprecated -W ignore:easy_install command is deprecated setup.py develop --editable --build-directory /home/bot/ros2_ws/build/chess_data_collector/build --no-deps symlink_data
