-- Install configuration: ""
-- Up-to-date: /home/andre/ros2_ws/install/arm_bringup/share/arm_bringup/launch
-- Up-to-date: /home/andre/ros2_ws/install/arm_bringup/share/arm_bringup/launch/vision.launch.py
-- Up-to-date: /home/andre/ros2_ws/install/arm_bringup/share/arm_bringup/launch/sim.launch.py
-- Up-to-date: /home/andre/ros2_ws/install/arm_bringup/share/arm_bringup/launch/ik_positioning.launch.py
-- Up-to-date: /home/andre/ros2_ws/install/arm_bringup/share/arm_bringup/launch/teleop.launch.py
-- Up-to-date: /home/andre/ros2_ws/install/arm_bringup/share/ament_index/resource_index/package_run_dependencies/arm_bringup
-- Up-to-date: /home/andre/ros2_ws/install/arm_bringup/share/ament_index/resource_index/parent_prefix_path/arm_bringup
-- Up-to-date: /home/andre/ros2_ws/install/arm_bringup/share/arm_bringup/environment/ament_prefix_path.sh
-- Up-to-date: /home/andre/ros2_ws/install/arm_bringup/share/arm_bringup/environment/ament_prefix_path.dsv
-- Up-to-date: /home/andre/ros2_ws/install/arm_bringup/share/arm_bringup/environment/path.sh
-- Up-to-date: /home/andre/ros2_ws/install/arm_bringup/share/arm_bringup/environment/path.dsv
-- Up-to-date: /home/andre/ros2_ws/install/arm_bringup/share/arm_bringup/local_setup.bash
-- Up-to-date: /home/andre/ros2_ws/install/arm_bringup/share/arm_bringup/local_setup.sh
-- Up-to-date: /home/andre/ros2_ws/install/arm_bringup/share/arm_bringup/local_setup.zsh
-- Up-to-date: /home/andre/ros2_ws/install/arm_bringup/share/arm_bringup/local_setup.dsv
-- Installing: /home/andre/ros2_ws/install/arm_bringup/share/arm_bringup/package.dsv
-- Up-to-date: /home/andre/ros2_ws/install/arm_bringup/share/ament_index/resource_index/packages/arm_bringup
-- Up-to-date: /home/andre/ros2_ws/install/arm_bringup/share/arm_bringup/cmake/arm_bringupConfig.cmake
-- Up-to-date: /home/andre/ros2_ws/install/arm_bringup/share/arm_bringup/cmake/arm_bringupConfig-version.cmake
-- Up-to-date: /home/andre/ros2_ws/install/arm_bringup/share/arm_bringup/package.xml
