[0.065s] Invoking command in '/home/bot/ros2_ws/build/esp32_controller': CMAKE_PREFIX_PATH=${CMAKE_PREFIX_PATH}:/home/bot/ros2_ws/install/pose_printer:/home/bot/ros2_ws/install/mqtt_imu:/home/bot/ros2_ws/install/moveit_controls:/opt/ros/jazzy DEBUGINFOD_URLS=https://debuginfod.ubuntu.com /usr/bin/cmake --build /home/bot/ros2_ws/build/esp32_controller -- -j4 -l4
[0.502s] [ 50%] [32mBuilding CXX object CMakeFiles/esp32_controller.dir/src/esp32_controller.cpp.o[0m
[25.757s] In file included from [01m[K/opt/ros/jazzy/include/rclcpp/rclcpp/logging.hpp:24[m[K,
[25.757s]                  from [01m[K/opt/ros/jazzy/include/rclcpp/rclcpp/copy_all_parameter_values.hpp:27[m[K,
[25.758s]                  from [01m[K/opt/ros/jazzy/include/rclcpp/rclcpp/rclcpp.hpp:171[m[K,
[25.758s]                  from [01m[K/home/bot/ros2_ws/src/esp32_controller/src/esp32_controller.cpp:6[m[K:
[25.759s] [01m[K/home/bot/ros2_ws/src/esp32_controller/src/esp32_controller.cpp:[m[K In member function ‘[01m[Kvoid Esp32Controller::[01;32m[KimuCallback[m[K(sensor_msgs::msg::Imu_<std::allocator<void> >::SharedPtr)[m[K’:
[25.760s] [01m[K/home/bot/ros2_ws/src/esp32_controller/src/esp32_controller.cpp:416:17:[m[K [01;35m[Kwarning: [m[Kformat ‘[01m[K%zu[m[K’ expects argument of type ‘[01m[Ksize_t[m[K’, but argument 5 has type ‘[01m[Kunsigned int[m[K’ [[01;35m[K]8;;https://gcc.gnu.org/onlinedocs/gcc/Warning-Options.html#index-Wformat=-Wformat=]8;;[m[K]
[25.760s]   416 |                 [01;35m[K"Invalid joint count. Expected %zu joints for 'arm' group, got %zu total joints"[m[K,
[25.761s]       |                 [01;35m[K^~~~~~~~~~~~~~~~~~~~~~~~~~~~~~~~~~~~~~~~~~~~~~~~~~~~~~~~~~~~~~~~~~~~~~~~~~~~~~~~[m[K
[25.761s]   417 |                 [32m[Kjmg->getVariableCount()[m[K, joints.size()
[25.762s]       |                 [32m[K~~~~~~~~~~~~~~~~~~~~~~~[m[K
[25.762s]       |                                      [32m[K|[m[K
[25.763s]       |                                      [32m[Kunsigned int[m[K
[25.763s] [01m[K/home/bot/ros2_ws/src/esp32_controller/src/esp32_controller.cpp:416:50:[m[K [01;36m[Knote: [m[Kformat string is defined here
[25.764s]   416 |                 "Invalid joint count. Expected [01;36m[K%zu[m[K joints for 'arm' group, got %zu total joints",
[25.764s]       |                                                [01;36m[K~~^[m[K
[25.765s]       |                                                  [01;36m[K|[m[K
[25.765s]       |                                                  [01;36m[Klong unsigned int[m[K
[25.766s]       |                                                [32m[K%u[m[K
[66.796s] [100%] [32m[1mLinking CXX executable esp32_controller[0m
[71.347s] [100%] Built target esp32_controller
[71.406s] Invoked command in '/home/bot/ros2_ws/build/esp32_controller' returned '0': CMAKE_PREFIX_PATH=${CMAKE_PREFIX_PATH}:/home/bot/ros2_ws/install/pose_printer:/home/bot/ros2_ws/install/mqtt_imu:/home/bot/ros2_ws/install/moveit_controls:/opt/ros/jazzy DEBUGINFOD_URLS=https://debuginfod.ubuntu.com /usr/bin/cmake --build /home/bot/ros2_ws/build/esp32_controller -- -j4 -l4
[71.458s] Invoking command in '/home/bot/ros2_ws/build/esp32_controller': CMAKE_PREFIX_PATH=${CMAKE_PREFIX_PATH}:/home/bot/ros2_ws/install/pose_printer:/home/bot/ros2_ws/install/mqtt_imu:/home/bot/ros2_ws/install/moveit_controls:/opt/ros/jazzy DEBUGINFOD_URLS=https://debuginfod.ubuntu.com /usr/bin/cmake --install /home/bot/ros2_ws/build/esp32_controller
[71.501s] -- Install configuration: ""
[71.502s] -- Installing: /home/bot/ros2_ws/install/esp32_controller/lib/esp32_controller/esp32_controller
[71.566s] -- Set non-toolchain portion of runtime path of "/home/bot/ros2_ws/install/esp32_controller/lib/esp32_controller/esp32_controller" to ""
[71.567s] -- Up-to-date: /home/bot/ros2_ws/install/esp32_controller/share/ament_index/resource_index/package_run_dependencies/esp32_controller
[71.568s] -- Up-to-date: /home/bot/ros2_ws/install/esp32_controller/share/ament_index/resource_index/parent_prefix_path/esp32_controller
[71.570s] -- Up-to-date: /home/bot/ros2_ws/install/esp32_controller/share/esp32_controller/environment/ament_prefix_path.sh
[71.571s] -- Up-to-date: /home/bot/ros2_ws/install/esp32_controller/share/esp32_controller/environment/ament_prefix_path.dsv
[71.571s] -- Up-to-date: /home/bot/ros2_ws/install/esp32_controller/share/esp32_controller/environment/path.sh
[71.572s] -- Up-to-date: /home/bot/ros2_ws/install/esp32_controller/share/esp32_controller/environment/path.dsv
[71.573s] -- Up-to-date: /home/bot/ros2_ws/install/esp32_controller/share/esp32_controller/local_setup.bash
[71.574s] -- Up-to-date: /home/bot/ros2_ws/install/esp32_controller/share/esp32_controller/local_setup.sh
[71.574s] -- Up-to-date: /home/bot/ros2_ws/install/esp32_controller/share/esp32_controller/local_setup.zsh
[71.575s] -- Up-to-date: /home/bot/ros2_ws/install/esp32_controller/share/esp32_controller/local_setup.dsv
[71.576s] -- Installing: /home/bot/ros2_ws/install/esp32_controller/share/esp32_controller/package.dsv
[71.576s] -- Up-to-date: /home/bot/ros2_ws/install/esp32_controller/share/ament_index/resource_index/packages/esp32_controller
[71.578s] -- Up-to-date: /home/bot/ros2_ws/install/esp32_controller/share/esp32_controller/cmake/esp32_controllerConfig.cmake
[71.579s] -- Up-to-date: /home/bot/ros2_ws/install/esp32_controller/share/esp32_controller/cmake/esp32_controllerConfig-version.cmake
[71.580s] -- Up-to-date: /home/bot/ros2_ws/install/esp32_controller/share/esp32_controller/package.xml
[71.582s] Invoked command in '/home/bot/ros2_ws/build/esp32_controller' returned '0': CMAKE_PREFIX_PATH=${CMAKE_PREFIX_PATH}:/home/bot/ros2_ws/install/pose_printer:/home/bot/ros2_ws/install/mqtt_imu:/home/bot/ros2_ws/install/moveit_controls:/opt/ros/jazzy DEBUGINFOD_URLS=https://debuginfod.ubuntu.com /usr/bin/cmake --install /home/bot/ros2_ws/build/esp32_controller
