[1.636s] Invoking command in '/home/andre/ros2_ws/src/planning/moveit_controls': CONDA_PROMPT_MODIFIER=(base) DEBUGINFOD_URLS=https://debuginfod.ubuntu.com PYTHONPATH=/home/andre/ros2_ws/build/moveit_controls/prefix_override:/usr/lib/python3/dist-packages/colcon_core/task/python/colcon_distutils_commands:/home/andre/ros2_ws/install/moveit_controls/lib/python3.12/site-packages:${PYTHONPATH} /usr/bin/python3 -W ignore:setup.py install is deprecated -W ignore:easy_install command is deprecated setup.py egg_info --egg-base ../../../build/moveit_controls build --build-base /home/andre/ros2_ws/build/moveit_controls/build install --record /home/andre/ros2_ws/build/moveit_controls/install.log --single-version-externally-managed install_data
[2.280s] running egg_info
[2.327s] writing ../../../build/moveit_controls/moveit_controls.egg-info/PKG-INFO
[2.327s] writing dependency_links to ../../../build/moveit_controls/moveit_controls.egg-info/dependency_links.txt
[2.327s] writing entry points to ../../../build/moveit_controls/moveit_controls.egg-info/entry_points.txt
[2.327s] writing requirements to ../../../build/moveit_controls/moveit_controls.egg-info/requires.txt
[2.327s] writing top-level names to ../../../build/moveit_controls/moveit_controls.egg-info/top_level.txt
[2.644s] reading manifest file '../../../build/moveit_controls/moveit_controls.egg-info/SOURCES.txt'
[2.644s] writing manifest file '../../../build/moveit_controls/moveit_controls.egg-info/SOURCES.txt'
[2.644s] running build
[2.644s] running build_py
[2.644s] running install
[2.650s] running install_lib
[2.697s] running install_data
[2.697s] running install_egg_info
[2.750s] removing '/home/andre/ros2_ws/install/moveit_controls/lib/python3.12/site-packages/moveit_controls-0.0.0-py3.12.egg-info' (and everything under it)
[2.750s] Copying ../../../build/moveit_controls/moveit_controls.egg-info to /home/andre/ros2_ws/install/moveit_controls/lib/python3.12/site-packages/moveit_controls-0.0.0-py3.12.egg-info
[2.750s] running install_scripts
[2.866s] Installing move_to_xyz script to /home/andre/ros2_ws/install/moveit_controls/lib/moveit_controls
[2.866s] Installing target_listener script to /home/andre/ros2_ws/install/moveit_controls/lib/moveit_controls
[2.866s] writing list of installed files to '/home/andre/ros2_ws/build/moveit_controls/install.log'
[2.916s] Invoked command in '/home/andre/ros2_ws/src/planning/moveit_controls' returned '0': CONDA_PROMPT_MODIFIER=(base) DEBUGINFOD_URLS=https://debuginfod.ubuntu.com PYTHONPATH=/home/andre/ros2_ws/build/moveit_controls/prefix_override:/usr/lib/python3/dist-packages/colcon_core/task/python/colcon_distutils_commands:/home/andre/ros2_ws/install/moveit_controls/lib/python3.12/site-packages:${PYTHONPATH} /usr/bin/python3 -W ignore:setup.py install is deprecated -W ignore:easy_install command is deprecated setup.py egg_info --egg-base ../../../build/moveit_controls build --build-base /home/andre/ros2_ws/build/moveit_controls/build install --record /home/andre/ros2_ws/build/moveit_controls/install.log --single-version-externally-managed install_data
