[0.015s] Invoking command in '/home/andre/ros2_ws/build/robotic_arm_v3_config': CMAKE_PREFIX_PATH=/home/andre/ros2_ws/install/robotic_arm_model_v3:/home/andre/ros2_ws/install/arm_bringup:/home/andre/ros2_ws/install/test_ros_gz_bridge:/home/andre/ros2_ws/install/ros_gz_interfaces:/home/andre/ros2_ws/install/robotic_arm_v3_config:/home/andre/ros2_ws/install/esp32_controller:/home/andre/ros2_ws/install/move_program:/opt/ros/jazzy/opt/gz_sim_vendor:/opt/ros/jazzy/opt/gz_sensors_vendor:/opt/ros/jazzy/opt/gz_physics_vendor:/opt/ros/jazzy/opt/sdformat_vendor:/opt/ros/jazzy/opt/gz_gui_vendor:/opt/ros/jazzy/opt/gz_transport_vendor:/opt/ros/jazzy/opt/gz_rendering_vendor:/opt/ros/jazzy/opt/gz_plugin_vendor:/opt/ros/jazzy/opt/gz_fuel_tools_vendor:/opt/ros/jazzy/opt/gz_msgs_vendor:/opt/ros/jazzy/opt/gz_common_vendor:/opt/ros/jazzy/opt/gz_math_vendor:/opt/ros/jazzy/opt/gz_utils_vendor:/opt/ros/jazzy/opt/gz_tools_vendor:/opt/ros/jazzy/opt/gz_ogre_next_vendor:/opt/ros/jazzy/opt/gz_dartsim_vendor:/opt/ros/jazzy/opt/gz_cmake_vendor:/home/andre/ros2_ws/install/yolov5_detection:/home/andre/ros2_ws/install/web_interface:/home/andre/ros2_ws/install/pose_printer:/home/andre/ros2_ws/install/mqtt_imu:/home/andre/ros2_ws/install/moveit_controls:/home/andre/ros2_ws/install/chess_data_collector:/opt/ros/jazzy CONDA_PROMPT_MODIFIER=(base) DEBUGINFOD_URLS=https://debuginfod.ubuntu.com /usr/bin/cmake --build /home/andre/ros2_ws/build/robotic_arm_v3_config -- -j4 -l4
[0.070s] Invoked command in '/home/andre/ros2_ws/build/robotic_arm_v3_config' returned '0': CMAKE_PREFIX_PATH=/home/andre/ros2_ws/install/robotic_arm_model_v3:/home/andre/ros2_ws/install/arm_bringup:/home/andre/ros2_ws/install/test_ros_gz_bridge:/home/andre/ros2_ws/install/ros_gz_interfaces:/home/andre/ros2_ws/install/robotic_arm_v3_config:/home/andre/ros2_ws/install/esp32_controller:/home/andre/ros2_ws/install/move_program:/opt/ros/jazzy/opt/gz_sim_vendor:/opt/ros/jazzy/opt/gz_sensors_vendor:/opt/ros/jazzy/opt/gz_physics_vendor:/opt/ros/jazzy/opt/sdformat_vendor:/opt/ros/jazzy/opt/gz_gui_vendor:/opt/ros/jazzy/opt/gz_transport_vendor:/opt/ros/jazzy/opt/gz_rendering_vendor:/opt/ros/jazzy/opt/gz_plugin_vendor:/opt/ros/jazzy/opt/gz_fuel_tools_vendor:/opt/ros/jazzy/opt/gz_msgs_vendor:/opt/ros/jazzy/opt/gz_common_vendor:/opt/ros/jazzy/opt/gz_math_vendor:/opt/ros/jazzy/opt/gz_utils_vendor:/opt/ros/jazzy/opt/gz_tools_vendor:/opt/ros/jazzy/opt/gz_ogre_next_vendor:/opt/ros/jazzy/opt/gz_dartsim_vendor:/opt/ros/jazzy/opt/gz_cmake_vendor:/home/andre/ros2_ws/install/yolov5_detection:/home/andre/ros2_ws/install/web_interface:/home/andre/ros2_ws/install/pose_printer:/home/andre/ros2_ws/install/mqtt_imu:/home/andre/ros2_ws/install/moveit_controls:/home/andre/ros2_ws/install/chess_data_collector:/opt/ros/jazzy CONDA_PROMPT_MODIFIER=(base) DEBUGINFOD_URLS=https://debuginfod.ubuntu.com /usr/bin/cmake --build /home/andre/ros2_ws/build/robotic_arm_v3_config -- -j4 -l4
[0.074s] Invoking command in '/home/andre/ros2_ws/build/robotic_arm_v3_config': CMAKE_PREFIX_PATH=/home/andre/ros2_ws/install/robotic_arm_model_v3:/home/andre/ros2_ws/install/arm_bringup:/home/andre/ros2_ws/install/test_ros_gz_bridge:/home/andre/ros2_ws/install/ros_gz_interfaces:/home/andre/ros2_ws/install/robotic_arm_v3_config:/home/andre/ros2_ws/install/esp32_controller:/home/andre/ros2_ws/install/move_program:/opt/ros/jazzy/opt/gz_sim_vendor:/opt/ros/jazzy/opt/gz_sensors_vendor:/opt/ros/jazzy/opt/gz_physics_vendor:/opt/ros/jazzy/opt/sdformat_vendor:/opt/ros/jazzy/opt/gz_gui_vendor:/opt/ros/jazzy/opt/gz_transport_vendor:/opt/ros/jazzy/opt/gz_rendering_vendor:/opt/ros/jazzy/opt/gz_plugin_vendor:/opt/ros/jazzy/opt/gz_fuel_tools_vendor:/opt/ros/jazzy/opt/gz_msgs_vendor:/opt/ros/jazzy/opt/gz_common_vendor:/opt/ros/jazzy/opt/gz_math_vendor:/opt/ros/jazzy/opt/gz_utils_vendor:/opt/ros/jazzy/opt/gz_tools_vendor:/opt/ros/jazzy/opt/gz_ogre_next_vendor:/opt/ros/jazzy/opt/gz_dartsim_vendor:/opt/ros/jazzy/opt/gz_cmake_vendor:/home/andre/ros2_ws/install/yolov5_detection:/home/andre/ros2_ws/install/web_interface:/home/andre/ros2_ws/install/pose_printer:/home/andre/ros2_ws/install/mqtt_imu:/home/andre/ros2_ws/install/moveit_controls:/home/andre/ros2_ws/install/chess_data_collector:/opt/ros/jazzy CONDA_PROMPT_MODIFIER=(base) DEBUGINFOD_URLS=https://debuginfod.ubuntu.com /usr/bin/cmake --install /home/andre/ros2_ws/build/robotic_arm_v3_config
[0.087s] -- Install configuration: ""
[0.087s] -- Up-to-date: /home/andre/ros2_ws/install/robotic_arm_v3_config/share/ament_index/resource_index/package_run_dependencies/robotic_arm_v3_config
[0.087s] -- Up-to-date: /home/andre/ros2_ws/install/robotic_arm_v3_config/share/ament_index/resource_index/parent_prefix_path/robotic_arm_v3_config
[0.087s] -- Up-to-date: /home/andre/ros2_ws/install/robotic_arm_v3_config/share/robotic_arm_v3_config/environment/ament_prefix_path.sh
[0.087s] -- Up-to-date: /home/andre/ros2_ws/install/robotic_arm_v3_config/share/robotic_arm_v3_config/environment/ament_prefix_path.dsv
[0.087s] -- Up-to-date: /home/andre/ros2_ws/install/robotic_arm_v3_config/share/robotic_arm_v3_config/environment/path.sh
[0.087s] -- Up-to-date: /home/andre/ros2_ws/install/robotic_arm_v3_config/share/robotic_arm_v3_config/environment/path.dsv
[0.087s] -- Up-to-date: /home/andre/ros2_ws/install/robotic_arm_v3_config/share/robotic_arm_v3_config/local_setup.bash
[0.088s] -- Up-to-date: /home/andre/ros2_ws/install/robotic_arm_v3_config/share/robotic_arm_v3_config/local_setup.sh
[0.088s] -- Up-to-date: /home/andre/ros2_ws/install/robotic_arm_v3_config/share/robotic_arm_v3_config/local_setup.zsh
[0.088s] -- Up-to-date: /home/andre/ros2_ws/install/robotic_arm_v3_config/share/robotic_arm_v3_config/local_setup.dsv
[0.088s] -- Installing: /home/andre/ros2_ws/install/robotic_arm_v3_config/share/robotic_arm_v3_config/package.dsv
[0.088s] -- Up-to-date: /home/andre/ros2_ws/install/robotic_arm_v3_config/share/ament_index/resource_index/packages/robotic_arm_v3_config
[0.088s] -- Up-to-date: /home/andre/ros2_ws/install/robotic_arm_v3_config/share/robotic_arm_v3_config/cmake/robotic_arm_v3_configConfig.cmake
[0.088s] -- Up-to-date: /home/andre/ros2_ws/install/robotic_arm_v3_config/share/robotic_arm_v3_config/cmake/robotic_arm_v3_configConfig-version.cmake
[0.088s] -- Up-to-date: /home/andre/ros2_ws/install/robotic_arm_v3_config/share/robotic_arm_v3_config/package.xml
[0.088s] -- Up-to-date: /home/andre/ros2_ws/install/robotic_arm_v3_config/share/robotic_arm_v3_config/launch
[0.088s] -- Up-to-date: /home/andre/ros2_ws/install/robotic_arm_v3_config/share/robotic_arm_v3_config/launch/spawn_controllers.launch.py
[0.091s] -- Up-to-date: /home/andre/ros2_ws/install/robotic_arm_v3_config/share/robotic_arm_v3_config/launch/moveit_rviz.launch.py
[0.092s] -- Up-to-date: /home/andre/ros2_ws/install/robotic_arm_v3_config/share/robotic_arm_v3_config/launch/warehouse_db.launch.py
[0.092s] -- Up-to-date: /home/andre/ros2_ws/install/robotic_arm_v3_config/share/robotic_arm_v3_config/launch/move_group.launch.py
[0.092s] -- Up-to-date: /home/andre/ros2_ws/install/robotic_arm_v3_config/share/robotic_arm_v3_config/launch/demo.launch.py
[0.092s] -- Up-to-date: /home/andre/ros2_ws/install/robotic_arm_v3_config/share/robotic_arm_v3_config/launch/spawn_moveit
[0.092s] -- Up-to-date: /home/andre/ros2_ws/install/robotic_arm_v3_config/share/robotic_arm_v3_config/launch/demo_with_controllers.launch.py
[0.092s] -- Up-to-date: /home/andre/ros2_ws/install/robotic_arm_v3_config/share/robotic_arm_v3_config/launch/setup_assistant.launch.py
[0.092s] -- Up-to-date: /home/andre/ros2_ws/install/robotic_arm_v3_config/share/robotic_arm_v3_config/launch/rsp.launch.py
[0.092s] -- Up-to-date: /home/andre/ros2_ws/install/robotic_arm_v3_config/share/robotic_arm_v3_config/launch/static_virtual_joint_tfs.launch.py
[0.092s] -- Up-to-date: /home/andre/ros2_ws/install/robotic_arm_v3_config/share/robotic_arm_v3_config/config
[0.092s] -- Up-to-date: /home/andre/ros2_ws/install/robotic_arm_v3_config/share/robotic_arm_v3_config/config/bridge.yaml
[0.092s] -- Up-to-date: /home/andre/ros2_ws/install/robotic_arm_v3_config/share/robotic_arm_v3_config/config/pilz_cartesian_limits.yaml
[0.093s] -- Up-to-date: /home/andre/ros2_ws/install/robotic_arm_v3_config/share/robotic_arm_v3_config/config/initial_positions.yaml
[0.093s] -- Up-to-date: /home/andre/ros2_ws/install/robotic_arm_v3_config/share/robotic_arm_v3_config/config/ros_gz_bridge.yaml
[0.093s] -- Up-to-date: /home/andre/ros2_ws/install/robotic_arm_v3_config/share/robotic_arm_v3_config/config/moveit_controllers.yaml
[0.093s] -- Up-to-date: /home/andre/ros2_ws/install/robotic_arm_v3_config/share/robotic_arm_v3_config/config/robotic_arm_model_v3.srdf
[0.093s] -- Up-to-date: /home/andre/ros2_ws/install/robotic_arm_v3_config/share/robotic_arm_v3_config/config/robotic_arm_model_v3.ros2_control.xacro
[0.093s] -- Up-to-date: /home/andre/ros2_ws/install/robotic_arm_v3_config/share/robotic_arm_v3_config/config/kinematics.yaml
[0.093s] -- Up-to-date: /home/andre/ros2_ws/install/robotic_arm_v3_config/share/robotic_arm_v3_config/config/joint_limits.yaml
[0.093s] -- Up-to-date: /home/andre/ros2_ws/install/robotic_arm_v3_config/share/robotic_arm_v3_config/config/robotic_arm_model_v3.urdf.xacro
[0.093s] -- Up-to-date: /home/andre/ros2_ws/install/robotic_arm_v3_config/share/robotic_arm_v3_config/config/moveit.rviz
[0.093s] -- Up-to-date: /home/andre/ros2_ws/install/robotic_arm_v3_config/share/robotic_arm_v3_config/config/ros2_controllers.yaml
[0.093s] -- Up-to-date: /home/andre/ros2_ws/install/robotic_arm_v3_config/share/robotic_arm_v3_config/.setup_assistant
[0.094s] Invoked command in '/home/andre/ros2_ws/build/robotic_arm_v3_config' returned '0': CMAKE_PREFIX_PATH=/home/andre/ros2_ws/install/robotic_arm_model_v3:/home/andre/ros2_ws/install/arm_bringup:/home/andre/ros2_ws/install/test_ros_gz_bridge:/home/andre/ros2_ws/install/ros_gz_interfaces:/home/andre/ros2_ws/install/robotic_arm_v3_config:/home/andre/ros2_ws/install/esp32_controller:/home/andre/ros2_ws/install/move_program:/opt/ros/jazzy/opt/gz_sim_vendor:/opt/ros/jazzy/opt/gz_sensors_vendor:/opt/ros/jazzy/opt/gz_physics_vendor:/opt/ros/jazzy/opt/sdformat_vendor:/opt/ros/jazzy/opt/gz_gui_vendor:/opt/ros/jazzy/opt/gz_transport_vendor:/opt/ros/jazzy/opt/gz_rendering_vendor:/opt/ros/jazzy/opt/gz_plugin_vendor:/opt/ros/jazzy/opt/gz_fuel_tools_vendor:/opt/ros/jazzy/opt/gz_msgs_vendor:/opt/ros/jazzy/opt/gz_common_vendor:/opt/ros/jazzy/opt/gz_math_vendor:/opt/ros/jazzy/opt/gz_utils_vendor:/opt/ros/jazzy/opt/gz_tools_vendor:/opt/ros/jazzy/opt/gz_ogre_next_vendor:/opt/ros/jazzy/opt/gz_dartsim_vendor:/opt/ros/jazzy/opt/gz_cmake_vendor:/home/andre/ros2_ws/install/yolov5_detection:/home/andre/ros2_ws/install/web_interface:/home/andre/ros2_ws/install/pose_printer:/home/andre/ros2_ws/install/mqtt_imu:/home/andre/ros2_ws/install/moveit_controls:/home/andre/ros2_ws/install/chess_data_collector:/opt/ros/jazzy CONDA_PROMPT_MODIFIER=(base) DEBUGINFOD_URLS=https://debuginfod.ubuntu.com /usr/bin/cmake --install /home/andre/ros2_ws/build/robotic_arm_v3_config
