[0.067s] Invoking command in '/home/bot/ros2_ws/build/esp32_controller': CMAKE_PREFIX_PATH=${CMAKE_PREFIX_PATH}:/home/bot/ros2_ws/install/pose_printer:/home/bot/ros2_ws/install/mqtt_imu:/home/bot/ros2_ws/install/moveit_controls:/opt/ros/jazzy DEBUGINFOD_URLS=https://debuginfod.ubuntu.com /usr/bin/cmake --build /home/bot/ros2_ws/build/esp32_controller -- -j4 -l4
[0.501s] [ 50%] [32mBuilding CXX object CMakeFiles/esp32_controller.dir/src/esp32_controller.cpp.o[0m
[25.979s] [01m[K/home/bot/ros2_ws/src/esp32_controller/src/esp32_controller.cpp:[m[K In constructor ‘[01m[KEsp32Controller::[01;32m[KEsp32Controller[m[K()[m[K’:
[25.980s] [01m[K/home/bot/ros2_ws/src/esp32_controller/src/esp32_controller.cpp:218:9:[m[K [01;31m[Kerror: [m[K‘[01m[Kmovement_log_[m[K’ was not declared in this scope
[25.980s]   218 |         [01;31m[Kmovement_log_[m[K.open("movement_log.csv", std::ios::out);
[25.981s]       |         [01;31m[K^~~~~~~~~~~~~[m[K
[26.091s] [01m[K/home/bot/ros2_ws/src/esp32_controller/src/esp32_controller.cpp:[m[K In destructor ‘[01m[Kvirtual Esp32Controller::[01;32m[K~Esp32Controller[m[K()[m[K’:
[26.092s] [01m[K/home/bot/ros2_ws/src/esp32_controller/src/esp32_controller.cpp:246:13:[m[K [01;31m[Kerror: [m[K‘[01m[Kmovement_log_[m[K’ was not declared in this scope
[26.092s]   246 |         if ([01;31m[Kmovement_log_[m[K.is_open()) {
[26.093s]       |             [01;31m[K^~~~~~~~~~~~~[m[K
[26.145s] In file included from [01m[K/opt/ros/jazzy/include/rclcpp/rclcpp/logging.hpp:24[m[K,
[26.146s]                  from [01m[K/opt/ros/jazzy/include/rclcpp/rclcpp/copy_all_parameter_values.hpp:27[m[K,
[26.146s]                  from [01m[K/opt/ros/jazzy/include/rclcpp/rclcpp/rclcpp.hpp:171[m[K,
[26.147s]                  from [01m[K/home/bot/ros2_ws/src/esp32_controller/src/esp32_controller.cpp:8[m[K:
[26.148s] [01m[K/home/bot/ros2_ws/src/esp32_controller/src/esp32_controller.cpp:[m[K In member function ‘[01m[Kvoid Esp32Controller::[01;32m[KimuCallback[m[K(sensor_msgs::msg::Imu_<std::allocator<void> >::SharedPtr)[m[K’:
[26.148s] [01m[K/home/bot/ros2_ws/src/esp32_controller/src/esp32_controller.cpp:437:17:[m[K [01;35m[Kwarning: [m[Kformat ‘[01m[K%zu[m[K’ expects argument of type ‘[01m[Ksize_t[m[K’, but argument 5 has type ‘[01m[Kunsigned int[m[K’ [[01;35m[K]8;;https://gcc.gnu.org/onlinedocs/gcc/Warning-Options.html#index-Wformat=-Wformat=]8;;[m[K]
[26.149s]   437 |                 [01;35m[K"Invalid joint count. Expected %zu joints for 'arm' group, got %zu total joints"[m[K,
[26.149s]       |                 [01;35m[K^~~~~~~~~~~~~~~~~~~~~~~~~~~~~~~~~~~~~~~~~~~~~~~~~~~~~~~~~~~~~~~~~~~~~~~~~~~~~~~~[m[K
[26.151s]   438 |                 [32m[Kjmg->getVariableCount()[m[K, joints.size()
[26.152s]       |                 [32m[K~~~~~~~~~~~~~~~~~~~~~~~[m[K
[26.152s]       |                                      [32m[K|[m[K
[26.153s]       |                                      [32m[Kunsigned int[m[K
[26.153s] [01m[K/home/bot/ros2_ws/src/esp32_controller/src/esp32_controller.cpp:437:50:[m[K [01;36m[Knote: [m[Kformat string is defined here
[26.154s]   437 |                 "Invalid joint count. Expected [01;36m[K%zu[m[K joints for 'arm' group, got %zu total joints",
[26.154s]       |                                                [01;36m[K~~^[m[K
[26.155s]       |                                                  [01;36m[K|[m[K
[26.155s]       |                                                  [01;36m[Klong unsigned int[m[K
[26.156s]       |                                                [32m[K%u[m[K
[44.622s] gmake[2]: *** [CMakeFiles/esp32_controller.dir/build.make:76: CMakeFiles/esp32_controller.dir/src/esp32_controller.cpp.o] Error 1
[44.624s] gmake[1]: *** [CMakeFiles/Makefile2:137: CMakeFiles/esp32_controller.dir/all] Error 2
[44.625s] gmake: *** [Makefile:146: all] Error 2
[44.633s] Invoked command in '/home/bot/ros2_ws/build/esp32_controller' returned '2': CMAKE_PREFIX_PATH=${CMAKE_PREFIX_PATH}:/home/bot/ros2_ws/install/pose_printer:/home/bot/ros2_ws/install/mqtt_imu:/home/bot/ros2_ws/install/moveit_controls:/opt/ros/jazzy DEBUGINFOD_URLS=https://debuginfod.ubuntu.com /usr/bin/cmake --build /home/bot/ros2_ws/build/esp32_controller -- -j4 -l4
